[INFO] Scanning for projects...
[INFO] 
[INFO] -----------------------< ZingClient:ZingClient >------------------------
[INFO] Building demo 1.0-SNAPSHOT
[INFO]   from pom.xml
[INFO] --------------------------------[ jar ]---------------------------------
[INFO] 
[INFO] --- clean:3.1.0:clean (default-clean) @ ZingClient ---
[INFO] Deleting /media/wql/办公/AVR_agent/downstream_dataset/resource/Zip-263_ZingClient/target
[INFO] 
[INFO] --- resources:3.0.2:resources (default-resources) @ ZingClient ---
[INFO] Using 'UTF-8' encoding to copy filtered resources.
[INFO] skip non existing resourceDirectory /media/wql/办公/AVR_agent/downstream_dataset/resource/Zip-263_ZingClient/src/main/resources
[INFO] 
[INFO] --- compiler:3.8.0:compile (default-compile) @ ZingClient ---
[INFO] Changes detected - recompiling the module!
[INFO] Compiling 1 source file to /media/wql/办公/AVR_agent/downstream_dataset/resource/Zip-263_ZingClient/target/classes
[INFO] 
[INFO] --- resources:3.0.2:testResources (default-testResources) @ ZingClient ---
[INFO] Not copying test resources
[INFO] 
[INFO] --- compiler:3.8.0:testCompile (default-testCompile) @ ZingClient ---
[INFO] Not compiling test sources
[INFO] 
[INFO] --- surefire:2.22.1:test (default-test) @ ZingClient ---
[INFO] Tests are skipped.
[INFO] 
[INFO] --- jar:3.0.2:jar (default-jar) @ ZingClient ---
[INFO] Building jar: /media/wql/办公/AVR_agent/downstream_dataset/resource/Zip-263_ZingClient/target/ZingClient-1.0-SNAPSHOT.jar
[INFO] 
[INFO] --- install:2.5.2:install (default-install) @ ZingClient ---
[INFO] Installing /media/wql/办公/AVR_agent/downstream_dataset/resource/Zip-263_ZingClient/target/ZingClient-1.0-SNAPSHOT.jar to /home/wql/.m2/repository/ZingClient/ZingClient/1.0-SNAPSHOT/ZingClient-1.0-SNAPSHOT.jar
[INFO] Installing /media/wql/办公/AVR_agent/downstream_dataset/resource/Zip-263_ZingClient/pom.xml to /home/wql/.m2/repository/ZingClient/ZingClient/1.0-SNAPSHOT/ZingClient-1.0-SNAPSHOT.pom
[INFO] ------------------------------------------------------------------------
[INFO] BUILD SUCCESS
[INFO] ------------------------------------------------------------------------
[INFO] Total time:  1.277 s
[INFO] Finished at: 2026-04-24T22:00:06+08:00
[INFO] ------------------------------------------------------------------------