2025-08-21 07:14:50,757 - INFO - Building image sweb.env.x86_64.15539247fbef7d28c70168:latest
Using dockerfile:
FROM --platform=linux/x86_64 sweb.base.x86_64:latest

COPY ./setup_env.sh /root/
RUN sed -i -e 's/\r$//' /root/setup_env.sh
RUN chmod +x /root/setup_env.sh
RUN /bin/bash -c "source ~/.bashrc && /root/setup_env.sh"

WORKDIR /testbed/

# Automatically activate the testbed environment
RUN echo "source /opt/miniconda3/etc/profile.d/conda.sh && conda activate testbed" > /root/.bashrc

Adding (1) setup scripts to image build repo
2025-08-21 07:14:50,757 - INFO - [SETUP SCRIPT] setup_env.sh:
#!/bin/bash
set -euxo pipefail
source /opt/miniconda3/bin/activate
conda create -n testbed python=3.9 -y
cat <<'EOF_59812759871' > $HOME/requirements.txt
black==22.3.0
flake8==4.0.1
flake8-typing-imports==1.12.0
isort==5.10.1
mypy==0.960
astroid==2.11.6  # Pinned to a specific version for tests
typing-extensions~=4.2
pytest~=7.1
pytest-benchmark~=3.4
pytest-timeout~=2.1
coveralls~=3.3
coverage~=6.4
pre-commit~=2.19
tbump~=6.9.0
contributors-txt>=0.7.3
pytest-cov~=3.0
pytest-profiling~=1.7
pytest-xdist~=2.5
types-pkg_resources==0.1.3
tox>=3

EOF_59812759871
conda activate testbed && python -m pip install -r $HOME/requirements.txt
rm $HOME/requirements.txt
conda activate testbed

2025-08-21 07:14:50,757 - INFO - Building docker image sweb.env.x86_64.15539247fbef7d28c70168:latest in logs/build_images/env/sweb.env.x86_64.15539247fbef7d28c70168__latest with platform linux/x86_64
2025-08-21 07:14:50,760 - INFO - Step 1/7 : FROM --platform=linux/x86_64 sweb.base.x86_64:latest
2025-08-21 07:14:50,760 - INFO - 
2025-08-21 07:14:50,760 - INFO - ---> 5cca6898c8d9
2025-08-21 07:14:50,760 - INFO - Step 2/7 : COPY ./setup_env.sh /root/
2025-08-21 07:14:50,760 - INFO - 
2025-08-21 07:14:50,899 - INFO - ---> aab7694f02f4
2025-08-21 07:14:50,899 - INFO - Step 3/7 : RUN sed -i -e 's/\r$//' /root/setup_env.sh
2025-08-21 07:14:50,899 - INFO - 
2025-08-21 07:14:50,955 - INFO - ---> Running in bbbd70b6dc07
2025-08-21 07:14:51,305 - INFO - ---> Removed intermediate container bbbd70b6dc07
2025-08-21 07:14:51,306 - INFO - ---> 86fde6452770
2025-08-21 07:14:51,306 - INFO - Step 4/7 : RUN chmod +x /root/setup_env.sh
2025-08-21 07:14:51,306 - INFO - 
2025-08-21 07:14:51,340 - INFO - ---> Running in 637c75e002b8
2025-08-21 07:14:52,009 - INFO - ---> Removed intermediate container 637c75e002b8
2025-08-21 07:14:52,009 - INFO - ---> 0a8b241eaa45
2025-08-21 07:14:52,009 - INFO - Step 5/7 : RUN /bin/bash -c "source ~/.bashrc && /root/setup_env.sh"
2025-08-21 07:14:52,009 - INFO - 
2025-08-21 07:14:52,046 - INFO - ---> Running in 962297cf07ed
2025-08-21 07:14:52,261 - INFO - + source /opt/miniconda3/bin/activate
++ _CONDA_ROOT=/opt/miniconda3
++ . /opt/miniconda3/etc/profile.d/conda.sh
+++ export CONDA_EXE=/opt/miniconda3/bin/conda
+++ CONDA_EXE=/opt/miniconda3/bin/conda
+++ export _CE_M=
+++ _CE_M=
+++ export _CE_CONDA=
+++ _CE_CONDA=
+++ export CONDA_PYTHON_EXE=/opt/miniconda3/bin/python
+++ CONDA_PYTHON_EXE=/opt/miniconda3/bin/python
+++ '[' -z '' ']'
+++ export CONDA_SHLVL=0
+++ CONDA_SHLVL=0
+++ '[' -n '' ']'
2025-08-21 07:14:52,261 - INFO - +++++ dirname /opt/miniconda3/bin/conda
2025-08-21 07:14:52,262 - INFO - ++++ dirname /opt/miniconda3/bin
2025-08-21 07:14:52,263 - INFO - +++ PATH=/opt/miniconda3/condabin:/opt/miniconda3/bin:/usr/local/sbin:/usr/local/bin:/usr/sbin:/usr/bin:/sbin:/bin
+++ export PATH
+++ '[' -z '' ']'
+++ PS1=
++ conda activate
++ local cmd=activate
++ case "$cmd" in
++ __conda_activate activate
++ '[' -n '' ']'
++ local ask_conda
2025-08-21 07:14:52,263 - INFO - +++ PS1=
+++ __conda_exe shell.posix activate
2025-08-21 07:14:52,263 - INFO - +++ /opt/miniconda3/bin/conda shell.posix activate
2025-08-21 07:14:52,404 - INFO - ++ ask_conda='PS1='\''(base) '\''
export PATH='\''/opt/miniconda3/bin:/opt/miniconda3/condabin:/opt/miniconda3/bin:/usr/local/sbin:/usr/local/bin:/usr/sbin:/usr/bin:/sbin:/bin'\''
export CONDA_PREFIX='\''/opt/miniconda3'\''
export CONDA_SHLVL='\''1'\''
export CONDA_DEFAULT_ENV='\''base'\''
export CONDA_PROMPT_MODIFIER='\''(base) '\''
export CONDA_EXE='\''/opt/miniconda3/bin/conda'\''
export _CE_M='\'''\''
export _CE_CONDA='\'''\''
export CONDA_PYTHON_EXE='\''/opt/miniconda3/bin/python'\'''
++ eval 'PS1='\''(base) '\''
export PATH='\''/opt/miniconda3/bin:/opt/miniconda3/condabin:/opt/miniconda3/bin:/usr/local/sbin:/usr/local/bin:/usr/sbin:/usr/bin:/sbin:/bin'\''
export CONDA_PREFIX='\''/opt/miniconda3'\''
export CONDA_SHLVL='\''1'\''
export CONDA_DEFAULT_ENV='\''base'\''
export CONDA_PROMPT_MODIFIER='\''(base) '\''
export CONDA_EXE='\''/opt/miniconda3/bin/conda'\''
export _CE_M='\'''\''
export _CE_CONDA='\'''\''
export CONDA_PYTHON_EXE='\''/opt/miniconda3/bin/python'\'''
+++ PS1='(base) '
+++ export PATH=/opt/miniconda3/bin:/opt/miniconda3/condabin:/opt/miniconda3/bin:/usr/local/sbin:/usr/local/bin:/usr/sbin:/usr/bin:/sbin:/bin
+++ PATH=/opt/miniconda3/bin:/opt/miniconda3/condabin:/opt/miniconda3/bin:/usr/local/sbin:/usr/local/bin:/usr/sbin:/usr/bin:/sbin:/bin
+++ export CONDA_PREFIX=/opt/miniconda3
+++ CONDA_PREFIX=/opt/miniconda3
+++ export CONDA_SHLVL=1
+++ CONDA_SHLVL=1
+++ export CONDA_DEFAULT_ENV=base
+++ CONDA_DEFAULT_ENV=base
+++ export 'CONDA_PROMPT_MODIFIER=(base) '
+++ CONDA_PROMPT_MODIFIER='(base) '
+++ export CONDA_EXE=/opt/miniconda3/bin/conda
+++ CONDA_EXE=/opt/miniconda3/bin/conda
+++ export _CE_M=
+++ _CE_M=
2025-08-21 07:14:52,405 - INFO - +++ export _CE_CONDA=
+++ _CE_CONDA=
+++ export CONDA_PYTHON_EXE=/opt/miniconda3/bin/python
+++ CONDA_PYTHON_EXE=/opt/miniconda3/bin/python
++ __conda_hashr
++ '[' -n '' ']'
++ '[' -n '' ']'
++ hash -r
2025-08-21 07:14:52,405 - INFO - + conda create -n testbed python=3.9 -y
+ local cmd=create
2025-08-21 07:14:52,405 - INFO - + case "$cmd" in
2025-08-21 07:14:52,405 - INFO - + __conda_exe create -n testbed python=3.9 -y
2025-08-21 07:14:52,405 - INFO - + /opt/miniconda3/bin/conda create -n testbed python=3.9 -y
2025-08-21 07:14:53,093 - INFO - Channels:
 - defaults
 - conda-forge
Platform: linux-64
Collecting package metadata (repodata.json): ...working...
2025-08-21 07:15:53,685 - INFO - done
Solving environment: ...working...
2025-08-21 07:15:55,068 - INFO - done
2025-08-21 07:16:17,279 - INFO - ## Package Plan ##

  environment location: /opt/miniconda3/envs/testbed

  added / updated specs:
    - python=3.9


The following packages will be downloaded:

    package                    |            build
    ---------------------------|-----------------
    bzip2-1.0.8                |       h5eee18b_6         262 KB
    ca-certificates-2025.7.15  |       h06a4308_0         126 KB
    expat-2.7.1                |       h6a678d5_0         182 KB
    ld_impl_linux-64-2.40      |       h12ee557_0         710 KB
    libffi-3.4.4               |       h6a678d5_1         141 KB
    libxcb-1.17.0              |       h9b100fa_0         430 KB
    ncurses-6.5                |       h7934f7d_0         1.1 MB
    openssl-3.0.17             |       h5eee18b_0         5.2 MB
    pip-25.1                   |     pyhc872135_2         1.3 MB
    pthread-stubs-0.3          |       h0ce48e5_1           5 KB
    python-3.9.23              |       he99959a_0        24.7 MB
    readline-8.3               |       hc2a1206_0         471 KB
    setuptools-78.1.1          |   py39h06a4308_0         1.7 MB
    sqlite-3.50.2              |       hb25bd0a_1         1.1 MB
    tk-8.6.15                  |       h54e0aa7_0         3.4 MB
    tzdata-2025b               |       h04d1e81_0         116 KB
    wheel-0.45.1               |   py39h06a4308_0         114 KB
    xorg-libx11-1.8.12         |       h9b100fa_1         895 KB
    xorg-libxau-1.0.12         |       h9b100fa_0          13 KB
    xorg-libxdmcp-1.1.5        |       h9b100fa_0          19 KB
    xorg-xorgproto-2024.1      |       h5eee18b_1         580 KB
    xz-5.6.4                   |       h5eee18b_1         567 KB
    zlib-1.2.13                |       h5eee18b_1         111 KB
    ------------------------------------------------------------
                                           Total:        43.1 MB

The following NEW packages will be INSTALLED:

  _libgcc_mutex      pkgs/main/linux-64::_libgcc_mutex-0.1-main 
  _openmp_mutex      pkgs/main/linux-64::_openmp_mutex-5.1-1_gnu 
  bzip2              pkgs/main/linux-64::bzip2-1.0.8-h5eee18b_6 
  ca-certificates    pkgs/main/linux-64::ca-certificates-2025.7.15-h06a4308_0 
  expat              pkgs/main/linux-64::expat-2.7.1-h6a678d5_0 
  ld_impl_linux-64   pkgs/main/linux-64::ld_impl_linux-64-2.40-h12ee557_0 
  libffi             pkgs/main/linux-64::libffi-3.4.4-h6a678d5_1 
  libgcc-ng          pkgs/main/linux-64::libgcc-ng-11.2.0-h1234567_1 
  libgomp            pkgs/main/linux-64::libgomp-11.2.0-h1234567_1 
  libstdcxx-ng       pkgs/main/linux-64::libstdcxx-ng-11.2.0-h1234567_1 
  libxcb             pkgs/main/linux-64::libxcb-1.17.0-h9b100fa_0 
  ncurses            pkgs/main/linux-64::ncurses-6.5-h7934f7d_0 
  openssl            pkgs/main/linux-64::openssl-3.0.17-h5eee18b_0 
  pip                pkgs/main/noarch::pip-25.1-pyhc872135_2 
  pthread-stubs      pkgs/main/linux-64::pthread-stubs-0.3-h0ce48e5_1 
  python             pkgs/main/linux-64::python-3.9.23-he99959a_0 
  readline           pkgs/main/linux-64::readline-8.3-hc2a1206_0 
  setuptools         pkgs/main/linux-64::setuptools-78.1.1-py39h06a4308_0 
  sqlite             pkgs/main/linux-64::sqlite-3.50.2-hb25bd0a_1 
  tk                 pkgs/main/linux-64::tk-8.6.15-h54e0aa7_0 
  tzdata             pkgs/main/noarch::tzdata-2025b-h04d1e81_0 
  wheel              pkgs/main/linux-64::wheel-0.45.1-py39h06a4308_0 
  xorg-libx11        pkgs/main/linux-64::xorg-libx11-1.8.12-h9b100fa_1 
  xorg-libxau        pkgs/main/linux-64::xorg-libxau-1.0.12-h9b100fa_0 
  xorg-libxdmcp      pkgs/main/linux-64::xorg-libxdmcp-1.1.5-h9b100fa_0 
  xorg-xorgproto     pkgs/main/linux-64::xorg-xorgproto-2024.1-h5eee18b_1 
  xz                 pkgs/main/linux-64::xz-5.6.4-h5eee18b_1 
  zlib               pkgs/main/linux-64::zlib-1.2.13-h5eee18b_1 



Downloading and Extracting Packages: ...working... done
Preparing transaction: ...working...
2025-08-21 07:16:17,529 - INFO - done
Verifying transaction: ...working...
2025-08-21 07:16:19,342 - INFO - done
Executing transaction: ...working...
2025-08-21 07:16:23,543 - INFO - done
2025-08-21 07:16:23,569 - INFO - #
# To activate this environment, use
#
#     $ conda activate testbed
#
# To deactivate an active environment, use
#
#     $ conda deactivate
2025-08-21 07:16:23,674 - INFO - + cat
2025-08-21 07:16:23,675 - INFO - + conda activate testbed
+ local cmd=activate
+ case "$cmd" in
+ __conda_activate activate testbed
+ '[' -n '' ']'
+ local ask_conda
2025-08-21 07:16:23,676 - INFO - ++ PS1='(base) '
++ __conda_exe shell.posix activate testbed
2025-08-21 07:16:23,676 - INFO - ++ /opt/miniconda3/bin/conda shell.posix activate testbed
2025-08-21 07:16:23,786 - INFO - + ask_conda='PS1='\''(testbed) '\''
export PATH='\''/opt/miniconda3/envs/testbed/bin:/opt/miniconda3/condabin:/opt/miniconda3/bin:/usr/local/sbin:/usr/local/bin:/usr/sbin:/usr/bin:/sbin:/bin'\''
export CONDA_PREFIX='\''/opt/miniconda3/envs/testbed'\''
export CONDA_SHLVL='\''2'\''
export CONDA_DEFAULT_ENV='\''testbed'\''
export CONDA_PROMPT_MODIFIER='\''(testbed) '\''
export CONDA_PREFIX_1='\''/opt/miniconda3'\''
export CONDA_EXE='\''/opt/miniconda3/bin/conda'\''
export _CE_M='\'''\''
export _CE_CONDA='\'''\''
export CONDA_PYTHON_EXE='\''/opt/miniconda3/bin/python'\'''
+ eval 'PS1='\''(testbed) '\''
export PATH='\''/opt/miniconda3/envs/testbed/bin:/opt/miniconda3/condabin:/opt/miniconda3/bin:/usr/local/sbin:/usr/local/bin:/usr/sbin:/usr/bin:/sbin:/bin'\''
export CONDA_PREFIX='\''/opt/miniconda3/envs/testbed'\''
export CONDA_SHLVL='\''2'\''
export CONDA_DEFAULT_ENV='\''testbed'\''
export CONDA_PROMPT_MODIFIER='\''(testbed) '\''
export CONDA_PREFIX_1='\''/opt/miniconda3'\''
export CONDA_EXE='\''/opt/miniconda3/bin/conda'\''
export _CE_M='\'''\''
export _CE_CONDA='\'''\''
export CONDA_PYTHON_EXE='\''/opt/miniconda3/bin/python'\'''
++ PS1='(testbed) '
++ export PATH=/opt/miniconda3/envs/testbed/bin:/opt/miniconda3/condabin:/opt/miniconda3/bin:/usr/local/sbin:/usr/local/bin:/usr/sbin:/usr/bin:/sbin:/bin
++ PATH=/opt/miniconda3/envs/testbed/bin:/opt/miniconda3/condabin:/opt/miniconda3/bin:/usr/local/sbin:/usr/local/bin:/usr/sbin:/usr/bin:/sbin:/bin
++ export CONDA_PREFIX=/opt/miniconda3/envs/testbed
++ CONDA_PREFIX=/opt/miniconda3/envs/testbed
++ export CONDA_SHLVL=2
++ CONDA_SHLVL=2
++ export CONDA_DEFAULT_ENV=testbed
++ CONDA_DEFAULT_ENV=testbed
++ export 'CONDA_PROMPT_MODIFIER=(testbed) '
++ CONDA_PROMPT_MODIFIER='(testbed) '
++ export CONDA_PREFIX_1=/opt/miniconda3
++ CONDA_PREFIX_1=/opt/miniconda3
++ export CONDA_EXE=/opt/miniconda3/bin/conda
++ CONDA_EXE=/opt/miniconda3/bin/conda
++ export _CE_M=
++ _CE_M=
++ export _CE_CONDA=
++ _CE_CONDA=
++ export CONDA_PYTHON_EXE=/opt/miniconda3/bin/python
++ CONDA_PYTHON_EXE=/opt/miniconda3/bin/python
+ __conda_hashr
+ '[' -n '' ']'
+ '[' -n '' ']'
+ hash -r
2025-08-21 07:16:23,786 - INFO - + python -m pip install -r /root/requirements.txt
2025-08-21 07:16:24,946 - INFO - Collecting black==22.3.0 (from -r /root/requirements.txt (line 1))
2025-08-21 07:16:25,737 - INFO - Downloading black-22.3.0-cp39-cp39-manylinux_2_17_x86_64.manylinux2014_x86_64.whl.metadata (45 kB)
2025-08-21 07:16:25,967 - INFO - Collecting flake8==4.0.1 (from -r /root/requirements.txt (line 2))
2025-08-21 07:16:26,077 - INFO - Downloading flake8-4.0.1-py2.py3-none-any.whl.metadata (4.0 kB)
2025-08-21 07:16:26,330 - INFO - Collecting flake8-typing-imports==1.12.0 (from -r /root/requirements.txt (line 3))
2025-08-21 07:16:26,517 - INFO - Downloading flake8_typing_imports-1.12.0-py2.py3-none-any.whl.metadata (5.0 kB)
2025-08-21 07:16:27,278 - INFO - Collecting isort==5.10.1 (from -r /root/requirements.txt (line 4))
2025-08-21 07:16:27,461 - INFO - Downloading isort-5.10.1-py3-none-any.whl.metadata (12 kB)
2025-08-21 07:16:27,779 - INFO - Collecting mypy==0.960 (from -r /root/requirements.txt (line 5))
2025-08-21 07:16:27,895 - INFO - Downloading mypy-0.960-cp39-cp39-manylinux_2_5_x86_64.manylinux1_x86_64.manylinux_2_12_x86_64.manylinux2010_x86_64.whl.metadata (1.8 kB)
2025-08-21 07:16:28,081 - INFO - Collecting astroid==2.11.6 (from -r /root/requirements.txt (line 6))
2025-08-21 07:16:28,191 - INFO - Downloading astroid-2.11.6-py3-none-any.whl.metadata (4.7 kB)
2025-08-21 07:16:28,422 - INFO - Collecting typing-extensions~=4.2 (from -r /root/requirements.txt (line 7))
2025-08-21 07:16:28,560 - INFO - Downloading typing_extensions-4.14.1-py3-none-any.whl.metadata (3.0 kB)
2025-08-21 07:16:28,719 - INFO - Collecting pytest~=7.1 (from -r /root/requirements.txt (line 8))
2025-08-21 07:16:28,831 - INFO - Downloading pytest-7.4.4-py3-none-any.whl.metadata (7.9 kB)
2025-08-21 07:16:28,977 - INFO - Collecting pytest-benchmark~=3.4 (from -r /root/requirements.txt (line 9))
2025-08-21 07:16:29,090 - INFO - Downloading pytest_benchmark-3.4.1-py2.py3-none-any.whl.metadata (22 kB)
2025-08-21 07:16:29,238 - INFO - Collecting pytest-timeout~=2.1 (from -r /root/requirements.txt (line 10))
2025-08-21 07:16:29,351 - INFO - Downloading pytest_timeout-2.4.0-py3-none-any.whl.metadata (20 kB)
2025-08-21 07:16:29,495 - INFO - Collecting coveralls~=3.3 (from -r /root/requirements.txt (line 11))
2025-08-21 07:16:29,604 - INFO - Downloading coveralls-3.3.1-py2.py3-none-any.whl.metadata (5.0 kB)
2025-08-21 07:16:30,203 - INFO - Collecting coverage~=6.4 (from -r /root/requirements.txt (line 12))
2025-08-21 07:16:30,318 - INFO - Downloading coverage-6.5.0-cp39-cp39-manylinux_2_5_x86_64.manylinux1_x86_64.manylinux_2_17_x86_64.manylinux2014_x86_64.whl.metadata (8.8 kB)
2025-08-21 07:16:30,476 - INFO - Collecting pre-commit~=2.19 (from -r /root/requirements.txt (line 13))
2025-08-21 07:16:30,582 - INFO - Downloading pre_commit-2.21.0-py2.py3-none-any.whl.metadata (1.6 kB)
2025-08-21 07:16:30,720 - INFO - Collecting tbump~=6.9.0 (from -r /root/requirements.txt (line 14))
2025-08-21 07:16:30,834 - INFO - Downloading tbump-6.9.0-py3-none-any.whl.metadata (9.2 kB)
2025-08-21 07:16:30,966 - INFO - Collecting contributors-txt>=0.7.3 (from -r /root/requirements.txt (line 15))
2025-08-21 07:16:31,074 - INFO - Downloading contributors_txt-1.0.0-py3-none-any.whl.metadata (1.0 kB)
2025-08-21 07:16:31,210 - INFO - Collecting pytest-cov~=3.0 (from -r /root/requirements.txt (line 16))
2025-08-21 07:16:31,324 - INFO - Downloading pytest_cov-3.0.0-py3-none-any.whl.metadata (24 kB)
2025-08-21 07:16:31,487 - INFO - Collecting pytest-profiling~=1.7 (from -r /root/requirements.txt (line 17))
2025-08-21 07:16:31,595 - INFO - Downloading pytest_profiling-1.8.1-py3-none-any.whl.metadata (15 kB)
2025-08-21 07:16:31,733 - INFO - Collecting pytest-xdist~=2.5 (from -r /root/requirements.txt (line 18))
2025-08-21 07:16:31,844 - INFO - Downloading pytest_xdist-2.5.0-py3-none-any.whl.metadata (21 kB)
2025-08-21 07:16:31,980 - INFO - Collecting types-pkg_resources==0.1.3 (from -r /root/requirements.txt (line 19))
2025-08-21 07:16:32,089 - INFO - Downloading types_pkg_resources-0.1.3-py2.py3-none-any.whl.metadata (902 bytes)
2025-08-21 07:16:32,295 - INFO - Collecting tox>=3 (from -r /root/requirements.txt (line 20))
2025-08-21 07:16:32,405 - INFO - Downloading tox-4.28.4-py3-none-any.whl.metadata (3.6 kB)
2025-08-21 07:16:32,541 - INFO - Collecting click>=8.0.0 (from black==22.3.0->-r /root/requirements.txt (line 1))
2025-08-21 07:16:32,650 - INFO - Downloading click-8.1.8-py3-none-any.whl.metadata (2.3 kB)
2025-08-21 07:16:32,780 - INFO - Collecting platformdirs>=2 (from black==22.3.0->-r /root/requirements.txt (line 1))
2025-08-21 07:16:32,885 - INFO - Downloading platformdirs-4.3.8-py3-none-any.whl.metadata (12 kB)
2025-08-21 07:16:33,245 - INFO - Collecting pathspec>=0.9.0 (from black==22.3.0->-r /root/requirements.txt (line 1))
2025-08-21 07:16:33,414 - INFO - Downloading pathspec-0.12.1-py3-none-any.whl.metadata (21 kB)
2025-08-21 07:16:33,926 - INFO - Collecting mypy-extensions>=0.4.3 (from black==22.3.0->-r /root/requirements.txt (line 1))
2025-08-21 07:16:34,073 - INFO - Downloading mypy_extensions-1.1.0-py3-none-any.whl.metadata (1.1 kB)
2025-08-21 07:16:34,493 - INFO - Collecting tomli>=1.1.0 (from black==22.3.0->-r /root/requirements.txt (line 1))
2025-08-21 07:16:34,641 - INFO - Downloading tomli-2.2.1-py3-none-any.whl.metadata (10 kB)
2025-08-21 07:16:34,771 - INFO - Collecting mccabe<0.7.0,>=0.6.0 (from flake8==4.0.1->-r /root/requirements.txt (line 2))
2025-08-21 07:16:34,881 - INFO - Downloading mccabe-0.6.1-py2.py3-none-any.whl.metadata (4.3 kB)
2025-08-21 07:16:35,012 - INFO - Collecting pycodestyle<2.9.0,>=2.8.0 (from flake8==4.0.1->-r /root/requirements.txt (line 2))
2025-08-21 07:16:35,125 - INFO - Downloading pycodestyle-2.8.0-py2.py3-none-any.whl.metadata (31 kB)
2025-08-21 07:16:35,274 - INFO - Collecting pyflakes<2.5.0,>=2.4.0 (from flake8==4.0.1->-r /root/requirements.txt (line 2))
2025-08-21 07:16:35,385 - INFO - Downloading pyflakes-2.4.0-py2.py3-none-any.whl.metadata (3.9 kB)
2025-08-21 07:16:35,592 - INFO - Collecting lazy-object-proxy>=1.4.0 (from astroid==2.11.6->-r /root/requirements.txt (line 6))
2025-08-21 07:16:35,704 - INFO - Downloading lazy_object_proxy-1.11.0-py3-none-any.whl.metadata (8.2 kB)
2025-08-21 07:16:35,953 - INFO - Collecting wrapt<2,>=1.11 (from astroid==2.11.6->-r /root/requirements.txt (line 6))
2025-08-21 07:16:36,063 - INFO - Downloading wrapt-1.17.3-cp39-cp39-manylinux1_x86_64.manylinux_2_28_x86_64.manylinux_2_5_x86_64.whl.metadata (6.4 kB)
2025-08-21 07:16:36,069 - INFO - Requirement already satisfied: setuptools>=20.0 in /opt/miniconda3/envs/testbed/lib/python3.9/site-packages (from astroid==2.11.6->-r /root/requirements.txt (line 6)) (78.1.1)
2025-08-21 07:16:36,191 - INFO - Collecting iniconfig (from pytest~=7.1->-r /root/requirements.txt (line 8))
2025-08-21 07:16:36,304 - INFO - Downloading iniconfig-2.1.0-py3-none-any.whl.metadata (2.7 kB)
2025-08-21 07:16:36,449 - INFO - Collecting packaging (from pytest~=7.1->-r /root/requirements.txt (line 8))
2025-08-21 07:16:36,558 - INFO - Downloading packaging-25.0-py3-none-any.whl.metadata (3.3 kB)
2025-08-21 07:16:36,686 - INFO - Collecting pluggy<2.0,>=0.12 (from pytest~=7.1->-r /root/requirements.txt (line 8))
2025-08-21 07:16:36,795 - INFO - Downloading pluggy-1.6.0-py3-none-any.whl.metadata (4.8 kB)
2025-08-21 07:16:36,927 - INFO - Collecting exceptiongroup>=1.0.0rc8 (from pytest~=7.1->-r /root/requirements.txt (line 8))
2025-08-21 07:16:37,041 - INFO - Downloading exceptiongroup-1.3.0-py3-none-any.whl.metadata (6.7 kB)
2025-08-21 07:16:37,243 - INFO - Collecting py-cpuinfo (from pytest-benchmark~=3.4->-r /root/requirements.txt (line 9))
2025-08-21 07:16:37,355 - INFO - Downloading py_cpuinfo-9.0.0-py3-none-any.whl.metadata (794 bytes)
2025-08-21 07:16:37,533 - INFO - Collecting docopt>=0.6.1 (from coveralls~=3.3->-r /root/requirements.txt (line 11))
2025-08-21 07:16:37,641 - INFO - Downloading docopt-0.6.2.tar.gz (25 kB)
2025-08-21 07:16:37,670 - INFO - Preparing metadata (setup.py): started
2025-08-21 07:16:37,829 - INFO - Preparing metadata (setup.py): finished with status 'done'
2025-08-21 07:16:37,980 - INFO - Collecting requests>=1.0.0 (from coveralls~=3.3->-r /root/requirements.txt (line 11))
2025-08-21 07:16:38,089 - INFO - Downloading requests-2.32.5-py3-none-any.whl.metadata (4.9 kB)
2025-08-21 07:16:38,220 - INFO - Collecting cfgv>=2.0.0 (from pre-commit~=2.19->-r /root/requirements.txt (line 13))
2025-08-21 07:16:38,354 - INFO - Downloading cfgv-3.4.0-py2.py3-none-any.whl.metadata (8.5 kB)
2025-08-21 07:16:38,528 - INFO - Collecting identify>=1.0.0 (from pre-commit~=2.19->-r /root/requirements.txt (line 13))
2025-08-21 07:16:38,638 - INFO - Downloading identify-2.6.13-py2.py3-none-any.whl.metadata (4.4 kB)
2025-08-21 07:16:38,899 - INFO - Collecting nodeenv>=0.11.1 (from pre-commit~=2.19->-r /root/requirements.txt (line 13))
2025-08-21 07:16:39,061 - INFO - Downloading nodeenv-1.9.1-py2.py3-none-any.whl.metadata (21 kB)
2025-08-21 07:16:39,282 - INFO - Collecting pyyaml>=5.1 (from pre-commit~=2.19->-r /root/requirements.txt (line 13))
2025-08-21 07:16:39,390 - INFO - Downloading PyYAML-6.0.2-cp39-cp39-manylinux_2_17_x86_64.manylinux2014_x86_64.whl.metadata (2.1 kB)
2025-08-21 07:16:39,579 - INFO - Collecting virtualenv>=20.10.0 (from pre-commit~=2.19->-r /root/requirements.txt (line 13))
2025-08-21 07:16:39,692 - INFO - Downloading virtualenv-20.34.0-py3-none-any.whl.metadata (4.6 kB)
2025-08-21 07:16:39,830 - INFO - Collecting cli-ui>=0.10.3 (from tbump~=6.9.0->-r /root/requirements.txt (line 14))
2025-08-21 07:16:39,942 - INFO - Downloading cli_ui-0.19.0-py3-none-any.whl.metadata (3.3 kB)
2025-08-21 07:16:40,091 - INFO - Collecting schema<0.8.0,>=0.7.1 (from tbump~=6.9.0->-r /root/requirements.txt (line 14))
2025-08-21 07:16:40,198 - INFO - Downloading schema-0.7.7-py2.py3-none-any.whl.metadata (34 kB)
2025-08-21 07:16:40,426 - INFO - Collecting tomlkit>=0.5.8 (from tbump~=6.9.0->-r /root/requirements.txt (line 14))
2025-08-21 07:16:40,538 - INFO - Downloading tomlkit-0.13.3-py3-none-any.whl.metadata (2.8 kB)
2025-08-21 07:16:40,714 - INFO - Collecting six (from pytest-profiling~=1.7->-r /root/requirements.txt (line 17))
2025-08-21 07:16:40,827 - INFO - Downloading six-1.17.0-py2.py3-none-any.whl.metadata (1.7 kB)
2025-08-21 07:16:40,954 - INFO - Collecting gprof2dot (from pytest-profiling~=1.7->-r /root/requirements.txt (line 17))
2025-08-21 07:16:41,061 - INFO - Downloading gprof2dot-2025.4.14-py3-none-any.whl.metadata (19 kB)
2025-08-21 07:16:41,204 - INFO - Collecting execnet>=1.1 (from pytest-xdist~=2.5->-r /root/requirements.txt (line 18))
2025-08-21 07:16:41,311 - INFO - Downloading execnet-2.1.1-py3-none-any.whl.metadata (2.9 kB)
2025-08-21 07:16:41,449 - INFO - Collecting pytest-forked (from pytest-xdist~=2.5->-r /root/requirements.txt (line 18))
2025-08-21 07:16:41,558 - INFO - Downloading pytest_forked-1.6.0-py3-none-any.whl.metadata (3.5 kB)
2025-08-21 07:16:41,701 - INFO - Collecting cachetools>=6.1 (from tox>=3->-r /root/requirements.txt (line 20))
2025-08-21 07:16:41,809 - INFO - Downloading cachetools-6.1.0-py3-none-any.whl.metadata (5.4 kB)
2025-08-21 07:16:41,937 - INFO - Collecting chardet>=5.2 (from tox>=3->-r /root/requirements.txt (line 20))
2025-08-21 07:16:42,047 - INFO - Downloading chardet-5.2.0-py3-none-any.whl.metadata (3.4 kB)
2025-08-21 07:16:42,172 - INFO - Collecting colorama>=0.4.6 (from tox>=3->-r /root/requirements.txt (line 20))
2025-08-21 07:16:42,389 - INFO - Downloading colorama-0.4.6-py2.py3-none-any.whl.metadata (17 kB)
2025-08-21 07:16:42,524 - INFO - Collecting filelock>=3.18 (from tox>=3->-r /root/requirements.txt (line 20))
2025-08-21 07:16:42,633 - INFO - Downloading filelock-3.19.1-py3-none-any.whl.metadata (2.1 kB)
2025-08-21 07:16:42,773 - INFO - Collecting pyproject-api>=1.9.1 (from tox>=3->-r /root/requirements.txt (line 20))
2025-08-21 07:16:42,880 - INFO - Downloading pyproject_api-1.9.1-py3-none-any.whl.metadata (2.7 kB)
2025-08-21 07:16:43,033 - INFO - Collecting tabulate<0.10.0,>=0.9.0 (from cli-ui>=0.10.3->tbump~=6.9.0->-r /root/requirements.txt (line 14))
2025-08-21 07:16:43,141 - INFO - Downloading tabulate-0.9.0-py3-none-any.whl.metadata (34 kB)
2025-08-21 07:16:43,306 - INFO - Collecting unidecode<2.0.0,>=1.3.6 (from cli-ui>=0.10.3->tbump~=6.9.0->-r /root/requirements.txt (line 14))
2025-08-21 07:16:43,418 - INFO - Downloading Unidecode-1.4.0-py3-none-any.whl.metadata (13 kB)
2025-08-21 07:16:43,714 - INFO - Collecting charset_normalizer<4,>=2 (from requests>=1.0.0->coveralls~=3.3->-r /root/requirements.txt (line 11))
2025-08-21 07:16:43,825 - INFO - Downloading charset_normalizer-3.4.3-cp39-cp39-manylinux2014_x86_64.manylinux_2_17_x86_64.manylinux_2_28_x86_64.whl.metadata (36 kB)
2025-08-21 07:16:44,017 - INFO - Collecting idna<4,>=2.5 (from requests>=1.0.0->coveralls~=3.3->-r /root/requirements.txt (line 11))
2025-08-21 07:16:44,130 - INFO - Downloading idna-3.10-py3-none-any.whl.metadata (10 kB)
2025-08-21 07:16:44,280 - INFO - Collecting urllib3<3,>=1.21.1 (from requests>=1.0.0->coveralls~=3.3->-r /root/requirements.txt (line 11))
2025-08-21 07:16:44,388 - INFO - Downloading urllib3-2.5.0-py3-none-any.whl.metadata (6.5 kB)
2025-08-21 07:16:44,528 - INFO - Collecting certifi>=2017.4.17 (from requests>=1.0.0->coveralls~=3.3->-r /root/requirements.txt (line 11))
2025-08-21 07:16:44,636 - INFO - Downloading certifi-2025.8.3-py3-none-any.whl.metadata (2.4 kB)
2025-08-21 07:16:44,795 - INFO - Collecting distlib<1,>=0.3.7 (from virtualenv>=20.10.0->pre-commit~=2.19->-r /root/requirements.txt (line 13))
2025-08-21 07:16:44,907 - INFO - Downloading distlib-0.4.0-py2.py3-none-any.whl.metadata (5.2 kB)
2025-08-21 07:16:45,056 - INFO - Collecting py (from pytest-forked->pytest-xdist~=2.5->-r /root/requirements.txt (line 18))
2025-08-21 07:16:45,164 - INFO - Downloading py-1.11.0-py2.py3-none-any.whl.metadata (2.8 kB)
2025-08-21 07:16:45,193 - INFO - WARNING: The candidate selected for download or install is a yanked version: 'types-pkg-resources' candidate (version 0.1.3 at https://files.pythonhosted.org/packages/e9/97/a24ffd614ac2962dabbd599afbed00adf6464604a53b96b5f48301518a5f/types_pkg_resources-0.1.3-py2.py3-none-any.whl (from https://pypi.org/simple/types-pkg-resources/))
Reason for being yanked: Use types-setuptools instead
2025-08-21 07:16:45,358 - INFO - Downloading black-22.3.0-cp39-cp39-manylinux_2_17_x86_64.manylinux2014_x86_64.whl (1.5 MB)
2025-08-21 07:16:45,857 - INFO - ━━━━━━━━━━━━━━━━━━━━━━━━━━━━━━━━━━━━━━━━ 1.5/1.5 MB 3.1 MB/s eta 0:00:00
2025-08-21 07:16:45,857 - INFO - 
2025-08-21 07:16:45,996 - INFO - Downloading flake8-4.0.1-py2.py3-none-any.whl (64 kB)
2025-08-21 07:16:46,204 - INFO - Downloading flake8_typing_imports-1.12.0-py2.py3-none-any.whl (8.1 kB)
2025-08-21 07:16:46,456 - INFO - Downloading isort-5.10.1-py3-none-any.whl (103 kB)
2025-08-21 07:16:46,650 - INFO - Downloading mypy-0.960-cp39-cp39-manylinux_2_5_x86_64.manylinux1_x86_64.manylinux_2_12_x86_64.manylinux2010_x86_64.whl (18.1 MB)
2025-08-21 07:16:51,291 - INFO - ━━━━━━━━━━━━━━━━━━━━━━━━━━━━━━━━━━━━━━━━ 18.1/18.1 MB 3.9 MB/s eta 0:00:00
2025-08-21 07:16:51,292 - INFO - 
2025-08-21 07:16:51,403 - INFO - Downloading astroid-2.11.6-py3-none-any.whl (251 kB)
2025-08-21 07:16:51,564 - INFO - Downloading types_pkg_resources-0.1.3-py2.py3-none-any.whl (4.8 kB)
2025-08-21 07:16:51,677 - INFO - Downloading typing_extensions-4.14.1-py3-none-any.whl (43 kB)
2025-08-21 07:16:51,792 - INFO - Downloading pytest-7.4.4-py3-none-any.whl (325 kB)
2025-08-21 07:16:51,940 - INFO - Downloading pytest_benchmark-3.4.1-py2.py3-none-any.whl (50 kB)
2025-08-21 07:16:52,061 - INFO - Downloading pytest_timeout-2.4.0-py3-none-any.whl (14 kB)
2025-08-21 07:16:52,175 - INFO - Downloading coveralls-3.3.1-py2.py3-none-any.whl (14 kB)
2025-08-21 07:16:52,295 - INFO - Downloading coverage-6.5.0-cp39-cp39-manylinux_2_5_x86_64.manylinux1_x86_64.manylinux_2_17_x86_64.manylinux2014_x86_64.whl (212 kB)
2025-08-21 07:16:52,576 - INFO - Downloading pre_commit-2.21.0-py2.py3-none-any.whl (201 kB)
2025-08-21 07:16:52,713 - INFO - Downloading tbump-6.9.0-py3-none-any.whl (33 kB)
2025-08-21 07:16:52,830 - INFO - Downloading pytest_cov-3.0.0-py3-none-any.whl (20 kB)
2025-08-21 07:16:52,943 - INFO - Downloading pytest_profiling-1.8.1-py3-none-any.whl (9.9 kB)
2025-08-21 07:16:53,054 - INFO - Downloading pytest_xdist-2.5.0-py3-none-any.whl (41 kB)
2025-08-21 07:16:53,172 - INFO - Downloading mccabe-0.6.1-py2.py3-none-any.whl (8.6 kB)
2025-08-21 07:16:53,285 - INFO - Downloading pluggy-1.6.0-py3-none-any.whl (20 kB)
2025-08-21 07:16:53,404 - INFO - Downloading pycodestyle-2.8.0-py2.py3-none-any.whl (42 kB)
2025-08-21 07:16:53,527 - INFO - Downloading pyflakes-2.4.0-py2.py3-none-any.whl (69 kB)
2025-08-21 07:16:53,647 - INFO - Downloading schema-0.7.7-py2.py3-none-any.whl (18 kB)
2025-08-21 07:16:53,760 - INFO - Downloading wrapt-1.17.3-cp39-cp39-manylinux1_x86_64.manylinux_2_28_x86_64.manylinux_2_5_x86_64.whl (81 kB)
2025-08-21 07:16:53,885 - INFO - Downloading contributors_txt-1.0.0-py3-none-any.whl (11 kB)
2025-08-21 07:16:54,000 - INFO - Downloading tox-4.28.4-py3-none-any.whl (174 kB)
2025-08-21 07:16:54,128 - INFO - Downloading cachetools-6.1.0-py3-none-any.whl (11 kB)
2025-08-21 07:16:54,243 - INFO - Downloading cfgv-3.4.0-py2.py3-none-any.whl (7.2 kB)
2025-08-21 07:16:54,466 - INFO - Downloading chardet-5.2.0-py3-none-any.whl (199 kB)
2025-08-21 07:16:54,591 - INFO - Downloading cli_ui-0.19.0-py3-none-any.whl (13 kB)
2025-08-21 07:16:54,710 - INFO - Downloading colorama-0.4.6-py2.py3-none-any.whl (25 kB)
2025-08-21 07:16:54,825 - INFO - Downloading tabulate-0.9.0-py3-none-any.whl (35 kB)
2025-08-21 07:16:54,945 - INFO - Downloading Unidecode-1.4.0-py3-none-any.whl (235 kB)
2025-08-21 07:16:55,085 - INFO - Downloading click-8.1.8-py3-none-any.whl (98 kB)
2025-08-21 07:16:55,210 - INFO - Downloading exceptiongroup-1.3.0-py3-none-any.whl (16 kB)
2025-08-21 07:16:55,326 - INFO - Downloading execnet-2.1.1-py3-none-any.whl (40 kB)
2025-08-21 07:16:55,445 - INFO - Downloading filelock-3.19.1-py3-none-any.whl (15 kB)
2025-08-21 07:16:55,557 - INFO - Downloading identify-2.6.13-py2.py3-none-any.whl (99 kB)
2025-08-21 07:16:55,682 - INFO - Downloading lazy_object_proxy-1.11.0-py3-none-any.whl (16 kB)
2025-08-21 07:16:55,802 - INFO - Downloading mypy_extensions-1.1.0-py3-none-any.whl (5.0 kB)
2025-08-21 07:16:55,915 - INFO - Downloading nodeenv-1.9.1-py2.py3-none-any.whl (22 kB)
2025-08-21 07:16:56,078 - INFO - Downloading packaging-25.0-py3-none-any.whl (66 kB)
2025-08-21 07:16:56,291 - INFO - Downloading pathspec-0.12.1-py3-none-any.whl (31 kB)
2025-08-21 07:16:56,454 - INFO - Downloading platformdirs-4.3.8-py3-none-any.whl (18 kB)
2025-08-21 07:16:56,575 - INFO - Downloading pyproject_api-1.9.1-py3-none-any.whl (13 kB)
2025-08-21 07:16:56,691 - INFO - Downloading PyYAML-6.0.2-cp39-cp39-manylinux_2_17_x86_64.manylinux2014_x86_64.whl (737 kB)
2025-08-21 07:16:56,778 - INFO - ━━━━━━━━━━━━━━━━━━━━━━━━━━━━━━━━━━━━━━━━ 737.4/737.4 kB 7.2 MB/s eta 0:00:00
2025-08-21 07:16:56,779 - INFO - 
2025-08-21 07:16:56,893 - INFO - Downloading requests-2.32.5-py3-none-any.whl (64 kB)
2025-08-21 07:16:57,018 - INFO - Downloading charset_normalizer-3.4.3-cp39-cp39-manylinux2014_x86_64.manylinux_2_17_x86_64.manylinux_2_28_x86_64.whl (152 kB)
2025-08-21 07:16:57,145 - INFO - Downloading idna-3.10-py3-none-any.whl (70 kB)
2025-08-21 07:16:57,261 - INFO - Downloading urllib3-2.5.0-py3-none-any.whl (129 kB)
2025-08-21 07:16:57,391 - INFO - Downloading certifi-2025.8.3-py3-none-any.whl (161 kB)
2025-08-21 07:16:57,519 - INFO - Downloading tomli-2.2.1-py3-none-any.whl (14 kB)
2025-08-21 07:16:57,633 - INFO - Downloading tomlkit-0.13.3-py3-none-any.whl (38 kB)
2025-08-21 07:16:57,750 - INFO - Downloading virtualenv-20.34.0-py3-none-any.whl (6.0 MB)
2025-08-21 07:16:58,752 - INFO - ━━━━━━━━━━━━━━━━━━━━━━━━━━━━━━━━━━━━━━━━ 6.0/6.0 MB 5.8 MB/s eta 0:00:00
2025-08-21 07:16:58,752 - INFO - 
2025-08-21 07:16:58,865 - INFO - Downloading distlib-0.4.0-py2.py3-none-any.whl (469 kB)
2025-08-21 07:16:59,006 - INFO - Downloading gprof2dot-2025.4.14-py3-none-any.whl (37 kB)
2025-08-21 07:16:59,140 - INFO - Downloading iniconfig-2.1.0-py3-none-any.whl (6.0 kB)
2025-08-21 07:16:59,257 - INFO - Downloading py_cpuinfo-9.0.0-py3-none-any.whl (22 kB)
2025-08-21 07:16:59,379 - INFO - Downloading pytest_forked-1.6.0-py3-none-any.whl (4.9 kB)
2025-08-21 07:16:59,495 - INFO - Downloading py-1.11.0-py2.py3-none-any.whl (98 kB)
2025-08-21 07:16:59,619 - INFO - Downloading six-1.17.0-py2.py3-none-any.whl (11 kB)
2025-08-21 07:16:59,746 - INFO - Building wheels for collected packages: docopt
2025-08-21 07:16:59,747 - INFO - DEPRECATION: Building 'docopt' using the legacy setup.py bdist_wheel mechanism, which will be removed in a future version. pip 25.3 will enforce this behaviour change. A possible replacement is to use the standardized build interface by setting the `--use-pep517` option, (possibly combined with `--no-build-isolation`), or adding a `pyproject.toml` file to the source tree of 'docopt'. Discussion can be found at https://github.com/pypa/pip/issues/6334
2025-08-21 07:16:59,747 - INFO - Building wheel for docopt (setup.py): started
2025-08-21 07:16:59,952 - INFO - Building wheel for docopt (setup.py): finished with status 'done'
2025-08-21 07:16:59,952 - INFO - Created wheel for docopt: filename=docopt-0.6.2-py2.py3-none-any.whl size=13782 sha256=852b7d7b696805902304641418080220721c3bf193bab01d066a3f4209f31cec
2025-08-21 07:16:59,953 - INFO - Stored in directory: /root/.cache/pip/wheels/70/4a/46/1309fc853b8d395e60bafaf1b6df7845bdd82c95fd59dd8d2b
2025-08-21 07:16:59,955 - INFO - Successfully built docopt
2025-08-21 07:17:00,071 - INFO - Installing collected packages: types-pkg_resources, schema, py-cpuinfo, mccabe, docopt, distlib, contributors-txt, wrapt, urllib3, unidecode, typing-extensions, tomlkit, tomli, tabulate, six, pyyaml, pyflakes, pycodestyle, py, pluggy, platformdirs, pathspec, packaging, nodeenv, mypy-extensions, lazy-object-proxy, isort, iniconfig, idna, identify, gprof2dot, filelock, execnet, coverage, colorama, click, charset_normalizer, chardet, cfgv, certifi, cachetools, virtualenv, requests, pyproject-api, mypy, flake8, exceptiongroup, cli-ui, black, astroid, tox, tbump, pytest, pre-commit, flake8-typing-imports, coveralls, pytest-timeout, pytest-profiling, pytest-forked, pytest-cov, pytest-benchmark, pytest-xdist
2025-08-21 07:17:04,099 - INFO - 
2025-08-21 07:17:04,108 - INFO - Successfully installed astroid-2.11.6 black-22.3.0 cachetools-6.1.0 certifi-2025.8.3 cfgv-3.4.0 chardet-5.2.0 charset_normalizer-3.4.3 cli-ui-0.19.0 click-8.1.8 colorama-0.4.6 contributors-txt-1.0.0 coverage-6.5.0 coveralls-3.3.1 distlib-0.4.0 docopt-0.6.2 exceptiongroup-1.3.0 execnet-2.1.1 filelock-3.19.1 flake8-4.0.1 flake8-typing-imports-1.12.0 gprof2dot-2025.4.14 identify-2.6.13 idna-3.10 iniconfig-2.1.0 isort-5.10.1 lazy-object-proxy-1.11.0 mccabe-0.6.1 mypy-0.960 mypy-extensions-1.1.0 nodeenv-1.9.1 packaging-25.0 pathspec-0.12.1 platformdirs-4.3.8 pluggy-1.6.0 pre-commit-2.21.0 py-1.11.0 py-cpuinfo-9.0.0 pycodestyle-2.8.0 pyflakes-2.4.0 pyproject-api-1.9.1 pytest-7.4.4 pytest-benchmark-3.4.1 pytest-cov-3.0.0 pytest-forked-1.6.0 pytest-profiling-1.8.1 pytest-timeout-2.4.0 pytest-xdist-2.5.0 pyyaml-6.0.2 requests-2.32.5 schema-0.7.7 six-1.17.0 tabulate-0.9.0 tbump-6.9.0 tomli-2.2.1 tomlkit-0.13.3 tox-4.28.4 types-pkg_resources-0.1.3 typing-extensions-4.14.1 unidecode-1.4.0 urllib3-2.5.0 virtualenv-20.34.0 wrapt-1.17.3
2025-08-21 07:17:04,108 - INFO - WARNING: Running pip as the 'root' user can result in broken permissions and conflicting behaviour with the system package manager, possibly rendering your system unusable. It is recommended to use a virtual environment instead: https://pip.pypa.io/warnings/venv. Use the --root-user-action option if you know what you are doing and want to suppress this warning.
2025-08-21 07:17:04,987 - INFO - + rm /root/requirements.txt
2025-08-21 07:17:04,988 - INFO - + conda activate testbed
+ local cmd=activate
+ case "$cmd" in
+ __conda_activate activate testbed
+ '[' -n '' ']'
+ local ask_conda
2025-08-21 07:17:04,989 - INFO - ++ PS1='(testbed) '
2025-08-21 07:17:04,989 - INFO - ++ __conda_exe shell.posix activate testbed
2025-08-21 07:17:04,990 - INFO - ++ /opt/miniconda3/bin/conda shell.posix activate testbed
2025-08-21 07:17:05,092 - INFO - + ask_conda='PS1='\''(testbed) '\''
export PATH='\''/opt/miniconda3/envs/testbed/bin:/opt/miniconda3/condabin:/opt/miniconda3/bin:/usr/local/sbin:/usr/local/bin:/usr/sbin:/usr/bin:/sbin:/bin'\''
export CONDA_SHLVL='\''2'\''
export CONDA_PROMPT_MODIFIER='\''(testbed) '\'''
2025-08-21 07:17:05,092 - INFO - + eval 'PS1='\''(testbed) '\''
export PATH='\''/opt/miniconda3/envs/testbed/bin:/opt/miniconda3/condabin:/opt/miniconda3/bin:/usr/local/sbin:/usr/local/bin:/usr/sbin:/usr/bin:/sbin:/bin'\''
export CONDA_SHLVL='\''2'\''
export CONDA_PROMPT_MODIFIER='\''(testbed) '\'''
++ PS1='(testbed) '
++ export PATH=/opt/miniconda3/envs/testbed/bin:/opt/miniconda3/condabin:/opt/miniconda3/bin:/usr/local/sbin:/usr/local/bin:/usr/sbin:/usr/bin:/sbin:/bin
++ PATH=/opt/miniconda3/envs/testbed/bin:/opt/miniconda3/condabin:/opt/miniconda3/bin:/usr/local/sbin:/usr/local/bin:/usr/sbin:/usr/bin:/sbin:/bin
++ export CONDA_SHLVL=2
++ CONDA_SHLVL=2
++ export 'CONDA_PROMPT_MODIFIER=(testbed) '
++ CONDA_PROMPT_MODIFIER='(testbed) '
+ __conda_hashr
+ '[' -n '' ']'
+ '[' -n '' ']'
+ hash -r
2025-08-21 07:17:57,043 - INFO - ---> Removed intermediate container 962297cf07ed
2025-08-21 07:17:57,044 - INFO - ---> 2ff8c6f22d39
2025-08-21 07:17:57,044 - INFO - Step 6/7 : WORKDIR /testbed/
2025-08-21 07:17:57,044 - INFO - 
2025-08-21 07:17:57,343 - INFO - ---> Running in 7d3c606907a4
2025-08-21 07:17:57,375 - INFO - ---> Removed intermediate container 7d3c606907a4
2025-08-21 07:17:57,375 - INFO - ---> 381cc4d2c919
2025-08-21 07:17:57,375 - INFO - Step 7/7 : RUN echo "source /opt/miniconda3/etc/profile.d/conda.sh && conda activate testbed" > /root/.bashrc
2025-08-21 07:17:57,376 - INFO - 
2025-08-21 07:17:57,400 - INFO - ---> Running in 966eb6a9a1bb
2025-08-21 07:17:57,942 - INFO - ---> Removed intermediate container 966eb6a9a1bb
2025-08-21 07:17:57,943 - INFO - ---> 295f312b62fc
2025-08-21 07:17:57,943 - INFO - Successfully built 295f312b62fc
2025-08-21 07:17:57,951 - INFO - Successfully tagged sweb.env.x86_64.15539247fbef7d28c70168:latest
2025-08-21 07:17:57,951 - INFO - Image built successfully!
