com.car.account.web.common.utils.ZipUtil.existZH(Ljava/lang/String;)Z: I19 Branch 1 IFEQ L40 - true
net.lingala.zip4j.ZipFile.<init>(Ljava/io/File;)V: root-Branch
net.lingala.zip4j.ZipFile.<init>(Ljava/io/File;[C)V: root-Branch
com.car.account.web.common.utils.ZipUtil.copyFile(Ljava/lang/String;Ljava/lang/String;)V: I32 Branch 30 IFEQ L239 - true
com.car.account.web.common.utils.ZipUtil.getDirFiles(Ljava/io/File;)Ljava/util/List;: I10 Branch 2 IFEQ L55 - true
com.car.account.web.common.utils.ZipUtil.<init>()V: root-Branch
com.car.account.web.common.utils.ZipUtil.renameFile(Ljava/lang/String;Ljava/lang/String;)Z: I35 Branch 28 IFNE L204 - false
com.car.account.web.common.utils.ZipUtil.renameFile(Ljava/lang/String;Ljava/lang/String;)Z: I35 Branch 28 IFNE L204 - true
com.car.account.web.common.utils.ZipUtil.renameFile(Ljava/lang/String;Ljava/lang/String;)Z: I161 Branch 29 IFEQ L221 - true
com.car.account.web.common.utils.ZipUtil.existZH(Ljava/lang/String;)Z: I19 Branch 1 IFEQ L40 - false
com.car.account.web.common.utils.ZipUtil.unZip(Ljava/lang/String;Ljava/lang/String;)Ljava/lang/String;: I376 Branch 20 IFNULL L172 - true
com.car.account.web.common.utils.ZipUtil.unZip(Ljava/lang/String;Ljava/lang/String;)Ljava/lang/String;: I384 Branch 21 IFNULL L175 - true
com.car.account.web.common.utils.ZipUtil.unZip(Ljava/lang/String;Ljava/lang/String;)Ljava/lang/String;: I53 Branch 6 IFNE L116 - true
com.car.account.web.common.utils.ZipUtil.unZip(Ljava/lang/String;Ljava/lang/String;)Ljava/lang/String;: I392 Branch 22 IFNULL L178 - true
com.car.account.web.common.utils.ZipUtil.unZip(Ljava/lang/String;Ljava/lang/String;)Ljava/lang/String;: I85 Branch 7 IFEQ L122 - true
com.car.account.web.common.utils.ZipUtil.unZip(Ljava/lang/String;Ljava/lang/String;)Ljava/lang/String;: I400 Branch 23 IFNULL L181 - true
com.car.account.web.common.utils.ZipUtil.copyFile(Ljava/lang/String;Ljava/lang/String;)V: I32 Branch 30 IFEQ L239 - false
com.car.account.web.common.utils.ZipUtil.getDirFiles(Ljava/io/File;)Ljava/util/List;: I10 Branch 2 IFEQ L55 - false
com.car.account.web.common.utils.ZipUtil.getDirFiles(Ljava/io/File;)Ljava/util/List;: I31 Branch 3 IF_ICMPGE L57 - true
com.car.account.web.common.utils.ZipUtil.getDirFiles(Ljava/io/File;)Ljava/util/List;: I31 Branch 3 IF_ICMPGE L57 - false
com.car.account.web.common.utils.ZipUtil.getDirFiles(Ljava/io/File;)Ljava/util/List;: I47 Branch 4 IFEQ L60 - true
com.car.account.web.common.utils.ZipUtil.unZip(Ljava/lang/String;Ljava/lang/String;)Ljava/lang/String;: I53 Branch 6 IFNE L116 - false
com.car.account.web.common.utils.ZipUtil.unZip(Ljava/lang/String;Ljava/lang/String;)Ljava/lang/String;: I432 Branch 24 IFNULL L172 - true
com.car.account.web.common.utils.ZipUtil.unZip(Ljava/lang/String;Ljava/lang/String;)Ljava/lang/String;: I440 Branch 25 IFNULL L175 - true
com.car.account.web.common.utils.ZipUtil.unZip(Ljava/lang/String;Ljava/lang/String;)Ljava/lang/String;: I448 Branch 26 IFNULL L178 - true
com.car.account.web.common.utils.ZipUtil.unZip(Ljava/lang/String;Ljava/lang/String;)Ljava/lang/String;: I456 Branch 27 IFNULL L181 - true
