2025-08-21 07:17:57,952 - INFO - Building image sweb.env.x86_64.0c609b65ef40b42410cb20:latest
Using dockerfile:
FROM --platform=linux/x86_64 sweb.base.x86_64:latest

COPY ./setup_env.sh /root/
RUN sed -i -e 's/\r$//' /root/setup_env.sh
RUN chmod +x /root/setup_env.sh
RUN /bin/bash -c "source ~/.bashrc && /root/setup_env.sh"

WORKDIR /testbed/

# Automatically activate the testbed environment
RUN echo "source /opt/miniconda3/etc/profile.d/conda.sh && conda activate testbed" > /root/.bashrc

Adding (1) setup scripts to image build repo
2025-08-21 07:17:57,952 - INFO - [SETUP SCRIPT] setup_env.sh:
#!/bin/bash
set -euxo pipefail
source /opt/miniconda3/bin/activate
conda create -n testbed python=3.9 -y
cat <<'EOF_59812759871' > $HOME/requirements.txt
black==22.6.0
flake8==5.0.4
flake8-typing-imports==1.13.0
isort==5.10.1
mypy==0.971
astroid==2.12.13  # Pinned to a specific version for tests
typing-extensions~=4.4
py~=1.11.0
pytest~=7.2
pytest-benchmark~=4.0
pytest-timeout~=2.1
towncrier~=22.8
requests
coveralls~=3.3
coverage~=6.4
pre-commit~=2.20
tbump~=6.9.0
contributors-txt>=0.9.0
pytest-cov~=3.0
pytest-profiling~=1.7
pytest-xdist~=2.5
types-pkg_resources==0.1.3
tox>=3

EOF_59812759871
conda activate testbed && python -m pip install -r $HOME/requirements.txt
rm $HOME/requirements.txt
conda activate testbed

2025-08-21 07:17:57,952 - INFO - Building docker image sweb.env.x86_64.0c609b65ef40b42410cb20:latest in logs/build_images/env/sweb.env.x86_64.0c609b65ef40b42410cb20__latest with platform linux/x86_64
2025-08-21 07:17:57,974 - INFO - Step 1/7 : FROM --platform=linux/x86_64 sweb.base.x86_64:latest
2025-08-21 07:17:57,974 - INFO - 
2025-08-21 07:17:57,974 - INFO - ---> 5cca6898c8d9
2025-08-21 07:17:57,974 - INFO - Step 2/7 : COPY ./setup_env.sh /root/
2025-08-21 07:17:57,974 - INFO - 
2025-08-21 07:17:58,028 - INFO - ---> 10a43065b08e
2025-08-21 07:17:58,028 - INFO - Step 3/7 : RUN sed -i -e 's/\r$//' /root/setup_env.sh
2025-08-21 07:17:58,028 - INFO - 
2025-08-21 07:17:58,056 - INFO - ---> Running in 3225ec5dc6a7
2025-08-21 07:17:58,472 - INFO - ---> Removed intermediate container 3225ec5dc6a7
2025-08-21 07:17:58,472 - INFO - ---> 97339eea17ee
2025-08-21 07:17:58,472 - INFO - Step 4/7 : RUN chmod +x /root/setup_env.sh
2025-08-21 07:17:58,472 - INFO - 
2025-08-21 07:17:58,513 - INFO - ---> Running in fe4ff296d1cb
2025-08-21 07:17:58,941 - INFO - ---> Removed intermediate container fe4ff296d1cb
2025-08-21 07:17:58,941 - INFO - ---> b50067e4c861
2025-08-21 07:17:58,941 - INFO - Step 5/7 : RUN /bin/bash -c "source ~/.bashrc && /root/setup_env.sh"
2025-08-21 07:17:58,941 - INFO - 
2025-08-21 07:17:58,968 - INFO - ---> Running in 98b6673434a9
2025-08-21 07:17:59,183 - INFO - + source /opt/miniconda3/bin/activate
++ _CONDA_ROOT=/opt/miniconda3
++ . /opt/miniconda3/etc/profile.d/conda.sh
+++ export CONDA_EXE=/opt/miniconda3/bin/conda
+++ CONDA_EXE=/opt/miniconda3/bin/conda
+++ export _CE_M=
+++ _CE_M=
+++ export _CE_CONDA=
+++ _CE_CONDA=
+++ export CONDA_PYTHON_EXE=/opt/miniconda3/bin/python
+++ CONDA_PYTHON_EXE=/opt/miniconda3/bin/python
+++ '[' -z '' ']'
+++ export CONDA_SHLVL=0
+++ CONDA_SHLVL=0
+++ '[' -n '' ']'
2025-08-21 07:17:59,192 - INFO - +++++ dirname /opt/miniconda3/bin/conda
2025-08-21 07:17:59,196 - INFO - ++++ dirname /opt/miniconda3/bin
2025-08-21 07:17:59,197 - INFO - +++ PATH=/opt/miniconda3/condabin:/opt/miniconda3/bin:/usr/local/sbin:/usr/local/bin:/usr/sbin:/usr/bin:/sbin:/bin
+++ export PATH
+++ '[' -z '' ']'
+++ PS1=
++ conda activate
++ local cmd=activate
++ case "$cmd" in
++ __conda_activate activate
++ '[' -n '' ']'
++ local ask_conda
2025-08-21 07:17:59,198 - INFO - +++ PS1=
+++ __conda_exe shell.posix activate
2025-08-21 07:17:59,199 - INFO - +++ /opt/miniconda3/bin/conda shell.posix activate
2025-08-21 07:17:59,334 - INFO - ++ ask_conda='PS1='\''(base) '\''
export PATH='\''/opt/miniconda3/bin:/opt/miniconda3/condabin:/opt/miniconda3/bin:/usr/local/sbin:/usr/local/bin:/usr/sbin:/usr/bin:/sbin:/bin'\''
export CONDA_PREFIX='\''/opt/miniconda3'\''
export CONDA_SHLVL='\''1'\''
export CONDA_DEFAULT_ENV='\''base'\''
export CONDA_PROMPT_MODIFIER='\''(base) '\''
export CONDA_EXE='\''/opt/miniconda3/bin/conda'\''
export _CE_M='\'''\''
export _CE_CONDA='\'''\''
export CONDA_PYTHON_EXE='\''/opt/miniconda3/bin/python'\'''
++ eval 'PS1='\''(base) '\''
export PATH='\''/opt/miniconda3/bin:/opt/miniconda3/condabin:/opt/miniconda3/bin:/usr/local/sbin:/usr/local/bin:/usr/sbin:/usr/bin:/sbin:/bin'\''
export CONDA_PREFIX='\''/opt/miniconda3'\''
export CONDA_SHLVL='\''1'\''
export CONDA_DEFAULT_ENV='\''base'\''
export CONDA_PROMPT_MODIFIER='\''(base) '\''
export CONDA_EXE='\''/opt/miniconda3/bin/conda'\''
export _CE_M='\'''\''
export _CE_CONDA='\'''\''
export CONDA_PYTHON_EXE='\''/opt/miniconda3/bin/python'\'''
+++ PS1='(base) '
+++ export PATH=/opt/miniconda3/bin:/opt/miniconda3/condabin:/opt/miniconda3/bin:/usr/local/sbin:/usr/local/bin:/usr/sbin:/usr/bin:/sbin:/bin
+++ PATH=/opt/miniconda3/bin:/opt/miniconda3/condabin:/opt/miniconda3/bin:/usr/local/sbin:/usr/local/bin:/usr/sbin:/usr/bin:/sbin:/bin
+++ export CONDA_PREFIX=/opt/miniconda3
+++ CONDA_PREFIX=/opt/miniconda3
2025-08-21 07:17:59,334 - INFO - +++ export CONDA_SHLVL=1
+++ CONDA_SHLVL=1
2025-08-21 07:17:59,334 - INFO - +++ export CONDA_DEFAULT_ENV=base
+++ CONDA_DEFAULT_ENV=base
2025-08-21 07:17:59,335 - INFO - +++ export 'CONDA_PROMPT_MODIFIER=(base) '
+++ CONDA_PROMPT_MODIFIER='(base) '
2025-08-21 07:17:59,335 - INFO - +++ export CONDA_EXE=/opt/miniconda3/bin/conda
+++ CONDA_EXE=/opt/miniconda3/bin/conda
2025-08-21 07:17:59,335 - INFO - +++ export _CE_M=
2025-08-21 07:17:59,335 - INFO - +++ _CE_M=
2025-08-21 07:17:59,335 - INFO - +++ export _CE_CONDA=
+++ _CE_CONDA=
+++ export CONDA_PYTHON_EXE=/opt/miniconda3/bin/python
+++ CONDA_PYTHON_EXE=/opt/miniconda3/bin/python
2025-08-21 07:17:59,335 - INFO - ++ __conda_hashr
2025-08-21 07:17:59,335 - INFO - ++ '[' -n '' ']'
2025-08-21 07:17:59,335 - INFO - ++ '[' -n '' ']'
++ hash -r
2025-08-21 07:17:59,335 - INFO - + conda create -n testbed python=3.9 -y
+ local cmd=create
+ case "$cmd" in
+ __conda_exe create -n testbed python=3.9 -y
2025-08-21 07:17:59,335 - INFO - + /opt/miniconda3/bin/conda create -n testbed python=3.9 -y
2025-08-21 07:17:59,869 - INFO - Channels:
 - defaults
 - conda-forge
Platform: linux-64
Collecting package metadata (repodata.json): ...working...
2025-08-21 07:19:01,046 - INFO - done
Solving environment: ...working...
2025-08-21 07:19:02,648 - INFO - done
2025-08-21 07:19:13,289 - INFO - ## Package Plan ##

  environment location: /opt/miniconda3/envs/testbed

  added / updated specs:
    - python=3.9


The following packages will be downloaded:

    package                    |            build
    ---------------------------|-----------------
    bzip2-1.0.8                |       h5eee18b_6         262 KB
    ca-certificates-2025.7.15  |       h06a4308_0         126 KB
    expat-2.7.1                |       h6a678d5_0         182 KB
    ld_impl_linux-64-2.40      |       h12ee557_0         710 KB
    libffi-3.4.4               |       h6a678d5_1         141 KB
    libxcb-1.17.0              |       h9b100fa_0         430 KB
    ncurses-6.5                |       h7934f7d_0         1.1 MB
    openssl-3.0.17             |       h5eee18b_0         5.2 MB
    pip-25.1                   |     pyhc872135_2         1.3 MB
    pthread-stubs-0.3          |       h0ce48e5_1           5 KB
    python-3.9.23              |       he99959a_0        24.7 MB
    readline-8.3               |       hc2a1206_0         471 KB
    setuptools-78.1.1          |   py39h06a4308_0         1.7 MB
    sqlite-3.50.2              |       hb25bd0a_1         1.1 MB
    tk-8.6.15                  |       h54e0aa7_0         3.4 MB
    tzdata-2025b               |       h04d1e81_0         116 KB
    wheel-0.45.1               |   py39h06a4308_0         114 KB
    xorg-libx11-1.8.12         |       h9b100fa_1         895 KB
    xorg-libxau-1.0.12         |       h9b100fa_0          13 KB
    xorg-libxdmcp-1.1.5        |       h9b100fa_0          19 KB
    xorg-xorgproto-2024.1      |       h5eee18b_1         580 KB
    xz-5.6.4                   |       h5eee18b_1         567 KB
    zlib-1.2.13                |       h5eee18b_1         111 KB
    ------------------------------------------------------------
                                           Total:        43.1 MB

The following NEW packages will be INSTALLED:

  _libgcc_mutex      pkgs/main/linux-64::_libgcc_mutex-0.1-main 
  _openmp_mutex      pkgs/main/linux-64::_openmp_mutex-5.1-1_gnu 
  bzip2              pkgs/main/linux-64::bzip2-1.0.8-h5eee18b_6 
  ca-certificates    pkgs/main/linux-64::ca-certificates-2025.7.15-h06a4308_0 
  expat              pkgs/main/linux-64::expat-2.7.1-h6a678d5_0 
  ld_impl_linux-64   pkgs/main/linux-64::ld_impl_linux-64-2.40-h12ee557_0 
  libffi             pkgs/main/linux-64::libffi-3.4.4-h6a678d5_1 
  libgcc-ng          pkgs/main/linux-64::libgcc-ng-11.2.0-h1234567_1 
  libgomp            pkgs/main/linux-64::libgomp-11.2.0-h1234567_1 
  libstdcxx-ng       pkgs/main/linux-64::libstdcxx-ng-11.2.0-h1234567_1 
  libxcb             pkgs/main/linux-64::libxcb-1.17.0-h9b100fa_0 
  ncurses            pkgs/main/linux-64::ncurses-6.5-h7934f7d_0 
  openssl            pkgs/main/linux-64::openssl-3.0.17-h5eee18b_0 
  pip                pkgs/main/noarch::pip-25.1-pyhc872135_2 
  pthread-stubs      pkgs/main/linux-64::pthread-stubs-0.3-h0ce48e5_1 
  python             pkgs/main/linux-64::python-3.9.23-he99959a_0 
  readline           pkgs/main/linux-64::readline-8.3-hc2a1206_0 
  setuptools         pkgs/main/linux-64::setuptools-78.1.1-py39h06a4308_0 
  sqlite             pkgs/main/linux-64::sqlite-3.50.2-hb25bd0a_1 
  tk                 pkgs/main/linux-64::tk-8.6.15-h54e0aa7_0 
  tzdata             pkgs/main/noarch::tzdata-2025b-h04d1e81_0 
  wheel              pkgs/main/linux-64::wheel-0.45.1-py39h06a4308_0 
  xorg-libx11        pkgs/main/linux-64::xorg-libx11-1.8.12-h9b100fa_1 
  xorg-libxau        pkgs/main/linux-64::xorg-libxau-1.0.12-h9b100fa_0 
  xorg-libxdmcp      pkgs/main/linux-64::xorg-libxdmcp-1.1.5-h9b100fa_0 
  xorg-xorgproto     pkgs/main/linux-64::xorg-xorgproto-2024.1-h5eee18b_1 
  xz                 pkgs/main/linux-64::xz-5.6.4-h5eee18b_1 
  zlib               pkgs/main/linux-64::zlib-1.2.13-h5eee18b_1 



Downloading and Extracting Packages: ...working... done
Preparing transaction: ...working...
2025-08-21 07:19:16,045 - INFO - done
Verifying transaction: ...working...
2025-08-21 07:19:18,066 - INFO - done
2025-08-21 07:19:18,067 - INFO - Executing transaction: ...working...
2025-08-21 07:19:27,724 - INFO - done
2025-08-21 07:19:27,759 - INFO - #
# To activate this environment, use
#
#     $ conda activate testbed
#
# To deactivate an active environment, use
#
#     $ conda deactivate
2025-08-21 07:19:28,110 - INFO - + cat
2025-08-21 07:19:28,111 - INFO - + conda activate testbed
+ local cmd=activate
+ case "$cmd" in
+ __conda_activate activate testbed
+ '[' -n '' ']'
+ local ask_conda
2025-08-21 07:19:28,111 - INFO - ++ PS1='(base) '
++ __conda_exe shell.posix activate testbed
2025-08-21 07:19:28,111 - INFO - ++ /opt/miniconda3/bin/conda shell.posix activate testbed
2025-08-21 07:19:28,266 - INFO - + ask_conda='PS1='\''(testbed) '\''
export PATH='\''/opt/miniconda3/envs/testbed/bin:/opt/miniconda3/condabin:/opt/miniconda3/bin:/usr/local/sbin:/usr/local/bin:/usr/sbin:/usr/bin:/sbin:/bin'\''
export CONDA_PREFIX='\''/opt/miniconda3/envs/testbed'\''
export CONDA_SHLVL='\''2'\''
export CONDA_DEFAULT_ENV='\''testbed'\''
export CONDA_PROMPT_MODIFIER='\''(testbed) '\''
export CONDA_PREFIX_1='\''/opt/miniconda3'\''
export CONDA_EXE='\''/opt/miniconda3/bin/conda'\''
export _CE_M='\'''\''
export _CE_CONDA='\'''\''
export CONDA_PYTHON_EXE='\''/opt/miniconda3/bin/python'\'''
+ eval 'PS1='\''(testbed) '\''
export PATH='\''/opt/miniconda3/envs/testbed/bin:/opt/miniconda3/condabin:/opt/miniconda3/bin:/usr/local/sbin:/usr/local/bin:/usr/sbin:/usr/bin:/sbin:/bin'\''
export CONDA_PREFIX='\''/opt/miniconda3/envs/testbed'\''
export CONDA_SHLVL='\''2'\''
export CONDA_DEFAULT_ENV='\''testbed'\''
export CONDA_PROMPT_MODIFIER='\''(testbed) '\''
export CONDA_PREFIX_1='\''/opt/miniconda3'\''
export CONDA_EXE='\''/opt/miniconda3/bin/conda'\''
export _CE_M='\'''\''
export _CE_CONDA='\'''\''
export CONDA_PYTHON_EXE='\''/opt/miniconda3/bin/python'\'''
++ PS1='(testbed) '
++ export PATH=/opt/miniconda3/envs/testbed/bin:/opt/miniconda3/condabin:/opt/miniconda3/bin:/usr/local/sbin:/usr/local/bin:/usr/sbin:/usr/bin:/sbin:/bin
++ PATH=/opt/miniconda3/envs/testbed/bin:/opt/miniconda3/condabin:/opt/miniconda3/bin:/usr/local/sbin:/usr/local/bin:/usr/sbin:/usr/bin:/sbin:/bin
++ export CONDA_PREFIX=/opt/miniconda3/envs/testbed
++ CONDA_PREFIX=/opt/miniconda3/envs/testbed
++ export CONDA_SHLVL=2
++ CONDA_SHLVL=2
++ export CONDA_DEFAULT_ENV=testbed
++ CONDA_DEFAULT_ENV=testbed
++ export 'CONDA_PROMPT_MODIFIER=(testbed) '
++ CONDA_PROMPT_MODIFIER='(testbed) '
++ export CONDA_PREFIX_1=/opt/miniconda3
++ CONDA_PREFIX_1=/opt/miniconda3
++ export CONDA_EXE=/opt/miniconda3/bin/conda
++ CONDA_EXE=/opt/miniconda3/bin/conda
++ export _CE_M=
++ _CE_M=
++ export _CE_CONDA=
++ _CE_CONDA=
++ export CONDA_PYTHON_EXE=/opt/miniconda3/bin/python
++ CONDA_PYTHON_EXE=/opt/miniconda3/bin/python
+ __conda_hashr
+ '[' -n '' ']'
+ '[' -n '' ']'
+ hash -r
+ python -m pip install -r /root/requirements.txt
2025-08-21 07:19:29,597 - INFO - Collecting black==22.6.0 (from -r /root/requirements.txt (line 1))
2025-08-21 07:19:29,778 - INFO - WARNING: Retrying (Retry(total=4, connect=None, read=None, redirect=None, status=None)) after connection broken by 'SSLError(SSLZeroReturnError(6, 'TLS/SSL connection has been closed (EOF) (_ssl.c:1147)'))': /packages/2b/d9/7331e50dad8d5149a9e2285766960ac6b732ae9b3b9796e10916ad88ff61/black-22.6.0-cp39-cp39-manylinux_2_17_x86_64.manylinux2014_x86_64.whl.metadata
2025-08-21 07:19:30,141 - INFO - Downloading black-22.6.0-cp39-cp39-manylinux_2_17_x86_64.manylinux2014_x86_64.whl.metadata (46 kB)
2025-08-21 07:19:30,381 - INFO - Collecting flake8==5.0.4 (from -r /root/requirements.txt (line 2))
2025-08-21 07:19:30,487 - INFO - Downloading flake8-5.0.4-py2.py3-none-any.whl.metadata (4.1 kB)
2025-08-21 07:19:30,612 - INFO - Collecting flake8-typing-imports==1.13.0 (from -r /root/requirements.txt (line 3))
2025-08-21 07:19:30,718 - INFO - Downloading flake8_typing_imports-1.13.0-py2.py3-none-any.whl.metadata (4.8 kB)
2025-08-21 07:19:30,867 - INFO - Collecting isort==5.10.1 (from -r /root/requirements.txt (line 4))
2025-08-21 07:19:30,996 - INFO - Downloading isort-5.10.1-py3-none-any.whl.metadata (12 kB)
2025-08-21 07:19:31,319 - INFO - Collecting mypy==0.971 (from -r /root/requirements.txt (line 5))
2025-08-21 07:19:31,435 - INFO - Downloading mypy-0.971-cp39-cp39-manylinux_2_5_x86_64.manylinux1_x86_64.manylinux_2_12_x86_64.manylinux2010_x86_64.whl.metadata (1.8 kB)
2025-08-21 07:19:31,591 - INFO - Collecting astroid==2.12.13 (from -r /root/requirements.txt (line 6))
2025-08-21 07:19:31,704 - INFO - Downloading astroid-2.12.13-py3-none-any.whl.metadata (4.8 kB)
2025-08-21 07:19:31,833 - INFO - Collecting typing-extensions~=4.4 (from -r /root/requirements.txt (line 7))
2025-08-21 07:19:31,943 - INFO - Downloading typing_extensions-4.14.1-py3-none-any.whl.metadata (3.0 kB)
2025-08-21 07:19:32,065 - INFO - Collecting py~=1.11.0 (from -r /root/requirements.txt (line 8))
2025-08-21 07:19:32,173 - INFO - Downloading py-1.11.0-py2.py3-none-any.whl.metadata (2.8 kB)
2025-08-21 07:19:32,360 - INFO - Collecting pytest~=7.2 (from -r /root/requirements.txt (line 9))
2025-08-21 07:19:32,471 - INFO - Downloading pytest-7.4.4-py3-none-any.whl.metadata (7.9 kB)
2025-08-21 07:19:32,632 - INFO - Collecting pytest-benchmark~=4.0 (from -r /root/requirements.txt (line 10))
2025-08-21 07:19:32,741 - INFO - Downloading pytest_benchmark-4.0.0-py3-none-any.whl.metadata (23 kB)
2025-08-21 07:19:32,892 - INFO - Collecting pytest-timeout~=2.1 (from -r /root/requirements.txt (line 11))
2025-08-21 07:19:33,090 - INFO - Downloading pytest_timeout-2.4.0-py3-none-any.whl.metadata (20 kB)
2025-08-21 07:19:33,458 - INFO - Collecting towncrier~=22.8 (from -r /root/requirements.txt (line 12))
2025-08-21 07:19:33,563 - INFO - Downloading towncrier-22.12.0-py3-none-any.whl.metadata (4.2 kB)
2025-08-21 07:19:33,699 - INFO - Collecting requests (from -r /root/requirements.txt (line 13))
2025-08-21 07:19:33,804 - INFO - Downloading requests-2.32.5-py3-none-any.whl.metadata (4.9 kB)
2025-08-21 07:19:33,928 - INFO - Collecting coveralls~=3.3 (from -r /root/requirements.txt (line 14))
2025-08-21 07:19:34,035 - INFO - Downloading coveralls-3.3.1-py2.py3-none-any.whl.metadata (5.0 kB)
2025-08-21 07:19:34,913 - INFO - Collecting coverage~=6.4 (from -r /root/requirements.txt (line 15))
2025-08-21 07:19:35,025 - INFO - Downloading coverage-6.5.0-cp39-cp39-manylinux_2_5_x86_64.manylinux1_x86_64.manylinux_2_17_x86_64.manylinux2014_x86_64.whl.metadata (8.8 kB)
2025-08-21 07:19:35,391 - INFO - Collecting pre-commit~=2.20 (from -r /root/requirements.txt (line 16))
2025-08-21 07:19:35,655 - INFO - Downloading pre_commit-2.21.0-py2.py3-none-any.whl.metadata (1.6 kB)
2025-08-21 07:19:36,102 - INFO - Collecting tbump~=6.9.0 (from -r /root/requirements.txt (line 17))
2025-08-21 07:19:36,218 - INFO - Downloading tbump-6.9.0-py3-none-any.whl.metadata (9.2 kB)
2025-08-21 07:19:36,716 - INFO - Collecting contributors-txt>=0.9.0 (from -r /root/requirements.txt (line 18))
2025-08-21 07:19:36,991 - INFO - Downloading contributors_txt-1.0.0-py3-none-any.whl.metadata (1.0 kB)
2025-08-21 07:19:37,493 - INFO - Collecting pytest-cov~=3.0 (from -r /root/requirements.txt (line 19))
2025-08-21 07:19:37,805 - INFO - Downloading pytest_cov-3.0.0-py3-none-any.whl.metadata (24 kB)
2025-08-21 07:19:38,149 - INFO - Collecting pytest-profiling~=1.7 (from -r /root/requirements.txt (line 20))
2025-08-21 07:19:38,318 - INFO - Downloading pytest_profiling-1.8.1-py3-none-any.whl.metadata (15 kB)
2025-08-21 07:19:38,860 - INFO - Collecting pytest-xdist~=2.5 (from -r /root/requirements.txt (line 21))
2025-08-21 07:19:39,048 - INFO - Downloading pytest_xdist-2.5.0-py3-none-any.whl.metadata (21 kB)
2025-08-21 07:19:39,175 - INFO - Collecting types-pkg_resources==0.1.3 (from -r /root/requirements.txt (line 22))
2025-08-21 07:19:39,281 - INFO - Downloading types_pkg_resources-0.1.3-py2.py3-none-any.whl.metadata (902 bytes)
2025-08-21 07:19:39,445 - INFO - Collecting tox>=3 (from -r /root/requirements.txt (line 23))
2025-08-21 07:19:39,551 - INFO - Downloading tox-4.28.4-py3-none-any.whl.metadata (3.6 kB)
2025-08-21 07:19:39,678 - INFO - Collecting click>=8.0.0 (from black==22.6.0->-r /root/requirements.txt (line 1))
2025-08-21 07:19:39,781 - INFO - Downloading click-8.1.8-py3-none-any.whl.metadata (2.3 kB)
2025-08-21 07:19:39,907 - INFO - Collecting platformdirs>=2 (from black==22.6.0->-r /root/requirements.txt (line 1))
2025-08-21 07:19:40,014 - INFO - Downloading platformdirs-4.3.8-py3-none-any.whl.metadata (12 kB)
2025-08-21 07:19:40,137 - INFO - Collecting pathspec>=0.9.0 (from black==22.6.0->-r /root/requirements.txt (line 1))
2025-08-21 07:19:40,241 - INFO - Downloading pathspec-0.12.1-py3-none-any.whl.metadata (21 kB)
2025-08-21 07:19:40,381 - INFO - Collecting mypy-extensions>=0.4.3 (from black==22.6.0->-r /root/requirements.txt (line 1))
2025-08-21 07:19:40,487 - INFO - Downloading mypy_extensions-1.1.0-py3-none-any.whl.metadata (1.1 kB)
2025-08-21 07:19:40,604 - INFO - Collecting tomli>=1.1.0 (from black==22.6.0->-r /root/requirements.txt (line 1))
2025-08-21 07:19:40,710 - INFO - Downloading tomli-2.2.1-py3-none-any.whl.metadata (10 kB)
2025-08-21 07:19:40,837 - INFO - Collecting mccabe<0.8.0,>=0.7.0 (from flake8==5.0.4->-r /root/requirements.txt (line 2))
2025-08-21 07:19:40,942 - INFO - Downloading mccabe-0.7.0-py2.py3-none-any.whl.metadata (5.0 kB)
2025-08-21 07:19:41,071 - INFO - Collecting pycodestyle<2.10.0,>=2.9.0 (from flake8==5.0.4->-r /root/requirements.txt (line 2))
2025-08-21 07:19:41,178 - INFO - Downloading pycodestyle-2.9.1-py2.py3-none-any.whl.metadata (31 kB)
2025-08-21 07:19:41,321 - INFO - Collecting pyflakes<2.6.0,>=2.5.0 (from flake8==5.0.4->-r /root/requirements.txt (line 2))
2025-08-21 07:19:41,427 - INFO - Downloading pyflakes-2.5.0-py2.py3-none-any.whl.metadata (3.8 kB)
2025-08-21 07:19:41,579 - INFO - Collecting lazy-object-proxy>=1.4.0 (from astroid==2.12.13->-r /root/requirements.txt (line 6))
2025-08-21 07:19:41,689 - INFO - Downloading lazy_object_proxy-1.11.0-py3-none-any.whl.metadata (8.2 kB)
2025-08-21 07:19:41,957 - INFO - Collecting wrapt<2,>=1.11 (from astroid==2.12.13->-r /root/requirements.txt (line 6))
2025-08-21 07:19:42,062 - INFO - Downloading wrapt-1.17.3-cp39-cp39-manylinux1_x86_64.manylinux_2_28_x86_64.manylinux_2_5_x86_64.whl.metadata (6.4 kB)
2025-08-21 07:19:42,181 - INFO - Collecting iniconfig (from pytest~=7.2->-r /root/requirements.txt (line 9))
2025-08-21 07:19:42,285 - INFO - Downloading iniconfig-2.1.0-py3-none-any.whl.metadata (2.7 kB)
2025-08-21 07:19:42,410 - INFO - Collecting packaging (from pytest~=7.2->-r /root/requirements.txt (line 9))
2025-08-21 07:19:42,514 - INFO - Downloading packaging-25.0-py3-none-any.whl.metadata (3.3 kB)
2025-08-21 07:19:42,633 - INFO - Collecting pluggy<2.0,>=0.12 (from pytest~=7.2->-r /root/requirements.txt (line 9))
2025-08-21 07:19:42,739 - INFO - Downloading pluggy-1.6.0-py3-none-any.whl.metadata (4.8 kB)
2025-08-21 07:19:42,863 - INFO - Collecting exceptiongroup>=1.0.0rc8 (from pytest~=7.2->-r /root/requirements.txt (line 9))
2025-08-21 07:19:42,969 - INFO - Downloading exceptiongroup-1.3.0-py3-none-any.whl.metadata (6.7 kB)
2025-08-21 07:19:43,100 - INFO - Collecting py-cpuinfo (from pytest-benchmark~=4.0->-r /root/requirements.txt (line 10))
2025-08-21 07:19:43,204 - INFO - Downloading py_cpuinfo-9.0.0-py3-none-any.whl.metadata (794 bytes)
2025-08-21 07:19:43,345 - INFO - Collecting click-default-group (from towncrier~=22.8->-r /root/requirements.txt (line 12))
2025-08-21 07:19:43,450 - INFO - Downloading click_default_group-1.2.4-py2.py3-none-any.whl.metadata (2.8 kB)
2025-08-21 07:19:43,569 - INFO - Collecting incremental (from towncrier~=22.8->-r /root/requirements.txt (line 12))
2025-08-21 07:19:43,674 - INFO - Downloading incremental-24.7.2-py3-none-any.whl.metadata (8.1 kB)
2025-08-21 07:19:43,798 - INFO - Collecting jinja2 (from towncrier~=22.8->-r /root/requirements.txt (line 12))
2025-08-21 07:19:43,906 - INFO - Downloading jinja2-3.1.6-py3-none-any.whl.metadata (2.9 kB)
2025-08-21 07:19:43,936 - INFO - Requirement already satisfied: setuptools in /opt/miniconda3/envs/testbed/lib/python3.9/site-packages (from towncrier~=22.8->-r /root/requirements.txt (line 12)) (78.1.1)
2025-08-21 07:19:44,075 - INFO - Collecting docopt>=0.6.1 (from coveralls~=3.3->-r /root/requirements.txt (line 14))
2025-08-21 07:19:44,184 - INFO - Downloading docopt-0.6.2.tar.gz (25 kB)
2025-08-21 07:19:44,224 - INFO - Preparing metadata (setup.py): started
2025-08-21 07:19:44,381 - INFO - Preparing metadata (setup.py): finished with status 'done'
2025-08-21 07:19:44,768 - INFO - Collecting cfgv>=2.0.0 (from pre-commit~=2.20->-r /root/requirements.txt (line 16))
2025-08-21 07:19:45,084 - INFO - Downloading cfgv-3.4.0-py2.py3-none-any.whl.metadata (8.5 kB)
2025-08-21 07:19:45,420 - INFO - Collecting identify>=1.0.0 (from pre-commit~=2.20->-r /root/requirements.txt (line 16))
2025-08-21 07:19:45,567 - INFO - Downloading identify-2.6.13-py2.py3-none-any.whl.metadata (4.4 kB)
2025-08-21 07:19:45,836 - INFO - Collecting nodeenv>=0.11.1 (from pre-commit~=2.20->-r /root/requirements.txt (line 16))
2025-08-21 07:19:46,394 - INFO - Downloading nodeenv-1.9.1-py2.py3-none-any.whl.metadata (21 kB)
2025-08-21 07:19:47,261 - INFO - Collecting pyyaml>=5.1 (from pre-commit~=2.20->-r /root/requirements.txt (line 16))
2025-08-21 07:19:47,487 - INFO - Downloading PyYAML-6.0.2-cp39-cp39-manylinux_2_17_x86_64.manylinux2014_x86_64.whl.metadata (2.1 kB)
2025-08-21 07:19:48,693 - INFO - Collecting virtualenv>=20.10.0 (from pre-commit~=2.20->-r /root/requirements.txt (line 16))
2025-08-21 07:19:48,799 - INFO - Downloading virtualenv-20.34.0-py3-none-any.whl.metadata (4.6 kB)
2025-08-21 07:19:48,974 - INFO - Collecting cli-ui>=0.10.3 (from tbump~=6.9.0->-r /root/requirements.txt (line 17))
2025-08-21 07:19:49,116 - INFO - Downloading cli_ui-0.19.0-py3-none-any.whl.metadata (3.3 kB)
2025-08-21 07:19:49,252 - INFO - Collecting schema<0.8.0,>=0.7.1 (from tbump~=6.9.0->-r /root/requirements.txt (line 17))
2025-08-21 07:19:49,375 - INFO - Downloading schema-0.7.7-py2.py3-none-any.whl.metadata (34 kB)
2025-08-21 07:19:49,518 - INFO - Collecting tomlkit>=0.5.8 (from tbump~=6.9.0->-r /root/requirements.txt (line 17))
2025-08-21 07:19:49,624 - INFO - Downloading tomlkit-0.13.3-py3-none-any.whl.metadata (2.8 kB)
2025-08-21 07:19:49,785 - INFO - Collecting six (from pytest-profiling~=1.7->-r /root/requirements.txt (line 20))
2025-08-21 07:19:49,888 - INFO - Downloading six-1.17.0-py2.py3-none-any.whl.metadata (1.7 kB)
2025-08-21 07:19:50,012 - INFO - Collecting gprof2dot (from pytest-profiling~=1.7->-r /root/requirements.txt (line 20))
2025-08-21 07:19:50,119 - INFO - Downloading gprof2dot-2025.4.14-py3-none-any.whl.metadata (19 kB)
2025-08-21 07:19:50,248 - INFO - Collecting execnet>=1.1 (from pytest-xdist~=2.5->-r /root/requirements.txt (line 21))
2025-08-21 07:19:50,352 - INFO - Downloading execnet-2.1.1-py3-none-any.whl.metadata (2.9 kB)
2025-08-21 07:19:50,486 - INFO - Collecting pytest-forked (from pytest-xdist~=2.5->-r /root/requirements.txt (line 21))
2025-08-21 07:19:50,591 - INFO - Downloading pytest_forked-1.6.0-py3-none-any.whl.metadata (3.5 kB)
2025-08-21 07:19:50,806 - INFO - Collecting charset_normalizer<4,>=2 (from requests->-r /root/requirements.txt (line 13))
2025-08-21 07:19:50,913 - INFO - Downloading charset_normalizer-3.4.3-cp39-cp39-manylinux2014_x86_64.manylinux_2_17_x86_64.manylinux_2_28_x86_64.whl.metadata (36 kB)
2025-08-21 07:19:51,215 - INFO - Collecting idna<4,>=2.5 (from requests->-r /root/requirements.txt (line 13))
2025-08-21 07:19:51,321 - INFO - Downloading idna-3.10-py3-none-any.whl.metadata (10 kB)
2025-08-21 07:19:51,458 - INFO - Collecting urllib3<3,>=1.21.1 (from requests->-r /root/requirements.txt (line 13))
2025-08-21 07:19:51,563 - INFO - Downloading urllib3-2.5.0-py3-none-any.whl.metadata (6.5 kB)
2025-08-21 07:19:51,689 - INFO - Collecting certifi>=2017.4.17 (from requests->-r /root/requirements.txt (line 13))
2025-08-21 07:19:51,794 - INFO - Downloading certifi-2025.8.3-py3-none-any.whl.metadata (2.4 kB)
2025-08-21 07:19:51,925 - INFO - Collecting cachetools>=6.1 (from tox>=3->-r /root/requirements.txt (line 23))
2025-08-21 07:19:52,031 - INFO - Downloading cachetools-6.1.0-py3-none-any.whl.metadata (5.4 kB)
2025-08-21 07:19:52,150 - INFO - Collecting chardet>=5.2 (from tox>=3->-r /root/requirements.txt (line 23))
2025-08-21 07:19:52,253 - INFO - Downloading chardet-5.2.0-py3-none-any.whl.metadata (3.4 kB)
2025-08-21 07:19:52,377 - INFO - Collecting colorama>=0.4.6 (from tox>=3->-r /root/requirements.txt (line 23))
2025-08-21 07:19:52,486 - INFO - Downloading colorama-0.4.6-py2.py3-none-any.whl.metadata (17 kB)
2025-08-21 07:19:52,614 - INFO - Collecting filelock>=3.18 (from tox>=3->-r /root/requirements.txt (line 23))
2025-08-21 07:19:52,719 - INFO - Downloading filelock-3.19.1-py3-none-any.whl.metadata (2.1 kB)
2025-08-21 07:19:52,858 - INFO - Collecting pyproject-api>=1.9.1 (from tox>=3->-r /root/requirements.txt (line 23))
2025-08-21 07:19:52,964 - INFO - Downloading pyproject_api-1.9.1-py3-none-any.whl.metadata (2.7 kB)
2025-08-21 07:19:53,147 - INFO - Collecting tabulate<0.10.0,>=0.9.0 (from cli-ui>=0.10.3->tbump~=6.9.0->-r /root/requirements.txt (line 17))
2025-08-21 07:19:53,253 - INFO - Downloading tabulate-0.9.0-py3-none-any.whl.metadata (34 kB)
2025-08-21 07:19:53,384 - INFO - Collecting unidecode<2.0.0,>=1.3.6 (from cli-ui>=0.10.3->tbump~=6.9.0->-r /root/requirements.txt (line 17))
2025-08-21 07:19:53,490 - INFO - Downloading Unidecode-1.4.0-py3-none-any.whl.metadata (13 kB)
2025-08-21 07:19:53,659 - INFO - Collecting distlib<1,>=0.3.7 (from virtualenv>=20.10.0->pre-commit~=2.20->-r /root/requirements.txt (line 16))
2025-08-21 07:19:53,765 - INFO - Downloading distlib-0.4.0-py2.py3-none-any.whl.metadata (5.2 kB)
2025-08-21 07:19:53,977 - INFO - Collecting MarkupSafe>=2.0 (from jinja2->towncrier~=22.8->-r /root/requirements.txt (line 12))
2025-08-21 07:19:54,084 - INFO - Downloading MarkupSafe-3.0.2-cp39-cp39-manylinux_2_17_x86_64.manylinux2014_x86_64.whl.metadata (4.0 kB)
2025-08-21 07:19:54,135 - INFO - WARNING: The candidate selected for download or install is a yanked version: 'types-pkg-resources' candidate (version 0.1.3 at https://files.pythonhosted.org/packages/e9/97/a24ffd614ac2962dabbd599afbed00adf6464604a53b96b5f48301518a5f/types_pkg_resources-0.1.3-py2.py3-none-any.whl (from https://pypi.org/simple/types-pkg-resources/))
Reason for being yanked: Use types-setuptools instead
2025-08-21 07:19:54,239 - INFO - Downloading black-22.6.0-cp39-cp39-manylinux_2_17_x86_64.manylinux2014_x86_64.whl (1.5 MB)
2025-08-21 07:19:54,510 - INFO - ━━━━━━━━━━━━━━━━━━━━━━━━━━━━━━━━━━━━━━━━ 1.5/1.5 MB 7.3 MB/s eta 0:00:00
2025-08-21 07:19:54,510 - INFO - 
2025-08-21 07:19:54,614 - INFO - Downloading flake8-5.0.4-py2.py3-none-any.whl (61 kB)
2025-08-21 07:19:54,735 - INFO - Downloading flake8_typing_imports-1.13.0-py2.py3-none-any.whl (8.0 kB)
2025-08-21 07:19:54,846 - INFO - Downloading isort-5.10.1-py3-none-any.whl (103 kB)
2025-08-21 07:19:54,960 - INFO - Downloading mypy-0.971-cp39-cp39-manylinux_2_5_x86_64.manylinux1_x86_64.manylinux_2_12_x86_64.manylinux2010_x86_64.whl (17.6 MB)
2025-08-21 07:19:57,890 - INFO - ━━━━━━━━━━━━━━━━━━━━━━━━━━━━━━━━━━━━━━━━ 17.6/17.6 MB 5.9 MB/s eta 0:00:00
2025-08-21 07:19:57,890 - INFO - 
2025-08-21 07:19:57,995 - INFO - Downloading astroid-2.12.13-py3-none-any.whl (264 kB)
2025-08-21 07:19:58,175 - INFO - Downloading types_pkg_resources-0.1.3-py2.py3-none-any.whl (4.8 kB)
2025-08-21 07:19:58,284 - INFO - Downloading typing_extensions-4.14.1-py3-none-any.whl (43 kB)
2025-08-21 07:19:58,403 - INFO - Downloading py-1.11.0-py2.py3-none-any.whl (98 kB)
2025-08-21 07:19:58,536 - INFO - Downloading pytest-7.4.4-py3-none-any.whl (325 kB)
2025-08-21 07:19:58,708 - INFO - Downloading pytest_benchmark-4.0.0-py3-none-any.whl (43 kB)
2025-08-21 07:19:58,830 - INFO - Downloading pytest_timeout-2.4.0-py3-none-any.whl (14 kB)
2025-08-21 07:19:58,940 - INFO - Downloading towncrier-22.12.0-py3-none-any.whl (42 kB)
2025-08-21 07:19:59,071 - INFO - Downloading coveralls-3.3.1-py2.py3-none-any.whl (14 kB)
2025-08-21 07:19:59,229 - INFO - Downloading coverage-6.5.0-cp39-cp39-manylinux_2_5_x86_64.manylinux1_x86_64.manylinux_2_17_x86_64.manylinux2014_x86_64.whl (212 kB)
2025-08-21 07:19:59,517 - INFO - Downloading pre_commit-2.21.0-py2.py3-none-any.whl (201 kB)
2025-08-21 07:19:59,674 - INFO - Downloading tbump-6.9.0-py3-none-any.whl (33 kB)
2025-08-21 07:19:59,789 - INFO - Downloading pytest_cov-3.0.0-py3-none-any.whl (20 kB)
2025-08-21 07:19:59,900 - INFO - Downloading pytest_profiling-1.8.1-py3-none-any.whl (9.9 kB)
2025-08-21 07:20:00,014 - INFO - Downloading pytest_xdist-2.5.0-py3-none-any.whl (41 kB)
2025-08-21 07:20:00,126 - INFO - Downloading mccabe-0.7.0-py2.py3-none-any.whl (7.3 kB)
2025-08-21 07:20:00,236 - INFO - Downloading pluggy-1.6.0-py3-none-any.whl (20 kB)
2025-08-21 07:20:00,348 - INFO - Downloading pycodestyle-2.9.1-py2.py3-none-any.whl (41 kB)
2025-08-21 07:20:00,462 - INFO - Downloading pyflakes-2.5.0-py2.py3-none-any.whl (66 kB)
2025-08-21 07:20:00,584 - INFO - Downloading schema-0.7.7-py2.py3-none-any.whl (18 kB)
2025-08-21 07:20:00,694 - INFO - Downloading wrapt-1.17.3-cp39-cp39-manylinux1_x86_64.manylinux_2_28_x86_64.manylinux_2_5_x86_64.whl (81 kB)
2025-08-21 07:20:00,822 - INFO - Downloading requests-2.32.5-py3-none-any.whl (64 kB)
2025-08-21 07:20:00,945 - INFO - Downloading charset_normalizer-3.4.3-cp39-cp39-manylinux2014_x86_64.manylinux_2_17_x86_64.manylinux_2_28_x86_64.whl (152 kB)
2025-08-21 07:20:01,084 - INFO - Downloading idna-3.10-py3-none-any.whl (70 kB)
2025-08-21 07:20:01,216 - INFO - Downloading urllib3-2.5.0-py3-none-any.whl (129 kB)
2025-08-21 07:20:01,361 - INFO - Downloading contributors_txt-1.0.0-py3-none-any.whl (11 kB)
2025-08-21 07:20:01,483 - INFO - Downloading tox-4.28.4-py3-none-any.whl (174 kB)
2025-08-21 07:20:01,623 - INFO - Downloading cachetools-6.1.0-py3-none-any.whl (11 kB)
2025-08-21 07:20:01,737 - INFO - Downloading certifi-2025.8.3-py3-none-any.whl (161 kB)
2025-08-21 07:20:01,877 - INFO - Downloading cfgv-3.4.0-py2.py3-none-any.whl (7.2 kB)
2025-08-21 07:20:01,988 - INFO - Downloading chardet-5.2.0-py3-none-any.whl (199 kB)
2025-08-21 07:20:02,134 - INFO - Downloading cli_ui-0.19.0-py3-none-any.whl (13 kB)
2025-08-21 07:20:02,246 - INFO - Downloading colorama-0.4.6-py2.py3-none-any.whl (25 kB)
2025-08-21 07:20:02,359 - INFO - Downloading tabulate-0.9.0-py3-none-any.whl (35 kB)
2025-08-21 07:20:02,480 - INFO - Downloading Unidecode-1.4.0-py3-none-any.whl (235 kB)
2025-08-21 07:20:02,639 - INFO - Downloading click-8.1.8-py3-none-any.whl (98 kB)
2025-08-21 07:20:02,783 - INFO - Downloading exceptiongroup-1.3.0-py3-none-any.whl (16 kB)
2025-08-21 07:20:02,894 - INFO - Downloading execnet-2.1.1-py3-none-any.whl (40 kB)
2025-08-21 07:20:03,007 - INFO - Downloading filelock-3.19.1-py3-none-any.whl (15 kB)
2025-08-21 07:20:03,119 - INFO - Downloading identify-2.6.13-py2.py3-none-any.whl (99 kB)
2025-08-21 07:20:03,243 - INFO - Downloading lazy_object_proxy-1.11.0-py3-none-any.whl (16 kB)
2025-08-21 07:20:03,352 - INFO - Downloading mypy_extensions-1.1.0-py3-none-any.whl (5.0 kB)
2025-08-21 07:20:03,462 - INFO - Downloading nodeenv-1.9.1-py2.py3-none-any.whl (22 kB)
2025-08-21 07:20:03,575 - INFO - Downloading packaging-25.0-py3-none-any.whl (66 kB)
2025-08-21 07:20:03,707 - INFO - Downloading pathspec-0.12.1-py3-none-any.whl (31 kB)
2025-08-21 07:20:03,827 - INFO - Downloading platformdirs-4.3.8-py3-none-any.whl (18 kB)
2025-08-21 07:20:03,941 - INFO - Downloading pyproject_api-1.9.1-py3-none-any.whl (13 kB)
2025-08-21 07:20:04,050 - INFO - Downloading PyYAML-6.0.2-cp39-cp39-manylinux_2_17_x86_64.manylinux2014_x86_64.whl (737 kB)
2025-08-21 07:20:04,185 - INFO - ━━━━━━━━━━━━━━━━━━━━━━━━━━━━━━━━━━━━━━━━ 737.4/737.4 kB 5.4 MB/s eta 0:00:00
2025-08-21 07:20:04,185 - INFO - 
2025-08-21 07:20:04,289 - INFO - Downloading tomli-2.2.1-py3-none-any.whl (14 kB)
2025-08-21 07:20:04,403 - INFO - Downloading tomlkit-0.13.3-py3-none-any.whl (38 kB)
2025-08-21 07:20:04,519 - INFO - Downloading virtualenv-20.34.0-py3-none-any.whl (6.0 MB)
2025-08-21 07:20:05,178 - INFO - ━━━━━━━━━━━━━━━━━━━━━━━━━━━━━━━━━━━━━━━━ 6.0/6.0 MB 9.2 MB/s eta 0:00:00
2025-08-21 07:20:05,287 - INFO - Downloading distlib-0.4.0-py2.py3-none-any.whl (469 kB)
2025-08-21 07:20:05,449 - INFO - Downloading click_default_group-1.2.4-py2.py3-none-any.whl (4.1 kB)
2025-08-21 07:20:05,561 - INFO - Downloading gprof2dot-2025.4.14-py3-none-any.whl (37 kB)
2025-08-21 07:20:05,673 - INFO - Downloading incremental-24.7.2-py3-none-any.whl (20 kB)
2025-08-21 07:20:05,785 - INFO - Downloading iniconfig-2.1.0-py3-none-any.whl (6.0 kB)
2025-08-21 07:20:05,902 - INFO - Downloading jinja2-3.1.6-py3-none-any.whl (134 kB)
2025-08-21 07:20:06,024 - INFO - Downloading MarkupSafe-3.0.2-cp39-cp39-manylinux_2_17_x86_64.manylinux2014_x86_64.whl (20 kB)
2025-08-21 07:20:06,142 - INFO - Downloading py_cpuinfo-9.0.0-py3-none-any.whl (22 kB)
2025-08-21 07:20:06,253 - INFO - Downloading pytest_forked-1.6.0-py3-none-any.whl (4.9 kB)
2025-08-21 07:20:06,362 - INFO - Downloading six-1.17.0-py2.py3-none-any.whl (11 kB)
2025-08-21 07:20:06,484 - INFO - Building wheels for collected packages: docopt
2025-08-21 07:20:06,485 - INFO - DEPRECATION: Building 'docopt' using the legacy setup.py bdist_wheel mechanism, which will be removed in a future version. pip 25.3 will enforce this behaviour change. A possible replacement is to use the standardized build interface by setting the `--use-pep517` option, (possibly combined with `--no-build-isolation`), or adding a `pyproject.toml` file to the source tree of 'docopt'. Discussion can be found at https://github.com/pypa/pip/issues/6334
2025-08-21 07:20:06,486 - INFO - Building wheel for docopt (setup.py): started
2025-08-21 07:20:06,668 - INFO - Building wheel for docopt (setup.py): finished with status 'done'
2025-08-21 07:20:06,669 - INFO - Created wheel for docopt: filename=docopt-0.6.2-py2.py3-none-any.whl size=13782 sha256=477af11c750bff58389b038f9ed90fa87344bb283f03b0b3f800ac7341cceb4b
2025-08-21 07:20:06,669 - INFO - Stored in directory: /root/.cache/pip/wheels/70/4a/46/1309fc853b8d395e60bafaf1b6df7845bdd82c95fd59dd8d2b
2025-08-21 07:20:06,672 - INFO - Successfully built docopt
2025-08-21 07:20:06,778 - INFO - Installing collected packages: types-pkg_resources, schema, py-cpuinfo, docopt, distlib, contributors-txt, wrapt, urllib3, unidecode, typing-extensions, tomlkit, tomli, tabulate, six, pyyaml, pyflakes, pycodestyle, py, pluggy, platformdirs, pathspec, packaging, nodeenv, mypy-extensions, mccabe, MarkupSafe, lazy-object-proxy, isort, iniconfig, idna, identify, gprof2dot, filelock, execnet, coverage, colorama, click, charset_normalizer, chardet, cfgv, certifi, cachetools, virtualenv, requests, pyproject-api, mypy, jinja2, incremental, flake8, exceptiongroup, click-default-group, cli-ui, black, astroid, tox, towncrier, tbump, pytest, pre-commit, flake8-typing-imports, coveralls, pytest-timeout, pytest-profiling, pytest-forked, pytest-cov, pytest-benchmark, pytest-xdist
2025-08-21 07:20:10,796 - INFO - 
2025-08-21 07:20:10,808 - INFO - Successfully installed MarkupSafe-3.0.2 astroid-2.12.13 black-22.6.0 cachetools-6.1.0 certifi-2025.8.3 cfgv-3.4.0 chardet-5.2.0 charset_normalizer-3.4.3 cli-ui-0.19.0 click-8.1.8 click-default-group-1.2.4 colorama-0.4.6 contributors-txt-1.0.0 coverage-6.5.0 coveralls-3.3.1 distlib-0.4.0 docopt-0.6.2 exceptiongroup-1.3.0 execnet-2.1.1 filelock-3.19.1 flake8-5.0.4 flake8-typing-imports-1.13.0 gprof2dot-2025.4.14 identify-2.6.13 idna-3.10 incremental-24.7.2 iniconfig-2.1.0 isort-5.10.1 jinja2-3.1.6 lazy-object-proxy-1.11.0 mccabe-0.7.0 mypy-0.971 mypy-extensions-1.1.0 nodeenv-1.9.1 packaging-25.0 pathspec-0.12.1 platformdirs-4.3.8 pluggy-1.6.0 pre-commit-2.21.0 py-1.11.0 py-cpuinfo-9.0.0 pycodestyle-2.9.1 pyflakes-2.5.0 pyproject-api-1.9.1 pytest-7.4.4 pytest-benchmark-4.0.0 pytest-cov-3.0.0 pytest-forked-1.6.0 pytest-profiling-1.8.1 pytest-timeout-2.4.0 pytest-xdist-2.5.0 pyyaml-6.0.2 requests-2.32.5 schema-0.7.7 six-1.17.0 tabulate-0.9.0 tbump-6.9.0 tomli-2.2.1 tomlkit-0.13.3 towncrier-22.12.0 tox-4.28.4 types-pkg_resources-0.1.3 typing-extensions-4.14.1 unidecode-1.4.0 urllib3-2.5.0 virtualenv-20.34.0 wrapt-1.17.3
2025-08-21 07:20:10,808 - INFO - WARNING: Running pip as the 'root' user can result in broken permissions and conflicting behaviour with the system package manager, possibly rendering your system unusable. It is recommended to use a virtual environment instead: https://pip.pypa.io/warnings/venv. Use the --root-user-action option if you know what you are doing and want to suppress this warning.
2025-08-21 07:20:11,650 - INFO - + rm /root/requirements.txt
2025-08-21 07:20:11,651 - INFO - + conda activate testbed
+ local cmd=activate
+ case "$cmd" in
+ __conda_activate activate testbed
+ '[' -n '' ']'
+ local ask_conda
2025-08-21 07:20:11,652 - INFO - ++ PS1='(testbed) '
++ __conda_exe shell.posix activate testbed
2025-08-21 07:20:11,652 - INFO - ++ /opt/miniconda3/bin/conda shell.posix activate testbed
2025-08-21 07:20:11,748 - INFO - + ask_conda='PS1='\''(testbed) '\''
export PATH='\''/opt/miniconda3/envs/testbed/bin:/opt/miniconda3/condabin:/opt/miniconda3/bin:/usr/local/sbin:/usr/local/bin:/usr/sbin:/usr/bin:/sbin:/bin'\''
export CONDA_SHLVL='\''2'\''
export CONDA_PROMPT_MODIFIER='\''(testbed) '\'''
+ eval 'PS1='\''(testbed) '\''
export PATH='\''/opt/miniconda3/envs/testbed/bin:/opt/miniconda3/condabin:/opt/miniconda3/bin:/usr/local/sbin:/usr/local/bin:/usr/sbin:/usr/bin:/sbin:/bin'\''
export CONDA_SHLVL='\''2'\''
export CONDA_PROMPT_MODIFIER='\''(testbed) '\'''
++ PS1='(testbed) '
++ export PATH=/opt/miniconda3/envs/testbed/bin:/opt/miniconda3/condabin:/opt/miniconda3/bin:/usr/local/sbin:/usr/local/bin:/usr/sbin:/usr/bin:/sbin:/bin
++ PATH=/opt/miniconda3/envs/testbed/bin:/opt/miniconda3/condabin:/opt/miniconda3/bin:/usr/local/sbin:/usr/local/bin:/usr/sbin:/usr/bin:/sbin:/bin
++ export CONDA_SHLVL=2
++ CONDA_SHLVL=2
++ export 'CONDA_PROMPT_MODIFIER=(testbed) '
++ CONDA_PROMPT_MODIFIER='(testbed) '
+ __conda_hashr
+ '[' -n '' ']'
+ '[' -n '' ']'
+ hash -r
2025-08-21 07:21:03,843 - INFO - ---> Removed intermediate container 98b6673434a9
2025-08-21 07:21:03,843 - INFO - ---> fd85684d48d4
2025-08-21 07:21:03,843 - INFO - Step 6/7 : WORKDIR /testbed/
2025-08-21 07:21:03,843 - INFO - 
2025-08-21 07:21:04,197 - INFO - ---> Running in d6b83fb179a4
2025-08-21 07:21:04,232 - INFO - ---> Removed intermediate container d6b83fb179a4
2025-08-21 07:21:04,232 - INFO - ---> e81dd2c74b98
2025-08-21 07:21:04,232 - INFO - Step 7/7 : RUN echo "source /opt/miniconda3/etc/profile.d/conda.sh && conda activate testbed" > /root/.bashrc
2025-08-21 07:21:04,232 - INFO - 
2025-08-21 07:21:04,336 - INFO - ---> Running in a7cef135fe73
2025-08-21 07:21:04,758 - INFO - ---> Removed intermediate container a7cef135fe73
2025-08-21 07:21:04,758 - INFO - ---> 1fe687071aa1
2025-08-21 07:21:04,758 - INFO - Successfully built 1fe687071aa1
2025-08-21 07:21:04,771 - INFO - Successfully tagged sweb.env.x86_64.0c609b65ef40b42410cb20:latest
2025-08-21 07:21:04,771 - INFO - Image built successfully!
