2025-08-21 05:25:32,698 - INFO - Building image sweb.env.x86_64.a33dddf55cdff5d8e23374:latest
Using dockerfile:
FROM --platform=linux/x86_64 sweb.base.x86_64:latest

COPY ./setup_env.sh /root/
RUN sed -i -e 's/\r$//' /root/setup_env.sh
RUN chmod +x /root/setup_env.sh
RUN /bin/bash -c "source ~/.bashrc && /root/setup_env.sh"

WORKDIR /testbed/

# Automatically activate the testbed environment
RUN echo "source /opt/miniconda3/etc/profile.d/conda.sh && conda activate testbed" > /root/.bashrc

Adding (1) setup scripts to image build repo
2025-08-21 05:25:32,698 - INFO - [SETUP SCRIPT] setup_env.sh:
#!/bin/bash
set -euxo pipefail
source /opt/miniconda3/bin/activate
conda create -n testbed python=3.9 -y
cat <<'EOF_59812759871' > $HOME/requirements.txt
aiosmtpd
asgiref >= 3.6.0
argon2-cffi >= 19.2.0
backports.zoneinfo; python_version < '3.9'
bcrypt
black
docutils
geoip2; python_version < '3.12'
jinja2 >= 2.11.0
numpy; python_version < '3.12'
Pillow >= 6.2.1; sys.platform != 'win32' or python_version < '3.12'
pylibmc; sys.platform != 'win32'
pymemcache >= 3.4.0
pytz
pywatchman; sys.platform != 'win32'
PyYAML
redis >= 3.4.0
selenium
sqlparse >= 0.3.1
tblib >= 1.5.0
tzdata
colorama; sys.platform == 'win32'

EOF_59812759871
conda activate testbed && python -m pip install -r $HOME/requirements.txt
rm $HOME/requirements.txt
conda activate testbed

2025-08-21 05:25:32,699 - INFO - Building docker image sweb.env.x86_64.a33dddf55cdff5d8e23374:latest in logs/build_images/env/sweb.env.x86_64.a33dddf55cdff5d8e23374__latest with platform linux/x86_64
2025-08-21 05:25:32,703 - INFO - Step 1/7 : FROM --platform=linux/x86_64 sweb.base.x86_64:latest
2025-08-21 05:25:32,703 - INFO - 
2025-08-21 05:25:32,703 - INFO - ---> 5cca6898c8d9
2025-08-21 05:25:32,703 - INFO - Step 2/7 : COPY ./setup_env.sh /root/
2025-08-21 05:25:32,703 - INFO - 
2025-08-21 05:25:32,863 - INFO - ---> 43d87050fc63
2025-08-21 05:25:32,863 - INFO - Step 3/7 : RUN sed -i -e 's/\r$//' /root/setup_env.sh
2025-08-21 05:25:32,863 - INFO - 
2025-08-21 05:25:32,909 - INFO - ---> Running in 10c20908ada6
2025-08-21 05:25:34,104 - INFO - ---> Removed intermediate container 10c20908ada6
2025-08-21 05:25:34,104 - INFO - ---> f4010aa2d4f0
2025-08-21 05:25:34,104 - INFO - Step 4/7 : RUN chmod +x /root/setup_env.sh
2025-08-21 05:25:34,104 - INFO - 
2025-08-21 05:25:34,202 - INFO - ---> Running in 22fcc288ea01
2025-08-21 05:25:34,868 - INFO - ---> Removed intermediate container 22fcc288ea01
2025-08-21 05:25:34,869 - INFO - ---> de3117f47b61
2025-08-21 05:25:34,869 - INFO - Step 5/7 : RUN /bin/bash -c "source ~/.bashrc && /root/setup_env.sh"
2025-08-21 05:25:34,869 - INFO - 
2025-08-21 05:25:34,923 - INFO - ---> Running in 1d4896e9781e
2025-08-21 05:25:35,250 - INFO - + source /opt/miniconda3/bin/activate
++ _CONDA_ROOT=/opt/miniconda3
++ . /opt/miniconda3/etc/profile.d/conda.sh
2025-08-21 05:25:35,250 - INFO - +++ export CONDA_EXE=/opt/miniconda3/bin/conda
+++ CONDA_EXE=/opt/miniconda3/bin/conda
+++ export _CE_M=
+++ _CE_M=
+++ export _CE_CONDA=
+++ _CE_CONDA=
+++ export CONDA_PYTHON_EXE=/opt/miniconda3/bin/python
+++ CONDA_PYTHON_EXE=/opt/miniconda3/bin/python
2025-08-21 05:25:35,250 - INFO - +++ '[' -z '' ']'
+++ export CONDA_SHLVL=0
+++ CONDA_SHLVL=0
2025-08-21 05:25:35,250 - INFO - +++ '[' -n '' ']'
2025-08-21 05:25:35,250 - INFO - +++++ dirname /opt/miniconda3/bin/conda
2025-08-21 05:25:35,265 - INFO - ++++ dirname /opt/miniconda3/bin
2025-08-21 05:25:35,268 - INFO - +++ PATH=/opt/miniconda3/condabin:/opt/miniconda3/bin:/usr/local/sbin:/usr/local/bin:/usr/sbin:/usr/bin:/sbin:/bin
+++ export PATH
+++ '[' -z '' ']'
+++ PS1=
++ conda activate
++ local cmd=activate
++ case "$cmd" in
++ __conda_activate activate
2025-08-21 05:25:35,268 - INFO - ++ '[' -n '' ']'
++ local ask_conda
2025-08-21 05:25:35,268 - INFO - +++ PS1=
+++ __conda_exe shell.posix activate
2025-08-21 05:25:35,268 - INFO - +++ /opt/miniconda3/bin/conda shell.posix activate
2025-08-21 05:25:35,373 - INFO - ++ ask_conda='PS1='\''(base) '\''
export PATH='\''/opt/miniconda3/bin:/opt/miniconda3/condabin:/opt/miniconda3/bin:/usr/local/sbin:/usr/local/bin:/usr/sbin:/usr/bin:/sbin:/bin'\''
export CONDA_PREFIX='\''/opt/miniconda3'\''
export CONDA_SHLVL='\''1'\''
export CONDA_DEFAULT_ENV='\''base'\''
export CONDA_PROMPT_MODIFIER='\''(base) '\''
export CONDA_EXE='\''/opt/miniconda3/bin/conda'\''
export _CE_M='\'''\''
export _CE_CONDA='\'''\''
export CONDA_PYTHON_EXE='\''/opt/miniconda3/bin/python'\'''
++ eval 'PS1='\''(base) '\''
export PATH='\''/opt/miniconda3/bin:/opt/miniconda3/condabin:/opt/miniconda3/bin:/usr/local/sbin:/usr/local/bin:/usr/sbin:/usr/bin:/sbin:/bin'\''
export CONDA_PREFIX='\''/opt/miniconda3'\''
export CONDA_SHLVL='\''1'\''
export CONDA_DEFAULT_ENV='\''base'\''
export CONDA_PROMPT_MODIFIER='\''(base) '\''
export CONDA_EXE='\''/opt/miniconda3/bin/conda'\''
export _CE_M='\'''\''
export _CE_CONDA='\'''\''
export CONDA_PYTHON_EXE='\''/opt/miniconda3/bin/python'\'''
+++ PS1='(base) '
+++ export PATH=/opt/miniconda3/bin:/opt/miniconda3/condabin:/opt/miniconda3/bin:/usr/local/sbin:/usr/local/bin:/usr/sbin:/usr/bin:/sbin:/bin
+++ PATH=/opt/miniconda3/bin:/opt/miniconda3/condabin:/opt/miniconda3/bin:/usr/local/sbin:/usr/local/bin:/usr/sbin:/usr/bin:/sbin:/bin
+++ export CONDA_PREFIX=/opt/miniconda3
+++ CONDA_PREFIX=/opt/miniconda3
+++ export CONDA_SHLVL=1
+++ CONDA_SHLVL=1
+++ export CONDA_DEFAULT_ENV=base
+++ CONDA_DEFAULT_ENV=base
+++ export 'CONDA_PROMPT_MODIFIER=(base) '
+++ CONDA_PROMPT_MODIFIER='(base) '
+++ export CONDA_EXE=/opt/miniconda3/bin/conda
+++ CONDA_EXE=/opt/miniconda3/bin/conda
+++ export _CE_M=
+++ _CE_M=
+++ export _CE_CONDA=
+++ _CE_CONDA=
+++ export CONDA_PYTHON_EXE=/opt/miniconda3/bin/python
+++ CONDA_PYTHON_EXE=/opt/miniconda3/bin/python
++ __conda_hashr
2025-08-21 05:25:35,374 - INFO - ++ '[' -n '' ']'
++ '[' -n '' ']'
++ hash -r
+ conda create -n testbed python=3.9 -y
+ local cmd=create
+ case "$cmd" in
+ __conda_exe create -n testbed python=3.9 -y
+ /opt/miniconda3/bin/conda create -n testbed python=3.9 -y
2025-08-21 05:25:36,171 - INFO - Channels:
 - defaults
 - conda-forge
Platform: linux-64
Collecting package metadata (repodata.json): ...working...
2025-08-21 05:35:54,812 - INFO - done
Solving environment: ...working...
2025-08-21 05:35:56,301 - INFO - done
2025-08-21 05:36:07,046 - INFO - ## Package Plan ##

  environment location: /opt/miniconda3/envs/testbed

  added / updated specs:
    - python=3.9


The following packages will be downloaded:

    package                    |            build
    ---------------------------|-----------------
    bzip2-1.0.8                |       h5eee18b_6         262 KB
    ca-certificates-2025.7.15  |       h06a4308_0         126 KB
    expat-2.7.1                |       h6a678d5_0         182 KB
    ld_impl_linux-64-2.40      |       h12ee557_0         710 KB
    libffi-3.4.4               |       h6a678d5_1         141 KB
    libxcb-1.17.0              |       h9b100fa_0         430 KB
    ncurses-6.5                |       h7934f7d_0         1.1 MB
    openssl-3.0.17             |       h5eee18b_0         5.2 MB
    pip-25.1                   |     pyhc872135_2         1.3 MB
    pthread-stubs-0.3          |       h0ce48e5_1           5 KB
    python-3.9.23              |       he99959a_0        24.7 MB
    readline-8.3               |       hc2a1206_0         471 KB
    setuptools-78.1.1          |   py39h06a4308_0         1.7 MB
    sqlite-3.50.2              |       hb25bd0a_1         1.1 MB
    tk-8.6.15                  |       h54e0aa7_0         3.4 MB
    tzdata-2025b               |       h04d1e81_0         116 KB
    wheel-0.45.1               |   py39h06a4308_0         114 KB
    xorg-libx11-1.8.12         |       h9b100fa_1         895 KB
    xorg-libxau-1.0.12         |       h9b100fa_0          13 KB
    xorg-libxdmcp-1.1.5        |       h9b100fa_0          19 KB
    xorg-xorgproto-2024.1      |       h5eee18b_1         580 KB
    xz-5.6.4                   |       h5eee18b_1         567 KB
    zlib-1.2.13                |       h5eee18b_1         111 KB
    ------------------------------------------------------------
                                           Total:        43.1 MB

The following NEW packages will be INSTALLED:

  _libgcc_mutex      pkgs/main/linux-64::_libgcc_mutex-0.1-main 
  _openmp_mutex      pkgs/main/linux-64::_openmp_mutex-5.1-1_gnu 
  bzip2              pkgs/main/linux-64::bzip2-1.0.8-h5eee18b_6 
  ca-certificates    pkgs/main/linux-64::ca-certificates-2025.7.15-h06a4308_0 
  expat              pkgs/main/linux-64::expat-2.7.1-h6a678d5_0 
  ld_impl_linux-64   pkgs/main/linux-64::ld_impl_linux-64-2.40-h12ee557_0 
  libffi             pkgs/main/linux-64::libffi-3.4.4-h6a678d5_1 
  libgcc-ng          pkgs/main/linux-64::libgcc-ng-11.2.0-h1234567_1 
  libgomp            pkgs/main/linux-64::libgomp-11.2.0-h1234567_1 
  libstdcxx-ng       pkgs/main/linux-64::libstdcxx-ng-11.2.0-h1234567_1 
  libxcb             pkgs/main/linux-64::libxcb-1.17.0-h9b100fa_0 
  ncurses            pkgs/main/linux-64::ncurses-6.5-h7934f7d_0 
  openssl            pkgs/main/linux-64::openssl-3.0.17-h5eee18b_0 
  pip                pkgs/main/noarch::pip-25.1-pyhc872135_2 
  pthread-stubs      pkgs/main/linux-64::pthread-stubs-0.3-h0ce48e5_1 
  python             pkgs/main/linux-64::python-3.9.23-he99959a_0 
  readline           pkgs/main/linux-64::readline-8.3-hc2a1206_0 
  setuptools         pkgs/main/linux-64::setuptools-78.1.1-py39h06a4308_0 
  sqlite             pkgs/main/linux-64::sqlite-3.50.2-hb25bd0a_1 
  tk                 pkgs/main/linux-64::tk-8.6.15-h54e0aa7_0 
  tzdata             pkgs/main/noarch::tzdata-2025b-h04d1e81_0 
  wheel              pkgs/main/linux-64::wheel-0.45.1-py39h06a4308_0 
  xorg-libx11        pkgs/main/linux-64::xorg-libx11-1.8.12-h9b100fa_1 
  xorg-libxau        pkgs/main/linux-64::xorg-libxau-1.0.12-h9b100fa_0 
  xorg-libxdmcp      pkgs/main/linux-64::xorg-libxdmcp-1.1.5-h9b100fa_0 
  xorg-xorgproto     pkgs/main/linux-64::xorg-xorgproto-2024.1-h5eee18b_1 
  xz                 pkgs/main/linux-64::xz-5.6.4-h5eee18b_1 
  zlib               pkgs/main/linux-64::zlib-1.2.13-h5eee18b_1 



Downloading and Extracting Packages: ...working... done
Preparing transaction: ...working...
2025-08-21 05:36:07,263 - INFO - done
2025-08-21 05:36:07,264 - INFO - Verifying transaction: ...working...
2025-08-21 05:36:08,540 - INFO - done
2025-08-21 05:36:08,541 - INFO - Executing transaction: ...working...
2025-08-21 05:36:12,206 - INFO - done
2025-08-21 05:36:12,267 - INFO - #
# To activate this environment, use
#
#     $ conda activate testbed
#
# To deactivate an active environment, use
#
#     $ conda deactivate
2025-08-21 05:36:12,356 - INFO - + cat
2025-08-21 05:36:12,358 - INFO - + conda activate testbed
+ local cmd=activate
+ case "$cmd" in
+ __conda_activate activate testbed
+ '[' -n '' ']'
+ local ask_conda
2025-08-21 05:36:12,358 - INFO - ++ PS1='(base) '
++ __conda_exe shell.posix activate testbed
2025-08-21 05:36:12,359 - INFO - ++ /opt/miniconda3/bin/conda shell.posix activate testbed
2025-08-21 05:36:12,456 - INFO - + ask_conda='PS1='\''(testbed) '\''
export PATH='\''/opt/miniconda3/envs/testbed/bin:/opt/miniconda3/condabin:/opt/miniconda3/bin:/usr/local/sbin:/usr/local/bin:/usr/sbin:/usr/bin:/sbin:/bin'\''
export CONDA_PREFIX='\''/opt/miniconda3/envs/testbed'\''
export CONDA_SHLVL='\''2'\''
export CONDA_DEFAULT_ENV='\''testbed'\''
export CONDA_PROMPT_MODIFIER='\''(testbed) '\''
export CONDA_PREFIX_1='\''/opt/miniconda3'\''
export CONDA_EXE='\''/opt/miniconda3/bin/conda'\''
export _CE_M='\'''\''
export _CE_CONDA='\'''\''
export CONDA_PYTHON_EXE='\''/opt/miniconda3/bin/python'\'''
+ eval 'PS1='\''(testbed) '\''
export PATH='\''/opt/miniconda3/envs/testbed/bin:/opt/miniconda3/condabin:/opt/miniconda3/bin:/usr/local/sbin:/usr/local/bin:/usr/sbin:/usr/bin:/sbin:/bin'\''
export CONDA_PREFIX='\''/opt/miniconda3/envs/testbed'\''
export CONDA_SHLVL='\''2'\''
export CONDA_DEFAULT_ENV='\''testbed'\''
export CONDA_PROMPT_MODIFIER='\''(testbed) '\''
export CONDA_PREFIX_1='\''/opt/miniconda3'\''
export CONDA_EXE='\''/opt/miniconda3/bin/conda'\''
export _CE_M='\'''\''
export _CE_CONDA='\'''\''
export CONDA_PYTHON_EXE='\''/opt/miniconda3/bin/python'\'''
++ PS1='(testbed) '
++ export PATH=/opt/miniconda3/envs/testbed/bin:/opt/miniconda3/condabin:/opt/miniconda3/bin:/usr/local/sbin:/usr/local/bin:/usr/sbin:/usr/bin:/sbin:/bin
++ PATH=/opt/miniconda3/envs/testbed/bin:/opt/miniconda3/condabin:/opt/miniconda3/bin:/usr/local/sbin:/usr/local/bin:/usr/sbin:/usr/bin:/sbin:/bin
++ export CONDA_PREFIX=/opt/miniconda3/envs/testbed
++ CONDA_PREFIX=/opt/miniconda3/envs/testbed
++ export CONDA_SHLVL=2
++ CONDA_SHLVL=2
++ export CONDA_DEFAULT_ENV=testbed
++ CONDA_DEFAULT_ENV=testbed
++ export 'CONDA_PROMPT_MODIFIER=(testbed) '
++ CONDA_PROMPT_MODIFIER='(testbed) '
++ export CONDA_PREFIX_1=/opt/miniconda3
++ CONDA_PREFIX_1=/opt/miniconda3
++ export CONDA_EXE=/opt/miniconda3/bin/conda
++ CONDA_EXE=/opt/miniconda3/bin/conda
++ export _CE_M=
++ _CE_M=
++ export _CE_CONDA=
++ _CE_CONDA=
++ export CONDA_PYTHON_EXE=/opt/miniconda3/bin/python
++ CONDA_PYTHON_EXE=/opt/miniconda3/bin/python
+ __conda_hashr
+ '[' -n '' ']'
+ '[' -n '' ']'
+ hash -r
+ python -m pip install -r /root/requirements.txt
2025-08-21 05:36:12,754 - INFO - Ignoring backports.zoneinfo: markers 'python_version < "3.9"' don't match your environment
2025-08-21 05:36:12,755 - INFO - Ignoring colorama: markers 'sys_platform == "win32"' don't match your environment
2025-08-21 05:36:13,433 - INFO - Collecting aiosmtpd (from -r /root/requirements.txt (line 1))
2025-08-21 05:36:14,233 - INFO - Downloading aiosmtpd-1.4.6-py3-none-any.whl.metadata (6.6 kB)
2025-08-21 05:36:14,409 - INFO - Collecting asgiref>=3.6.0 (from -r /root/requirements.txt (line 2))
2025-08-21 05:36:14,522 - INFO - Downloading asgiref-3.9.1-py3-none-any.whl.metadata (9.3 kB)
2025-08-21 05:36:14,679 - INFO - Collecting argon2-cffi>=19.2.0 (from -r /root/requirements.txt (line 3))
2025-08-21 05:36:14,789 - INFO - Downloading argon2_cffi-25.1.0-py3-none-any.whl.metadata (4.1 kB)
2025-08-21 05:36:15,009 - INFO - Collecting bcrypt (from -r /root/requirements.txt (line 5))
2025-08-21 05:36:15,122 - INFO - Downloading bcrypt-4.3.0-cp39-abi3-manylinux_2_34_x86_64.whl.metadata (10 kB)
2025-08-21 05:36:15,308 - INFO - Collecting black (from -r /root/requirements.txt (line 6))
2025-08-21 05:36:15,416 - INFO - Downloading black-25.1.0-cp39-cp39-manylinux_2_17_x86_64.manylinux2014_x86_64.manylinux_2_28_x86_64.whl.metadata (81 kB)
2025-08-21 05:36:15,638 - INFO - Collecting docutils (from -r /root/requirements.txt (line 7))
2025-08-21 05:36:15,747 - INFO - Downloading docutils-0.22-py3-none-any.whl.metadata (15 kB)
2025-08-21 05:36:15,880 - INFO - Collecting geoip2 (from -r /root/requirements.txt (line 8))
2025-08-21 05:36:16,011 - INFO - Downloading geoip2-5.1.0-py3-none-any.whl.metadata (19 kB)
2025-08-21 05:36:16,239 - INFO - Collecting jinja2>=2.11.0 (from -r /root/requirements.txt (line 9))
2025-08-21 05:36:16,346 - INFO - Downloading jinja2-3.1.6-py3-none-any.whl.metadata (2.9 kB)
2025-08-21 05:36:16,769 - INFO - Collecting numpy (from -r /root/requirements.txt (line 10))
2025-08-21 05:36:16,880 - INFO - Downloading numpy-2.0.2-cp39-cp39-manylinux_2_17_x86_64.manylinux2014_x86_64.whl.metadata (60 kB)
2025-08-21 05:36:17,269 - INFO - Collecting Pillow>=6.2.1 (from -r /root/requirements.txt (line 11))
2025-08-21 05:36:17,377 - INFO - Downloading pillow-11.3.0-cp39-cp39-manylinux_2_27_x86_64.manylinux_2_28_x86_64.whl.metadata (9.0 kB)
2025-08-21 05:36:17,506 - INFO - Collecting pylibmc (from -r /root/requirements.txt (line 12))
2025-08-21 05:36:17,615 - INFO - Downloading pylibmc-1.6.3-cp39-cp39-manylinux_2_17_x86_64.manylinux2014_x86_64.whl.metadata (4.0 kB)
2025-08-21 05:36:17,741 - INFO - Collecting pymemcache>=3.4.0 (from -r /root/requirements.txt (line 13))
2025-08-21 05:36:17,850 - INFO - Downloading pymemcache-4.0.0-py2.py3-none-any.whl.metadata (14 kB)
2025-08-21 05:36:18,184 - INFO - Collecting pytz (from -r /root/requirements.txt (line 14))
2025-08-21 05:36:18,294 - INFO - Downloading pytz-2025.2-py2.py3-none-any.whl.metadata (22 kB)
2025-08-21 05:36:18,414 - INFO - Collecting pywatchman (from -r /root/requirements.txt (line 15))
2025-08-21 05:36:18,524 - INFO - Downloading pywatchman-3.0.0.tar.gz (40 kB)
2025-08-21 05:36:18,548 - INFO - Installing build dependencies: started
2025-08-21 05:36:23,161 - INFO - Installing build dependencies: finished with status 'done'
2025-08-21 05:36:23,164 - INFO - Getting requirements to build wheel: started
2025-08-21 05:36:23,552 - INFO - Getting requirements to build wheel: finished with status 'done'
2025-08-21 05:36:23,553 - INFO - Preparing metadata (pyproject.toml): started
2025-08-21 05:36:23,729 - INFO - Preparing metadata (pyproject.toml): finished with status 'done'
2025-08-21 05:36:24,136 - INFO - Collecting PyYAML (from -r /root/requirements.txt (line 16))
2025-08-21 05:36:24,243 - INFO - Downloading PyYAML-6.0.2-cp39-cp39-manylinux_2_17_x86_64.manylinux2014_x86_64.whl.metadata (2.1 kB)
2025-08-21 05:36:24,388 - INFO - Collecting redis>=3.4.0 (from -r /root/requirements.txt (line 17))
2025-08-21 05:36:24,496 - INFO - Downloading redis-6.4.0-py3-none-any.whl.metadata (10 kB)
2025-08-21 05:36:24,651 - INFO - Collecting selenium (from -r /root/requirements.txt (line 18))
2025-08-21 05:36:24,764 - INFO - Downloading selenium-4.35.0-py3-none-any.whl.metadata (7.4 kB)
2025-08-21 05:36:24,888 - INFO - Collecting sqlparse>=0.3.1 (from -r /root/requirements.txt (line 19))
2025-08-21 05:36:24,994 - INFO - Downloading sqlparse-0.5.3-py3-none-any.whl.metadata (3.9 kB)
2025-08-21 05:36:25,116 - INFO - Collecting tblib>=1.5.0 (from -r /root/requirements.txt (line 20))
2025-08-21 05:36:25,224 - INFO - Downloading tblib-3.1.0-py3-none-any.whl.metadata (25 kB)
2025-08-21 05:36:25,353 - INFO - Collecting tzdata (from -r /root/requirements.txt (line 21))
2025-08-21 05:36:25,461 - INFO - Downloading tzdata-2025.2-py2.py3-none-any.whl.metadata (1.4 kB)
2025-08-21 05:36:25,818 - INFO - Collecting atpublic (from aiosmtpd->-r /root/requirements.txt (line 1))
2025-08-21 05:36:25,926 - INFO - Downloading atpublic-6.0.1-py3-none-any.whl.metadata (2.0 kB)
2025-08-21 05:36:26,057 - INFO - Collecting attrs (from aiosmtpd->-r /root/requirements.txt (line 1))
2025-08-21 05:36:26,165 - INFO - Downloading attrs-25.3.0-py3-none-any.whl.metadata (10 kB)
2025-08-21 05:36:26,305 - INFO - Collecting typing_extensions>=4 (from asgiref>=3.6.0->-r /root/requirements.txt (line 2))
2025-08-21 05:36:26,412 - INFO - Downloading typing_extensions-4.14.1-py3-none-any.whl.metadata (3.0 kB)
2025-08-21 05:36:26,530 - INFO - Collecting argon2-cffi-bindings (from argon2-cffi>=19.2.0->-r /root/requirements.txt (line 3))
2025-08-21 05:36:26,641 - INFO - Downloading argon2_cffi_bindings-25.1.0-cp39-abi3-manylinux_2_26_x86_64.manylinux_2_28_x86_64.whl.metadata (7.4 kB)
2025-08-21 05:36:26,771 - INFO - Collecting click>=8.0.0 (from black->-r /root/requirements.txt (line 6))
2025-08-21 05:36:26,880 - INFO - Downloading click-8.1.8-py3-none-any.whl.metadata (2.3 kB)
2025-08-21 05:36:27,017 - INFO - Collecting mypy-extensions>=0.4.3 (from black->-r /root/requirements.txt (line 6))
2025-08-21 05:36:27,124 - INFO - Downloading mypy_extensions-1.1.0-py3-none-any.whl.metadata (1.1 kB)
2025-08-21 05:36:27,279 - INFO - Collecting packaging>=22.0 (from black->-r /root/requirements.txt (line 6))
2025-08-21 05:36:27,388 - INFO - Downloading packaging-25.0-py3-none-any.whl.metadata (3.3 kB)
2025-08-21 05:36:27,509 - INFO - Collecting pathspec>=0.9.0 (from black->-r /root/requirements.txt (line 6))
2025-08-21 05:36:27,619 - INFO - Downloading pathspec-0.12.1-py3-none-any.whl.metadata (21 kB)
2025-08-21 05:36:27,751 - INFO - Collecting platformdirs>=2 (from black->-r /root/requirements.txt (line 6))
2025-08-21 05:36:27,861 - INFO - Downloading platformdirs-4.3.8-py3-none-any.whl.metadata (12 kB)
2025-08-21 05:36:27,986 - INFO - Collecting tomli>=1.1.0 (from black->-r /root/requirements.txt (line 6))
2025-08-21 05:36:28,094 - INFO - Downloading tomli-2.2.1-py3-none-any.whl.metadata (10 kB)
2025-08-21 05:36:29,434 - INFO - Collecting aiohttp<4.0.0,>=3.6.2 (from geoip2->-r /root/requirements.txt (line 8))
2025-08-21 05:36:29,550 - INFO - Downloading aiohttp-3.12.15-cp39-cp39-manylinux_2_17_x86_64.manylinux2014_x86_64.whl.metadata (7.7 kB)
2025-08-21 05:36:30,026 - INFO - Collecting maxminddb<3.0.0,>=2.7.0 (from geoip2->-r /root/requirements.txt (line 8))
2025-08-21 05:36:30,245 - INFO - Downloading maxminddb-2.8.2-cp39-cp39-manylinux2014_x86_64.manylinux_2_17_x86_64.manylinux_2_28_x86_64.whl.metadata (5.1 kB)
2025-08-21 05:36:30,691 - INFO - Collecting requests<3.0.0,>=2.24.0 (from geoip2->-r /root/requirements.txt (line 8))
2025-08-21 05:36:30,821 - INFO - Downloading requests-2.32.5-py3-none-any.whl.metadata (4.9 kB)
2025-08-21 05:36:31,022 - INFO - Collecting aiohappyeyeballs>=2.5.0 (from aiohttp<4.0.0,>=3.6.2->geoip2->-r /root/requirements.txt (line 8))
2025-08-21 05:36:31,131 - INFO - Downloading aiohappyeyeballs-2.6.1-py3-none-any.whl.metadata (5.9 kB)
2025-08-21 05:36:31,312 - INFO - Collecting aiosignal>=1.4.0 (from aiohttp<4.0.0,>=3.6.2->geoip2->-r /root/requirements.txt (line 8))
2025-08-21 05:36:31,420 - INFO - Downloading aiosignal-1.4.0-py3-none-any.whl.metadata (3.7 kB)
2025-08-21 05:36:31,543 - INFO - Collecting async-timeout<6.0,>=4.0 (from aiohttp<4.0.0,>=3.6.2->geoip2->-r /root/requirements.txt (line 8))
2025-08-21 05:36:31,650 - INFO - Downloading async_timeout-5.0.1-py3-none-any.whl.metadata (5.1 kB)
2025-08-21 05:36:31,887 - INFO - Collecting frozenlist>=1.1.1 (from aiohttp<4.0.0,>=3.6.2->geoip2->-r /root/requirements.txt (line 8))
2025-08-21 05:36:31,996 - INFO - Downloading frozenlist-1.7.0-cp39-cp39-manylinux_2_5_x86_64.manylinux1_x86_64.manylinux_2_17_x86_64.manylinux2014_x86_64.whl.metadata (18 kB)
2025-08-21 05:36:32,404 - INFO - Collecting multidict<7.0,>=4.5 (from aiohttp<4.0.0,>=3.6.2->geoip2->-r /root/requirements.txt (line 8))
2025-08-21 05:36:32,512 - INFO - Downloading multidict-6.6.4-cp39-cp39-manylinux2014_x86_64.manylinux_2_17_x86_64.manylinux_2_28_x86_64.whl.metadata (5.3 kB)
2025-08-21 05:36:32,677 - INFO - Collecting propcache>=0.2.0 (from aiohttp<4.0.0,>=3.6.2->geoip2->-r /root/requirements.txt (line 8))
2025-08-21 05:36:32,788 - INFO - Downloading propcache-0.3.2-cp39-cp39-manylinux_2_17_x86_64.manylinux2014_x86_64.whl.metadata (12 kB)
2025-08-21 05:36:33,239 - INFO - Collecting yarl<2.0,>=1.17.0 (from aiohttp<4.0.0,>=3.6.2->geoip2->-r /root/requirements.txt (line 8))
2025-08-21 05:36:33,347 - INFO - Downloading yarl-1.20.1-cp39-cp39-manylinux_2_17_x86_64.manylinux2014_x86_64.whl.metadata (73 kB)
2025-08-21 05:36:33,741 - INFO - Collecting charset_normalizer<4,>=2 (from requests<3.0.0,>=2.24.0->geoip2->-r /root/requirements.txt (line 8))
2025-08-21 05:36:33,848 - INFO - Downloading charset_normalizer-3.4.3-cp39-cp39-manylinux2014_x86_64.manylinux_2_17_x86_64.manylinux_2_28_x86_64.whl.metadata (36 kB)
2025-08-21 05:36:33,988 - INFO - Collecting idna<4,>=2.5 (from requests<3.0.0,>=2.24.0->geoip2->-r /root/requirements.txt (line 8))
2025-08-21 05:36:34,097 - INFO - Downloading idna-3.10-py3-none-any.whl.metadata (10 kB)
2025-08-21 05:36:34,243 - INFO - Collecting urllib3<3,>=1.21.1 (from requests<3.0.0,>=2.24.0->geoip2->-r /root/requirements.txt (line 8))
2025-08-21 05:36:34,355 - INFO - Downloading urllib3-2.5.0-py3-none-any.whl.metadata (6.5 kB)
2025-08-21 05:36:34,496 - INFO - Collecting certifi>=2017.4.17 (from requests<3.0.0,>=2.24.0->geoip2->-r /root/requirements.txt (line 8))
2025-08-21 05:36:34,603 - INFO - Downloading certifi-2025.8.3-py3-none-any.whl.metadata (2.4 kB)
2025-08-21 05:36:34,805 - INFO - Collecting MarkupSafe>=2.0 (from jinja2>=2.11.0->-r /root/requirements.txt (line 9))
2025-08-21 05:36:34,922 - INFO - Downloading MarkupSafe-3.0.2-cp39-cp39-manylinux_2_17_x86_64.manylinux2014_x86_64.whl.metadata (4.0 kB)
2025-08-21 05:36:35,071 - INFO - Collecting trio~=0.30.0 (from selenium->-r /root/requirements.txt (line 18))
2025-08-21 05:36:35,182 - INFO - Downloading trio-0.30.0-py3-none-any.whl.metadata (8.5 kB)
2025-08-21 05:36:35,313 - INFO - Collecting trio-websocket~=0.12.2 (from selenium->-r /root/requirements.txt (line 18))
2025-08-21 05:36:35,423 - INFO - Downloading trio_websocket-0.12.2-py3-none-any.whl.metadata (5.1 kB)
2025-08-21 05:36:35,564 - INFO - Collecting websocket-client~=1.8.0 (from selenium->-r /root/requirements.txt (line 18))
2025-08-21 05:36:35,672 - INFO - Downloading websocket_client-1.8.0-py3-none-any.whl.metadata (8.0 kB)
2025-08-21 05:36:35,816 - INFO - Collecting sortedcontainers (from trio~=0.30.0->selenium->-r /root/requirements.txt (line 18))
2025-08-21 05:36:35,924 - INFO - Downloading sortedcontainers-2.4.0-py2.py3-none-any.whl.metadata (10 kB)
2025-08-21 05:36:36,068 - INFO - Collecting outcome (from trio~=0.30.0->selenium->-r /root/requirements.txt (line 18))
2025-08-21 05:36:36,175 - INFO - Downloading outcome-1.3.0.post0-py2.py3-none-any.whl.metadata (2.6 kB)
2025-08-21 05:36:36,313 - INFO - Collecting sniffio>=1.3.0 (from trio~=0.30.0->selenium->-r /root/requirements.txt (line 18))
2025-08-21 05:36:36,431 - INFO - Downloading sniffio-1.3.1-py3-none-any.whl.metadata (3.9 kB)
2025-08-21 05:36:36,732 - INFO - Collecting exceptiongroup (from trio~=0.30.0->selenium->-r /root/requirements.txt (line 18))
2025-08-21 05:36:36,936 - INFO - Downloading exceptiongroup-1.3.0-py3-none-any.whl.metadata (6.7 kB)
2025-08-21 05:36:37,485 - INFO - Collecting wsproto>=0.14 (from trio-websocket~=0.12.2->selenium->-r /root/requirements.txt (line 18))
2025-08-21 05:36:37,654 - INFO - Downloading wsproto-1.2.0-py3-none-any.whl.metadata (5.6 kB)
2025-08-21 05:36:38,476 - INFO - Collecting pysocks!=1.5.7,<2.0,>=1.5.6 (from urllib3[socks]<3.0,>=2.5.0->selenium->-r /root/requirements.txt (line 18))
2025-08-21 05:36:38,613 - INFO - Downloading PySocks-1.7.1-py3-none-any.whl.metadata (13 kB)
2025-08-21 05:36:39,005 - INFO - Collecting h11<1,>=0.9.0 (from wsproto>=0.14->trio-websocket~=0.12.2->selenium->-r /root/requirements.txt (line 18))
2025-08-21 05:36:39,284 - INFO - Downloading h11-0.16.0-py3-none-any.whl.metadata (8.3 kB)
2025-08-21 05:36:40,542 - INFO - Collecting cffi>=1.0.1 (from argon2-cffi-bindings->argon2-cffi>=19.2.0->-r /root/requirements.txt (line 3))
2025-08-21 05:36:40,911 - INFO - Downloading cffi-1.17.1-cp39-cp39-manylinux_2_17_x86_64.manylinux2014_x86_64.whl.metadata (1.5 kB)
2025-08-21 05:36:41,783 - INFO - Collecting pycparser (from cffi>=1.0.1->argon2-cffi-bindings->argon2-cffi>=19.2.0->-r /root/requirements.txt (line 3))
2025-08-21 05:36:41,974 - INFO - Downloading pycparser-2.22-py3-none-any.whl.metadata (943 bytes)
2025-08-21 05:36:42,220 - INFO - Downloading aiosmtpd-1.4.6-py3-none-any.whl (154 kB)
2025-08-21 05:36:42,375 - INFO - Downloading asgiref-3.9.1-py3-none-any.whl (23 kB)
2025-08-21 05:36:42,506 - INFO - Downloading argon2_cffi-25.1.0-py3-none-any.whl (14 kB)
2025-08-21 05:36:42,625 - INFO - Downloading bcrypt-4.3.0-cp39-abi3-manylinux_2_34_x86_64.whl (284 kB)
2025-08-21 05:36:42,791 - INFO - Downloading black-25.1.0-cp39-cp39-manylinux_2_17_x86_64.manylinux2014_x86_64.manylinux_2_28_x86_64.whl (1.8 MB)
2025-08-21 05:36:42,963 - INFO - ━━━━━━━━━━━━━━━━━━━━━━━━━━━━━━━━━━━━━━━━ 1.8/1.8 MB 9.8 MB/s eta 0:00:00
2025-08-21 05:36:43,070 - INFO - Downloading docutils-0.22-py3-none-any.whl (630 kB)
2025-08-21 05:36:43,106 - INFO - ━━━━━━━━━━━━━━━━━━━━━━━━━━━━━━━━━━━━━━━━ 630.7/630.7 kB 13.6 MB/s eta 0:00:00
2025-08-21 05:36:43,106 - INFO - 
2025-08-21 05:36:43,216 - INFO - Downloading geoip2-5.1.0-py3-none-any.whl (27 kB)
2025-08-21 05:36:43,340 - INFO - Downloading aiohttp-3.12.15-cp39-cp39-manylinux_2_17_x86_64.manylinux2014_x86_64.whl (1.6 MB)
2025-08-21 05:36:43,432 - INFO - ━━━━━━━━━━━━━━━━━━━━━━━━━━━━━━━━━━━━━━━━ 1.6/1.6 MB 16.3 MB/s eta 0:00:00
2025-08-21 05:36:43,587 - INFO - Downloading async_timeout-5.0.1-py3-none-any.whl (6.2 kB)
2025-08-21 05:36:43,724 - INFO - Downloading maxminddb-2.8.2-cp39-cp39-manylinux2014_x86_64.manylinux_2_17_x86_64.manylinux_2_28_x86_64.whl (92 kB)
2025-08-21 05:36:43,841 - INFO - Downloading multidict-6.6.4-cp39-cp39-manylinux2014_x86_64.manylinux_2_17_x86_64.manylinux_2_28_x86_64.whl (239 kB)
2025-08-21 05:36:43,961 - INFO - Downloading requests-2.32.5-py3-none-any.whl (64 kB)
2025-08-21 05:36:44,220 - INFO - Downloading charset_normalizer-3.4.3-cp39-cp39-manylinux2014_x86_64.manylinux_2_17_x86_64.manylinux_2_28_x86_64.whl (152 kB)
2025-08-21 05:36:44,354 - INFO - Downloading idna-3.10-py3-none-any.whl (70 kB)
2025-08-21 05:36:44,475 - INFO - Downloading urllib3-2.5.0-py3-none-any.whl (129 kB)
2025-08-21 05:36:44,601 - INFO - Downloading yarl-1.20.1-cp39-cp39-manylinux_2_17_x86_64.manylinux2014_x86_64.whl (327 kB)
2025-08-21 05:36:44,731 - INFO - Downloading jinja2-3.1.6-py3-none-any.whl (134 kB)
2025-08-21 05:36:44,851 - INFO - Downloading numpy-2.0.2-cp39-cp39-manylinux_2_17_x86_64.manylinux2014_x86_64.whl (19.5 MB)
2025-08-21 05:36:47,836 - INFO - ━━━━━━━━━━━━━━━━━━━━━━━━━━━━━━━━━━━━━━━━ 19.5/19.5 MB 6.5 MB/s eta 0:00:00
2025-08-21 05:36:47,944 - INFO - Downloading pillow-11.3.0-cp39-cp39-manylinux_2_27_x86_64.manylinux_2_28_x86_64.whl (6.6 MB)
2025-08-21 05:36:49,312 - INFO - ━━━━━━━━━━━━━━━━━━━━━━━━━━━━━━━━━━━━━━━━ 6.6/6.6 MB 4.8 MB/s eta 0:00:00
2025-08-21 05:36:49,312 - INFO - 
2025-08-21 05:36:49,425 - INFO - Downloading pylibmc-1.6.3-cp39-cp39-manylinux_2_17_x86_64.manylinux2014_x86_64.whl (1.2 MB)
2025-08-21 05:36:49,728 - INFO - ━━━━━━━━━━━━━━━━━━━━━━━━━━━━━━━━━━━━━━━━ 1.2/1.2 MB 3.7 MB/s eta 0:00:00
2025-08-21 05:36:49,728 - INFO - 
2025-08-21 05:36:49,843 - INFO - Downloading pymemcache-4.0.0-py2.py3-none-any.whl (60 kB)
2025-08-21 05:36:49,958 - INFO - Downloading pytz-2025.2-py2.py3-none-any.whl (509 kB)
2025-08-21 05:36:50,171 - INFO - Downloading PyYAML-6.0.2-cp39-cp39-manylinux_2_17_x86_64.manylinux2014_x86_64.whl (737 kB)
2025-08-21 05:36:50,325 - INFO - ━━━━━━━━━━━━━━━━━━━━━━━━━━━━━━━━━━━━━━━━ 737.4/737.4 kB 4.5 MB/s eta 0:00:00
2025-08-21 05:36:50,326 - INFO - 
2025-08-21 05:36:50,434 - INFO - Downloading redis-6.4.0-py3-none-any.whl (279 kB)
2025-08-21 05:36:50,617 - INFO - Downloading selenium-4.35.0-py3-none-any.whl (9.6 MB)
2025-08-21 05:36:51,750 - INFO - ━━━━━━━━━━━━━━━━━━━━━━━━━━━━━━━━━━━━━━━━ 9.6/9.6 MB 8.6 MB/s eta 0:00:00
2025-08-21 05:36:51,750 - INFO - 
2025-08-21 05:36:51,861 - INFO - Downloading trio-0.30.0-py3-none-any.whl (499 kB)
2025-08-21 05:36:52,026 - INFO - Downloading trio_websocket-0.12.2-py3-none-any.whl (21 kB)
2025-08-21 05:36:52,252 - INFO - Downloading typing_extensions-4.14.1-py3-none-any.whl (43 kB)
2025-08-21 05:36:52,373 - INFO - Downloading PySocks-1.7.1-py3-none-any.whl (16 kB)
2025-08-21 05:36:52,497 - INFO - Downloading websocket_client-1.8.0-py3-none-any.whl (58 kB)
2025-08-21 05:36:52,616 - INFO - Downloading sqlparse-0.5.3-py3-none-any.whl (44 kB)
2025-08-21 05:36:52,732 - INFO - Downloading tblib-3.1.0-py3-none-any.whl (12 kB)
2025-08-21 05:36:52,853 - INFO - Downloading tzdata-2025.2-py2.py3-none-any.whl (347 kB)
2025-08-21 05:36:52,983 - INFO - Downloading aiohappyeyeballs-2.6.1-py3-none-any.whl (15 kB)
2025-08-21 05:36:53,095 - INFO - Downloading aiosignal-1.4.0-py3-none-any.whl (7.5 kB)
2025-08-21 05:36:53,209 - INFO - Downloading attrs-25.3.0-py3-none-any.whl (63 kB)
2025-08-21 05:36:53,323 - INFO - Downloading certifi-2025.8.3-py3-none-any.whl (161 kB)
2025-08-21 05:36:53,444 - INFO - Downloading click-8.1.8-py3-none-any.whl (98 kB)
2025-08-21 05:36:53,564 - INFO - Downloading frozenlist-1.7.0-cp39-cp39-manylinux_2_5_x86_64.manylinux1_x86_64.manylinux_2_17_x86_64.manylinux2014_x86_64.whl (225 kB)
2025-08-21 05:36:53,688 - INFO - Downloading MarkupSafe-3.0.2-cp39-cp39-manylinux_2_17_x86_64.manylinux2014_x86_64.whl (20 kB)
2025-08-21 05:36:53,875 - INFO - Downloading mypy_extensions-1.1.0-py3-none-any.whl (5.0 kB)
2025-08-21 05:36:53,990 - INFO - Downloading outcome-1.3.0.post0-py2.py3-none-any.whl (10 kB)
2025-08-21 05:36:54,105 - INFO - Downloading packaging-25.0-py3-none-any.whl (66 kB)
2025-08-21 05:36:54,220 - INFO - Downloading pathspec-0.12.1-py3-none-any.whl (31 kB)
2025-08-21 05:36:54,332 - INFO - Downloading platformdirs-4.3.8-py3-none-any.whl (18 kB)
2025-08-21 05:36:54,453 - INFO - Downloading propcache-0.3.2-cp39-cp39-manylinux_2_17_x86_64.manylinux2014_x86_64.whl (200 kB)
2025-08-21 05:36:54,576 - INFO - Downloading sniffio-1.3.1-py3-none-any.whl (10 kB)
2025-08-21 05:36:54,691 - INFO - Downloading tomli-2.2.1-py3-none-any.whl (14 kB)
2025-08-21 05:36:54,802 - INFO - Downloading wsproto-1.2.0-py3-none-any.whl (24 kB)
2025-08-21 05:36:55,068 - INFO - Downloading h11-0.16.0-py3-none-any.whl (37 kB)
2025-08-21 05:36:55,263 - INFO - Downloading argon2_cffi_bindings-25.1.0-cp39-abi3-manylinux_2_26_x86_64.manylinux_2_28_x86_64.whl (87 kB)
2025-08-21 05:36:55,384 - INFO - Downloading cffi-1.17.1-cp39-cp39-manylinux_2_17_x86_64.manylinux2014_x86_64.whl (445 kB)
2025-08-21 05:36:55,527 - INFO - Downloading atpublic-6.0.1-py3-none-any.whl (6.4 kB)
2025-08-21 05:36:55,640 - INFO - Downloading exceptiongroup-1.3.0-py3-none-any.whl (16 kB)
2025-08-21 05:36:55,751 - INFO - Downloading pycparser-2.22-py3-none-any.whl (117 kB)
2025-08-21 05:36:55,869 - INFO - Downloading sortedcontainers-2.4.0-py2.py3-none-any.whl (29 kB)
2025-08-21 05:36:56,019 - INFO - Building wheels for collected packages: pywatchman
2025-08-21 05:36:56,020 - INFO - Building wheel for pywatchman (pyproject.toml): started
2025-08-21 05:36:56,678 - INFO - Building wheel for pywatchman (pyproject.toml): finished with status 'done'
2025-08-21 05:36:56,679 - INFO - Created wheel for pywatchman: filename=pywatchman-3.0.0-cp39-cp39-linux_x86_64.whl size=54003 sha256=5c7b89637524c145d036dd1b98f7384e3b9dcd35c88e21d62ddafd57271b3d21
2025-08-21 05:36:56,679 - INFO - Stored in directory: /root/.cache/pip/wheels/2f/e8/88/d1f034d3586338c2fe282e48392926306d2eb47ea95c61d11e
2025-08-21 05:36:56,681 - INFO - Successfully built pywatchman
2025-08-21 05:36:56,904 - INFO - Installing collected packages: sortedcontainers, pytz, websocket-client, urllib3, tzdata, typing_extensions, tomli, tblib, sqlparse, sniffio, PyYAML, pywatchman, pysocks, pymemcache, pylibmc, pycparser, propcache, platformdirs, Pillow, pathspec, packaging, numpy, mypy-extensions, maxminddb, MarkupSafe, idna, h11, frozenlist, docutils, click, charset_normalizer, certifi, bcrypt, attrs, atpublic, async-timeout, aiohappyeyeballs, wsproto, requests, redis, outcome, multidict, jinja2, exceptiongroup, cffi, black, asgiref, aiosmtpd, aiosignal, yarl, trio, argon2-cffi-bindings, trio-websocket, argon2-cffi, aiohttp, selenium, geoip2
2025-08-21 05:37:02,368 - INFO - 
2025-08-21 05:37:02,380 - INFO - Successfully installed MarkupSafe-3.0.2 Pillow-11.3.0 PyYAML-6.0.2 aiohappyeyeballs-2.6.1 aiohttp-3.12.15 aiosignal-1.4.0 aiosmtpd-1.4.6 argon2-cffi-25.1.0 argon2-cffi-bindings-25.1.0 asgiref-3.9.1 async-timeout-5.0.1 atpublic-6.0.1 attrs-25.3.0 bcrypt-4.3.0 black-25.1.0 certifi-2025.8.3 cffi-1.17.1 charset_normalizer-3.4.3 click-8.1.8 docutils-0.22 exceptiongroup-1.3.0 frozenlist-1.7.0 geoip2-5.1.0 h11-0.16.0 idna-3.10 jinja2-3.1.6 maxminddb-2.8.2 multidict-6.6.4 mypy-extensions-1.1.0 numpy-2.0.2 outcome-1.3.0.post0 packaging-25.0 pathspec-0.12.1 platformdirs-4.3.8 propcache-0.3.2 pycparser-2.22 pylibmc-1.6.3 pymemcache-4.0.0 pysocks-1.7.1 pytz-2025.2 pywatchman-3.0.0 redis-6.4.0 requests-2.32.5 selenium-4.35.0 sniffio-1.3.1 sortedcontainers-2.4.0 sqlparse-0.5.3 tblib-3.1.0 tomli-2.2.1 trio-0.30.0 trio-websocket-0.12.2 typing_extensions-4.14.1 tzdata-2025.2 urllib3-2.5.0 websocket-client-1.8.0 wsproto-1.2.0 yarl-1.20.1
2025-08-21 05:37:02,380 - INFO - WARNING: Running pip as the 'root' user can result in broken permissions and conflicting behaviour with the system package manager, possibly rendering your system unusable. It is recommended to use a virtual environment instead: https://pip.pypa.io/warnings/venv. Use the --root-user-action option if you know what you are doing and want to suppress this warning.
2025-08-21 05:37:03,724 - INFO - + rm /root/requirements.txt
2025-08-21 05:37:03,725 - INFO - + conda activate testbed
+ local cmd=activate
+ case "$cmd" in
+ __conda_activate activate testbed
+ '[' -n '' ']'
+ local ask_conda
2025-08-21 05:37:03,725 - INFO - ++ PS1='(testbed) '
++ __conda_exe shell.posix activate testbed
2025-08-21 05:37:03,726 - INFO - ++ /opt/miniconda3/bin/conda shell.posix activate testbed
2025-08-21 05:37:03,823 - INFO - + ask_conda='PS1='\''(testbed) '\''
export PATH='\''/opt/miniconda3/envs/testbed/bin:/opt/miniconda3/condabin:/opt/miniconda3/bin:/usr/local/sbin:/usr/local/bin:/usr/sbin:/usr/bin:/sbin:/bin'\''
export CONDA_SHLVL='\''2'\''
export CONDA_PROMPT_MODIFIER='\''(testbed) '\'''
+ eval 'PS1='\''(testbed) '\''
export PATH='\''/opt/miniconda3/envs/testbed/bin:/opt/miniconda3/condabin:/opt/miniconda3/bin:/usr/local/sbin:/usr/local/bin:/usr/sbin:/usr/bin:/sbin:/bin'\''
export CONDA_SHLVL='\''2'\''
export CONDA_PROMPT_MODIFIER='\''(testbed) '\'''
++ PS1='(testbed) '
++ export PATH=/opt/miniconda3/envs/testbed/bin:/opt/miniconda3/condabin:/opt/miniconda3/bin:/usr/local/sbin:/usr/local/bin:/usr/sbin:/usr/bin:/sbin:/bin
++ PATH=/opt/miniconda3/envs/testbed/bin:/opt/miniconda3/condabin:/opt/miniconda3/bin:/usr/local/sbin:/usr/local/bin:/usr/sbin:/usr/bin:/sbin:/bin
++ export CONDA_SHLVL=2
++ CONDA_SHLVL=2
++ export 'CONDA_PROMPT_MODIFIER=(testbed) '
++ CONDA_PROMPT_MODIFIER='(testbed) '
+ __conda_hashr
2025-08-21 05:37:03,823 - INFO - + '[' -n '' ']'
+ '[' -n '' ']'
+ hash -r
2025-08-21 05:38:13,607 - INFO - ---> Removed intermediate container 1d4896e9781e
2025-08-21 05:38:13,607 - INFO - ---> b2a2ae2b4e22
2025-08-21 05:38:13,607 - INFO - Step 6/7 : WORKDIR /testbed/
2025-08-21 05:38:13,607 - INFO - 
2025-08-21 05:38:14,000 - INFO - ---> Running in 316f2cd4d8b6
2025-08-21 05:38:14,028 - INFO - ---> Removed intermediate container 316f2cd4d8b6
2025-08-21 05:38:14,028 - INFO - ---> c92d0b07d34e
2025-08-21 05:38:14,028 - INFO - Step 7/7 : RUN echo "source /opt/miniconda3/etc/profile.d/conda.sh && conda activate testbed" > /root/.bashrc
2025-08-21 05:38:14,028 - INFO - 
2025-08-21 05:38:14,091 - INFO - ---> Running in 5ff50b775821
2025-08-21 05:38:14,769 - INFO - ---> Removed intermediate container 5ff50b775821
2025-08-21 05:38:14,769 - INFO - ---> 154cbd1a0983
2025-08-21 05:38:14,770 - INFO - Successfully built 154cbd1a0983
2025-08-21 05:38:14,776 - INFO - Successfully tagged sweb.env.x86_64.a33dddf55cdff5d8e23374:latest
2025-08-21 05:38:14,776 - INFO - Image built successfully!
