2025-08-21 05:43:32,097 - INFO - Building image sweb.env.x86_64.574160a64a279afa47450f:latest
Using dockerfile:
FROM --platform=linux/x86_64 sweb.base.x86_64:latest

COPY ./setup_env.sh /root/
RUN sed -i -e 's/\r$//' /root/setup_env.sh
RUN chmod +x /root/setup_env.sh
RUN /bin/bash -c "source ~/.bashrc && /root/setup_env.sh"

WORKDIR /testbed/

# Automatically activate the testbed environment
RUN echo "source /opt/miniconda3/etc/profile.d/conda.sh && conda activate testbed" > /root/.bashrc

Adding (1) setup scripts to image build repo
2025-08-21 05:43:32,097 - INFO - [SETUP SCRIPT] setup_env.sh:
#!/bin/bash
set -euxo pipefail
source /opt/miniconda3/bin/activate
conda create -n testbed python=3.8 -y
cat <<'EOF_59812759871' > $HOME/requirements.txt
sphinx>=3.0.0
colorspacious
ipython
ipywidgets
numpydoc>=1.0
packaging>=20
pydata-sphinx-theme>=0.12.0
mpl-sphinx-theme
sphinxcontrib-svg2pdfconverter>=1.1.0
sphinx-gallery>=0.10
sphinx-copybutton
sphinx-design
certifi
coverage!=6.3
psutil
pytest!=4.6.0,!=5.4.0
pytest-cov
pytest-rerunfailures
pytest-timeout
pytest-xdist
pytest-xvfb
tornado
--prefer-binary
ipykernel
nbconvert[execute]!=6.0.0,!=6.0.1
nbformat!=5.0.0,!=5.0.1
pandas!=0.25.0
pikepdf
pytz
pywin32; sys.platform == 'win32'
xarray
flake8>=3.8
pydocstyle>=5.1.0
flake8-docstrings>=1.4.0
flake8-force

EOF_59812759871
conda activate testbed && python -m pip install -r $HOME/requirements.txt
rm $HOME/requirements.txt
conda activate testbed
python -m pip install pytest ipython

2025-08-21 05:43:32,098 - INFO - Building docker image sweb.env.x86_64.574160a64a279afa47450f:latest in logs/build_images/env/sweb.env.x86_64.574160a64a279afa47450f__latest with platform linux/x86_64
2025-08-21 05:43:32,102 - INFO - Step 1/7 : FROM --platform=linux/x86_64 sweb.base.x86_64:latest
2025-08-21 05:43:32,102 - INFO - 
2025-08-21 05:43:32,102 - INFO - ---> 5cca6898c8d9
2025-08-21 05:43:32,102 - INFO - Step 2/7 : COPY ./setup_env.sh /root/
2025-08-21 05:43:32,102 - INFO - 
2025-08-21 05:43:32,152 - INFO - ---> 86631a405dc0
2025-08-21 05:43:32,152 - INFO - Step 3/7 : RUN sed -i -e 's/\r$//' /root/setup_env.sh
2025-08-21 05:43:32,152 - INFO - 
2025-08-21 05:43:32,183 - INFO - ---> Running in a0d9af6e72b3
2025-08-21 05:43:32,577 - INFO - ---> Removed intermediate container a0d9af6e72b3
2025-08-21 05:43:32,577 - INFO - ---> 153b6872636e
2025-08-21 05:43:32,577 - INFO - Step 4/7 : RUN chmod +x /root/setup_env.sh
2025-08-21 05:43:32,577 - INFO - 
2025-08-21 05:43:32,606 - INFO - ---> Running in 81ac349d74e9
2025-08-21 05:43:33,100 - INFO - ---> Removed intermediate container 81ac349d74e9
2025-08-21 05:43:33,100 - INFO - ---> 2f33c76481f1
2025-08-21 05:43:33,100 - INFO - Step 5/7 : RUN /bin/bash -c "source ~/.bashrc && /root/setup_env.sh"
2025-08-21 05:43:33,100 - INFO - 
2025-08-21 05:43:33,135 - INFO - ---> Running in 3b781c776f5f
2025-08-21 05:43:33,302 - INFO - + source /opt/miniconda3/bin/activate
++ _CONDA_ROOT=/opt/miniconda3
++ . /opt/miniconda3/etc/profile.d/conda.sh
+++ export CONDA_EXE=/opt/miniconda3/bin/conda
+++ CONDA_EXE=/opt/miniconda3/bin/conda
2025-08-21 05:43:33,302 - INFO - +++ export _CE_M=
+++ _CE_M=
+++ export _CE_CONDA=
+++ _CE_CONDA=
+++ export CONDA_PYTHON_EXE=/opt/miniconda3/bin/python
+++ CONDA_PYTHON_EXE=/opt/miniconda3/bin/python
2025-08-21 05:43:33,302 - INFO - +++ '[' -z '' ']'
2025-08-21 05:43:33,303 - INFO - +++ export CONDA_SHLVL=0
+++ CONDA_SHLVL=0
+++ '[' -n '' ']'
2025-08-21 05:43:33,304 - INFO - +++++ dirname /opt/miniconda3/bin/conda
2025-08-21 05:43:33,306 - INFO - ++++ dirname /opt/miniconda3/bin
2025-08-21 05:43:33,307 - INFO - +++ PATH=/opt/miniconda3/condabin:/opt/miniconda3/bin:/usr/local/sbin:/usr/local/bin:/usr/sbin:/usr/bin:/sbin:/bin
+++ export PATH
2025-08-21 05:43:33,307 - INFO - +++ '[' -z '' ']'
+++ PS1=
2025-08-21 05:43:33,307 - INFO - ++ conda activate
2025-08-21 05:43:33,307 - INFO - ++ local cmd=activate
++ case "$cmd" in
2025-08-21 05:43:33,307 - INFO - ++ __conda_activate activate
2025-08-21 05:43:33,307 - INFO - ++ '[' -n '' ']'
++ local ask_conda
2025-08-21 05:43:33,308 - INFO - +++ PS1=
2025-08-21 05:43:33,308 - INFO - +++ __conda_exe shell.posix activate
2025-08-21 05:43:33,309 - INFO - +++ /opt/miniconda3/bin/conda shell.posix activate
2025-08-21 05:43:33,424 - INFO - ++ ask_conda='PS1='\''(base) '\''
export PATH='\''/opt/miniconda3/bin:/opt/miniconda3/condabin:/opt/miniconda3/bin:/usr/local/sbin:/usr/local/bin:/usr/sbin:/usr/bin:/sbin:/bin'\''
export CONDA_PREFIX='\''/opt/miniconda3'\''
export CONDA_SHLVL='\''1'\''
export CONDA_DEFAULT_ENV='\''base'\''
export CONDA_PROMPT_MODIFIER='\''(base) '\''
export CONDA_EXE='\''/opt/miniconda3/bin/conda'\''
export _CE_M='\'''\''
export _CE_CONDA='\'''\''
export CONDA_PYTHON_EXE='\''/opt/miniconda3/bin/python'\'''
++ eval 'PS1='\''(base) '\''
export PATH='\''/opt/miniconda3/bin:/opt/miniconda3/condabin:/opt/miniconda3/bin:/usr/local/sbin:/usr/local/bin:/usr/sbin:/usr/bin:/sbin:/bin'\''
export CONDA_PREFIX='\''/opt/miniconda3'\''
export CONDA_SHLVL='\''1'\''
export CONDA_DEFAULT_ENV='\''base'\''
export CONDA_PROMPT_MODIFIER='\''(base) '\''
export CONDA_EXE='\''/opt/miniconda3/bin/conda'\''
export _CE_M='\'''\''
export _CE_CONDA='\'''\''
export CONDA_PYTHON_EXE='\''/opt/miniconda3/bin/python'\'''
+++ PS1='(base) '
+++ export PATH=/opt/miniconda3/bin:/opt/miniconda3/condabin:/opt/miniconda3/bin:/usr/local/sbin:/usr/local/bin:/usr/sbin:/usr/bin:/sbin:/bin
+++ PATH=/opt/miniconda3/bin:/opt/miniconda3/condabin:/opt/miniconda3/bin:/usr/local/sbin:/usr/local/bin:/usr/sbin:/usr/bin:/sbin:/bin
+++ export CONDA_PREFIX=/opt/miniconda3
+++ CONDA_PREFIX=/opt/miniconda3
+++ export CONDA_SHLVL=1
+++ CONDA_SHLVL=1
+++ export CONDA_DEFAULT_ENV=base
+++ CONDA_DEFAULT_ENV=base
+++ export 'CONDA_PROMPT_MODIFIER=(base) '
+++ CONDA_PROMPT_MODIFIER='(base) '
+++ export CONDA_EXE=/opt/miniconda3/bin/conda
+++ CONDA_EXE=/opt/miniconda3/bin/conda
+++ export _CE_M=
+++ _CE_M=
2025-08-21 05:43:33,424 - INFO - +++ export _CE_CONDA=
+++ _CE_CONDA=
+++ export CONDA_PYTHON_EXE=/opt/miniconda3/bin/python
+++ CONDA_PYTHON_EXE=/opt/miniconda3/bin/python
++ __conda_hashr
++ '[' -n '' ']'
++ '[' -n '' ']'
++ hash -r
2025-08-21 05:43:33,424 - INFO - + conda create -n testbed python=3.8 -y
+ local cmd=create
+ case "$cmd" in
+ __conda_exe create -n testbed python=3.8 -y
2025-08-21 05:43:33,424 - INFO - + /opt/miniconda3/bin/conda create -n testbed python=3.8 -y
2025-08-21 05:43:33,993 - INFO - Channels:
 - defaults
 - conda-forge
Platform: linux-64
Collecting package metadata (repodata.json): ...working...
2025-08-21 05:45:01,052 - INFO - done
Solving environment: ...working...
2025-08-21 05:45:02,726 - INFO - done
2025-08-21 05:45:23,672 - INFO - ## Package Plan ##

  environment location: /opt/miniconda3/envs/testbed

  added / updated specs:
    - python=3.8


The following packages will be downloaded:

    package                    |            build
    ---------------------------|-----------------
    ca-certificates-2025.7.15  |       h06a4308_0         126 KB
    ld_impl_linux-64-2.40      |       h12ee557_0         710 KB
    libffi-3.4.4               |       h6a678d5_1         141 KB
    libxcb-1.17.0              |       h9b100fa_0         430 KB
    ncurses-6.5                |       h7934f7d_0         1.1 MB
    openssl-3.0.17             |       h5eee18b_0         5.2 MB
    pip-24.2                   |   py38h06a4308_0         2.2 MB
    pthread-stubs-0.3          |       h0ce48e5_1           5 KB
    python-3.8.20              |       he870216_0        23.8 MB
    readline-8.3               |       hc2a1206_0         471 KB
    setuptools-75.1.0          |   py38h06a4308_0         1.7 MB
    sqlite-3.50.2              |       hb25bd0a_1         1.1 MB
    tk-8.6.15                  |       h54e0aa7_0         3.4 MB
    wheel-0.44.0               |   py38h06a4308_0         108 KB
    xorg-libx11-1.8.12         |       h9b100fa_1         895 KB
    xorg-libxau-1.0.12         |       h9b100fa_0          13 KB
    xorg-libxdmcp-1.1.5        |       h9b100fa_0          19 KB
    xorg-xorgproto-2024.1      |       h5eee18b_1         580 KB
    xz-5.6.4                   |       h5eee18b_1         567 KB
    zlib-1.2.13                |       h5eee18b_1         111 KB
    ------------------------------------------------------------
                                           Total:        42.6 MB

The following NEW packages will be INSTALLED:

  _libgcc_mutex      pkgs/main/linux-64::_libgcc_mutex-0.1-main 
  _openmp_mutex      pkgs/main/linux-64::_openmp_mutex-5.1-1_gnu 
  ca-certificates    pkgs/main/linux-64::ca-certificates-2025.7.15-h06a4308_0 
  ld_impl_linux-64   pkgs/main/linux-64::ld_impl_linux-64-2.40-h12ee557_0 
  libffi             pkgs/main/linux-64::libffi-3.4.4-h6a678d5_1 
  libgcc-ng          pkgs/main/linux-64::libgcc-ng-11.2.0-h1234567_1 
  libgomp            pkgs/main/linux-64::libgomp-11.2.0-h1234567_1 
  libstdcxx-ng       pkgs/main/linux-64::libstdcxx-ng-11.2.0-h1234567_1 
  libxcb             pkgs/main/linux-64::libxcb-1.17.0-h9b100fa_0 
  ncurses            pkgs/main/linux-64::ncurses-6.5-h7934f7d_0 
  openssl            pkgs/main/linux-64::openssl-3.0.17-h5eee18b_0 
  pip                pkgs/main/linux-64::pip-24.2-py38h06a4308_0 
  pthread-stubs      pkgs/main/linux-64::pthread-stubs-0.3-h0ce48e5_1 
  python             pkgs/main/linux-64::python-3.8.20-he870216_0 
  readline           pkgs/main/linux-64::readline-8.3-hc2a1206_0 
  setuptools         pkgs/main/linux-64::setuptools-75.1.0-py38h06a4308_0 
  sqlite             pkgs/main/linux-64::sqlite-3.50.2-hb25bd0a_1 
  tk                 pkgs/main/linux-64::tk-8.6.15-h54e0aa7_0 
  wheel              pkgs/main/linux-64::wheel-0.44.0-py38h06a4308_0 
  xorg-libx11        pkgs/main/linux-64::xorg-libx11-1.8.12-h9b100fa_1 
  xorg-libxau        pkgs/main/linux-64::xorg-libxau-1.0.12-h9b100fa_0 
  xorg-libxdmcp      pkgs/main/linux-64::xorg-libxdmcp-1.1.5-h9b100fa_0 
  xorg-xorgproto     pkgs/main/linux-64::xorg-xorgproto-2024.1-h5eee18b_1 
  xz                 pkgs/main/linux-64::xz-5.6.4-h5eee18b_1 
  zlib               pkgs/main/linux-64::zlib-1.2.13-h5eee18b_1 



Downloading and Extracting Packages: ...working... done
Preparing transaction: ...working...
2025-08-21 05:45:23,928 - INFO - done
Verifying transaction: ...working...
2025-08-21 05:45:25,214 - INFO - done
2025-08-21 05:45:25,215 - INFO - Executing transaction: ...working...
2025-08-21 05:45:27,212 - INFO - done
2025-08-21 05:45:27,424 - INFO - #
# To activate this environment, use
#
#     $ conda activate testbed
#
# To deactivate an active environment, use
#
#     $ conda deactivate
2025-08-21 05:45:27,533 - INFO - + cat
2025-08-21 05:45:27,553 - INFO - + conda activate testbed
+ local cmd=activate
+ case "$cmd" in
+ __conda_activate activate testbed
+ '[' -n '' ']'
+ local ask_conda
2025-08-21 05:45:27,554 - INFO - ++ PS1='(base) '
++ __conda_exe shell.posix activate testbed
2025-08-21 05:45:27,554 - INFO - ++ /opt/miniconda3/bin/conda shell.posix activate testbed
2025-08-21 05:45:27,679 - INFO - + ask_conda='PS1='\''(testbed) '\''
export PATH='\''/opt/miniconda3/envs/testbed/bin:/opt/miniconda3/condabin:/opt/miniconda3/bin:/usr/local/sbin:/usr/local/bin:/usr/sbin:/usr/bin:/sbin:/bin'\''
export CONDA_PREFIX='\''/opt/miniconda3/envs/testbed'\''
export CONDA_SHLVL='\''2'\''
export CONDA_DEFAULT_ENV='\''testbed'\''
export CONDA_PROMPT_MODIFIER='\''(testbed) '\''
export CONDA_PREFIX_1='\''/opt/miniconda3'\''
export CONDA_EXE='\''/opt/miniconda3/bin/conda'\''
export _CE_M='\'''\''
export _CE_CONDA='\'''\''
export CONDA_PYTHON_EXE='\''/opt/miniconda3/bin/python'\'''
+ eval 'PS1='\''(testbed) '\''
export PATH='\''/opt/miniconda3/envs/testbed/bin:/opt/miniconda3/condabin:/opt/miniconda3/bin:/usr/local/sbin:/usr/local/bin:/usr/sbin:/usr/bin:/sbin:/bin'\''
export CONDA_PREFIX='\''/opt/miniconda3/envs/testbed'\''
export CONDA_SHLVL='\''2'\''
export CONDA_DEFAULT_ENV='\''testbed'\''
export CONDA_PROMPT_MODIFIER='\''(testbed) '\''
export CONDA_PREFIX_1='\''/opt/miniconda3'\''
export CONDA_EXE='\''/opt/miniconda3/bin/conda'\''
export _CE_M='\'''\''
export _CE_CONDA='\'''\''
export CONDA_PYTHON_EXE='\''/opt/miniconda3/bin/python'\'''
++ PS1='(testbed) '
++ export PATH=/opt/miniconda3/envs/testbed/bin:/opt/miniconda3/condabin:/opt/miniconda3/bin:/usr/local/sbin:/usr/local/bin:/usr/sbin:/usr/bin:/sbin:/bin
++ PATH=/opt/miniconda3/envs/testbed/bin:/opt/miniconda3/condabin:/opt/miniconda3/bin:/usr/local/sbin:/usr/local/bin:/usr/sbin:/usr/bin:/sbin:/bin
++ export CONDA_PREFIX=/opt/miniconda3/envs/testbed
++ CONDA_PREFIX=/opt/miniconda3/envs/testbed
++ export CONDA_SHLVL=2
++ CONDA_SHLVL=2
++ export CONDA_DEFAULT_ENV=testbed
++ CONDA_DEFAULT_ENV=testbed
++ export 'CONDA_PROMPT_MODIFIER=(testbed) '
++ CONDA_PROMPT_MODIFIER='(testbed) '
++ export CONDA_PREFIX_1=/opt/miniconda3
++ CONDA_PREFIX_1=/opt/miniconda3
++ export CONDA_EXE=/opt/miniconda3/bin/conda
++ CONDA_EXE=/opt/miniconda3/bin/conda
++ export _CE_M=
++ _CE_M=
++ export _CE_CONDA=
++ _CE_CONDA=
++ export CONDA_PYTHON_EXE=/opt/miniconda3/bin/python
++ CONDA_PYTHON_EXE=/opt/miniconda3/bin/python
+ __conda_hashr
2025-08-21 05:45:27,681 - INFO - + '[' -n '' ']'
+ '[' -n '' ']'
+ hash -r
+ python -m pip install -r /root/requirements.txt
2025-08-21 05:45:28,040 - INFO - Ignoring pywin32: markers 'sys_platform == "win32"' don't match your environment
2025-08-21 05:45:28,913 - INFO - Collecting sphinx>=3.0.0 (from -r /root/requirements.txt (line 1))
2025-08-21 05:45:29,283 - INFO - Downloading sphinx-7.1.2-py3-none-any.whl.metadata (5.8 kB)
2025-08-21 05:45:30,331 - INFO - Collecting colorspacious (from -r /root/requirements.txt (line 2))
2025-08-21 05:45:30,460 - INFO - Downloading colorspacious-1.1.2-py2.py3-none-any.whl.metadata (3.6 kB)
2025-08-21 05:45:32,135 - INFO - Collecting ipython (from -r /root/requirements.txt (line 3))
2025-08-21 05:45:32,367 - INFO - Downloading ipython-8.12.3-py3-none-any.whl.metadata (5.7 kB)
2025-08-21 05:45:33,180 - INFO - Collecting ipywidgets (from -r /root/requirements.txt (line 4))
2025-08-21 05:45:33,342 - INFO - Downloading ipywidgets-8.1.7-py3-none-any.whl.metadata (2.4 kB)
2025-08-21 05:45:33,557 - INFO - Collecting numpydoc>=1.0 (from -r /root/requirements.txt (line 5))
2025-08-21 05:45:33,669 - INFO - Downloading numpydoc-1.7.0-py3-none-any.whl.metadata (4.2 kB)
2025-08-21 05:45:33,814 - INFO - Collecting packaging>=20 (from -r /root/requirements.txt (line 6))
2025-08-21 05:45:33,928 - INFO - Downloading packaging-25.0-py3-none-any.whl.metadata (3.3 kB)
2025-08-21 05:45:34,315 - INFO - Collecting pydata-sphinx-theme>=0.12.0 (from -r /root/requirements.txt (line 7))
2025-08-21 05:45:34,430 - INFO - Downloading pydata_sphinx_theme-0.14.4-py3-none-any.whl.metadata (7.3 kB)
2025-08-21 05:45:34,817 - INFO - Collecting mpl-sphinx-theme (from -r /root/requirements.txt (line 8))
2025-08-21 05:45:34,930 - INFO - Downloading mpl_sphinx_theme-3.9.0-py3-none-any.whl.metadata (5.7 kB)
2025-08-21 05:45:35,288 - INFO - Collecting sphinxcontrib-svg2pdfconverter>=1.1.0 (from -r /root/requirements.txt (line 9))
2025-08-21 05:45:35,400 - INFO - Downloading sphinxcontrib_svg2pdfconverter-1.3.0-py3-none-any.whl.metadata (3.3 kB)
2025-08-21 05:45:35,754 - INFO - Collecting sphinx-gallery>=0.10 (from -r /root/requirements.txt (line 10))
2025-08-21 05:45:35,871 - INFO - Downloading sphinx_gallery-0.19.0-py3-none-any.whl.metadata (8.9 kB)
2025-08-21 05:45:36,260 - INFO - Collecting sphinx-copybutton (from -r /root/requirements.txt (line 11))
2025-08-21 05:45:36,372 - INFO - Downloading sphinx_copybutton-0.5.2-py3-none-any.whl.metadata (3.2 kB)
2025-08-21 05:45:36,721 - INFO - Collecting sphinx-design (from -r /root/requirements.txt (line 12))
2025-08-21 05:45:36,835 - INFO - Downloading sphinx_design-0.5.0-py3-none-any.whl.metadata (5.1 kB)
2025-08-21 05:45:36,974 - INFO - Collecting certifi (from -r /root/requirements.txt (line 13))
2025-08-21 05:45:37,086 - INFO - Downloading certifi-2025.8.3-py3-none-any.whl.metadata (2.4 kB)
2025-08-21 05:45:37,882 - INFO - Collecting coverage!=6.3 (from -r /root/requirements.txt (line 14))
2025-08-21 05:45:38,088 - INFO - Downloading coverage-7.6.1-cp38-cp38-manylinux_2_5_x86_64.manylinux1_x86_64.manylinux_2_17_x86_64.manylinux2014_x86_64.whl.metadata (8.3 kB)
2025-08-21 05:45:38,336 - INFO - Collecting psutil (from -r /root/requirements.txt (line 15))
2025-08-21 05:45:38,452 - INFO - Downloading psutil-7.0.0-cp36-abi3-manylinux_2_12_x86_64.manylinux2010_x86_64.manylinux_2_17_x86_64.manylinux2014_x86_64.whl.metadata (22 kB)
2025-08-21 05:45:38,663 - INFO - Collecting pytest!=4.6.0,!=5.4.0 (from -r /root/requirements.txt (line 16))
2025-08-21 05:45:38,780 - INFO - Downloading pytest-8.3.5-py3-none-any.whl.metadata (7.6 kB)
2025-08-21 05:45:38,917 - INFO - Collecting pytest-cov (from -r /root/requirements.txt (line 17))
2025-08-21 05:45:39,051 - INFO - Downloading pytest_cov-5.0.0-py3-none-any.whl.metadata (27 kB)
2025-08-21 05:45:39,181 - INFO - Collecting pytest-rerunfailures (from -r /root/requirements.txt (line 18))
2025-08-21 05:45:39,290 - INFO - Downloading pytest_rerunfailures-14.0-py3-none-any.whl.metadata (18 kB)
2025-08-21 05:45:39,433 - INFO - Collecting pytest-timeout (from -r /root/requirements.txt (line 19))
2025-08-21 05:45:39,548 - INFO - Downloading pytest_timeout-2.4.0-py3-none-any.whl.metadata (20 kB)
2025-08-21 05:45:39,697 - INFO - Collecting pytest-xdist (from -r /root/requirements.txt (line 20))
2025-08-21 05:45:39,811 - INFO - Downloading pytest_xdist-3.6.1-py3-none-any.whl.metadata (4.3 kB)
2025-08-21 05:45:40,169 - INFO - Collecting pytest-xvfb (from -r /root/requirements.txt (line 21))
2025-08-21 05:45:40,288 - INFO - Downloading pytest_xvfb-3.0.0-py3-none-any.whl.metadata (4.8 kB)
2025-08-21 05:45:40,455 - INFO - Collecting tornado (from -r /root/requirements.txt (line 22))
2025-08-21 05:45:40,760 - INFO - Downloading tornado-6.4.2-cp38-abi3-manylinux_2_5_x86_64.manylinux1_x86_64.manylinux_2_17_x86_64.manylinux2014_x86_64.whl.metadata (2.5 kB)
2025-08-21 05:45:40,914 - INFO - Collecting ipykernel (from -r /root/requirements.txt (line 24))
2025-08-21 05:45:41,029 - INFO - Downloading ipykernel-6.29.5-py3-none-any.whl.metadata (6.3 kB)
2025-08-21 05:45:41,187 - INFO - Collecting nbconvert!=6.0.0,!=6.0.1 (from nbconvert[execute]!=6.0.0,!=6.0.1->-r /root/requirements.txt (line 25))
2025-08-21 05:45:41,433 - INFO - Downloading nbconvert-7.16.6-py3-none-any.whl.metadata (8.5 kB)
2025-08-21 05:45:41,571 - INFO - Collecting nbformat!=5.0.0,!=5.0.1 (from -r /root/requirements.txt (line 26))
2025-08-21 05:45:41,683 - INFO - Downloading nbformat-5.10.4-py3-none-any.whl.metadata (3.6 kB)
2025-08-21 05:45:42,086 - INFO - Collecting pandas!=0.25.0 (from -r /root/requirements.txt (line 27))
2025-08-21 05:45:42,265 - INFO - Downloading pandas-2.0.3-cp38-cp38-manylinux_2_17_x86_64.manylinux2014_x86_64.whl.metadata (18 kB)
2025-08-21 05:45:43,176 - INFO - Collecting pikepdf (from -r /root/requirements.txt (line 28))
2025-08-21 05:45:43,293 - INFO - Downloading pikepdf-9.2.1-cp38-cp38-manylinux_2_17_x86_64.manylinux2014_x86_64.whl.metadata (8.2 kB)
2025-08-21 05:45:43,476 - INFO - Collecting pytz (from -r /root/requirements.txt (line 29))
2025-08-21 05:45:43,589 - INFO - Downloading pytz-2025.2-py2.py3-none-any.whl.metadata (22 kB)
2025-08-21 05:45:43,748 - INFO - Collecting xarray (from -r /root/requirements.txt (line 31))
2025-08-21 05:45:43,863 - INFO - Downloading xarray-2023.1.0-py3-none-any.whl.metadata (6.2 kB)
2025-08-21 05:45:44,012 - INFO - Collecting flake8>=3.8 (from -r /root/requirements.txt (line 32))
2025-08-21 05:45:44,125 - INFO - Downloading flake8-7.1.2-py2.py3-none-any.whl.metadata (3.8 kB)
2025-08-21 05:45:44,249 - INFO - Collecting pydocstyle>=5.1.0 (from -r /root/requirements.txt (line 33))
2025-08-21 05:45:44,361 - INFO - Downloading pydocstyle-6.3.0-py3-none-any.whl.metadata (3.7 kB)
2025-08-21 05:45:44,710 - INFO - Collecting flake8-docstrings>=1.4.0 (from -r /root/requirements.txt (line 34))
2025-08-21 05:45:44,822 - INFO - Downloading flake8_docstrings-1.7.0-py2.py3-none-any.whl.metadata (2.0 kB)
2025-08-21 05:45:45,165 - INFO - Collecting flake8-force (from -r /root/requirements.txt (line 35))
2025-08-21 05:45:45,276 - INFO - Downloading flake8_force-0.0.2-py3-none-any.whl.metadata (2.7 kB)
2025-08-21 05:45:45,404 - INFO - Collecting sphinxcontrib-applehelp (from sphinx>=3.0.0->-r /root/requirements.txt (line 1))
2025-08-21 05:45:45,517 - INFO - Downloading sphinxcontrib_applehelp-1.0.4-py3-none-any.whl.metadata (2.7 kB)
2025-08-21 05:45:45,639 - INFO - Collecting sphinxcontrib-devhelp (from sphinx>=3.0.0->-r /root/requirements.txt (line 1))
2025-08-21 05:45:45,750 - INFO - Downloading sphinxcontrib_devhelp-1.0.2-py2.py3-none-any.whl.metadata (1.4 kB)
2025-08-21 05:45:45,869 - INFO - Collecting sphinxcontrib-jsmath (from sphinx>=3.0.0->-r /root/requirements.txt (line 1))
2025-08-21 05:45:45,981 - INFO - Downloading sphinxcontrib_jsmath-1.0.1-py2.py3-none-any.whl.metadata (1.4 kB)
2025-08-21 05:45:46,108 - INFO - Collecting sphinxcontrib-htmlhelp>=2.0.0 (from sphinx>=3.0.0->-r /root/requirements.txt (line 1))
2025-08-21 05:45:46,237 - INFO - Downloading sphinxcontrib_htmlhelp-2.0.1-py3-none-any.whl.metadata (2.8 kB)
2025-08-21 05:45:46,367 - INFO - Collecting sphinxcontrib-serializinghtml>=1.1.5 (from sphinx>=3.0.0->-r /root/requirements.txt (line 1))
2025-08-21 05:45:46,479 - INFO - Downloading sphinxcontrib_serializinghtml-1.1.5-py2.py3-none-any.whl.metadata (1.5 kB)
2025-08-21 05:45:46,606 - INFO - Collecting sphinxcontrib-qthelp (from sphinx>=3.0.0->-r /root/requirements.txt (line 1))
2025-08-21 05:45:46,715 - INFO - Downloading sphinxcontrib_qthelp-1.0.3-py2.py3-none-any.whl.metadata (1.4 kB)
2025-08-21 05:45:46,842 - INFO - Collecting Jinja2>=3.0 (from sphinx>=3.0.0->-r /root/requirements.txt (line 1))
2025-08-21 05:45:46,954 - INFO - Downloading jinja2-3.1.6-py3-none-any.whl.metadata (2.9 kB)
2025-08-21 05:45:47,089 - INFO - Collecting Pygments>=2.13 (from sphinx>=3.0.0->-r /root/requirements.txt (line 1))
2025-08-21 05:45:47,200 - INFO - Downloading pygments-2.19.2-py3-none-any.whl.metadata (2.5 kB)
2025-08-21 05:45:47,335 - INFO - Collecting docutils<0.21,>=0.18.1 (from sphinx>=3.0.0->-r /root/requirements.txt (line 1))
2025-08-21 05:45:47,447 - INFO - Downloading docutils-0.20.1-py3-none-any.whl.metadata (2.8 kB)
2025-08-21 05:45:47,573 - INFO - Collecting snowballstemmer>=2.0 (from sphinx>=3.0.0->-r /root/requirements.txt (line 1))
2025-08-21 05:45:47,687 - INFO - Downloading snowballstemmer-3.0.1-py3-none-any.whl.metadata (7.9 kB)
2025-08-21 05:45:47,821 - INFO - Collecting babel>=2.9 (from sphinx>=3.0.0->-r /root/requirements.txt (line 1))
2025-08-21 05:45:47,935 - INFO - Downloading babel-2.17.0-py3-none-any.whl.metadata (2.0 kB)
2025-08-21 05:45:48,060 - INFO - Collecting alabaster<0.8,>=0.7 (from sphinx>=3.0.0->-r /root/requirements.txt (line 1))
2025-08-21 05:45:48,173 - INFO - Downloading alabaster-0.7.13-py3-none-any.whl.metadata (3.0 kB)
2025-08-21 05:45:48,376 - INFO - Collecting imagesize>=1.3 (from sphinx>=3.0.0->-r /root/requirements.txt (line 1))
2025-08-21 05:45:48,500 - INFO - Downloading imagesize-1.4.1-py2.py3-none-any.whl.metadata (1.5 kB)
2025-08-21 05:45:48,882 - INFO - Collecting requests>=2.25.0 (from sphinx>=3.0.0->-r /root/requirements.txt (line 1))
2025-08-21 05:45:49,046 - INFO - Downloading requests-2.32.4-py3-none-any.whl.metadata (4.9 kB)
2025-08-21 05:45:49,696 - INFO - Collecting importlib-metadata>=4.8 (from sphinx>=3.0.0->-r /root/requirements.txt (line 1))
2025-08-21 05:45:50,009 - INFO - Downloading importlib_metadata-8.5.0-py3-none-any.whl.metadata (4.8 kB)
2025-08-21 05:45:50,659 - INFO - Collecting numpy (from colorspacious->-r /root/requirements.txt (line 2))
2025-08-21 05:45:50,772 - INFO - Downloading numpy-1.24.4-cp38-cp38-manylinux_2_17_x86_64.manylinux2014_x86_64.whl.metadata (5.6 kB)
2025-08-21 05:45:50,913 - INFO - Collecting backcall (from ipython->-r /root/requirements.txt (line 3))
2025-08-21 05:45:51,025 - INFO - Downloading backcall-0.2.0-py2.py3-none-any.whl.metadata (2.0 kB)
2025-08-21 05:45:51,156 - INFO - Collecting decorator (from ipython->-r /root/requirements.txt (line 3))
2025-08-21 05:45:51,269 - INFO - Downloading decorator-5.2.1-py3-none-any.whl.metadata (3.9 kB)
2025-08-21 05:45:51,403 - INFO - Collecting jedi>=0.16 (from ipython->-r /root/requirements.txt (line 3))
2025-08-21 05:45:51,518 - INFO - Downloading jedi-0.19.2-py2.py3-none-any.whl.metadata (22 kB)
2025-08-21 05:45:51,659 - INFO - Collecting matplotlib-inline (from ipython->-r /root/requirements.txt (line 3))
2025-08-21 05:45:51,772 - INFO - Downloading matplotlib_inline-0.1.7-py3-none-any.whl.metadata (3.9 kB)
2025-08-21 05:45:51,903 - INFO - Collecting pickleshare (from ipython->-r /root/requirements.txt (line 3))
2025-08-21 05:45:52,016 - INFO - Downloading pickleshare-0.7.5-py2.py3-none-any.whl.metadata (1.5 kB)
2025-08-21 05:45:52,288 - INFO - Collecting prompt-toolkit!=3.0.37,<3.1.0,>=3.0.30 (from ipython->-r /root/requirements.txt (line 3))
2025-08-21 05:45:52,403 - INFO - Downloading prompt_toolkit-3.0.51-py3-none-any.whl.metadata (6.4 kB)
2025-08-21 05:45:52,537 - INFO - Collecting stack-data (from ipython->-r /root/requirements.txt (line 3))
2025-08-21 05:45:52,656 - INFO - Downloading stack_data-0.6.3-py3-none-any.whl.metadata (18 kB)
2025-08-21 05:45:52,797 - INFO - Collecting traitlets>=5 (from ipython->-r /root/requirements.txt (line 3))
2025-08-21 05:45:52,911 - INFO - Downloading traitlets-5.14.3-py3-none-any.whl.metadata (10 kB)
2025-08-21 05:45:53,048 - INFO - Collecting typing-extensions (from ipython->-r /root/requirements.txt (line 3))
2025-08-21 05:45:53,159 - INFO - Downloading typing_extensions-4.13.2-py3-none-any.whl.metadata (3.0 kB)
2025-08-21 05:45:53,282 - INFO - Collecting pexpect>4.3 (from ipython->-r /root/requirements.txt (line 3))
2025-08-21 05:45:53,393 - INFO - Downloading pexpect-4.9.0-py2.py3-none-any.whl.metadata (2.5 kB)
2025-08-21 05:45:53,535 - INFO - Collecting comm>=0.1.3 (from ipywidgets->-r /root/requirements.txt (line 4))
2025-08-21 05:45:53,650 - INFO - Downloading comm-0.2.3-py3-none-any.whl.metadata (3.7 kB)
2025-08-21 05:45:53,813 - INFO - Collecting widgetsnbextension~=4.0.14 (from ipywidgets->-r /root/requirements.txt (line 4))
2025-08-21 05:45:53,928 - INFO - Downloading widgetsnbextension-4.0.14-py3-none-any.whl.metadata (1.6 kB)
2025-08-21 05:45:54,066 - INFO - Collecting jupyterlab_widgets~=3.0.15 (from ipywidgets->-r /root/requirements.txt (line 4))
2025-08-21 05:45:54,180 - INFO - Downloading jupyterlab_widgets-3.0.15-py3-none-any.whl.metadata (20 kB)
2025-08-21 05:45:54,354 - INFO - Collecting tabulate>=0.8.10 (from numpydoc>=1.0->-r /root/requirements.txt (line 5))
2025-08-21 05:45:54,463 - INFO - Downloading tabulate-0.9.0-py3-none-any.whl.metadata (34 kB)
2025-08-21 05:45:54,622 - INFO - Collecting tomli>=1.1.0 (from numpydoc>=1.0->-r /root/requirements.txt (line 5))
2025-08-21 05:45:54,743 - INFO - Downloading tomli-2.2.1-py3-none-any.whl.metadata (10 kB)
2025-08-21 05:45:54,894 - INFO - Collecting beautifulsoup4 (from pydata-sphinx-theme>=0.12.0->-r /root/requirements.txt (line 7))
2025-08-21 05:45:55,005 - INFO - Downloading beautifulsoup4-4.13.4-py3-none-any.whl.metadata (3.8 kB)
2025-08-21 05:45:55,367 - INFO - Collecting accessible-pygments (from pydata-sphinx-theme>=0.12.0->-r /root/requirements.txt (line 7))
2025-08-21 05:45:55,482 - INFO - Downloading accessible_pygments-0.0.4-py2.py3-none-any.whl.metadata (6.0 kB)
2025-08-21 05:45:55,839 - INFO - Collecting matplotlib (from mpl-sphinx-theme->-r /root/requirements.txt (line 8))
2025-08-21 05:45:55,952 - INFO - Downloading matplotlib-3.7.5-cp38-cp38-manylinux_2_12_x86_64.manylinux2010_x86_64.whl.metadata (5.7 kB)
2025-08-21 05:45:56,954 - INFO - Collecting pillow (from sphinx-gallery>=0.10->-r /root/requirements.txt (line 10))
2025-08-21 05:45:57,137 - INFO - Downloading pillow-10.4.0-cp38-cp38-manylinux_2_28_x86_64.whl.metadata (9.2 kB)
2025-08-21 05:45:57,937 - INFO - Collecting exceptiongroup>=1.0.0rc8 (from pytest!=4.6.0,!=5.4.0->-r /root/requirements.txt (line 16))
2025-08-21 05:45:58,617 - INFO - Downloading exceptiongroup-1.3.0-py3-none-any.whl.metadata (6.7 kB)
2025-08-21 05:45:59,634 - INFO - Collecting iniconfig (from pytest!=4.6.0,!=5.4.0->-r /root/requirements.txt (line 16))
2025-08-21 05:45:59,843 - INFO - Downloading iniconfig-2.1.0-py3-none-any.whl.metadata (2.7 kB)
2025-08-21 05:46:00,196 - INFO - Collecting pluggy<2,>=1.5 (from pytest!=4.6.0,!=5.4.0->-r /root/requirements.txt (line 16))
2025-08-21 05:46:00,311 - INFO - Downloading pluggy-1.5.0-py3-none-any.whl.metadata (4.8 kB)
2025-08-21 05:46:00,553 - INFO - Collecting execnet>=2.1 (from pytest-xdist->-r /root/requirements.txt (line 20))
2025-08-21 05:46:00,665 - INFO - Downloading execnet-2.1.1-py3-none-any.whl.metadata (2.9 kB)
2025-08-21 05:46:00,807 - INFO - Collecting pyvirtualdisplay>=1.3 (from pytest-xvfb->-r /root/requirements.txt (line 21))
2025-08-21 05:46:00,915 - INFO - Downloading PyVirtualDisplay-3.0-py3-none-any.whl.metadata (943 bytes)
2025-08-21 05:46:01,169 - INFO - Collecting debugpy>=1.6.5 (from ipykernel->-r /root/requirements.txt (line 24))
2025-08-21 05:46:01,281 - INFO - Downloading debugpy-1.8.16-cp38-cp38-manylinux_2_5_x86_64.manylinux1_x86_64.manylinux_2_17_x86_64.manylinux2014_x86_64.whl.metadata (1.1 kB)
2025-08-21 05:46:01,456 - INFO - Collecting jupyter-client>=6.1.12 (from ipykernel->-r /root/requirements.txt (line 24))
2025-08-21 05:46:01,571 - INFO - Downloading jupyter_client-8.6.3-py3-none-any.whl.metadata (8.3 kB)
2025-08-21 05:46:01,716 - INFO - Collecting jupyter-core!=5.0.*,>=4.12 (from ipykernel->-r /root/requirements.txt (line 24))
2025-08-21 05:46:01,829 - INFO - Downloading jupyter_core-5.8.1-py3-none-any.whl.metadata (1.6 kB)
2025-08-21 05:46:01,998 - INFO - Collecting nest-asyncio (from ipykernel->-r /root/requirements.txt (line 24))
2025-08-21 05:46:02,112 - INFO - Downloading nest_asyncio-1.6.0-py3-none-any.whl.metadata (2.8 kB)
2025-08-21 05:46:02,794 - INFO - Collecting pyzmq>=24 (from ipykernel->-r /root/requirements.txt (line 24))
2025-08-21 05:46:02,907 - INFO - Downloading pyzmq-27.0.1-cp38-cp38-manylinux2014_x86_64.manylinux_2_17_x86_64.whl.metadata (6.0 kB)
2025-08-21 05:46:03,049 - INFO - Collecting bleach!=5.0.0 (from bleach[css]!=5.0.0->nbconvert!=6.0.0,!=6.0.1->nbconvert[execute]!=6.0.0,!=6.0.1->-r /root/requirements.txt (line 25))
2025-08-21 05:46:03,162 - INFO - Downloading bleach-6.1.0-py3-none-any.whl.metadata (30 kB)
2025-08-21 05:46:03,308 - INFO - Collecting defusedxml (from nbconvert!=6.0.0,!=6.0.1->nbconvert[execute]!=6.0.0,!=6.0.1->-r /root/requirements.txt (line 25))
2025-08-21 05:46:03,423 - INFO - Downloading defusedxml-0.7.1-py2.py3-none-any.whl.metadata (32 kB)
2025-08-21 05:46:03,581 - INFO - Collecting jupyterlab-pygments (from nbconvert!=6.0.0,!=6.0.1->nbconvert[execute]!=6.0.0,!=6.0.1->-r /root/requirements.txt (line 25))
2025-08-21 05:46:03,696 - INFO - Downloading jupyterlab_pygments-0.3.0-py3-none-any.whl.metadata (4.4 kB)
2025-08-21 05:46:03,874 - INFO - Collecting markupsafe>=2.0 (from nbconvert!=6.0.0,!=6.0.1->nbconvert[execute]!=6.0.0,!=6.0.1->-r /root/requirements.txt (line 25))
2025-08-21 05:46:03,987 - INFO - Downloading MarkupSafe-2.1.5-cp38-cp38-manylinux_2_17_x86_64.manylinux2014_x86_64.whl.metadata (3.0 kB)
2025-08-21 05:46:04,151 - INFO - Collecting mistune<4,>=2.0.3 (from nbconvert!=6.0.0,!=6.0.1->nbconvert[execute]!=6.0.0,!=6.0.1->-r /root/requirements.txt (line 25))
2025-08-21 05:46:04,288 - INFO - Downloading mistune-3.1.3-py3-none-any.whl.metadata (1.8 kB)
2025-08-21 05:46:04,434 - INFO - Collecting nbclient>=0.5.0 (from nbconvert!=6.0.0,!=6.0.1->nbconvert[execute]!=6.0.0,!=6.0.1->-r /root/requirements.txt (line 25))
2025-08-21 05:46:04,549 - INFO - Downloading nbclient-0.10.1-py3-none-any.whl.metadata (8.2 kB)
2025-08-21 05:46:04,679 - INFO - Collecting pandocfilters>=1.4.1 (from nbconvert!=6.0.0,!=6.0.1->nbconvert[execute]!=6.0.0,!=6.0.1->-r /root/requirements.txt (line 25))
2025-08-21 05:46:04,791 - INFO - Downloading pandocfilters-1.5.1-py2.py3-none-any.whl.metadata (9.0 kB)
2025-08-21 05:46:04,934 - INFO - Collecting fastjsonschema>=2.15 (from nbformat!=5.0.0,!=5.0.1->-r /root/requirements.txt (line 26))
2025-08-21 05:46:05,045 - INFO - Downloading fastjsonschema-2.21.2-py3-none-any.whl.metadata (2.3 kB)
2025-08-21 05:46:05,191 - INFO - Collecting jsonschema>=2.6 (from nbformat!=5.0.0,!=5.0.1->-r /root/requirements.txt (line 26))
2025-08-21 05:46:05,322 - INFO - Downloading jsonschema-4.23.0-py3-none-any.whl.metadata (7.9 kB)
2025-08-21 05:46:05,455 - INFO - Collecting python-dateutil>=2.8.2 (from pandas!=0.25.0->-r /root/requirements.txt (line 27))
2025-08-21 05:46:05,568 - INFO - Downloading python_dateutil-2.9.0.post0-py2.py3-none-any.whl.metadata (8.4 kB)
2025-08-21 05:46:05,706 - INFO - Collecting tzdata>=2022.1 (from pandas!=0.25.0->-r /root/requirements.txt (line 27))
2025-08-21 05:46:05,819 - INFO - Downloading tzdata-2025.2-py2.py3-none-any.whl.metadata (1.4 kB)
2025-08-21 05:46:05,962 - INFO - Collecting Deprecated (from pikepdf->-r /root/requirements.txt (line 28))
2025-08-21 05:46:06,075 - INFO - Downloading Deprecated-1.2.18-py2.py3-none-any.whl.metadata (5.7 kB)
2025-08-21 05:46:06,441 - INFO - Collecting lxml>=4.8 (from pikepdf->-r /root/requirements.txt (line 28))
2025-08-21 05:46:06,552 - INFO - Downloading lxml-6.0.0-cp38-cp38-manylinux_2_27_x86_64.manylinux_2_28_x86_64.whl.metadata (6.3 kB)
2025-08-21 05:46:06,708 - INFO - Collecting mccabe<0.8.0,>=0.7.0 (from flake8>=3.8->-r /root/requirements.txt (line 32))
2025-08-21 05:46:06,822 - INFO - Downloading mccabe-0.7.0-py2.py3-none-any.whl.metadata (5.0 kB)
2025-08-21 05:46:06,956 - INFO - Collecting pycodestyle<2.13.0,>=2.12.0 (from flake8>=3.8->-r /root/requirements.txt (line 32))
2025-08-21 05:46:07,073 - INFO - Downloading pycodestyle-2.12.1-py2.py3-none-any.whl.metadata (4.5 kB)
2025-08-21 05:46:07,203 - INFO - Collecting pyflakes<3.3.0,>=3.2.0 (from flake8>=3.8->-r /root/requirements.txt (line 32))
2025-08-21 05:46:07,314 - INFO - Downloading pyflakes-3.2.0-py2.py3-none-any.whl.metadata (3.5 kB)
2025-08-21 05:46:07,350 - INFO - WARNING: nbconvert 7.16.6 does not provide the extra 'execute'
2025-08-21 05:46:07,488 - INFO - Collecting six>=1.9.0 (from bleach!=5.0.0->bleach[css]!=5.0.0->nbconvert!=6.0.0,!=6.0.1->nbconvert[execute]!=6.0.0,!=6.0.1->-r /root/requirements.txt (line 25))
2025-08-21 05:46:07,599 - INFO - Downloading six-1.17.0-py2.py3-none-any.whl.metadata (1.7 kB)
2025-08-21 05:46:07,721 - INFO - Collecting webencodings (from bleach!=5.0.0->bleach[css]!=5.0.0->nbconvert!=6.0.0,!=6.0.1->nbconvert[execute]!=6.0.0,!=6.0.1->-r /root/requirements.txt (line 25))
2025-08-21 05:46:07,833 - INFO - Downloading webencodings-0.5.1-py2.py3-none-any.whl.metadata (2.1 kB)
2025-08-21 05:46:08,200 - INFO - Collecting tinycss2<1.3,>=1.1.0 (from bleach[css]!=5.0.0->nbconvert!=6.0.0,!=6.0.1->nbconvert[execute]!=6.0.0,!=6.0.1->-r /root/requirements.txt (line 25))
2025-08-21 05:46:08,313 - INFO - Downloading tinycss2-1.2.1-py3-none-any.whl.metadata (3.0 kB)
2025-08-21 05:46:08,470 - INFO - Collecting zipp>=3.20 (from importlib-metadata>=4.8->sphinx>=3.0.0->-r /root/requirements.txt (line 1))
2025-08-21 05:46:08,583 - INFO - Downloading zipp-3.20.2-py3-none-any.whl.metadata (3.7 kB)
2025-08-21 05:46:08,732 - INFO - Collecting parso<0.9.0,>=0.8.4 (from jedi>=0.16->ipython->-r /root/requirements.txt (line 3))
2025-08-21 05:46:08,843 - INFO - Downloading parso-0.8.4-py2.py3-none-any.whl.metadata (7.7 kB)
2025-08-21 05:46:08,987 - INFO - Collecting attrs>=22.2.0 (from jsonschema>=2.6->nbformat!=5.0.0,!=5.0.1->-r /root/requirements.txt (line 26))
2025-08-21 05:46:09,099 - INFO - Downloading attrs-25.3.0-py3-none-any.whl.metadata (10 kB)
2025-08-21 05:46:09,268 - INFO - Collecting importlib-resources>=1.4.0 (from jsonschema>=2.6->nbformat!=5.0.0,!=5.0.1->-r /root/requirements.txt (line 26))
2025-08-21 05:46:09,382 - INFO - Downloading importlib_resources-6.4.5-py3-none-any.whl.metadata (4.0 kB)
2025-08-21 05:46:09,513 - INFO - Collecting jsonschema-specifications>=2023.03.6 (from jsonschema>=2.6->nbformat!=5.0.0,!=5.0.1->-r /root/requirements.txt (line 26))
2025-08-21 05:46:09,625 - INFO - Downloading jsonschema_specifications-2023.12.1-py3-none-any.whl.metadata (3.0 kB)
2025-08-21 05:46:09,751 - INFO - Collecting pkgutil-resolve-name>=1.3.10 (from jsonschema>=2.6->nbformat!=5.0.0,!=5.0.1->-r /root/requirements.txt (line 26))
2025-08-21 05:46:09,862 - INFO - Downloading pkgutil_resolve_name-1.3.10-py3-none-any.whl.metadata (624 bytes)
2025-08-21 05:46:10,010 - INFO - Collecting referencing>=0.28.4 (from jsonschema>=2.6->nbformat!=5.0.0,!=5.0.1->-r /root/requirements.txt (line 26))
2025-08-21 05:46:10,122 - INFO - Downloading referencing-0.35.1-py3-none-any.whl.metadata (2.8 kB)
2025-08-21 05:46:10,964 - INFO - Collecting rpds-py>=0.7.1 (from jsonschema>=2.6->nbformat!=5.0.0,!=5.0.1->-r /root/requirements.txt (line 26))
2025-08-21 05:46:11,076 - INFO - Downloading rpds_py-0.20.1-cp38-cp38-manylinux_2_17_x86_64.manylinux2014_x86_64.whl.metadata (4.2 kB)
2025-08-21 05:46:11,244 - INFO - Collecting platformdirs>=2.5 (from jupyter-core!=5.0.*,>=4.12->ipykernel->-r /root/requirements.txt (line 24))
2025-08-21 05:46:11,358 - INFO - Downloading platformdirs-4.3.6-py3-none-any.whl.metadata (11 kB)
2025-08-21 05:46:11,530 - INFO - Collecting ptyprocess>=0.5 (from pexpect>4.3->ipython->-r /root/requirements.txt (line 3))
2025-08-21 05:46:11,641 - INFO - Downloading ptyprocess-0.7.0-py2.py3-none-any.whl.metadata (1.3 kB)
2025-08-21 05:46:11,770 - INFO - Collecting wcwidth (from prompt-toolkit!=3.0.37,<3.1.0,>=3.0.30->ipython->-r /root/requirements.txt (line 3))
2025-08-21 05:46:11,883 - INFO - Downloading wcwidth-0.2.13-py2.py3-none-any.whl.metadata (14 kB)
2025-08-21 05:46:12,117 - INFO - Collecting charset_normalizer<4,>=2 (from requests>=2.25.0->sphinx>=3.0.0->-r /root/requirements.txt (line 1))
2025-08-21 05:46:12,231 - INFO - Downloading charset_normalizer-3.4.3-cp38-cp38-manylinux2014_x86_64.manylinux_2_17_x86_64.manylinux_2_28_x86_64.whl.metadata (36 kB)
2025-08-21 05:46:12,406 - INFO - Collecting idna<4,>=2.5 (from requests>=2.25.0->sphinx>=3.0.0->-r /root/requirements.txt (line 1))
2025-08-21 05:46:12,520 - INFO - Downloading idna-3.10-py3-none-any.whl.metadata (10 kB)
2025-08-21 05:46:12,676 - INFO - Collecting urllib3<3,>=1.21.1 (from requests>=2.25.0->sphinx>=3.0.0->-r /root/requirements.txt (line 1))
2025-08-21 05:46:12,789 - INFO - Downloading urllib3-2.2.3-py3-none-any.whl.metadata (6.5 kB)
2025-08-21 05:46:12,958 - INFO - Collecting soupsieve>1.2 (from beautifulsoup4->pydata-sphinx-theme>=0.12.0->-r /root/requirements.txt (line 7))
2025-08-21 05:46:13,072 - INFO - Downloading soupsieve-2.7-py3-none-any.whl.metadata (4.6 kB)
2025-08-21 05:46:13,344 - INFO - Collecting wrapt<2,>=1.10 (from Deprecated->pikepdf->-r /root/requirements.txt (line 28))
2025-08-21 05:46:13,456 - INFO - Downloading wrapt-1.17.3-cp38-cp38-manylinux1_x86_64.manylinux_2_28_x86_64.manylinux_2_5_x86_64.whl.metadata (6.4 kB)
2025-08-21 05:46:13,673 - INFO - Collecting contourpy>=1.0.1 (from matplotlib->mpl-sphinx-theme->-r /root/requirements.txt (line 8))
2025-08-21 05:46:13,788 - INFO - Downloading contourpy-1.1.1-cp38-cp38-manylinux_2_17_x86_64.manylinux2014_x86_64.whl.metadata (5.9 kB)
2025-08-21 05:46:13,913 - INFO - Collecting cycler>=0.10 (from matplotlib->mpl-sphinx-theme->-r /root/requirements.txt (line 8))
2025-08-21 05:46:14,023 - INFO - Downloading cycler-0.12.1-py3-none-any.whl.metadata (3.8 kB)
2025-08-21 05:46:14,365 - INFO - Collecting fonttools>=4.22.0 (from matplotlib->mpl-sphinx-theme->-r /root/requirements.txt (line 8))
2025-08-21 05:46:14,479 - INFO - Downloading fonttools-4.57.0-cp38-cp38-manylinux_2_17_x86_64.manylinux2014_x86_64.whl.metadata (102 kB)
2025-08-21 05:46:14,738 - INFO - Collecting kiwisolver>=1.0.1 (from matplotlib->mpl-sphinx-theme->-r /root/requirements.txt (line 8))
2025-08-21 05:46:14,849 - INFO - Downloading kiwisolver-1.4.7-cp38-cp38-manylinux_2_5_x86_64.manylinux1_x86_64.whl.metadata (6.3 kB)
2025-08-21 05:46:15,019 - INFO - Collecting pyparsing>=2.3.1 (from matplotlib->mpl-sphinx-theme->-r /root/requirements.txt (line 8))
2025-08-21 05:46:15,133 - INFO - Downloading pyparsing-3.1.4-py3-none-any.whl.metadata (5.1 kB)
2025-08-21 05:46:15,286 - INFO - Collecting executing>=1.2.0 (from stack-data->ipython->-r /root/requirements.txt (line 3))
2025-08-21 05:46:15,398 - INFO - Downloading executing-2.2.0-py2.py3-none-any.whl.metadata (8.9 kB)
2025-08-21 05:46:15,526 - INFO - Collecting asttokens>=2.1.0 (from stack-data->ipython->-r /root/requirements.txt (line 3))
2025-08-21 05:46:15,637 - INFO - Downloading asttokens-3.0.0-py3-none-any.whl.metadata (4.7 kB)
2025-08-21 05:46:15,771 - INFO - Collecting pure-eval (from stack-data->ipython->-r /root/requirements.txt (line 3))
2025-08-21 05:46:15,883 - INFO - Downloading pure_eval-0.2.3-py3-none-any.whl.metadata (6.3 kB)
2025-08-21 05:46:16,110 - INFO - Downloading sphinx-7.1.2-py3-none-any.whl (3.2 MB)
2025-08-21 05:46:16,896 - INFO - ━━━━━━━━━━━━━━━━━━━━━━━━━━━━━━━━━━━━━━━━ 3.2/3.2 MB 4.1 MB/s eta 0:00:00
2025-08-21 05:46:16,896 - INFO - 
2025-08-21 05:46:17,005 - INFO - Downloading colorspacious-1.1.2-py2.py3-none-any.whl (37 kB)
2025-08-21 05:46:17,124 - INFO - Downloading ipython-8.12.3-py3-none-any.whl (798 kB)
2025-08-21 05:46:17,267 - INFO - ━━━━━━━━━━━━━━━━━━━━━━━━━━━━━━━━━━━━━━━━ 798.3/798.3 kB 5.4 MB/s eta 0:00:00
2025-08-21 05:46:17,267 - INFO - 
2025-08-21 05:46:17,378 - INFO - Downloading ipywidgets-8.1.7-py3-none-any.whl (139 kB)
2025-08-21 05:46:17,518 - INFO - Downloading numpydoc-1.7.0-py3-none-any.whl (62 kB)
2025-08-21 05:46:17,640 - INFO - Downloading packaging-25.0-py3-none-any.whl (66 kB)
2025-08-21 05:46:17,774 - INFO - Downloading pydata_sphinx_theme-0.14.4-py3-none-any.whl (4.7 MB)
2025-08-21 05:46:18,415 - INFO - ━━━━━━━━━━━━━━━━━━━━━━━━━━━━━━━━━━━━━━━━ 4.7/4.7 MB 7.3 MB/s eta 0:00:00
2025-08-21 05:46:18,415 - INFO - 
2025-08-21 05:46:18,526 - INFO - Downloading mpl_sphinx_theme-3.9.0-py3-none-any.whl (53 kB)
2025-08-21 05:46:18,648 - INFO - Downloading sphinxcontrib_svg2pdfconverter-1.3.0-py3-none-any.whl (7.9 kB)
2025-08-21 05:46:18,766 - INFO - Downloading sphinx_gallery-0.19.0-py3-none-any.whl (455 kB)
2025-08-21 05:46:18,919 - INFO - Downloading sphinx_copybutton-0.5.2-py3-none-any.whl (13 kB)
2025-08-21 05:46:19,040 - INFO - Downloading sphinx_design-0.5.0-py3-none-any.whl (2.2 MB)
2025-08-21 05:46:19,225 - INFO - ━━━━━━━━━━━━━━━━━━━━━━━━━━━━━━━━━━━━━━━━ 2.2/2.2 MB 11.5 MB/s eta 0:00:00
2025-08-21 05:46:19,225 - INFO - 
2025-08-21 05:46:19,338 - INFO - Downloading certifi-2025.8.3-py3-none-any.whl (161 kB)
2025-08-21 05:46:19,489 - INFO - Downloading coverage-7.6.1-cp38-cp38-manylinux_2_5_x86_64.manylinux1_x86_64.manylinux_2_17_x86_64.manylinux2014_x86_64.whl (235 kB)
2025-08-21 05:46:19,618 - INFO - Downloading psutil-7.0.0-cp36-abi3-manylinux_2_12_x86_64.manylinux2010_x86_64.manylinux_2_17_x86_64.manylinux2014_x86_64.whl (277 kB)
2025-08-21 05:46:19,755 - INFO - Downloading pytest-8.3.5-py3-none-any.whl (343 kB)
2025-08-21 05:46:19,900 - INFO - Downloading pytest_cov-5.0.0-py3-none-any.whl (21 kB)
2025-08-21 05:46:20,038 - INFO - Downloading pytest_rerunfailures-14.0-py3-none-any.whl (12 kB)
2025-08-21 05:46:20,158 - INFO - Downloading pytest_timeout-2.4.0-py3-none-any.whl (14 kB)
2025-08-21 05:46:20,301 - INFO - Downloading pytest_xdist-3.6.1-py3-none-any.whl (46 kB)
2025-08-21 05:46:20,429 - INFO - Downloading pytest_xvfb-3.0.0-py3-none-any.whl (5.6 kB)
2025-08-21 05:46:20,577 - INFO - Downloading tornado-6.4.2-cp38-abi3-manylinux_2_5_x86_64.manylinux1_x86_64.manylinux_2_17_x86_64.manylinux2014_x86_64.whl (437 kB)
2025-08-21 05:46:20,800 - INFO - Downloading ipykernel-6.29.5-py3-none-any.whl (117 kB)
2025-08-21 05:46:20,925 - INFO - Downloading nbconvert-7.16.6-py3-none-any.whl (258 kB)
2025-08-21 05:46:21,088 - INFO - Downloading nbformat-5.10.4-py3-none-any.whl (78 kB)
2025-08-21 05:46:21,219 - INFO - Downloading pandas-2.0.3-cp38-cp38-manylinux_2_17_x86_64.manylinux2014_x86_64.whl (12.4 MB)
2025-08-21 05:46:23,105 - INFO - ━━━━━━━━━━━━━━━━━━━━━━━━━━━━━━━━━━━━━━━━ 12.4/12.4 MB 6.4 MB/s eta 0:00:00
2025-08-21 05:46:23,105 - INFO - 
2025-08-21 05:46:23,216 - INFO - Downloading pikepdf-9.2.1-cp38-cp38-manylinux_2_17_x86_64.manylinux2014_x86_64.whl (2.4 MB)
2025-08-21 05:46:23,546 - INFO - ━━━━━━━━━━━━━━━━━━━━━━━━━━━━━━━━━━━━━━━━ 2.4/2.4 MB 7.1 MB/s eta 0:00:00
2025-08-21 05:46:23,547 - INFO - 
2025-08-21 05:46:23,661 - INFO - Downloading pytz-2025.2-py2.py3-none-any.whl (509 kB)
2025-08-21 05:46:23,847 - INFO - Downloading xarray-2023.1.0-py3-none-any.whl (973 kB)
2025-08-21 05:46:23,963 - INFO - ━━━━━━━━━━━━━━━━━━━━━━━━━━━━━━━━━━━━━━━━ 973.1/973.1 kB 8.6 MB/s eta 0:00:00
2025-08-21 05:46:24,078 - INFO - Downloading flake8-7.1.2-py2.py3-none-any.whl (57 kB)
2025-08-21 05:46:24,196 - INFO - Downloading pydocstyle-6.3.0-py3-none-any.whl (38 kB)
2025-08-21 05:46:24,614 - INFO - Downloading flake8_docstrings-1.7.0-py2.py3-none-any.whl (5.0 kB)
2025-08-21 05:46:24,745 - INFO - Downloading flake8_force-0.0.2-py3-none-any.whl (4.3 kB)
2025-08-21 05:46:24,869 - INFO - Downloading alabaster-0.7.13-py3-none-any.whl (13 kB)
2025-08-21 05:46:25,000 - INFO - Downloading babel-2.17.0-py3-none-any.whl (10.2 MB)
2025-08-21 05:46:26,118 - INFO - ━━━━━━━━━━━━━━━━━━━━━━━━━━━━━━━━━━━━━━━━ 10.2/10.2 MB 9.0 MB/s eta 0:00:00
2025-08-21 05:46:26,118 - INFO - 
2025-08-21 05:46:26,227 - INFO - Downloading bleach-6.1.0-py3-none-any.whl (162 kB)
2025-08-21 05:46:26,360 - INFO - Downloading comm-0.2.3-py3-none-any.whl (7.3 kB)
2025-08-21 05:46:26,478 - INFO - Downloading debugpy-1.8.16-cp38-cp38-manylinux_2_5_x86_64.manylinux1_x86_64.manylinux_2_17_x86_64.manylinux2014_x86_64.whl (3.6 MB)
2025-08-21 05:46:26,734 - INFO - ━━━━━━━━━━━━━━━━━━━━━━━━━━━━━━━━━━━━━━━━ 3.6/3.6 MB 13.9 MB/s eta 0:00:00
2025-08-21 05:46:26,735 - INFO - 
2025-08-21 05:46:26,848 - INFO - Downloading docutils-0.20.1-py3-none-any.whl (572 kB)
2025-08-21 05:46:26,888 - INFO - ━━━━━━━━━━━━━━━━━━━━━━━━━━━━━━━━━━━━━━━━ 572.7/572.7 kB 10.1 MB/s eta 0:00:00
2025-08-21 05:46:26,999 - INFO - Downloading exceptiongroup-1.3.0-py3-none-any.whl (16 kB)
2025-08-21 05:46:27,117 - INFO - Downloading execnet-2.1.1-py3-none-any.whl (40 kB)
2025-08-21 05:46:27,236 - INFO - Downloading fastjsonschema-2.21.2-py3-none-any.whl (24 kB)
2025-08-21 05:46:27,353 - INFO - Downloading imagesize-1.4.1-py2.py3-none-any.whl (8.8 kB)
2025-08-21 05:46:27,473 - INFO - Downloading importlib_metadata-8.5.0-py3-none-any.whl (26 kB)
2025-08-21 05:46:27,592 - INFO - Downloading jedi-0.19.2-py2.py3-none-any.whl (1.6 MB)
2025-08-21 05:46:27,686 - INFO - ━━━━━━━━━━━━━━━━━━━━━━━━━━━━━━━━━━━━━━━━ 1.6/1.6 MB 15.7 MB/s eta 0:00:00
2025-08-21 05:46:27,686 - INFO - 
2025-08-21 05:46:27,798 - INFO - Downloading jinja2-3.1.6-py3-none-any.whl (134 kB)
2025-08-21 05:46:27,919 - INFO - Downloading jsonschema-4.23.0-py3-none-any.whl (88 kB)
2025-08-21 05:46:28,042 - INFO - Downloading jupyter_client-8.6.3-py3-none-any.whl (106 kB)
2025-08-21 05:46:28,161 - INFO - Downloading jupyter_core-5.8.1-py3-none-any.whl (28 kB)
2025-08-21 05:46:28,275 - INFO - Downloading jupyterlab_widgets-3.0.15-py3-none-any.whl (216 kB)
2025-08-21 05:46:28,436 - INFO - Downloading lxml-6.0.0-cp38-cp38-manylinux_2_27_x86_64.manylinux_2_28_x86_64.whl (5.2 MB)
2025-08-21 05:46:28,740 - INFO - ━━━━━━━━━━━━━━━━━━━━━━━━━━━━━━━━━━━━━━━━ 5.2/5.2 MB 16.5 MB/s eta 0:00:00
2025-08-21 05:46:28,740 - INFO - 
2025-08-21 05:46:28,851 - INFO - Downloading MarkupSafe-2.1.5-cp38-cp38-manylinux_2_17_x86_64.manylinux2014_x86_64.whl (26 kB)
2025-08-21 05:46:28,967 - INFO - Downloading matplotlib_inline-0.1.7-py3-none-any.whl (9.9 kB)
2025-08-21 05:46:29,084 - INFO - Downloading mccabe-0.7.0-py2.py3-none-any.whl (7.3 kB)
2025-08-21 05:46:29,204 - INFO - Downloading mistune-3.1.3-py3-none-any.whl (53 kB)
2025-08-21 05:46:29,322 - INFO - Downloading nbclient-0.10.1-py3-none-any.whl (25 kB)
2025-08-21 05:46:29,438 - INFO - Downloading numpy-1.24.4-cp38-cp38-manylinux_2_17_x86_64.manylinux2014_x86_64.whl (17.3 MB)
2025-08-21 05:46:52,178 - INFO - ━━━━━━━━━━━━━━━━━━━━━━━━━━━━━━━━━━━━━━━━ 17.3/17.3 MB 751.0 kB/s eta 0:00:00
2025-08-21 05:46:52,312 - INFO - Downloading pandocfilters-1.5.1-py2.py3-none-any.whl (8.7 kB)
2025-08-21 05:46:52,877 - INFO - Downloading pexpect-4.9.0-py2.py3-none-any.whl (63 kB)
2025-08-21 05:46:53,185 - INFO - Downloading pillow-10.4.0-cp38-cp38-manylinux_2_28_x86_64.whl (4.5 MB)
2025-08-21 05:46:53,497 - INFO - ━━━━━━━━━━━━━━━━━━━━━━━━━━━━━━━━━━━━━━━━ 4.5/4.5 MB 14.1 MB/s eta 0:00:00
2025-08-21 05:46:53,497 - INFO - 
2025-08-21 05:46:53,608 - INFO - Downloading pluggy-1.5.0-py3-none-any.whl (20 kB)
2025-08-21 05:46:53,725 - INFO - Downloading prompt_toolkit-3.0.51-py3-none-any.whl (387 kB)
2025-08-21 05:46:53,862 - INFO - Downloading pycodestyle-2.12.1-py2.py3-none-any.whl (31 kB)
2025-08-21 05:46:53,978 - INFO - Downloading pyflakes-3.2.0-py2.py3-none-any.whl (62 kB)
2025-08-21 05:46:54,101 - INFO - Downloading pygments-2.19.2-py3-none-any.whl (1.2 MB)
2025-08-21 05:46:54,202 - INFO - ━━━━━━━━━━━━━━━━━━━━━━━━━━━━━━━━━━━━━━━━ 1.2/1.2 MB 10.7 MB/s eta 0:00:00
2025-08-21 05:46:54,202 - INFO - 
2025-08-21 05:46:54,318 - INFO - Downloading python_dateutil-2.9.0.post0-py2.py3-none-any.whl (229 kB)
2025-08-21 05:46:54,447 - INFO - Downloading PyVirtualDisplay-3.0-py3-none-any.whl (15 kB)
2025-08-21 05:46:54,563 - INFO - Downloading pyzmq-27.0.1-cp38-cp38-manylinux2014_x86_64.manylinux_2_17_x86_64.whl (863 kB)
2025-08-21 05:46:54,627 - INFO - ━━━━━━━━━━━━━━━━━━━━━━━━━━━━━━━━━━━━━━━━ 863.7/863.7 kB 12.3 MB/s eta 0:00:00
2025-08-21 05:46:54,627 - INFO - 
2025-08-21 05:46:54,739 - INFO - Downloading requests-2.32.4-py3-none-any.whl (64 kB)
2025-08-21 05:46:54,855 - INFO - Downloading snowballstemmer-3.0.1-py3-none-any.whl (103 kB)
2025-08-21 05:46:54,978 - INFO - Downloading sphinxcontrib_htmlhelp-2.0.1-py3-none-any.whl (99 kB)
2025-08-21 05:46:55,098 - INFO - Downloading sphinxcontrib_serializinghtml-1.1.5-py2.py3-none-any.whl (94 kB)
2025-08-21 05:46:55,223 - INFO - Downloading tabulate-0.9.0-py3-none-any.whl (35 kB)
2025-08-21 05:46:55,340 - INFO - Downloading tomli-2.2.1-py3-none-any.whl (14 kB)
2025-08-21 05:46:55,460 - INFO - Downloading traitlets-5.14.3-py3-none-any.whl (85 kB)
2025-08-21 05:46:55,582 - INFO - Downloading typing_extensions-4.13.2-py3-none-any.whl (45 kB)
2025-08-21 05:46:55,703 - INFO - Downloading tzdata-2025.2-py2.py3-none-any.whl (347 kB)
2025-08-21 05:46:55,841 - INFO - Downloading widgetsnbextension-4.0.14-py3-none-any.whl (2.2 MB)
2025-08-21 05:46:55,994 - INFO - ━━━━━━━━━━━━━━━━━━━━━━━━━━━━━━━━━━━━━━━━ 2.2/2.2 MB 13.3 MB/s eta 0:00:00
2025-08-21 05:46:55,995 - INFO - 
2025-08-21 05:46:56,106 - INFO - Downloading accessible_pygments-0.0.4-py2.py3-none-any.whl (29 kB)
2025-08-21 05:46:56,340 - INFO - Downloading backcall-0.2.0-py2.py3-none-any.whl (11 kB)
2025-08-21 05:46:56,550 - INFO - Downloading beautifulsoup4-4.13.4-py3-none-any.whl (187 kB)
2025-08-21 05:46:56,674 - INFO - Downloading decorator-5.2.1-py3-none-any.whl (9.2 kB)
2025-08-21 05:46:56,793 - INFO - Downloading defusedxml-0.7.1-py2.py3-none-any.whl (25 kB)
2025-08-21 05:46:56,916 - INFO - Downloading Deprecated-1.2.18-py2.py3-none-any.whl (10.0 kB)
2025-08-21 05:46:57,036 - INFO - Downloading iniconfig-2.1.0-py3-none-any.whl (6.0 kB)
2025-08-21 05:46:57,150 - INFO - Downloading jupyterlab_pygments-0.3.0-py3-none-any.whl (15 kB)
2025-08-21 05:46:57,268 - INFO - Downloading matplotlib-3.7.5-cp38-cp38-manylinux_2_12_x86_64.manylinux2010_x86_64.whl (9.2 MB)
2025-08-21 05:46:58,551 - INFO - ━━━━━━━━━━━━━━━━━━━━━━━━━━━━━━━━━━━━━━━━ 9.2/9.2 MB 7.0 MB/s eta 0:00:00
2025-08-21 05:46:58,551 - INFO - 
2025-08-21 05:46:58,727 - INFO - Downloading nest_asyncio-1.6.0-py3-none-any.whl (5.2 kB)
2025-08-21 05:46:59,190 - INFO - Downloading pickleshare-0.7.5-py2.py3-none-any.whl (6.9 kB)
2025-08-21 05:46:59,568 - INFO - Downloading sphinxcontrib_applehelp-1.0.4-py3-none-any.whl (120 kB)
2025-08-21 05:46:59,698 - INFO - Downloading sphinxcontrib_devhelp-1.0.2-py2.py3-none-any.whl (84 kB)
2025-08-21 05:46:59,824 - INFO - Downloading sphinxcontrib_jsmath-1.0.1-py2.py3-none-any.whl (5.1 kB)
2025-08-21 05:46:59,943 - INFO - Downloading sphinxcontrib_qthelp-1.0.3-py2.py3-none-any.whl (90 kB)
2025-08-21 05:47:00,068 - INFO - Downloading stack_data-0.6.3-py3-none-any.whl (24 kB)
2025-08-21 05:47:00,190 - INFO - Downloading asttokens-3.0.0-py3-none-any.whl (26 kB)
2025-08-21 05:47:00,312 - INFO - Downloading attrs-25.3.0-py3-none-any.whl (63 kB)
2025-08-21 05:47:00,432 - INFO - Downloading charset_normalizer-3.4.3-cp38-cp38-manylinux2014_x86_64.manylinux_2_17_x86_64.manylinux_2_28_x86_64.whl (147 kB)
2025-08-21 05:47:00,680 - INFO - Downloading contourpy-1.1.1-cp38-cp38-manylinux_2_17_x86_64.manylinux2014_x86_64.whl (301 kB)
2025-08-21 05:47:00,833 - INFO - Downloading cycler-0.12.1-py3-none-any.whl (8.3 kB)
2025-08-21 05:47:00,954 - INFO - Downloading executing-2.2.0-py2.py3-none-any.whl (26 kB)
2025-08-21 05:47:01,075 - INFO - Downloading fonttools-4.57.0-cp38-cp38-manylinux_2_17_x86_64.manylinux2014_x86_64.whl (4.7 MB)
2025-08-21 05:47:01,660 - INFO - ━━━━━━━━━━━━━━━━━━━━━━━━━━━━━━━━━━━━━━━━ 4.7/4.7 MB 8.2 MB/s eta 0:00:00
2025-08-21 05:47:01,660 - INFO - 
2025-08-21 05:47:01,772 - INFO - Downloading idna-3.10-py3-none-any.whl (70 kB)
2025-08-21 05:47:01,897 - INFO - Downloading importlib_resources-6.4.5-py3-none-any.whl (36 kB)
2025-08-21 05:47:02,042 - INFO - Downloading jsonschema_specifications-2023.12.1-py3-none-any.whl (18 kB)
2025-08-21 05:47:02,160 - INFO - Downloading kiwisolver-1.4.7-cp38-cp38-manylinux_2_5_x86_64.manylinux1_x86_64.whl (1.2 MB)
2025-08-21 05:47:02,295 - INFO - ━━━━━━━━━━━━━━━━━━━━━━━━━━━━━━━━━━━━━━━━ 1.2/1.2 MB 8.2 MB/s eta 0:00:00
2025-08-21 05:47:02,295 - INFO - 
2025-08-21 05:47:02,412 - INFO - Downloading parso-0.8.4-py2.py3-none-any.whl (103 kB)
2025-08-21 05:47:02,539 - INFO - Downloading pkgutil_resolve_name-1.3.10-py3-none-any.whl (4.7 kB)
2025-08-21 05:47:02,661 - INFO - Downloading platformdirs-4.3.6-py3-none-any.whl (18 kB)
2025-08-21 05:47:02,781 - INFO - Downloading ptyprocess-0.7.0-py2.py3-none-any.whl (13 kB)
2025-08-21 05:47:02,905 - INFO - Downloading pyparsing-3.1.4-py3-none-any.whl (104 kB)
2025-08-21 05:47:03,033 - INFO - Downloading referencing-0.35.1-py3-none-any.whl (26 kB)
2025-08-21 05:47:03,152 - INFO - Downloading rpds_py-0.20.1-cp38-cp38-manylinux_2_17_x86_64.manylinux2014_x86_64.whl (360 kB)
2025-08-21 05:47:03,325 - INFO - Downloading six-1.17.0-py2.py3-none-any.whl (11 kB)
2025-08-21 05:47:03,441 - INFO - Downloading soupsieve-2.7-py3-none-any.whl (36 kB)
2025-08-21 05:47:03,555 - INFO - Downloading tinycss2-1.2.1-py3-none-any.whl (21 kB)
2025-08-21 05:47:03,673 - INFO - Downloading urllib3-2.2.3-py3-none-any.whl (126 kB)
2025-08-21 05:47:03,800 - INFO - Downloading webencodings-0.5.1-py2.py3-none-any.whl (11 kB)
2025-08-21 05:47:03,921 - INFO - Downloading wrapt-1.17.3-cp38-cp38-manylinux1_x86_64.manylinux_2_28_x86_64.manylinux_2_5_x86_64.whl (84 kB)
2025-08-21 05:47:04,052 - INFO - Downloading zipp-3.20.2-py3-none-any.whl (9.2 kB)
2025-08-21 05:47:04,169 - INFO - Downloading pure_eval-0.2.3-py3-none-any.whl (11 kB)
2025-08-21 05:47:04,287 - INFO - Downloading wcwidth-0.2.13-py2.py3-none-any.whl (34 kB)
2025-08-21 05:47:05,216 - INFO - Installing collected packages: webencodings, wcwidth, pyvirtualdisplay, pytz, pure-eval, ptyprocess, pickleshare, fastjsonschema, backcall, zipp, wrapt, widgetsnbextension, urllib3, tzdata, typing-extensions, traitlets, tornado, tomli, tinycss2, tabulate, sphinxcontrib-serializinghtml, sphinxcontrib-qthelp, sphinxcontrib-jsmath, sphinxcontrib-htmlhelp, sphinxcontrib-devhelp, sphinxcontrib-applehelp, soupsieve, snowballstemmer, six, rpds-py, pyzmq, pyparsing, Pygments, pyflakes, pycodestyle, psutil, prompt-toolkit, pluggy, platformdirs, pkgutil-resolve-name, pillow, pexpect, parso, pandocfilters, packaging, numpy, nest-asyncio, mccabe, markupsafe, lxml, kiwisolver, jupyterlab_widgets, jupyterlab-pygments, iniconfig, imagesize, idna, fonttools, executing, execnet, docutils, defusedxml, decorator, debugpy, cycler, coverage, comm, charset_normalizer, certifi, babel, attrs, asttokens, alabaster, stack-data, requests, referencing, python-dateutil, pydocstyle, mistune, matplotlib-inline, jupyter-core, Jinja2, jedi, importlib-resources, importlib-metadata, flake8, exceptiongroup, Deprecated, contourpy, colorspacious, bleach, beautifulsoup4, accessible-pygments, sphinx, pytest, pikepdf, pandas, matplotlib, jupyter-client, jsonschema-specifications, ipython, flake8-force, flake8-docstrings, xarray, sphinxcontrib-svg2pdfconverter, sphinx-gallery, sphinx-design, sphinx-copybutton, pytest-xvfb, pytest-xdist, pytest-timeout, pytest-rerunfailures, pytest-cov, pydata-sphinx-theme, numpydoc, jsonschema, ipywidgets, ipykernel, nbformat, mpl-sphinx-theme, nbclient, nbconvert
2025-08-21 05:47:22,297 - INFO - Successfully installed Deprecated-1.2.18 Jinja2-3.1.6 Pygments-2.19.2 accessible-pygments-0.0.4 alabaster-0.7.13 asttokens-3.0.0 attrs-25.3.0 babel-2.17.0 backcall-0.2.0 beautifulsoup4-4.13.4 bleach-6.1.0 certifi-2025.8.3 charset_normalizer-3.4.3 colorspacious-1.1.2 comm-0.2.3 contourpy-1.1.1 coverage-7.6.1 cycler-0.12.1 debugpy-1.8.16 decorator-5.2.1 defusedxml-0.7.1 docutils-0.20.1 exceptiongroup-1.3.0 execnet-2.1.1 executing-2.2.0 fastjsonschema-2.21.2 flake8-7.1.2 flake8-docstrings-1.7.0 flake8-force-0.0.2 fonttools-4.57.0 idna-3.10 imagesize-1.4.1 importlib-metadata-8.5.0 importlib-resources-6.4.5 iniconfig-2.1.0 ipykernel-6.29.5 ipython-8.12.3 ipywidgets-8.1.7 jedi-0.19.2 jsonschema-4.23.0 jsonschema-specifications-2023.12.1 jupyter-client-8.6.3 jupyter-core-5.8.1 jupyterlab-pygments-0.3.0 jupyterlab_widgets-3.0.15 kiwisolver-1.4.7 lxml-6.0.0 markupsafe-2.1.5 matplotlib-3.7.5 matplotlib-inline-0.1.7 mccabe-0.7.0 mistune-3.1.3 mpl-sphinx-theme-3.9.0 nbclient-0.10.1 nbconvert-7.16.6 nbformat-5.10.4 nest-asyncio-1.6.0 numpy-1.24.4 numpydoc-1.7.0 packaging-25.0 pandas-2.0.3 pandocfilters-1.5.1 parso-0.8.4 pexpect-4.9.0 pickleshare-0.7.5 pikepdf-9.2.1 pillow-10.4.0 pkgutil-resolve-name-1.3.10 platformdirs-4.3.6 pluggy-1.5.0 prompt-toolkit-3.0.51 psutil-7.0.0 ptyprocess-0.7.0 pure-eval-0.2.3 pycodestyle-2.12.1 pydata-sphinx-theme-0.14.4 pydocstyle-6.3.0 pyflakes-3.2.0 pyparsing-3.1.4 pytest-8.3.5 pytest-cov-5.0.0 pytest-rerunfailures-14.0 pytest-timeout-2.4.0 pytest-xdist-3.6.1 pytest-xvfb-3.0.0 python-dateutil-2.9.0.post0 pytz-2025.2 pyvirtualdisplay-3.0 pyzmq-27.0.1 referencing-0.35.1 requests-2.32.4 rpds-py-0.20.1 six-1.17.0 snowballstemmer-3.0.1 soupsieve-2.7 sphinx-7.1.2 sphinx-copybutton-0.5.2 sphinx-design-0.5.0 sphinx-gallery-0.19.0 sphinxcontrib-applehelp-1.0.4 sphinxcontrib-devhelp-1.0.2 sphinxcontrib-htmlhelp-2.0.1 sphinxcontrib-jsmath-1.0.1 sphinxcontrib-qthelp-1.0.3 sphinxcontrib-serializinghtml-1.1.5 sphinxcontrib-svg2pdfconverter-1.3.0 stack-data-0.6.3 tabulate-0.9.0 tinycss2-1.2.1 tomli-2.2.1 tornado-6.4.2 traitlets-5.14.3 typing-extensions-4.13.2 tzdata-2025.2 urllib3-2.2.3 wcwidth-0.2.13 webencodings-0.5.1 widgetsnbextension-4.0.14 wrapt-1.17.3 xarray-2023.1.0 zipp-3.20.2
2025-08-21 05:47:22,298 - INFO - WARNING: Running pip as the 'root' user can result in broken permissions and conflicting behaviour with the system package manager, possibly rendering your system unusable.It is recommended to use a virtual environment instead: https://pip.pypa.io/warnings/venv. Use the --root-user-action option if you know what you are doing and want to suppress this warning.
2025-08-21 05:47:23,942 - INFO - + rm /root/requirements.txt
2025-08-21 05:47:23,943 - INFO - + conda activate testbed
+ local cmd=activate
+ case "$cmd" in
+ __conda_activate activate testbed
+ '[' -n '' ']'
+ local ask_conda
2025-08-21 05:47:23,943 - INFO - ++ PS1='(testbed) '
++ __conda_exe shell.posix activate testbed
2025-08-21 05:47:23,944 - INFO - ++ /opt/miniconda3/bin/conda shell.posix activate testbed
2025-08-21 05:47:24,037 - INFO - + ask_conda='PS1='\''(testbed) '\''
export PATH='\''/opt/miniconda3/envs/testbed/bin:/opt/miniconda3/condabin:/opt/miniconda3/bin:/usr/local/sbin:/usr/local/bin:/usr/sbin:/usr/bin:/sbin:/bin'\''
export CONDA_SHLVL='\''2'\''
export CONDA_PROMPT_MODIFIER='\''(testbed) '\'''
+ eval 'PS1='\''(testbed) '\''
export PATH='\''/opt/miniconda3/envs/testbed/bin:/opt/miniconda3/condabin:/opt/miniconda3/bin:/usr/local/sbin:/usr/local/bin:/usr/sbin:/usr/bin:/sbin:/bin'\''
export CONDA_SHLVL='\''2'\''
export CONDA_PROMPT_MODIFIER='\''(testbed) '\'''
++ PS1='(testbed) '
++ export PATH=/opt/miniconda3/envs/testbed/bin:/opt/miniconda3/condabin:/opt/miniconda3/bin:/usr/local/sbin:/usr/local/bin:/usr/sbin:/usr/bin:/sbin:/bin
++ PATH=/opt/miniconda3/envs/testbed/bin:/opt/miniconda3/condabin:/opt/miniconda3/bin:/usr/local/sbin:/usr/local/bin:/usr/sbin:/usr/bin:/sbin:/bin
++ export CONDA_SHLVL=2
++ CONDA_SHLVL=2
++ export 'CONDA_PROMPT_MODIFIER=(testbed) '
++ CONDA_PROMPT_MODIFIER='(testbed) '
+ __conda_hashr
2025-08-21 05:47:24,037 - INFO - + '[' -n '' ']'
+ '[' -n '' ']'
+ hash -r
+ python -m pip install pytest ipython
2025-08-21 05:47:24,345 - INFO - Requirement already satisfied: pytest in /opt/miniconda3/envs/testbed/lib/python3.8/site-packages (8.3.5)
2025-08-21 05:47:24,345 - INFO - Requirement already satisfied: ipython in /opt/miniconda3/envs/testbed/lib/python3.8/site-packages (8.12.3)
2025-08-21 05:47:24,349 - INFO - Requirement already satisfied: exceptiongroup>=1.0.0rc8 in /opt/miniconda3/envs/testbed/lib/python3.8/site-packages (from pytest) (1.3.0)
2025-08-21 05:47:24,349 - INFO - Requirement already satisfied: iniconfig in /opt/miniconda3/envs/testbed/lib/python3.8/site-packages (from pytest) (2.1.0)
2025-08-21 05:47:24,349 - INFO - Requirement already satisfied: packaging in /opt/miniconda3/envs/testbed/lib/python3.8/site-packages (from pytest) (25.0)
2025-08-21 05:47:24,350 - INFO - Requirement already satisfied: pluggy<2,>=1.5 in /opt/miniconda3/envs/testbed/lib/python3.8/site-packages (from pytest) (1.5.0)
2025-08-21 05:47:24,350 - INFO - Requirement already satisfied: tomli>=1 in /opt/miniconda3/envs/testbed/lib/python3.8/site-packages (from pytest) (2.2.1)
2025-08-21 05:47:24,363 - INFO - Requirement already satisfied: backcall in /opt/miniconda3/envs/testbed/lib/python3.8/site-packages (from ipython) (0.2.0)
2025-08-21 05:47:24,364 - INFO - Requirement already satisfied: decorator in /opt/miniconda3/envs/testbed/lib/python3.8/site-packages (from ipython) (5.2.1)
2025-08-21 05:47:24,364 - INFO - Requirement already satisfied: jedi>=0.16 in /opt/miniconda3/envs/testbed/lib/python3.8/site-packages (from ipython) (0.19.2)
2025-08-21 05:47:24,365 - INFO - Requirement already satisfied: matplotlib-inline in /opt/miniconda3/envs/testbed/lib/python3.8/site-packages (from ipython) (0.1.7)
2025-08-21 05:47:24,365 - INFO - Requirement already satisfied: pickleshare in /opt/miniconda3/envs/testbed/lib/python3.8/site-packages (from ipython) (0.7.5)
2025-08-21 05:47:24,365 - INFO - Requirement already satisfied: prompt-toolkit!=3.0.37,<3.1.0,>=3.0.30 in /opt/miniconda3/envs/testbed/lib/python3.8/site-packages (from ipython) (3.0.51)
2025-08-21 05:47:24,366 - INFO - Requirement already satisfied: pygments>=2.4.0 in /opt/miniconda3/envs/testbed/lib/python3.8/site-packages (from ipython) (2.19.2)
2025-08-21 05:47:24,366 - INFO - Requirement already satisfied: stack-data in /opt/miniconda3/envs/testbed/lib/python3.8/site-packages (from ipython) (0.6.3)
2025-08-21 05:47:24,367 - INFO - Requirement already satisfied: traitlets>=5 in /opt/miniconda3/envs/testbed/lib/python3.8/site-packages (from ipython) (5.14.3)
2025-08-21 05:47:24,367 - INFO - Requirement already satisfied: typing-extensions in /opt/miniconda3/envs/testbed/lib/python3.8/site-packages (from ipython) (4.13.2)
2025-08-21 05:47:24,368 - INFO - Requirement already satisfied: pexpect>4.3 in /opt/miniconda3/envs/testbed/lib/python3.8/site-packages (from ipython) (4.9.0)
2025-08-21 05:47:24,376 - INFO - Requirement already satisfied: parso<0.9.0,>=0.8.4 in /opt/miniconda3/envs/testbed/lib/python3.8/site-packages (from jedi>=0.16->ipython) (0.8.4)
2025-08-21 05:47:24,383 - INFO - Requirement already satisfied: ptyprocess>=0.5 in /opt/miniconda3/envs/testbed/lib/python3.8/site-packages (from pexpect>4.3->ipython) (0.7.0)
2025-08-21 05:47:24,386 - INFO - Requirement already satisfied: wcwidth in /opt/miniconda3/envs/testbed/lib/python3.8/site-packages (from prompt-toolkit!=3.0.37,<3.1.0,>=3.0.30->ipython) (0.2.13)
2025-08-21 05:47:24,397 - INFO - Requirement already satisfied: executing>=1.2.0 in /opt/miniconda3/envs/testbed/lib/python3.8/site-packages (from stack-data->ipython) (2.2.0)
2025-08-21 05:47:24,397 - INFO - Requirement already satisfied: asttokens>=2.1.0 in /opt/miniconda3/envs/testbed/lib/python3.8/site-packages (from stack-data->ipython) (3.0.0)
2025-08-21 05:47:24,398 - INFO - Requirement already satisfied: pure-eval in /opt/miniconda3/envs/testbed/lib/python3.8/site-packages (from stack-data->ipython) (0.2.3)
2025-08-21 05:47:24,608 - INFO - WARNING: Running pip as the 'root' user can result in broken permissions and conflicting behaviour with the system package manager, possibly rendering your system unusable.It is recommended to use a virtual environment instead: https://pip.pypa.io/warnings/venv. Use the --root-user-action option if you know what you are doing and want to suppress this warning.
2025-08-21 05:48:49,931 - INFO - ---> Removed intermediate container 3b781c776f5f
2025-08-21 05:48:49,931 - INFO - ---> d4a5ed1acbbf
2025-08-21 05:48:49,931 - INFO - Step 6/7 : WORKDIR /testbed/
2025-08-21 05:48:49,931 - INFO - 
2025-08-21 05:48:50,551 - INFO - ---> Running in 50d9c18dc688
2025-08-21 05:48:50,585 - INFO - ---> Removed intermediate container 50d9c18dc688
2025-08-21 05:48:50,585 - INFO - ---> db3c7a41f7b4
2025-08-21 05:48:50,585 - INFO - Step 7/7 : RUN echo "source /opt/miniconda3/etc/profile.d/conda.sh && conda activate testbed" > /root/.bashrc
2025-08-21 05:48:50,585 - INFO - 
2025-08-21 05:48:50,621 - INFO - ---> Running in 78d006f1c74e
2025-08-21 05:48:51,262 - INFO - ---> Removed intermediate container 78d006f1c74e
2025-08-21 05:48:51,262 - INFO - ---> ca09ceab1ff6
2025-08-21 05:48:51,262 - INFO - Successfully built ca09ceab1ff6
2025-08-21 05:48:51,270 - INFO - Successfully tagged sweb.env.x86_64.574160a64a279afa47450f:latest
2025-08-21 05:48:51,270 - INFO - Image built successfully!
