cn.qs.utils.format.MyNumberUtils.toFixedDecimalWithPercent(Ljava/lang/String;I)Ljava/lang/String;: root-Branch
cn.qs.utils.format.MyNumberUtils.<init>()V: root-Branch
cn.qs.utils.format.MyNumberUtils.toFixedDecimalWithPercent(Ljava/lang/Number;I)Ljava/lang/String;: root-Branch
cn.qs.utils.format.MyNumberUtils.toFixedDecimal(Ljava/lang/Number;I)Ljava/lang/String;: root-Branch
cn.qs.utils.format.MyNumberUtils.main([Ljava/lang/String;)V: root-Branch
cn.qs.utils.format.MyNumberUtils.toFixedDecimal(Ljava/lang/String;I)Ljava/lang/String;: root-Branch
org.apache.commons.lang3.math.NumberUtils.toByte(Ljava/lang/String;B)B: I3 Branch 5 IFNONNULL L325 - true
org.apache.commons.lang3.math.NumberUtils.toByte(Ljava/lang/String;)B: root-Branch
org.apache.commons.lang3.math.NumberUtils.createLong(Ljava/lang/String;)Ljava/lang/Long;: I3 Branch 74 IFNONNULL L738 - true
org.apache.commons.lang3.math.NumberUtils.compare(JJ)I: I5 Branch 193 IFNE L1558 - false
org.apache.commons.lang3.math.NumberUtils.compare(JJ)I: I15 Branch 194 IFGE L1561 - false
org.apache.commons.lang3.math.NumberUtils.compare(JJ)I: I5 Branch 193 IFNE L1558 - true
org.apache.commons.lang3.math.NumberUtils.compare(JJ)I: I15 Branch 194 IFGE L1561 - true
org.apache.commons.lang3.math.NumberUtils.createBigInteger(Ljava/lang/String;)Ljava/math/BigInteger;: I40 Branch 77 IFNE L765 - false
org.apache.commons.lang3.math.NumberUtils.createBigInteger(Ljava/lang/String;)Ljava/math/BigInteger;: I75 Branch 80 IFEQ L771 - true
org.apache.commons.lang3.math.NumberUtils.createBigInteger(Ljava/lang/String;)Ljava/math/BigInteger;: I3 Branch 75 IFNONNULL L755 - true
org.apache.commons.lang3.math.NumberUtils.createBigInteger(Ljava/lang/String;)Ljava/math/BigInteger;: I25 Branch 76 IFEQ L761 - true
org.apache.commons.lang3.math.NumberUtils.createBigInteger(Ljava/lang/String;)Ljava/math/BigInteger;: I45 Branch 78 IFEQ L765 - true
org.apache.commons.lang3.math.NumberUtils.createBigInteger(Ljava/lang/String;)Ljava/math/BigInteger;: I60 Branch 79 IFEQ L768 - true
org.apache.commons.lang3.math.NumberUtils.createInteger(Ljava/lang/String;)Ljava/lang/Integer;: I3 Branch 73 IFNONNULL L719 - true
org.apache.commons.lang3.math.NumberUtils.createLong(Ljava/lang/String;)Ljava/lang/Long;: I3 Branch 74 IFNONNULL L738 - false
org.apache.commons.lang3.math.NumberUtils.toByte(Ljava/lang/String;B)B: I3 Branch 5 IFNONNULL L325 - false
org.apache.commons.lang3.math.NumberUtils.max(JJJ)J: I5 Branch 124 IFLE L1245 - true
org.apache.commons.lang3.math.NumberUtils.max(JJJ)J: I15 Branch 125 IFLE L1248 - true
org.apache.commons.lang3.math.NumberUtils.max(JJJ)J: I5 Branch 124 IFLE L1245 - false
org.apache.commons.lang3.math.NumberUtils.max(JJJ)J: I15 Branch 125 IFLE L1248 - false
org.apache.commons.lang3.math.NumberUtils.toInt(Ljava/lang/String;I)I: I3 Branch 1 IFNONNULL L122 - true
org.apache.commons.lang3.math.NumberUtils.createBigInteger(Ljava/lang/String;)Ljava/math/BigInteger;: I3 Branch 75 IFNONNULL L755 - false
org.apache.commons.lang3.math.NumberUtils.toLong(Ljava/lang/String;J)J: I3 Branch 2 IFNONNULL L171 - true
org.apache.commons.lang3.math.NumberUtils.toLong(Ljava/lang/String;J)J: I3 Branch 2 IFNONNULL L171 - false
org.apache.commons.lang3.math.NumberUtils.toLong(Ljava/lang/String;)J: root-Branch
