2025-08-21 06:59:31,985 - INFO - Building image sweb.env.x86_64.502d8fc6ebccd881244091:latest
Using dockerfile:
FROM --platform=linux/x86_64 sweb.base.x86_64:latest

COPY ./setup_env.sh /root/
RUN sed -i -e 's/\r$//' /root/setup_env.sh
RUN chmod +x /root/setup_env.sh
RUN /bin/bash -c "source ~/.bashrc && /root/setup_env.sh"

WORKDIR /testbed/

# Automatically activate the testbed environment
RUN echo "source /opt/miniconda3/etc/profile.d/conda.sh && conda activate testbed" > /root/.bashrc

Adding (1) setup scripts to image build repo
2025-08-21 06:59:31,985 - INFO - [SETUP SCRIPT] setup_env.sh:
#!/bin/bash
set -euxo pipefail
source /opt/miniconda3/bin/activate
cat <<'EOF_59812759871' > environment.yml
name: testbed
channels:
  - conda-forge
  - nodefaults
dependencies:
  - aiobotocore
  - boto3
  - bottleneck
  - cartopy
  - cdms2
  - cfgrib
  - cftime
  - dask
  - distributed
  - h5netcdf
  - h5py
  - hdf5
  - hypothesis
  - iris
  - lxml    # Optional dep of pydap
  - matplotlib-base
  - nc-time-axis
  - netcdf4
  - numba
  - numexpr
  - numpy
  - pandas
  - pint
  - pip
  - pooch
  - pre-commit
  - pseudonetcdf
  - pydap
  # - pynio: not compatible with netCDF4>1.5.3; only tested in py37-bare-minimum
  - pytest
  - pytest-cov
  - pytest-env
  - pytest-xdist
  - rasterio
  - scipy
  - seaborn
  - setuptools
  - sparse
  - toolz
  - zarr
  - pip:
    - numbagg

EOF_59812759871
conda create -c conda-forge -n testbed python=3.10 -y
conda env update -f environment.yml
rm environment.yml
conda activate testbed
python -m pip install numpy==1.23.0 packaging==23.1 pandas==1.5.3 pytest==7.4.0 python-dateutil==2.8.2 pytz==2023.3 six==1.16.0 scipy==1.11.1 setuptools==68.0.0 dask==2022.8.1

2025-08-21 06:59:31,985 - INFO - Building docker image sweb.env.x86_64.502d8fc6ebccd881244091:latest in logs/build_images/env/sweb.env.x86_64.502d8fc6ebccd881244091__latest with platform linux/x86_64
2025-08-21 06:59:32,037 - INFO - Step 1/7 : FROM --platform=linux/x86_64 sweb.base.x86_64:latest
2025-08-21 06:59:32,037 - INFO - 
2025-08-21 06:59:32,037 - INFO - ---> 5cca6898c8d9
2025-08-21 06:59:32,037 - INFO - Step 2/7 : COPY ./setup_env.sh /root/
2025-08-21 06:59:32,037 - INFO - 
2025-08-21 06:59:32,157 - INFO - ---> 46876f72fbfb
2025-08-21 06:59:32,157 - INFO - Step 3/7 : RUN sed -i -e 's/\r$//' /root/setup_env.sh
2025-08-21 06:59:32,157 - INFO - 
2025-08-21 06:59:32,199 - INFO - ---> Running in 2c8205b430fb
2025-08-21 06:59:33,055 - INFO - ---> Removed intermediate container 2c8205b430fb
2025-08-21 06:59:33,056 - INFO - ---> f98708184174
2025-08-21 06:59:33,056 - INFO - Step 4/7 : RUN chmod +x /root/setup_env.sh
2025-08-21 06:59:33,056 - INFO - 
2025-08-21 06:59:33,091 - INFO - ---> Running in 21cc105cbec6
2025-08-21 06:59:33,533 - INFO - ---> Removed intermediate container 21cc105cbec6
2025-08-21 06:59:33,533 - INFO - ---> 561c2c3aea05
2025-08-21 06:59:33,533 - INFO - Step 5/7 : RUN /bin/bash -c "source ~/.bashrc && /root/setup_env.sh"
2025-08-21 06:59:33,534 - INFO - 
2025-08-21 06:59:33,575 - INFO - ---> Running in 7e5e16a71133
2025-08-21 06:59:33,749 - INFO - + source /opt/miniconda3/bin/activate
2025-08-21 06:59:33,749 - INFO - ++ _CONDA_ROOT=/opt/miniconda3
++ . /opt/miniconda3/etc/profile.d/conda.sh
+++ export CONDA_EXE=/opt/miniconda3/bin/conda
+++ CONDA_EXE=/opt/miniconda3/bin/conda
+++ export _CE_M=
+++ _CE_M=
+++ export _CE_CONDA=
+++ _CE_CONDA=
+++ export CONDA_PYTHON_EXE=/opt/miniconda3/bin/python
+++ CONDA_PYTHON_EXE=/opt/miniconda3/bin/python
+++ '[' -z '' ']'
+++ export CONDA_SHLVL=0
+++ CONDA_SHLVL=0
+++ '[' -n '' ']'
2025-08-21 06:59:33,750 - INFO - +++++ dirname /opt/miniconda3/bin/conda
2025-08-21 06:59:33,751 - INFO - ++++ dirname /opt/miniconda3/bin
2025-08-21 06:59:33,752 - INFO - +++ PATH=/opt/miniconda3/condabin:/opt/miniconda3/bin:/usr/local/sbin:/usr/local/bin:/usr/sbin:/usr/bin:/sbin:/bin
+++ export PATH
+++ '[' -z '' ']'
+++ PS1=
++ conda activate
++ local cmd=activate
++ case "$cmd" in
++ __conda_activate activate
++ '[' -n '' ']'
2025-08-21 06:59:33,754 - INFO - ++ local ask_conda
2025-08-21 06:59:33,754 - INFO - +++ PS1=
+++ __conda_exe shell.posix activate
2025-08-21 06:59:33,754 - INFO - +++ /opt/miniconda3/bin/conda shell.posix activate
2025-08-21 06:59:33,866 - INFO - ++ ask_conda='PS1='\''(base) '\''
export PATH='\''/opt/miniconda3/bin:/opt/miniconda3/condabin:/opt/miniconda3/bin:/usr/local/sbin:/usr/local/bin:/usr/sbin:/usr/bin:/sbin:/bin'\''
export CONDA_PREFIX='\''/opt/miniconda3'\''
export CONDA_SHLVL='\''1'\''
export CONDA_DEFAULT_ENV='\''base'\''
export CONDA_PROMPT_MODIFIER='\''(base) '\''
export CONDA_EXE='\''/opt/miniconda3/bin/conda'\''
export _CE_M='\'''\''
export _CE_CONDA='\'''\''
export CONDA_PYTHON_EXE='\''/opt/miniconda3/bin/python'\'''
++ eval 'PS1='\''(base) '\''
export PATH='\''/opt/miniconda3/bin:/opt/miniconda3/condabin:/opt/miniconda3/bin:/usr/local/sbin:/usr/local/bin:/usr/sbin:/usr/bin:/sbin:/bin'\''
export CONDA_PREFIX='\''/opt/miniconda3'\''
export CONDA_SHLVL='\''1'\''
export CONDA_DEFAULT_ENV='\''base'\''
export CONDA_PROMPT_MODIFIER='\''(base) '\''
export CONDA_EXE='\''/opt/miniconda3/bin/conda'\''
export _CE_M='\'''\''
export _CE_CONDA='\'''\''
export CONDA_PYTHON_EXE='\''/opt/miniconda3/bin/python'\'''
+++ PS1='(base) '
2025-08-21 06:59:33,867 - INFO - +++ export PATH=/opt/miniconda3/bin:/opt/miniconda3/condabin:/opt/miniconda3/bin:/usr/local/sbin:/usr/local/bin:/usr/sbin:/usr/bin:/sbin:/bin
+++ PATH=/opt/miniconda3/bin:/opt/miniconda3/condabin:/opt/miniconda3/bin:/usr/local/sbin:/usr/local/bin:/usr/sbin:/usr/bin:/sbin:/bin
+++ export CONDA_PREFIX=/opt/miniconda3
+++ CONDA_PREFIX=/opt/miniconda3
+++ export CONDA_SHLVL=1
+++ CONDA_SHLVL=1
2025-08-21 06:59:33,867 - INFO - +++ export CONDA_DEFAULT_ENV=base
+++ CONDA_DEFAULT_ENV=base
2025-08-21 06:59:33,867 - INFO - +++ export 'CONDA_PROMPT_MODIFIER=(base) '
+++ CONDA_PROMPT_MODIFIER='(base) '
2025-08-21 06:59:33,867 - INFO - +++ export CONDA_EXE=/opt/miniconda3/bin/conda
2025-08-21 06:59:33,867 - INFO - +++ CONDA_EXE=/opt/miniconda3/bin/conda
2025-08-21 06:59:33,867 - INFO - +++ export _CE_M=
2025-08-21 06:59:33,867 - INFO - +++ _CE_M=
2025-08-21 06:59:33,867 - INFO - +++ export _CE_CONDA=
2025-08-21 06:59:33,867 - INFO - +++ _CE_CONDA=
+++ export CONDA_PYTHON_EXE=/opt/miniconda3/bin/python
2025-08-21 06:59:33,867 - INFO - +++ CONDA_PYTHON_EXE=/opt/miniconda3/bin/python
2025-08-21 06:59:33,867 - INFO - ++ __conda_hashr
2025-08-21 06:59:33,867 - INFO - ++ '[' -n '' ']'
++ '[' -n '' ']'
++ hash -r
2025-08-21 06:59:33,867 - INFO - + cat
2025-08-21 06:59:33,868 - INFO - + conda create -c conda-forge -n testbed python=3.10 -y
+ local cmd=create
+ case "$cmd" in
+ __conda_exe create -c conda-forge -n testbed python=3.10 -y
2025-08-21 06:59:33,868 - INFO - + /opt/miniconda3/bin/conda create -c conda-forge -n testbed python=3.10 -y
2025-08-21 06:59:34,452 - INFO - Channels:
 - conda-forge
 - defaults
Platform: linux-64
Collecting package metadata (repodata.json): ...working...
2025-08-21 07:00:32,478 - INFO - done
2025-08-21 07:00:32,478 - INFO - Solving environment: ...working...
2025-08-21 07:00:34,137 - INFO - done
2025-08-21 07:00:42,050 - INFO - ## Package Plan ##

  environment location: /opt/miniconda3/envs/testbed

  added / updated specs:
    - python=3.10


The following packages will be downloaded:

    package                    |            build
    ---------------------------|-----------------
    _libgcc_mutex-0.1          |      conda_forge           3 KB  conda-forge
    _openmp_mutex-4.5          |            2_gnu          23 KB  conda-forge
    bzip2-1.0.8                |       h4bc722e_7         247 KB  conda-forge
    ca-certificates-2025.8.3   |       hbd8a1cb_0         151 KB  conda-forge
    ld_impl_linux-64-2.44      |       h1423503_1         660 KB  conda-forge
    libexpat-2.7.1             |       hecca717_0          73 KB  conda-forge
    libffi-3.4.6               |       h2dba641_1          56 KB  conda-forge
    libgcc-15.1.0              |       h767d61c_4         805 KB  conda-forge
    libgcc-ng-15.1.0           |       h69a702a_4          29 KB  conda-forge
    libgomp-15.1.0             |       h767d61c_4         437 KB  conda-forge
    liblzma-5.8.1              |       hb9d3cd8_2         110 KB  conda-forge
    libnsl-2.0.1               |       hb9d3cd8_1          33 KB  conda-forge
    libsqlite-3.50.4           |       h0c1763c_0         911 KB  conda-forge
    libuuid-2.38.1             |       h0b41bf4_0          33 KB  conda-forge
    libxcrypt-4.4.36           |       hd590300_1          98 KB  conda-forge
    libzlib-1.3.1              |       hb9d3cd8_2          60 KB  conda-forge
    ncurses-6.5                |       h2d0b736_3         871 KB  conda-forge
    openssl-3.5.2              |       h26f9b46_0         3.0 MB  conda-forge
    pip-25.2                   |     pyh8b19718_0         1.1 MB  conda-forge
    python-3.10.18             |hd6af730_0_cpython        23.9 MB  conda-forge
    readline-8.2               |       h8c095d6_2         276 KB  conda-forge
    setuptools-80.9.0          |     pyhff2d567_0         731 KB  conda-forge
    tk-8.6.13                  |noxft_hd72426e_102         3.1 MB  conda-forge
    tzdata-2025b               |       h78e105d_0         120 KB  conda-forge
    wheel-0.45.1               |     pyhd8ed1ab_1          61 KB  conda-forge
    ------------------------------------------------------------
                                           Total:        36.8 MB

The following NEW packages will be INSTALLED:

  _libgcc_mutex      conda-forge/linux-64::_libgcc_mutex-0.1-conda_forge 
  _openmp_mutex      conda-forge/linux-64::_openmp_mutex-4.5-2_gnu 
  bzip2              conda-forge/linux-64::bzip2-1.0.8-h4bc722e_7 
  ca-certificates    conda-forge/noarch::ca-certificates-2025.8.3-hbd8a1cb_0 
  ld_impl_linux-64   conda-forge/linux-64::ld_impl_linux-64-2.44-h1423503_1 
  libexpat           conda-forge/linux-64::libexpat-2.7.1-hecca717_0 
  libffi             conda-forge/linux-64::libffi-3.4.6-h2dba641_1 
  libgcc             conda-forge/linux-64::libgcc-15.1.0-h767d61c_4 
  libgcc-ng          conda-forge/linux-64::libgcc-ng-15.1.0-h69a702a_4 
  libgomp            conda-forge/linux-64::libgomp-15.1.0-h767d61c_4 
  liblzma            conda-forge/linux-64::liblzma-5.8.1-hb9d3cd8_2 
  libnsl             conda-forge/linux-64::libnsl-2.0.1-hb9d3cd8_1 
  libsqlite          conda-forge/linux-64::libsqlite-3.50.4-h0c1763c_0 
  libuuid            conda-forge/linux-64::libuuid-2.38.1-h0b41bf4_0 
  libxcrypt          conda-forge/linux-64::libxcrypt-4.4.36-hd590300_1 
  libzlib            conda-forge/linux-64::libzlib-1.3.1-hb9d3cd8_2 
  ncurses            conda-forge/linux-64::ncurses-6.5-h2d0b736_3 
  openssl            conda-forge/linux-64::openssl-3.5.2-h26f9b46_0 
  pip                conda-forge/noarch::pip-25.2-pyh8b19718_0 
  python             conda-forge/linux-64::python-3.10.18-hd6af730_0_cpython 
  readline           conda-forge/linux-64::readline-8.2-h8c095d6_2 
  setuptools         conda-forge/noarch::setuptools-80.9.0-pyhff2d567_0 
  tk                 conda-forge/linux-64::tk-8.6.13-noxft_hd72426e_102 
  tzdata             conda-forge/noarch::tzdata-2025b-h78e105d_0 
  wheel              conda-forge/noarch::wheel-0.45.1-pyhd8ed1ab_1 



Downloading and Extracting Packages: ...working... done
Preparing transaction: ...working...
2025-08-21 07:00:42,236 - INFO - done
Verifying transaction: ...working...
2025-08-21 07:00:43,471 - INFO - done
2025-08-21 07:00:43,472 - INFO - Executing transaction: ...working...
2025-08-21 07:00:45,540 - INFO - done
2025-08-21 07:00:45,567 - INFO - #
# To activate this environment, use
#
#     $ conda activate testbed
#
# To deactivate an active environment, use
#
#     $ conda deactivate
2025-08-21 07:00:45,679 - INFO - + conda env update -f environment.yml
+ local cmd=env
+ case "$cmd" in
+ __conda_exe env update -f environment.yml
2025-08-21 07:00:45,679 - INFO - + /opt/miniconda3/bin/conda env update -f environment.yml
2025-08-21 07:00:48,850 - INFO - Channels:
 - conda-forge
Platform: linux-64
Collecting package metadata (repodata.json): ...working...
2025-08-21 07:01:13,943 - INFO - done
Solving environment: ...working...
2025-08-21 07:02:05,931 - INFO - done
2025-08-21 07:03:59,215 - INFO - Downloading and Extracting Packages: ...working... done
Preparing transaction: ...working...
2025-08-21 07:04:00,841 - INFO - done
2025-08-21 07:04:00,841 - INFO - Verifying transaction: ...working...
2025-08-21 07:04:07,725 - INFO - done
2025-08-21 07:04:07,736 - INFO - Executing transaction: ...working...
2025-08-21 07:04:22,055 - INFO - done
2025-08-21 07:04:22,167 - INFO - Installing pip dependencies: ...working...
2025-08-21 07:04:26,340 - INFO - Ran pip subprocess with arguments:
['/opt/miniconda3/envs/testbed/bin/python', '-m', 'pip', 'install', '-U', '-r', '/condaenv.1zzh5kym.requirements.txt', '--exists-action=b']
Pip subprocess output:
Collecting numbagg (from -r /condaenv.1zzh5kym.requirements.txt (line 1))
  Downloading numbagg-0.9.0-py3-none-any.whl.metadata (48 kB)
Requirement already satisfied: numpy in /opt/miniconda3/envs/testbed/lib/python3.10/site-packages (from numbagg->-r /condaenv.1zzh5kym.requirements.txt (line 1)) (2.2.6)
Requirement already satisfied: numba in /opt/miniconda3/envs/testbed/lib/python3.10/site-packages (from numbagg->-r /condaenv.1zzh5kym.requirements.txt (line 1)) (0.61.2)
Requirement already satisfied: llvmlite<0.45,>=0.44.0dev0 in /opt/miniconda3/envs/testbed/lib/python3.10/site-packages (from numba->numbagg->-r /condaenv.1zzh5kym.requirements.txt (line 1)) (0.44.0)
Downloading numbagg-0.9.0-py3-none-any.whl (51 kB)
Installing collected packages: numbagg
Successfully installed numbagg-0.9.0

done
2025-08-21 07:04:26,340 - INFO - #
# To activate this environment, use
#
#     $ conda activate testbed
#
# To deactivate an active environment, use
#
#     $ conda deactivate
2025-08-21 07:04:26,630 - INFO - + rm environment.yml
2025-08-21 07:04:26,631 - INFO - + conda activate testbed
+ local cmd=activate
+ case "$cmd" in
+ __conda_activate activate testbed
+ '[' -n '' ']'
+ local ask_conda
2025-08-21 07:04:26,631 - INFO - ++ PS1='(base) '
++ __conda_exe shell.posix activate testbed
2025-08-21 07:04:26,632 - INFO - ++ /opt/miniconda3/bin/conda shell.posix activate testbed
2025-08-21 07:04:26,748 - INFO - + ask_conda='PS1='\''(testbed) '\''
export PATH='\''/opt/miniconda3/envs/testbed/bin:/opt/miniconda3/condabin:/opt/miniconda3/bin:/usr/local/sbin:/usr/local/bin:/usr/sbin:/usr/bin:/sbin:/bin'\''
export CONDA_PREFIX='\''/opt/miniconda3/envs/testbed'\''
export CONDA_SHLVL='\''2'\''
export CONDA_DEFAULT_ENV='\''testbed'\''
export CONDA_PROMPT_MODIFIER='\''(testbed) '\''
export CONDA_PREFIX_1='\''/opt/miniconda3'\''
export CONDA_EXE='\''/opt/miniconda3/bin/conda'\''
export _CE_M='\'''\''
export _CE_CONDA='\'''\''
export CONDA_PYTHON_EXE='\''/opt/miniconda3/bin/python'\''
. "/opt/miniconda3/envs/testbed/etc/conda/activate.d/esmf-activate.sh"
. "/opt/miniconda3/envs/testbed/etc/conda/activate.d/esmpy-activate.sh"
. "/opt/miniconda3/envs/testbed/etc/conda/activate.d/gdal-activate.sh"
. "/opt/miniconda3/envs/testbed/etc/conda/activate.d/geotiff-activate.sh"
. "/opt/miniconda3/envs/testbed/etc/conda/activate.d/libarrow_activate.sh"
. "/opt/miniconda3/envs/testbed/etc/conda/activate.d/libxml2_activate.sh"
. "/opt/miniconda3/envs/testbed/etc/conda/activate.d/proj4-activate.sh"
. "/opt/miniconda3/envs/testbed/etc/conda/activate.d/udunits2-activate.sh"'
+ eval 'PS1='\''(testbed) '\''
export PATH='\''/opt/miniconda3/envs/testbed/bin:/opt/miniconda3/condabin:/opt/miniconda3/bin:/usr/local/sbin:/usr/local/bin:/usr/sbin:/usr/bin:/sbin:/bin'\''
export CONDA_PREFIX='\''/opt/miniconda3/envs/testbed'\''
export CONDA_SHLVL='\''2'\''
export CONDA_DEFAULT_ENV='\''testbed'\''
export CONDA_PROMPT_MODIFIER='\''(testbed) '\''
export CONDA_PREFIX_1='\''/opt/miniconda3'\''
export CONDA_EXE='\''/opt/miniconda3/bin/conda'\''
export _CE_M='\'''\''
export _CE_CONDA='\'''\''
export CONDA_PYTHON_EXE='\''/opt/miniconda3/bin/python'\''
. "/opt/miniconda3/envs/testbed/etc/conda/activate.d/esmf-activate.sh"
. "/opt/miniconda3/envs/testbed/etc/conda/activate.d/esmpy-activate.sh"
. "/opt/miniconda3/envs/testbed/etc/conda/activate.d/gdal-activate.sh"
. "/opt/miniconda3/envs/testbed/etc/conda/activate.d/geotiff-activate.sh"
. "/opt/miniconda3/envs/testbed/etc/conda/activate.d/libarrow_activate.sh"
. "/opt/miniconda3/envs/testbed/etc/conda/activate.d/libxml2_activate.sh"
. "/opt/miniconda3/envs/testbed/etc/conda/activate.d/proj4-activate.sh"
. "/opt/miniconda3/envs/testbed/etc/conda/activate.d/udunits2-activate.sh"'
++ PS1='(testbed) '
++ export PATH=/opt/miniconda3/envs/testbed/bin:/opt/miniconda3/condabin:/opt/miniconda3/bin:/usr/local/sbin:/usr/local/bin:/usr/sbin:/usr/bin:/sbin:/bin
++ PATH=/opt/miniconda3/envs/testbed/bin:/opt/miniconda3/condabin:/opt/miniconda3/bin:/usr/local/sbin:/usr/local/bin:/usr/sbin:/usr/bin:/sbin:/bin
++ export CONDA_PREFIX=/opt/miniconda3/envs/testbed
++ CONDA_PREFIX=/opt/miniconda3/envs/testbed
++ export CONDA_SHLVL=2
++ CONDA_SHLVL=2
++ export CONDA_DEFAULT_ENV=testbed
++ CONDA_DEFAULT_ENV=testbed
++ export 'CONDA_PROMPT_MODIFIER=(testbed) '
++ CONDA_PROMPT_MODIFIER='(testbed) '
2025-08-21 07:04:26,748 - INFO - ++ export CONDA_PREFIX_1=/opt/miniconda3
++ CONDA_PREFIX_1=/opt/miniconda3
++ export CONDA_EXE=/opt/miniconda3/bin/conda
++ CONDA_EXE=/opt/miniconda3/bin/conda
++ export _CE_M=
++ _CE_M=
++ export _CE_CONDA=
++ _CE_CONDA=
++ export CONDA_PYTHON_EXE=/opt/miniconda3/bin/python
++ CONDA_PYTHON_EXE=/opt/miniconda3/bin/python
++ . /opt/miniconda3/envs/testbed/etc/conda/activate.d/esmf-activate.sh
+++ '[' -n '' ']'
+++ '[' -f /opt/miniconda3/envs/testbed/lib/esmf.mk ']'
+++ export ESMFMKFILE=/opt/miniconda3/envs/testbed/lib/esmf.mk
+++ ESMFMKFILE=/opt/miniconda3/envs/testbed/lib/esmf.mk
++ . /opt/miniconda3/envs/testbed/etc/conda/activate.d/esmpy-activate.sh
+++ '[' -n /opt/miniconda3/envs/testbed/lib/esmf.mk ']'
+++ export _CONDA_SET_ESMFMKFILE=/opt/miniconda3/envs/testbed/lib/esmf.mk
+++ _CONDA_SET_ESMFMKFILE=/opt/miniconda3/envs/testbed/lib/esmf.mk
+++ '[' -f /opt/miniconda3/envs/testbed/lib/esmf.mk ']'
+++ export ESMFMKFILE=/opt/miniconda3/envs/testbed/lib/esmf.mk
+++ ESMFMKFILE=/opt/miniconda3/envs/testbed/lib/esmf.mk
++ . /opt/miniconda3/envs/testbed/etc/conda/activate.d/gdal-activate.sh
+++ '[' -n '' ']'
+++ '[' -n '' ']'
2025-08-21 07:04:26,748 - INFO - +++ '[' -d /opt/miniconda3/envs/testbed/share/gdal ']'
+++ export GDAL_DATA=/opt/miniconda3/envs/testbed/share/gdal
+++ GDAL_DATA=/opt/miniconda3/envs/testbed/share/gdal
2025-08-21 07:04:26,748 - INFO - +++ export GDAL_DRIVER_PATH=/opt/miniconda3/envs/testbed/lib/gdalplugins
+++ GDAL_DRIVER_PATH=/opt/miniconda3/envs/testbed/lib/gdalplugins
+++ '[' '!' -d /opt/miniconda3/envs/testbed/lib/gdalplugins ']'
+++ export CPL_ZIP_ENCODING=UTF-8
+++ CPL_ZIP_ENCODING=UTF-8
+++ '[' -n '5.1.16(1)-release' ']'
+++ '[' -f /opt/miniconda3/envs/testbed/share/bash-completion/completions/gdalinfo ']'
+++ source /opt/miniconda3/envs/testbed/share/bash-completion/completions/gdalinfo
++++ function_exists _get_comp_words_by_ref
++++ declare -f -F _get_comp_words_by_ref
++++ return 1
++++ return 0
++ . /opt/miniconda3/envs/testbed/etc/conda/activate.d/geotiff-activate.sh
+++ '[' -n '' ']'
+++ '[' -d /opt/miniconda3/envs/testbed/share/epsg_csv ']'
+++ '[' -d /opt/miniconda3/envs/testbed/Library/share/epsg_csv ']'
++ . /opt/miniconda3/envs/testbed/etc/conda/activate.d/libarrow_activate.sh
+++ '[' -n '' ']'
+++ _la_log 'Beginning libarrow activation.'
+++ '[' '' = 1 ']'
+++ _la_gdb_prefix=/opt/miniconda3/envs/testbed/share/gdb/auto-load
+++ '[' '!' -w /opt/miniconda3/envs/testbed/share/gdb/auto-load ']'
+++ _la_placeholder=replace_this_section_with_absolute_slashed_path_to_CONDA_PREFIX
+++ _la_symlink_dir=/opt/miniconda3/envs/testbed/share/gdb/auto-load//opt/miniconda3/envs/testbed/lib
+++ _la_orig_install_dir=/opt/miniconda3/envs/testbed/share/gdb/auto-load/replace_this_section_with_absolute_slashed_path_to_CONDA_PREFIX/lib
2025-08-21 07:04:26,748 - INFO - +++ _la_log '          _la_gdb_prefix: /opt/miniconda3/envs/testbed/share/gdb/auto-load'
+++ '[' '' = 1 ']'
+++ _la_log '         _la_placeholder: replace_this_section_with_absolute_slashed_path_to_CONDA_PREFIX'
2025-08-21 07:04:26,748 - INFO - +++ '[' '' = 1 ']'
+++ _la_log '         _la_symlink_dir: /opt/miniconda3/envs/testbed/share/gdb/auto-load//opt/miniconda3/envs/testbed/lib'
+++ '[' '' = 1 ']'
+++ _la_log '    _la_orig_install_dir: /opt/miniconda3/envs/testbed/share/gdb/auto-load/replace_this_section_with_absolute_slashed_path_to_CONDA_PREFIX/lib'
+++ '[' '' = 1 ']'
2025-08-21 07:04:26,748 - INFO - +++ _la_log '  content of that folder:'
2025-08-21 07:04:26,748 - INFO - +++ '[' '' = 1 ']'
2025-08-21 07:04:26,750 - INFO - ++++ ls -al /opt/miniconda3/envs/testbed/share/gdb/auto-load/replace_this_section_with_absolute_slashed_path_to_CONDA_PREFIX/lib
2025-08-21 07:04:26,751 - INFO - ++++ sed 's/^/      /'
2025-08-21 07:04:26,760 - INFO - +++ _la_log '      total 12
      drwxr-xr-x 2 root root 4096 Aug 20 23:04 .
      drwxr-xr-x 3 root root 4096 Aug 20 23:04 ..
      -rw-r--r-- 1 root root  971 Aug 20 23:04 libarrow.so.2100.0.0-gdb.py'
+++ '[' '' = 1 ']'
2025-08-21 07:04:26,760 - INFO - +++ for _la_target in "$_la_orig_install_dir/"*.py
+++ '[' '!' -e /opt/miniconda3/envs/testbed/share/gdb/auto-load/replace_this_section_with_absolute_slashed_path_to_CONDA_PREFIX/lib/libarrow.so.2100.0.0-gdb.py ']'
2025-08-21 07:04:26,760 - INFO - ++++ basename /opt/miniconda3/envs/testbed/share/gdb/auto-load/replace_this_section_with_absolute_slashed_path_to_CONDA_PREFIX/lib/libarrow.so.2100.0.0-gdb.py
2025-08-21 07:04:26,761 - INFO - +++ _la_symlink=/opt/miniconda3/envs/testbed/share/gdb/auto-load//opt/miniconda3/envs/testbed/lib/libarrow.so.2100.0.0-gdb.py
+++ _la_log '   _la_target: /opt/miniconda3/envs/testbed/share/gdb/auto-load/replace_this_section_with_absolute_slashed_path_to_CONDA_PREFIX/lib/libarrow.so.2100.0.0-gdb.py'
+++ '[' '' = 1 ']'
+++ _la_log '  _la_symlink: /opt/miniconda3/envs/testbed/share/gdb/auto-load//opt/miniconda3/envs/testbed/lib/libarrow.so.2100.0.0-gdb.py'
+++ '[' '' = 1 ']'
+++ '[' -L /opt/miniconda3/envs/testbed/share/gdb/auto-load//opt/miniconda3/envs/testbed/lib/libarrow.so.2100.0.0-gdb.py ']'
2025-08-21 07:04:26,761 - INFO - ++++ readlink /opt/miniconda3/envs/testbed/share/gdb/auto-load//opt/miniconda3/envs/testbed/lib/libarrow.so.2100.0.0-gdb.py
2025-08-21 07:04:26,762 - INFO - +++ '[' /opt/miniconda3/envs/testbed/share/gdb/auto-load/replace_this_section_with_absolute_slashed_path_to_CONDA_PREFIX/lib/libarrow.so.2100.0.0-gdb.py = /opt/miniconda3/envs/testbed/share/gdb/auto-load/replace_this_section_with_absolute_slashed_path_to_CONDA_PREFIX/lib/libarrow.so.2100.0.0-gdb.py ']'
+++ _la_log 'symlink $_la_symlink already exists and points to $_la_target, skipping.'
+++ '[' '' = 1 ']'
+++ continue
+++ _la_log 'Libarrow activation complete.'
+++ '[' '' = 1 ']'
+++ unset _la_gdb_prefix
+++ unset _la_log
+++ unset _la_orig_install_dir
+++ unset _la_placeholder
2025-08-21 07:04:26,762 - INFO - +++ unset _la_symlink
2025-08-21 07:04:26,762 - INFO - +++ unset _la_symlink_dir
+++ unset _la_target
2025-08-21 07:04:26,762 - INFO - ++ . /opt/miniconda3/envs/testbed/etc/conda/activate.d/libxml2_activate.sh
+++ test -n ''
+++ xml_catalog_files_libxml2=
+++ XML_CATALOG_FILES=
+++ conda_catalog_files=
+++ ifs_libxml2=' 	
'
+++ IFS=' '
+++ rem=/opt/miniconda3/envs/testbed
+++ for pre in ${rem}
+++ test '' = /opt/miniconda3/envs/testbed
+++ conda_catalog_files=/opt/miniconda3/envs/testbed
+++ rem=
+++ IFS=' 	
'
2025-08-21 07:04:26,762 - INFO - +++ conda_catalog_files='file:///opt/miniconda3/envs/testbed/etc/xml/catalog file:///etc/xml/catalog'
+++ export 'XML_CATALOG_FILES=file:///opt/miniconda3/envs/testbed/etc/xml/catalog file:///etc/xml/catalog'
2025-08-21 07:04:26,763 - INFO - +++ XML_CATALOG_FILES='file:///opt/miniconda3/envs/testbed/etc/xml/catalog file:///etc/xml/catalog'
2025-08-21 07:04:26,763 - INFO - +++ unset conda_catalog_files ifs_libxml2 rem
++ . /opt/miniconda3/envs/testbed/etc/conda/activate.d/proj4-activate.sh
2025-08-21 07:04:26,764 - INFO - +++ '[' -n '' ']'
+++ '[' -d /opt/miniconda3/envs/testbed/share/proj ']'
+++ export PROJ_DATA=/opt/miniconda3/envs/testbed/share/proj
+++ PROJ_DATA=/opt/miniconda3/envs/testbed/share/proj
+++ '[' -f /opt/miniconda3/envs/testbed/share/proj/copyright_and_licenses.csv ']'
+++ export PROJ_NETWORK=ON
+++ PROJ_NETWORK=ON
++ . /opt/miniconda3/envs/testbed/etc/conda/activate.d/udunits2-activate.sh
+++ '[' -n '' ']'
+++ '[' -d /opt/miniconda3/envs/testbed/share/udunits ']'
+++ export UDUNITS2_XML_PATH=/opt/miniconda3/envs/testbed/share/udunits/udunits2.xml
+++ UDUNITS2_XML_PATH=/opt/miniconda3/envs/testbed/share/udunits/udunits2.xml
+ __conda_hashr
+ '[' -n '' ']'
+ '[' -n '' ']'
+ hash -r
+ python -m pip install numpy==1.23.0 packaging==23.1 pandas==1.5.3 pytest==7.4.0 python-dateutil==2.8.2 pytz==2023.3 six==1.16.0 scipy==1.11.1 setuptools==68.0.0 dask==2022.8.1
2025-08-21 07:04:28,317 - INFO - Collecting numpy==1.23.0
2025-08-21 07:04:29,123 - INFO - Downloading numpy-1.23.0-cp310-cp310-manylinux_2_17_x86_64.manylinux2014_x86_64.whl.metadata (2.2 kB)
2025-08-21 07:04:29,258 - INFO - Collecting packaging==23.1
2025-08-21 07:04:29,366 - INFO - Downloading packaging-23.1-py3-none-any.whl.metadata (3.1 kB)
2025-08-21 07:04:29,660 - INFO - Collecting pandas==1.5.3
2025-08-21 07:04:29,775 - INFO - Downloading pandas-1.5.3-cp310-cp310-manylinux_2_17_x86_64.manylinux2014_x86_64.whl.metadata (11 kB)
2025-08-21 07:04:29,933 - INFO - Collecting pytest==7.4.0
2025-08-21 07:04:30,041 - INFO - Downloading pytest-7.4.0-py3-none-any.whl.metadata (8.0 kB)
2025-08-21 07:04:30,170 - INFO - Collecting python-dateutil==2.8.2
2025-08-21 07:04:30,283 - INFO - Downloading python_dateutil-2.8.2-py2.py3-none-any.whl.metadata (8.2 kB)
2025-08-21 07:04:30,440 - INFO - Collecting pytz==2023.3
2025-08-21 07:04:30,553 - INFO - Downloading pytz-2023.3-py2.py3-none-any.whl.metadata (22 kB)
2025-08-21 07:04:30,693 - INFO - Collecting six==1.16.0
2025-08-21 07:04:30,801 - INFO - Downloading six-1.16.0-py2.py3-none-any.whl.metadata (1.8 kB)
2025-08-21 07:04:31,083 - INFO - Collecting scipy==1.11.1
2025-08-21 07:04:31,191 - INFO - Downloading scipy-1.11.1-cp310-cp310-manylinux_2_17_x86_64.manylinux2014_x86_64.whl.metadata (59 kB)
2025-08-21 07:04:31,530 - INFO - Collecting setuptools==68.0.0
2025-08-21 07:04:31,637 - INFO - Downloading setuptools-68.0.0-py3-none-any.whl.metadata (6.4 kB)
2025-08-21 07:04:31,795 - INFO - Collecting dask==2022.8.1
2025-08-21 07:04:32,141 - INFO - Downloading dask-2022.8.1-py3-none-any.whl.metadata (3.5 kB)
2025-08-21 07:04:32,171 - INFO - Requirement already satisfied: iniconfig in /opt/miniconda3/envs/testbed/lib/python3.10/site-packages (from pytest==7.4.0) (2.0.0)
2025-08-21 07:04:32,171 - INFO - Requirement already satisfied: pluggy<2.0,>=0.12 in /opt/miniconda3/envs/testbed/lib/python3.10/site-packages (from pytest==7.4.0) (1.6.0)
2025-08-21 07:04:32,172 - INFO - Requirement already satisfied: exceptiongroup>=1.0.0rc8 in /opt/miniconda3/envs/testbed/lib/python3.10/site-packages (from pytest==7.4.0) (1.3.0)
2025-08-21 07:04:32,173 - INFO - Requirement already satisfied: tomli>=1.0.0 in /opt/miniconda3/envs/testbed/lib/python3.10/site-packages (from pytest==7.4.0) (2.2.1)
2025-08-21 07:04:32,185 - INFO - Requirement already satisfied: cloudpickle>=1.1.1 in /opt/miniconda3/envs/testbed/lib/python3.10/site-packages (from dask==2022.8.1) (3.1.1)
2025-08-21 07:04:32,185 - INFO - Requirement already satisfied: fsspec>=0.6.0 in /opt/miniconda3/envs/testbed/lib/python3.10/site-packages (from dask==2022.8.1) (2025.7.0)
2025-08-21 07:04:32,188 - INFO - Requirement already satisfied: partd>=0.3.10 in /opt/miniconda3/envs/testbed/lib/python3.10/site-packages (from dask==2022.8.1) (1.4.2)
2025-08-21 07:04:32,189 - INFO - Requirement already satisfied: pyyaml>=5.3.1 in /opt/miniconda3/envs/testbed/lib/python3.10/site-packages (from dask==2022.8.1) (6.0.2)
2025-08-21 07:04:32,189 - INFO - Requirement already satisfied: toolz>=0.8.2 in /opt/miniconda3/envs/testbed/lib/python3.10/site-packages (from dask==2022.8.1) (1.0.0)
2025-08-21 07:04:32,194 - INFO - Requirement already satisfied: typing-extensions>=4.6.0 in /opt/miniconda3/envs/testbed/lib/python3.10/site-packages (from exceptiongroup>=1.0.0rc8->pytest==7.4.0) (4.14.1)
2025-08-21 07:04:32,228 - INFO - Requirement already satisfied: locket in /opt/miniconda3/envs/testbed/lib/python3.10/site-packages (from partd>=0.3.10->dask==2022.8.1) (1.0.0)
2025-08-21 07:04:32,348 - INFO - Downloading numpy-1.23.0-cp310-cp310-manylinux_2_17_x86_64.manylinux2014_x86_64.whl (17.0 MB)
2025-08-21 07:04:38,246 - INFO - ━━━━━━━━━━━━━━━━━━━━━━━━━━━━━━━━━━━━━━━━ 17.0/17.0 MB 2.9 MB/s  0:00:05
2025-08-21 07:04:38,246 - INFO - 
2025-08-21 07:04:38,516 - INFO - Downloading packaging-23.1-py3-none-any.whl (48 kB)
2025-08-21 07:04:39,134 - INFO - Downloading pandas-1.5.3-cp310-cp310-manylinux_2_17_x86_64.manylinux2014_x86_64.whl (12.1 MB)
2025-08-21 07:04:42,520 - INFO - ━━━━━━━━━━━━━━━━━━━━━━━━━━━━━━━━━━━━━━━━ 12.1/12.1 MB 3.7 MB/s  0:00:03
2025-08-21 07:04:42,521 - INFO - 
2025-08-21 07:04:42,630 - INFO - Downloading pytest-7.4.0-py3-none-any.whl (323 kB)
2025-08-21 07:04:42,766 - INFO - Downloading python_dateutil-2.8.2-py2.py3-none-any.whl (247 kB)
2025-08-21 07:04:42,904 - INFO - Downloading pytz-2023.3-py2.py3-none-any.whl (502 kB)
2025-08-21 07:04:43,048 - INFO - Downloading six-1.16.0-py2.py3-none-any.whl (11 kB)
2025-08-21 07:04:43,161 - INFO - Downloading scipy-1.11.1-cp310-cp310-manylinux_2_17_x86_64.manylinux2014_x86_64.whl (36.3 MB)
2025-08-21 07:04:50,795 - INFO - ━━━━━━━━━━━━━━━━━━━━━━━━━━━━━━━━━━━━━━━━ 36.3/36.3 MB 4.7 MB/s  0:00:07
2025-08-21 07:04:50,914 - INFO - Downloading setuptools-68.0.0-py3-none-any.whl (804 kB)
2025-08-21 07:04:51,190 - INFO - ━━━━━━━━━━━━━━━━━━━━━━━━━━━━━━━━━━━━━━━━ 804.0/804.0 kB 2.4 MB/s  0:00:00
2025-08-21 07:04:51,190 - INFO - 
2025-08-21 07:04:51,330 - INFO - Downloading dask-2022.8.1-py3-none-any.whl (1.1 MB)
2025-08-21 07:04:51,548 - INFO - ━━━━━━━━━━━━━━━━━━━━━━━━━━━━━━━━━━━━━━━━ 1.1/1.1 MB 4.7 MB/s  0:00:00
2025-08-21 07:04:51,548 - INFO - 
2025-08-21 07:04:52,154 - INFO - Installing collected packages: pytz, six, setuptools, packaging, numpy, scipy, python-dateutil, pytest, dask, pandas
2025-08-21 07:04:52,154 - INFO - Attempting uninstall: pytz
2025-08-21 07:04:52,156 - INFO - Found existing installation: pytz 2025.2
2025-08-21 07:04:52,171 - INFO - Uninstalling pytz-2025.2:
2025-08-21 07:04:52,174 - INFO - Successfully uninstalled pytz-2025.2
2025-08-21 07:04:52,313 - INFO - Attempting uninstall: six
2025-08-21 07:04:52,313 - INFO - Found existing installation: six 1.17.0
2025-08-21 07:04:52,315 - INFO - Uninstalling six-1.17.0:
2025-08-21 07:04:52,501 - INFO - Successfully uninstalled six-1.17.0
2025-08-21 07:04:52,592 - INFO - Attempting uninstall: setuptools
2025-08-21 07:04:52,593 - INFO - Found existing installation: setuptools 80.9.0
2025-08-21 07:04:52,595 - INFO - Uninstalling setuptools-80.9.0:
2025-08-21 07:04:52,738 - INFO - Successfully uninstalled setuptools-80.9.0
2025-08-21 07:04:53,150 - INFO - Attempting uninstall: packaging
2025-08-21 07:04:53,151 - INFO - Found existing installation: packaging 25.0
2025-08-21 07:04:53,154 - INFO - Uninstalling packaging-25.0:
2025-08-21 07:04:53,155 - INFO - Successfully uninstalled packaging-25.0
2025-08-21 07:04:53,208 - INFO - Attempting uninstall: numpy
2025-08-21 07:04:53,209 - INFO - Found existing installation: numpy 2.2.6
2025-08-21 07:04:53,267 - INFO - Uninstalling numpy-2.2.6:
2025-08-21 07:04:53,275 - INFO - Successfully uninstalled numpy-2.2.6
2025-08-21 07:04:54,989 - INFO - Attempting uninstall: scipy
2025-08-21 07:04:54,990 - INFO - Found existing installation: scipy 1.15.2
2025-08-21 07:04:55,048 - INFO - Uninstalling scipy-1.15.2:
2025-08-21 07:04:55,068 - INFO - Successfully uninstalled scipy-1.15.2
2025-08-21 07:04:58,034 - INFO - Attempting uninstall: python-dateutil
2025-08-21 07:04:58,035 - INFO - Found existing installation: python-dateutil 2.9.0.post0
2025-08-21 07:04:58,039 - INFO - Uninstalling python-dateutil-2.9.0.post0:
2025-08-21 07:04:58,040 - INFO - Successfully uninstalled python-dateutil-2.9.0.post0
2025-08-21 07:04:58,098 - INFO - Attempting uninstall: pytest
2025-08-21 07:04:58,098 - INFO - Found existing installation: pytest 8.4.1
2025-08-21 07:04:58,109 - INFO - Uninstalling pytest-8.4.1:
2025-08-21 07:04:58,273 - INFO - Successfully uninstalled pytest-8.4.1
2025-08-21 07:04:58,578 - INFO - Attempting uninstall: dask
2025-08-21 07:04:58,579 - INFO - Found existing installation: dask 2025.7.0
2025-08-21 07:04:58,618 - INFO - Uninstalling dask-2025.7.0:
2025-08-21 07:04:58,623 - INFO - Successfully uninstalled dask-2025.7.0
2025-08-21 07:04:59,434 - INFO - Attempting uninstall: pandas
2025-08-21 07:04:59,436 - INFO - Found existing installation: pandas 2.3.1
2025-08-21 07:04:59,580 - INFO - Uninstalling pandas-2.3.1:
2025-08-21 07:04:59,594 - INFO - Successfully uninstalled pandas-2.3.1
2025-08-21 07:05:03,274 - INFO - 
2025-08-21 07:05:03,304 - INFO - ERROR: pip's dependency resolver does not currently take into account all the packages that are installed. This behaviour is the source of the following dependency conflicts.
distributed 2025.7.0 requires dask==2025.7.0, but you have dask 2022.8.1 which is incompatible.
numba 0.61.2 requires numpy<2.3,>=1.24, but you have numpy 1.23.0 which is incompatible.
pytest-env 1.1.5 requires pytest>=8.3.3, but you have pytest 7.4.0 which is incompatible.
rasterio 1.4.3 requires numpy>=1.24, but you have numpy 1.23.0 which is incompatible.
scitools-iris 3.11.0 requires dask[array]!=2024.8.0,>=2022.9.0, but you have dask 2022.8.1 which is incompatible.
scitools-iris 3.11.0 requires numpy!=1.24.3,>=1.24, but you have numpy 1.23.0 which is incompatible.
xarray 2025.6.1 requires numpy>=1.24, but you have numpy 1.23.0 which is incompatible.
xarray 2025.6.1 requires packaging>=23.2, but you have packaging 23.1 which is incompatible.
xarray 2025.6.1 requires pandas>=2.1, but you have pandas 1.5.3 which is incompatible.
zarr 2.18.3 requires numpy>=1.24, but you have numpy 1.23.0 which is incompatible.
2025-08-21 07:05:03,304 - INFO - Successfully installed dask-2022.8.1 numpy-1.23.0 packaging-23.1 pandas-1.5.3 pytest-7.4.0 python-dateutil-2.8.2 pytz-2023.3 scipy-1.11.1 setuptools-68.0.0 six-1.16.0
2025-08-21 07:05:03,304 - INFO - WARNING: Running pip as the 'root' user can result in broken permissions and conflicting behaviour with the system package manager, possibly rendering your system unusable. It is recommended to use a virtual environment instead: https://pip.pypa.io/warnings/venv. Use the --root-user-action option if you know what you are doing and want to suppress this warning.
2025-08-21 07:09:38,779 - INFO - ---> Removed intermediate container 7e5e16a71133
2025-08-21 07:09:38,779 - INFO - ---> 986a35cf6b5f
2025-08-21 07:09:38,779 - INFO - Step 6/7 : WORKDIR /testbed/
2025-08-21 07:09:38,779 - INFO - 
2025-08-21 07:09:48,320 - INFO - ---> Running in 268ebf4bddb9
2025-08-21 07:09:51,715 - INFO - ---> Removed intermediate container 268ebf4bddb9
2025-08-21 07:09:51,848 - INFO - ---> 57dd0b92b54b
2025-08-21 07:09:51,848 - INFO - Step 7/7 : RUN echo "source /opt/miniconda3/etc/profile.d/conda.sh && conda activate testbed" > /root/.bashrc
2025-08-21 07:09:51,848 - INFO - 
2025-08-21 07:09:54,654 - INFO - ---> Running in a46b9d2b53d8
2025-08-21 07:10:03,872 - INFO - ---> Removed intermediate container a46b9d2b53d8
2025-08-21 07:10:03,872 - INFO - ---> 6c91acbadb3e
2025-08-21 07:10:03,872 - INFO - Successfully built 6c91acbadb3e
2025-08-21 07:10:04,053 - INFO - Successfully tagged sweb.env.x86_64.502d8fc6ebccd881244091:latest
2025-08-21 07:10:04,053 - INFO - Image built successfully!
