2025-08-21 07:57:33,418 - INFO - Building image sweb.env.x86_64.c795f4b88616b8462021ed:latest
Using dockerfile:
FROM --platform=linux/x86_64 sweb.base.x86_64:latest

COPY ./setup_env.sh /root/
RUN sed -i -e 's/\r$//' /root/setup_env.sh
RUN chmod +x /root/setup_env.sh
RUN /bin/bash -c "source ~/.bashrc && /root/setup_env.sh"

WORKDIR /testbed/

# Automatically activate the testbed environment
RUN echo "source /opt/miniconda3/etc/profile.d/conda.sh && conda activate testbed" > /root/.bashrc

Adding (1) setup scripts to image build repo
2025-08-21 07:57:33,418 - INFO - [SETUP SCRIPT] setup_env.sh:
#!/bin/bash
set -euxo pipefail
source /opt/miniconda3/bin/activate
conda create -n testbed python=3.9 mpmath flake8 -y
conda activate testbed
python -m pip install mpmath==1.3.0 flake8-comprehensions

2025-08-21 07:57:33,418 - INFO - Building docker image sweb.env.x86_64.c795f4b88616b8462021ed:latest in logs/build_images/env/sweb.env.x86_64.c795f4b88616b8462021ed__latest with platform linux/x86_64
2025-08-21 07:57:33,422 - INFO - Step 1/7 : FROM --platform=linux/x86_64 sweb.base.x86_64:latest
2025-08-21 07:57:33,422 - INFO - 
2025-08-21 07:57:33,422 - INFO - ---> 5cca6898c8d9
2025-08-21 07:57:33,422 - INFO - Step 2/7 : COPY ./setup_env.sh /root/
2025-08-21 07:57:33,422 - INFO - 
2025-08-21 07:57:33,487 - INFO - ---> 05fc17205112
2025-08-21 07:57:33,488 - INFO - Step 3/7 : RUN sed -i -e 's/\r$//' /root/setup_env.sh
2025-08-21 07:57:33,488 - INFO - 
2025-08-21 07:57:33,516 - INFO - ---> Running in b3de1a2e7b5d
2025-08-21 07:57:34,101 - INFO - ---> Removed intermediate container b3de1a2e7b5d
2025-08-21 07:57:34,101 - INFO - ---> dfca0e7c3598
2025-08-21 07:57:34,101 - INFO - Step 4/7 : RUN chmod +x /root/setup_env.sh
2025-08-21 07:57:34,101 - INFO - 
2025-08-21 07:57:34,166 - INFO - ---> Running in bb72ce1332e1
2025-08-21 07:57:34,560 - INFO - ---> Removed intermediate container bb72ce1332e1
2025-08-21 07:57:34,560 - INFO - ---> 49a10165fdda
2025-08-21 07:57:34,560 - INFO - Step 5/7 : RUN /bin/bash -c "source ~/.bashrc && /root/setup_env.sh"
2025-08-21 07:57:34,560 - INFO - 
2025-08-21 07:57:34,588 - INFO - ---> Running in 9e679fd51d4b
2025-08-21 07:57:34,739 - INFO - + source /opt/miniconda3/bin/activate
2025-08-21 07:57:34,740 - INFO - ++ _CONDA_ROOT=/opt/miniconda3
++ . /opt/miniconda3/etc/profile.d/conda.sh
+++ export CONDA_EXE=/opt/miniconda3/bin/conda
+++ CONDA_EXE=/opt/miniconda3/bin/conda
+++ export _CE_M=
+++ _CE_M=
+++ export _CE_CONDA=
+++ _CE_CONDA=
+++ export CONDA_PYTHON_EXE=/opt/miniconda3/bin/python
+++ CONDA_PYTHON_EXE=/opt/miniconda3/bin/python
+++ '[' -z '' ']'
+++ export CONDA_SHLVL=0
+++ CONDA_SHLVL=0
+++ '[' -n '' ']'
2025-08-21 07:57:34,741 - INFO - +++++ dirname /opt/miniconda3/bin/conda
2025-08-21 07:57:34,742 - INFO - ++++ dirname /opt/miniconda3/bin
2025-08-21 07:57:34,743 - INFO - +++ PATH=/opt/miniconda3/condabin:/opt/miniconda3/bin:/usr/local/sbin:/usr/local/bin:/usr/sbin:/usr/bin:/sbin:/bin
2025-08-21 07:57:34,744 - INFO - +++ export PATH
2025-08-21 07:57:34,744 - INFO - +++ '[' -z '' ']'
2025-08-21 07:57:34,744 - INFO - +++ PS1=
2025-08-21 07:57:34,744 - INFO - ++ conda activate
2025-08-21 07:57:34,744 - INFO - ++ local cmd=activate
++ case "$cmd" in
++ __conda_activate activate
++ '[' -n '' ']'
++ local ask_conda
2025-08-21 07:57:34,745 - INFO - +++ PS1=
2025-08-21 07:57:34,745 - INFO - +++ __conda_exe shell.posix activate
2025-08-21 07:57:34,746 - INFO - +++ /opt/miniconda3/bin/conda shell.posix activate
2025-08-21 07:57:34,857 - INFO - ++ ask_conda='PS1='\''(base) '\''
export PATH='\''/opt/miniconda3/bin:/opt/miniconda3/condabin:/opt/miniconda3/bin:/usr/local/sbin:/usr/local/bin:/usr/sbin:/usr/bin:/sbin:/bin'\''
export CONDA_PREFIX='\''/opt/miniconda3'\''
export CONDA_SHLVL='\''1'\''
export CONDA_DEFAULT_ENV='\''base'\''
export CONDA_PROMPT_MODIFIER='\''(base) '\''
export CONDA_EXE='\''/opt/miniconda3/bin/conda'\''
export _CE_M='\'''\''
export _CE_CONDA='\'''\''
2025-08-21 07:57:34,857 - INFO - export CONDA_PYTHON_EXE='\''/opt/miniconda3/bin/python'\'''
++ eval 'PS1='\''(base) '\''
export PATH='\''/opt/miniconda3/bin:/opt/miniconda3/condabin:/opt/miniconda3/bin:/usr/local/sbin:/usr/local/bin:/usr/sbin:/usr/bin:/sbin:/bin'\''
export CONDA_PREFIX='\''/opt/miniconda3'\''
export CONDA_SHLVL='\''1'\''
export CONDA_DEFAULT_ENV='\''base'\''
export CONDA_PROMPT_MODIFIER='\''(base) '\''
export CONDA_EXE='\''/opt/miniconda3/bin/conda'\''
export _CE_M='\'''\''
export _CE_CONDA='\'''\''
export CONDA_PYTHON_EXE='\''/opt/miniconda3/bin/python'\'''
+++ PS1='(base) '
+++ export PATH=/opt/miniconda3/bin:/opt/miniconda3/condabin:/opt/miniconda3/bin:/usr/local/sbin:/usr/local/bin:/usr/sbin:/usr/bin:/sbin:/bin
+++ PATH=/opt/miniconda3/bin:/opt/miniconda3/condabin:/opt/miniconda3/bin:/usr/local/sbin:/usr/local/bin:/usr/sbin:/usr/bin:/sbin:/bin
+++ export CONDA_PREFIX=/opt/miniconda3
+++ CONDA_PREFIX=/opt/miniconda3
+++ export CONDA_SHLVL=1
+++ CONDA_SHLVL=1
+++ export CONDA_DEFAULT_ENV=base
+++ CONDA_DEFAULT_ENV=base
+++ export 'CONDA_PROMPT_MODIFIER=(base) '
+++ CONDA_PROMPT_MODIFIER='(base) '
+++ export CONDA_EXE=/opt/miniconda3/bin/conda
+++ CONDA_EXE=/opt/miniconda3/bin/conda
+++ export _CE_M=
+++ _CE_M=
+++ export _CE_CONDA=
+++ _CE_CONDA=
+++ export CONDA_PYTHON_EXE=/opt/miniconda3/bin/python
+++ CONDA_PYTHON_EXE=/opt/miniconda3/bin/python
++ __conda_hashr
++ '[' -n '' ']'
++ '[' -n '' ']'
++ hash -r
+ conda create -n testbed python=3.9 mpmath flake8 -y
+ local cmd=create
+ case "$cmd" in
+ __conda_exe create -n testbed python=3.9 mpmath flake8 -y
2025-08-21 07:57:34,857 - INFO - + /opt/miniconda3/bin/conda create -n testbed python=3.9 mpmath flake8 -y
2025-08-21 07:57:35,645 - INFO - Channels:
 - defaults
 - conda-forge
Platform: linux-64
Collecting package metadata (repodata.json): ...working...
2025-08-21 07:58:32,371 - INFO - done
2025-08-21 07:58:32,371 - INFO - Solving environment: ...working...
2025-08-21 07:58:35,100 - INFO - done
2025-08-21 07:58:46,975 - INFO - ## Package Plan ##

  environment location: /opt/miniconda3/envs/testbed

  added / updated specs:
    - flake8
    - mpmath
    - python=3.9


The following packages will be downloaded:

    package                    |            build
    ---------------------------|-----------------
    bzip2-1.0.8                |       h5eee18b_6         262 KB
    ca-certificates-2025.7.15  |       h06a4308_0         126 KB
    expat-2.7.1                |       h6a678d5_0         182 KB
    flake8-7.1.1               |   py39h06a4308_0          90 KB
    ld_impl_linux-64-2.40      |       h12ee557_0         710 KB
    libffi-3.4.4               |       h6a678d5_1         141 KB
    libxcb-1.17.0              |       h9b100fa_0         430 KB
    mccabe-0.7.0               |     pyhd3eb1b0_0          11 KB
    mpmath-1.3.0               |   py39h06a4308_0         829 KB
    ncurses-6.5                |       h7934f7d_0         1.1 MB
    openssl-3.0.17             |       h5eee18b_0         5.2 MB
    pip-25.1                   |     pyhc872135_2         1.3 MB
    pthread-stubs-0.3          |       h0ce48e5_1           5 KB
    pycodestyle-2.12.1         |   py39h06a4308_0          55 KB
    pyflakes-3.2.0             |   py39h06a4308_0         117 KB
    python-3.9.23              |       he99959a_0        24.7 MB
    readline-8.3               |       hc2a1206_0         471 KB
    setuptools-78.1.1          |   py39h06a4308_0         1.7 MB
    sqlite-3.50.2              |       hb25bd0a_1         1.1 MB
    tk-8.6.15                  |       h54e0aa7_0         3.4 MB
    tzdata-2025b               |       h04d1e81_0         116 KB
    wheel-0.45.1               |   py39h06a4308_0         114 KB
    xorg-libx11-1.8.12         |       h9b100fa_1         895 KB
    xorg-libxau-1.0.12         |       h9b100fa_0          13 KB
    xorg-libxdmcp-1.1.5        |       h9b100fa_0          19 KB
    xorg-xorgproto-2024.1      |       h5eee18b_1         580 KB
    xz-5.6.4                   |       h5eee18b_1         567 KB
    zlib-1.2.13                |       h5eee18b_1         111 KB
    ------------------------------------------------------------
                                           Total:        44.2 MB

The following NEW packages will be INSTALLED:

  _libgcc_mutex      pkgs/main/linux-64::_libgcc_mutex-0.1-main 
  _openmp_mutex      pkgs/main/linux-64::_openmp_mutex-5.1-1_gnu 
  bzip2              pkgs/main/linux-64::bzip2-1.0.8-h5eee18b_6 
  ca-certificates    pkgs/main/linux-64::ca-certificates-2025.7.15-h06a4308_0 
  expat              pkgs/main/linux-64::expat-2.7.1-h6a678d5_0 
  flake8             pkgs/main/linux-64::flake8-7.1.1-py39h06a4308_0 
  ld_impl_linux-64   pkgs/main/linux-64::ld_impl_linux-64-2.40-h12ee557_0 
  libffi             pkgs/main/linux-64::libffi-3.4.4-h6a678d5_1 
  libgcc-ng          pkgs/main/linux-64::libgcc-ng-11.2.0-h1234567_1 
  libgomp            pkgs/main/linux-64::libgomp-11.2.0-h1234567_1 
  libstdcxx-ng       pkgs/main/linux-64::libstdcxx-ng-11.2.0-h1234567_1 
  libxcb             pkgs/main/linux-64::libxcb-1.17.0-h9b100fa_0 
  mccabe             pkgs/main/noarch::mccabe-0.7.0-pyhd3eb1b0_0 
  mpmath             pkgs/main/linux-64::mpmath-1.3.0-py39h06a4308_0 
  ncurses            pkgs/main/linux-64::ncurses-6.5-h7934f7d_0 
  openssl            pkgs/main/linux-64::openssl-3.0.17-h5eee18b_0 
  pip                pkgs/main/noarch::pip-25.1-pyhc872135_2 
  pthread-stubs      pkgs/main/linux-64::pthread-stubs-0.3-h0ce48e5_1 
  pycodestyle        pkgs/main/linux-64::pycodestyle-2.12.1-py39h06a4308_0 
  pyflakes           pkgs/main/linux-64::pyflakes-3.2.0-py39h06a4308_0 
  python             pkgs/main/linux-64::python-3.9.23-he99959a_0 
  readline           pkgs/main/linux-64::readline-8.3-hc2a1206_0 
  setuptools         pkgs/main/linux-64::setuptools-78.1.1-py39h06a4308_0 
  sqlite             pkgs/main/linux-64::sqlite-3.50.2-hb25bd0a_1 
  tk                 pkgs/main/linux-64::tk-8.6.15-h54e0aa7_0 
  tzdata             pkgs/main/noarch::tzdata-2025b-h04d1e81_0 
  wheel              pkgs/main/linux-64::wheel-0.45.1-py39h06a4308_0 
  xorg-libx11        pkgs/main/linux-64::xorg-libx11-1.8.12-h9b100fa_1 
  xorg-libxau        pkgs/main/linux-64::xorg-libxau-1.0.12-h9b100fa_0 
  xorg-libxdmcp      pkgs/main/linux-64::xorg-libxdmcp-1.1.5-h9b100fa_0 
  xorg-xorgproto     pkgs/main/linux-64::xorg-xorgproto-2024.1-h5eee18b_1 
  xz                 pkgs/main/linux-64::xz-5.6.4-h5eee18b_1 
  zlib               pkgs/main/linux-64::zlib-1.2.13-h5eee18b_1 



Downloading and Extracting Packages: ...working... done
Preparing transaction: ...working...
2025-08-21 07:58:49,704 - INFO - done
Verifying transaction: ...working...
2025-08-21 07:58:51,698 - INFO - done
2025-08-21 07:58:51,699 - INFO - Executing transaction: ...working...
2025-08-21 07:59:00,798 - INFO - done
2025-08-21 07:59:00,903 - INFO - #
# To activate this environment, use
#
#     $ conda activate testbed
#
# To deactivate an active environment, use
#
#     $ conda deactivate
2025-08-21 07:59:01,009 - INFO - + conda activate testbed
+ local cmd=activate
+ case "$cmd" in
+ __conda_activate activate testbed
+ '[' -n '' ']'
+ local ask_conda
2025-08-21 07:59:01,010 - INFO - ++ PS1='(base) '
++ __conda_exe shell.posix activate testbed
2025-08-21 07:59:01,010 - INFO - ++ /opt/miniconda3/bin/conda shell.posix activate testbed
2025-08-21 07:59:01,117 - INFO - + ask_conda='PS1='\''(testbed) '\''
export PATH='\''/opt/miniconda3/envs/testbed/bin:/opt/miniconda3/condabin:/opt/miniconda3/bin:/usr/local/sbin:/usr/local/bin:/usr/sbin:/usr/bin:/sbin:/bin'\''
export CONDA_PREFIX='\''/opt/miniconda3/envs/testbed'\''
export CONDA_SHLVL='\''2'\''
export CONDA_DEFAULT_ENV='\''testbed'\''
export CONDA_PROMPT_MODIFIER='\''(testbed) '\''
export CONDA_PREFIX_1='\''/opt/miniconda3'\''
export CONDA_EXE='\''/opt/miniconda3/bin/conda'\''
export _CE_M='\'''\''
export _CE_CONDA='\'''\''
export CONDA_PYTHON_EXE='\''/opt/miniconda3/bin/python'\'''
+ eval 'PS1='\''(testbed) '\''
export PATH='\''/opt/miniconda3/envs/testbed/bin:/opt/miniconda3/condabin:/opt/miniconda3/bin:/usr/local/sbin:/usr/local/bin:/usr/sbin:/usr/bin:/sbin:/bin'\''
export CONDA_PREFIX='\''/opt/miniconda3/envs/testbed'\''
export CONDA_SHLVL='\''2'\''
export CONDA_DEFAULT_ENV='\''testbed'\''
export CONDA_PROMPT_MODIFIER='\''(testbed) '\''
export CONDA_PREFIX_1='\''/opt/miniconda3'\''
export CONDA_EXE='\''/opt/miniconda3/bin/conda'\''
export _CE_M='\'''\''
export _CE_CONDA='\'''\''
export CONDA_PYTHON_EXE='\''/opt/miniconda3/bin/python'\'''
++ PS1='(testbed) '
++ export PATH=/opt/miniconda3/envs/testbed/bin:/opt/miniconda3/condabin:/opt/miniconda3/bin:/usr/local/sbin:/usr/local/bin:/usr/sbin:/usr/bin:/sbin:/bin
++ PATH=/opt/miniconda3/envs/testbed/bin:/opt/miniconda3/condabin:/opt/miniconda3/bin:/usr/local/sbin:/usr/local/bin:/usr/sbin:/usr/bin:/sbin:/bin
++ export CONDA_PREFIX=/opt/miniconda3/envs/testbed
++ CONDA_PREFIX=/opt/miniconda3/envs/testbed
++ export CONDA_SHLVL=2
++ CONDA_SHLVL=2
++ export CONDA_DEFAULT_ENV=testbed
++ CONDA_DEFAULT_ENV=testbed
++ export 'CONDA_PROMPT_MODIFIER=(testbed) '
++ CONDA_PROMPT_MODIFIER='(testbed) '
++ export CONDA_PREFIX_1=/opt/miniconda3
++ CONDA_PREFIX_1=/opt/miniconda3
++ export CONDA_EXE=/opt/miniconda3/bin/conda
++ CONDA_EXE=/opt/miniconda3/bin/conda
++ export _CE_M=
++ _CE_M=
++ export _CE_CONDA=
++ _CE_CONDA=
++ export CONDA_PYTHON_EXE=/opt/miniconda3/bin/python
++ CONDA_PYTHON_EXE=/opt/miniconda3/bin/python
+ __conda_hashr
+ '[' -n '' ']'
+ '[' -n '' ']'
+ hash -r
+ python -m pip install mpmath==1.3.0 flake8-comprehensions
2025-08-21 07:59:01,496 - INFO - Requirement already satisfied: mpmath==1.3.0 in /opt/miniconda3/envs/testbed/lib/python3.9/site-packages (1.3.0)
2025-08-21 07:59:02,424 - INFO - Collecting flake8-comprehensions
2025-08-21 07:59:03,825 - INFO - Downloading flake8_comprehensions-3.16.0-py3-none-any.whl.metadata (12 kB)
2025-08-21 07:59:03,841 - INFO - Requirement already satisfied: flake8!=3.2,>=3 in /opt/miniconda3/envs/testbed/lib/python3.9/site-packages (from flake8-comprehensions) (7.1.1)
2025-08-21 07:59:03,842 - INFO - Requirement already satisfied: mccabe<0.8.0,>=0.7.0 in /opt/miniconda3/envs/testbed/lib/python3.9/site-packages (from flake8!=3.2,>=3->flake8-comprehensions) (0.7.0)
2025-08-21 07:59:03,843 - INFO - Requirement already satisfied: pycodestyle<2.13.0,>=2.12.0 in /opt/miniconda3/envs/testbed/lib/python3.9/site-packages (from flake8!=3.2,>=3->flake8-comprehensions) (2.12.1)
2025-08-21 07:59:03,843 - INFO - Requirement already satisfied: pyflakes<3.3.0,>=3.2.0 in /opt/miniconda3/envs/testbed/lib/python3.9/site-packages (from flake8!=3.2,>=3->flake8-comprehensions) (3.2.0)
2025-08-21 07:59:03,962 - INFO - Downloading flake8_comprehensions-3.16.0-py3-none-any.whl (8.2 kB)
2025-08-21 07:59:03,978 - INFO - Installing collected packages: flake8-comprehensions
2025-08-21 07:59:03,995 - INFO - Successfully installed flake8-comprehensions-3.16.0
2025-08-21 07:59:03,995 - INFO - WARNING: Running pip as the 'root' user can result in broken permissions and conflicting behaviour with the system package manager, possibly rendering your system unusable. It is recommended to use a virtual environment instead: https://pip.pypa.io/warnings/venv. Use the --root-user-action option if you know what you are doing and want to suppress this warning.
2025-08-21 07:59:57,786 - INFO - ---> Removed intermediate container 9e679fd51d4b
2025-08-21 07:59:57,787 - INFO - ---> d91e3e9e99ac
2025-08-21 07:59:57,787 - INFO - Step 6/7 : WORKDIR /testbed/
2025-08-21 07:59:57,787 - INFO - 
2025-08-21 07:59:58,010 - INFO - ---> Running in fac61f8aae05
2025-08-21 07:59:58,041 - INFO - ---> Removed intermediate container fac61f8aae05
2025-08-21 07:59:58,042 - INFO - ---> 1dce48219d5c
2025-08-21 07:59:58,042 - INFO - Step 7/7 : RUN echo "source /opt/miniconda3/etc/profile.d/conda.sh && conda activate testbed" > /root/.bashrc
2025-08-21 07:59:58,042 - INFO - 
2025-08-21 07:59:58,235 - INFO - ---> Running in fe367bfb0e0b
2025-08-21 07:59:58,835 - INFO - ---> Removed intermediate container fe367bfb0e0b
2025-08-21 07:59:58,835 - INFO - ---> 9915e544f942
2025-08-21 07:59:58,835 - INFO - Successfully built 9915e544f942
2025-08-21 07:59:58,844 - INFO - Successfully tagged sweb.env.x86_64.c795f4b88616b8462021ed:latest
2025-08-21 07:59:58,844 - INFO - Image built successfully!
