2025-08-21 07:55:04,474 - INFO - Building image sweb.env.x86_64.764c21123474adcba1e003:latest
Using dockerfile:
FROM --platform=linux/x86_64 sweb.base.x86_64:latest

COPY ./setup_env.sh /root/
RUN sed -i -e 's/\r$//' /root/setup_env.sh
RUN chmod +x /root/setup_env.sh
RUN /bin/bash -c "source ~/.bashrc && /root/setup_env.sh"

WORKDIR /testbed/

# Automatically activate the testbed environment
RUN echo "source /opt/miniconda3/etc/profile.d/conda.sh && conda activate testbed" > /root/.bashrc

Adding (1) setup scripts to image build repo
2025-08-21 07:55:04,474 - INFO - [SETUP SCRIPT] setup_env.sh:
#!/bin/bash
set -euxo pipefail
source /opt/miniconda3/bin/activate
conda create -n testbed python=3.9  -y
conda activate testbed
python -m pip install tox==4.16.0 tox-current-env==0.0.11 Jinja2==3.0.3

2025-08-21 07:55:04,475 - INFO - Building docker image sweb.env.x86_64.764c21123474adcba1e003:latest in logs/build_images/env/sweb.env.x86_64.764c21123474adcba1e003__latest with platform linux/x86_64
2025-08-21 07:55:04,478 - INFO - Step 1/7 : FROM --platform=linux/x86_64 sweb.base.x86_64:latest
2025-08-21 07:55:04,478 - INFO - 
2025-08-21 07:55:04,478 - INFO - ---> 5cca6898c8d9
2025-08-21 07:55:04,478 - INFO - Step 2/7 : COPY ./setup_env.sh /root/
2025-08-21 07:55:04,478 - INFO - 
2025-08-21 07:55:04,550 - INFO - ---> b667531dc37b
2025-08-21 07:55:04,550 - INFO - Step 3/7 : RUN sed -i -e 's/\r$//' /root/setup_env.sh
2025-08-21 07:55:04,550 - INFO - 
2025-08-21 07:55:04,590 - INFO - ---> Running in 3075ce00e412
2025-08-21 07:55:04,980 - INFO - ---> Removed intermediate container 3075ce00e412
2025-08-21 07:55:04,980 - INFO - ---> 66024b5469fa
2025-08-21 07:55:04,980 - INFO - Step 4/7 : RUN chmod +x /root/setup_env.sh
2025-08-21 07:55:04,980 - INFO - 
2025-08-21 07:55:05,024 - INFO - ---> Running in 04bb89121788
2025-08-21 07:55:05,585 - INFO - ---> Removed intermediate container 04bb89121788
2025-08-21 07:55:05,585 - INFO - ---> e712b31dbc18
2025-08-21 07:55:05,585 - INFO - Step 5/7 : RUN /bin/bash -c "source ~/.bashrc && /root/setup_env.sh"
2025-08-21 07:55:05,585 - INFO - 
2025-08-21 07:55:05,612 - INFO - ---> Running in 229b62d03976
2025-08-21 07:55:05,783 - INFO - + source /opt/miniconda3/bin/activate
++ _CONDA_ROOT=/opt/miniconda3
++ . /opt/miniconda3/etc/profile.d/conda.sh
+++ export CONDA_EXE=/opt/miniconda3/bin/conda
+++ CONDA_EXE=/opt/miniconda3/bin/conda
+++ export _CE_M=
+++ _CE_M=
+++ export _CE_CONDA=
+++ _CE_CONDA=
+++ export CONDA_PYTHON_EXE=/opt/miniconda3/bin/python
+++ CONDA_PYTHON_EXE=/opt/miniconda3/bin/python
+++ '[' -z '' ']'
+++ export CONDA_SHLVL=0
+++ CONDA_SHLVL=0
+++ '[' -n '' ']'
2025-08-21 07:55:05,783 - INFO - +++++ dirname /opt/miniconda3/bin/conda
2025-08-21 07:55:05,785 - INFO - ++++ dirname /opt/miniconda3/bin
2025-08-21 07:55:05,786 - INFO - +++ PATH=/opt/miniconda3/condabin:/opt/miniconda3/bin:/usr/local/sbin:/usr/local/bin:/usr/sbin:/usr/bin:/sbin:/bin
+++ export PATH
+++ '[' -z '' ']'
+++ PS1=
++ conda activate
++ local cmd=activate
++ case "$cmd" in
++ __conda_activate activate
++ '[' -n '' ']'
++ local ask_conda
2025-08-21 07:55:05,787 - INFO - +++ PS1=
+++ __conda_exe shell.posix activate
2025-08-21 07:55:05,788 - INFO - +++ /opt/miniconda3/bin/conda shell.posix activate
2025-08-21 07:55:05,912 - INFO - ++ ask_conda='PS1='\''(base) '\''
export PATH='\''/opt/miniconda3/bin:/opt/miniconda3/condabin:/opt/miniconda3/bin:/usr/local/sbin:/usr/local/bin:/usr/sbin:/usr/bin:/sbin:/bin'\''
export CONDA_PREFIX='\''/opt/miniconda3'\''
export CONDA_SHLVL='\''1'\''
export CONDA_DEFAULT_ENV='\''base'\''
export CONDA_PROMPT_MODIFIER='\''(base) '\''
export CONDA_EXE='\''/opt/miniconda3/bin/conda'\''
export _CE_M='\'''\''
export _CE_CONDA='\'''\''
export CONDA_PYTHON_EXE='\''/opt/miniconda3/bin/python'\'''
++ eval 'PS1='\''(base) '\''
export PATH='\''/opt/miniconda3/bin:/opt/miniconda3/condabin:/opt/miniconda3/bin:/usr/local/sbin:/usr/local/bin:/usr/sbin:/usr/bin:/sbin:/bin'\''
export CONDA_PREFIX='\''/opt/miniconda3'\''
export CONDA_SHLVL='\''1'\''
export CONDA_DEFAULT_ENV='\''base'\''
export CONDA_PROMPT_MODIFIER='\''(base) '\''
export CONDA_EXE='\''/opt/miniconda3/bin/conda'\''
export _CE_M='\'''\''
export _CE_CONDA='\'''\''
export CONDA_PYTHON_EXE='\''/opt/miniconda3/bin/python'\'''
+++ PS1='(base) '
+++ export PATH=/opt/miniconda3/bin:/opt/miniconda3/condabin:/opt/miniconda3/bin:/usr/local/sbin:/usr/local/bin:/usr/sbin:/usr/bin:/sbin:/bin
+++ PATH=/opt/miniconda3/bin:/opt/miniconda3/condabin:/opt/miniconda3/bin:/usr/local/sbin:/usr/local/bin:/usr/sbin:/usr/bin:/sbin:/bin
+++ export CONDA_PREFIX=/opt/miniconda3
+++ CONDA_PREFIX=/opt/miniconda3
+++ export CONDA_SHLVL=1
2025-08-21 07:55:05,913 - INFO - +++ CONDA_SHLVL=1
+++ export CONDA_DEFAULT_ENV=base
+++ CONDA_DEFAULT_ENV=base
+++ export 'CONDA_PROMPT_MODIFIER=(base) '
+++ CONDA_PROMPT_MODIFIER='(base) '
+++ export CONDA_EXE=/opt/miniconda3/bin/conda
+++ CONDA_EXE=/opt/miniconda3/bin/conda
+++ export _CE_M=
2025-08-21 07:55:05,913 - INFO - +++ _CE_M=
+++ export _CE_CONDA=
+++ _CE_CONDA=
+++ export CONDA_PYTHON_EXE=/opt/miniconda3/bin/python
+++ CONDA_PYTHON_EXE=/opt/miniconda3/bin/python
++ __conda_hashr
++ '[' -n '' ']'
++ '[' -n '' ']'
++ hash -r
+ conda create -n testbed python=3.9 -y
+ local cmd=create
+ case "$cmd" in
+ __conda_exe create -n testbed python=3.9 -y
2025-08-21 07:55:05,914 - INFO - + /opt/miniconda3/bin/conda create -n testbed python=3.9 -y
2025-08-21 07:55:06,656 - INFO - Channels:
 - defaults
 - conda-forge
Platform: linux-64
Collecting package metadata (repodata.json): ...working...
2025-08-21 07:56:05,416 - INFO - done
Solving environment: ...working...
2025-08-21 07:56:06,923 - INFO - done
2025-08-21 07:56:16,180 - INFO - ## Package Plan ##

  environment location: /opt/miniconda3/envs/testbed

  added / updated specs:
    - python=3.9


The following packages will be downloaded:

    package                    |            build
    ---------------------------|-----------------
    bzip2-1.0.8                |       h5eee18b_6         262 KB
    ca-certificates-2025.7.15  |       h06a4308_0         126 KB
    expat-2.7.1                |       h6a678d5_0         182 KB
    ld_impl_linux-64-2.40      |       h12ee557_0         710 KB
    libffi-3.4.4               |       h6a678d5_1         141 KB
    libxcb-1.17.0              |       h9b100fa_0         430 KB
    ncurses-6.5                |       h7934f7d_0         1.1 MB
    openssl-3.0.17             |       h5eee18b_0         5.2 MB
    pip-25.1                   |     pyhc872135_2         1.3 MB
    pthread-stubs-0.3          |       h0ce48e5_1           5 KB
    python-3.9.23              |       he99959a_0        24.7 MB
    readline-8.3               |       hc2a1206_0         471 KB
    setuptools-78.1.1          |   py39h06a4308_0         1.7 MB
    sqlite-3.50.2              |       hb25bd0a_1         1.1 MB
    tk-8.6.15                  |       h54e0aa7_0         3.4 MB
    tzdata-2025b               |       h04d1e81_0         116 KB
    wheel-0.45.1               |   py39h06a4308_0         114 KB
    xorg-libx11-1.8.12         |       h9b100fa_1         895 KB
    xorg-libxau-1.0.12         |       h9b100fa_0          13 KB
    xorg-libxdmcp-1.1.5        |       h9b100fa_0          19 KB
    xorg-xorgproto-2024.1      |       h5eee18b_1         580 KB
    xz-5.6.4                   |       h5eee18b_1         567 KB
    zlib-1.2.13                |       h5eee18b_1         111 KB
    ------------------------------------------------------------
                                           Total:        43.1 MB

The following NEW packages will be INSTALLED:

  _libgcc_mutex      pkgs/main/linux-64::_libgcc_mutex-0.1-main 
  _openmp_mutex      pkgs/main/linux-64::_openmp_mutex-5.1-1_gnu 
  bzip2              pkgs/main/linux-64::bzip2-1.0.8-h5eee18b_6 
  ca-certificates    pkgs/main/linux-64::ca-certificates-2025.7.15-h06a4308_0 
  expat              pkgs/main/linux-64::expat-2.7.1-h6a678d5_0 
  ld_impl_linux-64   pkgs/main/linux-64::ld_impl_linux-64-2.40-h12ee557_0 
  libffi             pkgs/main/linux-64::libffi-3.4.4-h6a678d5_1 
  libgcc-ng          pkgs/main/linux-64::libgcc-ng-11.2.0-h1234567_1 
  libgomp            pkgs/main/linux-64::libgomp-11.2.0-h1234567_1 
  libstdcxx-ng       pkgs/main/linux-64::libstdcxx-ng-11.2.0-h1234567_1 
  libxcb             pkgs/main/linux-64::libxcb-1.17.0-h9b100fa_0 
  ncurses            pkgs/main/linux-64::ncurses-6.5-h7934f7d_0 
  openssl            pkgs/main/linux-64::openssl-3.0.17-h5eee18b_0 
  pip                pkgs/main/noarch::pip-25.1-pyhc872135_2 
  pthread-stubs      pkgs/main/linux-64::pthread-stubs-0.3-h0ce48e5_1 
  python             pkgs/main/linux-64::python-3.9.23-he99959a_0 
  readline           pkgs/main/linux-64::readline-8.3-hc2a1206_0 
  setuptools         pkgs/main/linux-64::setuptools-78.1.1-py39h06a4308_0 
  sqlite             pkgs/main/linux-64::sqlite-3.50.2-hb25bd0a_1 
  tk                 pkgs/main/linux-64::tk-8.6.15-h54e0aa7_0 
  tzdata             pkgs/main/noarch::tzdata-2025b-h04d1e81_0 
  wheel              pkgs/main/linux-64::wheel-0.45.1-py39h06a4308_0 
  xorg-libx11        pkgs/main/linux-64::xorg-libx11-1.8.12-h9b100fa_1 
  xorg-libxau        pkgs/main/linux-64::xorg-libxau-1.0.12-h9b100fa_0 
  xorg-libxdmcp      pkgs/main/linux-64::xorg-libxdmcp-1.1.5-h9b100fa_0 
  xorg-xorgproto     pkgs/main/linux-64::xorg-xorgproto-2024.1-h5eee18b_1 
  xz                 pkgs/main/linux-64::xz-5.6.4-h5eee18b_1 
  zlib               pkgs/main/linux-64::zlib-1.2.13-h5eee18b_1 



Downloading and Extracting Packages: ...working... done
Preparing transaction: ...working...
2025-08-21 07:56:16,486 - INFO - done
Verifying transaction: ...working...
2025-08-21 07:56:17,613 - INFO - done
2025-08-21 07:56:17,614 - INFO - Executing transaction: ...working...
2025-08-21 07:56:20,803 - INFO - done
2025-08-21 07:56:21,060 - INFO - #
# To activate this environment, use
#
#     $ conda activate testbed
#
# To deactivate an active environment, use
#
#     $ conda deactivate
2025-08-21 07:56:21,209 - INFO - + conda activate testbed
+ local cmd=activate
+ case "$cmd" in
+ __conda_activate activate testbed
+ '[' -n '' ']'
+ local ask_conda
2025-08-21 07:56:21,209 - INFO - ++ PS1='(base) '
++ __conda_exe shell.posix activate testbed
2025-08-21 07:56:21,213 - INFO - ++ /opt/miniconda3/bin/conda shell.posix activate testbed
2025-08-21 07:56:21,329 - INFO - + ask_conda='PS1='\''(testbed) '\''
export PATH='\''/opt/miniconda3/envs/testbed/bin:/opt/miniconda3/condabin:/opt/miniconda3/bin:/usr/local/sbin:/usr/local/bin:/usr/sbin:/usr/bin:/sbin:/bin'\''
export CONDA_PREFIX='\''/opt/miniconda3/envs/testbed'\''
export CONDA_SHLVL='\''2'\''
export CONDA_DEFAULT_ENV='\''testbed'\''
export CONDA_PROMPT_MODIFIER='\''(testbed) '\''
export CONDA_PREFIX_1='\''/opt/miniconda3'\''
export CONDA_EXE='\''/opt/miniconda3/bin/conda'\''
export _CE_M='\'''\''
export _CE_CONDA='\'''\''
export CONDA_PYTHON_EXE='\''/opt/miniconda3/bin/python'\'''
+ eval 'PS1='\''(testbed) '\''
export PATH='\''/opt/miniconda3/envs/testbed/bin:/opt/miniconda3/condabin:/opt/miniconda3/bin:/usr/local/sbin:/usr/local/bin:/usr/sbin:/usr/bin:/sbin:/bin'\''
export CONDA_PREFIX='\''/opt/miniconda3/envs/testbed'\''
export CONDA_SHLVL='\''2'\''
export CONDA_DEFAULT_ENV='\''testbed'\''
export CONDA_PROMPT_MODIFIER='\''(testbed) '\''
export CONDA_PREFIX_1='\''/opt/miniconda3'\''
export CONDA_EXE='\''/opt/miniconda3/bin/conda'\''
export _CE_M='\'''\''
export _CE_CONDA='\'''\''
export CONDA_PYTHON_EXE='\''/opt/miniconda3/bin/python'\'''
2025-08-21 07:56:21,330 - INFO - ++ PS1='(testbed) '
++ export PATH=/opt/miniconda3/envs/testbed/bin:/opt/miniconda3/condabin:/opt/miniconda3/bin:/usr/local/sbin:/usr/local/bin:/usr/sbin:/usr/bin:/sbin:/bin
++ PATH=/opt/miniconda3/envs/testbed/bin:/opt/miniconda3/condabin:/opt/miniconda3/bin:/usr/local/sbin:/usr/local/bin:/usr/sbin:/usr/bin:/sbin:/bin
++ export CONDA_PREFIX=/opt/miniconda3/envs/testbed
++ CONDA_PREFIX=/opt/miniconda3/envs/testbed
++ export CONDA_SHLVL=2
++ CONDA_SHLVL=2
++ export CONDA_DEFAULT_ENV=testbed
++ CONDA_DEFAULT_ENV=testbed
++ export 'CONDA_PROMPT_MODIFIER=(testbed) '
++ CONDA_PROMPT_MODIFIER='(testbed) '
++ export CONDA_PREFIX_1=/opt/miniconda3
++ CONDA_PREFIX_1=/opt/miniconda3
++ export CONDA_EXE=/opt/miniconda3/bin/conda
++ CONDA_EXE=/opt/miniconda3/bin/conda
++ export _CE_M=
++ _CE_M=
++ export _CE_CONDA=
++ _CE_CONDA=
++ export CONDA_PYTHON_EXE=/opt/miniconda3/bin/python
++ CONDA_PYTHON_EXE=/opt/miniconda3/bin/python
+ __conda_hashr
+ '[' -n '' ']'
+ '[' -n '' ']'
+ hash -r
2025-08-21 07:56:21,330 - INFO - + python -m pip install tox==4.16.0 tox-current-env==0.0.11 Jinja2==3.0.3
2025-08-21 07:56:24,619 - INFO - Collecting tox==4.16.0
2025-08-21 07:56:25,399 - INFO - Downloading tox-4.16.0-py3-none-any.whl.metadata (5.0 kB)
2025-08-21 07:56:26,659 - INFO - Collecting tox-current-env==0.0.11
2025-08-21 07:56:26,892 - INFO - Downloading tox_current_env-0.0.11-py3-none-any.whl.metadata (14 kB)
2025-08-21 07:56:27,983 - INFO - Collecting Jinja2==3.0.3
2025-08-21 07:56:28,181 - INFO - Downloading Jinja2-3.0.3-py3-none-any.whl.metadata (3.5 kB)
2025-08-21 07:56:28,980 - INFO - Collecting cachetools>=5.3.3 (from tox==4.16.0)
2025-08-21 07:56:29,162 - INFO - Downloading cachetools-6.1.0-py3-none-any.whl.metadata (5.4 kB)
2025-08-21 07:56:30,151 - INFO - Collecting chardet>=5.2 (from tox==4.16.0)
2025-08-21 07:56:30,349 - INFO - Downloading chardet-5.2.0-py3-none-any.whl.metadata (3.4 kB)
2025-08-21 07:56:32,040 - INFO - Collecting colorama>=0.4.6 (from tox==4.16.0)
2025-08-21 07:56:32,277 - INFO - Downloading colorama-0.4.6-py2.py3-none-any.whl.metadata (17 kB)
2025-08-21 07:56:33,372 - INFO - Collecting filelock>=3.15.4 (from tox==4.16.0)
2025-08-21 07:56:33,481 - INFO - Downloading filelock-3.19.1-py3-none-any.whl.metadata (2.1 kB)
2025-08-21 07:56:33,716 - INFO - Collecting packaging>=24.1 (from tox==4.16.0)
2025-08-21 07:56:33,826 - INFO - Downloading packaging-25.0-py3-none-any.whl.metadata (3.3 kB)
2025-08-21 07:56:33,971 - INFO - Collecting platformdirs>=4.2.2 (from tox==4.16.0)
2025-08-21 07:56:34,079 - INFO - Downloading platformdirs-4.3.8-py3-none-any.whl.metadata (12 kB)
2025-08-21 07:56:34,223 - INFO - Collecting pluggy>=1.5 (from tox==4.16.0)
2025-08-21 07:56:34,337 - INFO - Downloading pluggy-1.6.0-py3-none-any.whl.metadata (4.8 kB)
2025-08-21 07:56:34,493 - INFO - Collecting pyproject-api>=1.7.1 (from tox==4.16.0)
2025-08-21 07:56:34,603 - INFO - Downloading pyproject_api-1.9.1-py3-none-any.whl.metadata (2.7 kB)
2025-08-21 07:56:34,743 - INFO - Collecting tomli>=2.0.1 (from tox==4.16.0)
2025-08-21 07:56:34,857 - INFO - Downloading tomli-2.2.1-py3-none-any.whl.metadata (10 kB)
2025-08-21 07:56:35,081 - INFO - Collecting virtualenv>=20.26.3 (from tox==4.16.0)
2025-08-21 07:56:35,195 - INFO - Downloading virtualenv-20.34.0-py3-none-any.whl.metadata (4.6 kB)
2025-08-21 07:56:35,431 - INFO - Collecting MarkupSafe>=2.0 (from Jinja2==3.0.3)
2025-08-21 07:56:35,540 - INFO - Downloading MarkupSafe-3.0.2-cp39-cp39-manylinux_2_17_x86_64.manylinux2014_x86_64.whl.metadata (4.0 kB)
2025-08-21 07:56:35,682 - INFO - Collecting distlib<1,>=0.3.7 (from virtualenv>=20.26.3->tox==4.16.0)
2025-08-21 07:56:35,795 - INFO - Downloading distlib-0.4.0-py2.py3-none-any.whl.metadata (5.2 kB)
2025-08-21 07:56:35,945 - INFO - Collecting typing-extensions>=4.13.2 (from virtualenv>=20.26.3->tox==4.16.0)
2025-08-21 07:56:36,054 - INFO - Downloading typing_extensions-4.14.1-py3-none-any.whl.metadata (3.0 kB)
2025-08-21 07:56:36,170 - INFO - Downloading tox-4.16.0-py3-none-any.whl (156 kB)
2025-08-21 07:56:36,407 - INFO - Downloading tox_current_env-0.0.11-py3-none-any.whl (12 kB)
2025-08-21 07:56:36,527 - INFO - Downloading Jinja2-3.0.3-py3-none-any.whl (133 kB)
2025-08-21 07:56:36,667 - INFO - Downloading cachetools-6.1.0-py3-none-any.whl (11 kB)
2025-08-21 07:56:36,779 - INFO - Downloading chardet-5.2.0-py3-none-any.whl (199 kB)
2025-08-21 07:56:36,932 - INFO - Downloading colorama-0.4.6-py2.py3-none-any.whl (25 kB)
2025-08-21 07:56:37,047 - INFO - Downloading filelock-3.19.1-py3-none-any.whl (15 kB)
2025-08-21 07:56:37,167 - INFO - Downloading MarkupSafe-3.0.2-cp39-cp39-manylinux_2_17_x86_64.manylinux2014_x86_64.whl (20 kB)
2025-08-21 07:56:37,289 - INFO - Downloading packaging-25.0-py3-none-any.whl (66 kB)
2025-08-21 07:56:37,407 - INFO - Downloading platformdirs-4.3.8-py3-none-any.whl (18 kB)
2025-08-21 07:56:37,525 - INFO - Downloading pluggy-1.6.0-py3-none-any.whl (20 kB)
2025-08-21 07:56:37,652 - INFO - Downloading pyproject_api-1.9.1-py3-none-any.whl (13 kB)
2025-08-21 07:56:37,779 - INFO - Downloading tomli-2.2.1-py3-none-any.whl (14 kB)
2025-08-21 07:56:37,894 - INFO - Downloading virtualenv-20.34.0-py3-none-any.whl (6.0 MB)
2025-08-21 07:56:38,461 - INFO - ━━━━━━━━━━━━━━━━━━━━━━━━━━━━━━━━━━━━━━━━ 6.0/6.0 MB 11.2 MB/s eta 0:00:00
2025-08-21 07:56:38,572 - INFO - Downloading distlib-0.4.0-py2.py3-none-any.whl (469 kB)
2025-08-21 07:56:38,714 - INFO - Downloading typing_extensions-4.14.1-py3-none-any.whl (43 kB)
2025-08-21 07:56:38,807 - INFO - Installing collected packages: distlib, typing-extensions, tomli, pluggy, platformdirs, packaging, MarkupSafe, filelock, colorama, chardet, cachetools, virtualenv, pyproject-api, Jinja2, tox, tox-current-env
2025-08-21 07:56:42,427 - INFO - Successfully installed Jinja2-3.0.3 MarkupSafe-3.0.2 cachetools-6.1.0 chardet-5.2.0 colorama-0.4.6 distlib-0.4.0 filelock-3.19.1 packaging-25.0 platformdirs-4.3.8 pluggy-1.6.0 pyproject-api-1.9.1 tomli-2.2.1 tox-4.16.0 tox-current-env-0.0.11 typing-extensions-4.14.1 virtualenv-20.34.0
2025-08-21 07:56:42,427 - INFO - WARNING: Running pip as the 'root' user can result in broken permissions and conflicting behaviour with the system package manager, possibly rendering your system unusable. It is recommended to use a virtual environment instead: https://pip.pypa.io/warnings/venv. Use the --root-user-action option if you know what you are doing and want to suppress this warning.
2025-08-21 07:57:32,643 - INFO - ---> Removed intermediate container 229b62d03976
2025-08-21 07:57:32,643 - INFO - ---> 9825602d009c
2025-08-21 07:57:32,643 - INFO - Step 6/7 : WORKDIR /testbed/
2025-08-21 07:57:32,643 - INFO - 
2025-08-21 07:57:32,897 - INFO - ---> Running in e013e651fd37
2025-08-21 07:57:33,036 - INFO - ---> Removed intermediate container e013e651fd37
2025-08-21 07:57:33,036 - INFO - ---> 96b1e57c41b6
2025-08-21 07:57:33,036 - INFO - Step 7/7 : RUN echo "source /opt/miniconda3/etc/profile.d/conda.sh && conda activate testbed" > /root/.bashrc
2025-08-21 07:57:33,036 - INFO - 
2025-08-21 07:57:33,070 - INFO - ---> Running in 2286342f8d8a
2025-08-21 07:57:33,407 - INFO - ---> Removed intermediate container 2286342f8d8a
2025-08-21 07:57:33,407 - INFO - ---> 4b07b015d530
2025-08-21 07:57:33,408 - INFO - Successfully built 4b07b015d530
2025-08-21 07:57:33,417 - INFO - Successfully tagged sweb.env.x86_64.764c21123474adcba1e003:latest
2025-08-21 07:57:33,417 - INFO - Image built successfully!
