2025-08-21 07:33:20,829 - INFO - Building image sweb.env.x86_64.5d1fda9d55d65d8a4e5bdb:latest
Using dockerfile:
FROM --platform=linux/x86_64 sweb.base.x86_64:latest

COPY ./setup_env.sh /root/
RUN sed -i -e 's/\r$//' /root/setup_env.sh
RUN chmod +x /root/setup_env.sh
RUN /bin/bash -c "source ~/.bashrc && /root/setup_env.sh"

WORKDIR /testbed/

# Automatically activate the testbed environment
RUN echo "source /opt/miniconda3/etc/profile.d/conda.sh && conda activate testbed" > /root/.bashrc

Adding (1) setup scripts to image build repo
2025-08-21 07:33:20,829 - INFO - [SETUP SCRIPT] setup_env.sh:
#!/bin/bash
set -euxo pipefail
source /opt/miniconda3/bin/activate
conda create -n testbed python=3.9  -y
conda activate testbed
python -m pip install py==1.11.0 packaging==23.1 attrs==23.1.0 more-itertools==10.1.0 pluggy==0.13.1

2025-08-21 07:33:20,830 - INFO - Building docker image sweb.env.x86_64.5d1fda9d55d65d8a4e5bdb:latest in logs/build_images/env/sweb.env.x86_64.5d1fda9d55d65d8a4e5bdb__latest with platform linux/x86_64
2025-08-21 07:33:20,834 - INFO - Step 1/7 : FROM --platform=linux/x86_64 sweb.base.x86_64:latest
2025-08-21 07:33:20,835 - INFO - 
2025-08-21 07:33:20,835 - INFO - ---> 5cca6898c8d9
2025-08-21 07:33:20,835 - INFO - Step 2/7 : COPY ./setup_env.sh /root/
2025-08-21 07:33:20,835 - INFO - 
2025-08-21 07:33:20,881 - INFO - ---> 8fac8cb109ac
2025-08-21 07:33:20,881 - INFO - Step 3/7 : RUN sed -i -e 's/\r$//' /root/setup_env.sh
2025-08-21 07:33:20,881 - INFO - 
2025-08-21 07:33:20,912 - INFO - ---> Running in 18e4c937d048
2025-08-21 07:33:21,286 - INFO - ---> Removed intermediate container 18e4c937d048
2025-08-21 07:33:21,286 - INFO - ---> b66fbaa08acf
2025-08-21 07:33:21,286 - INFO - Step 4/7 : RUN chmod +x /root/setup_env.sh
2025-08-21 07:33:21,286 - INFO - 
2025-08-21 07:33:21,369 - INFO - ---> Running in 46cca87f4692
2025-08-21 07:33:21,770 - INFO - ---> Removed intermediate container 46cca87f4692
2025-08-21 07:33:21,770 - INFO - ---> 24d450ac1483
2025-08-21 07:33:21,770 - INFO - Step 5/7 : RUN /bin/bash -c "source ~/.bashrc && /root/setup_env.sh"
2025-08-21 07:33:21,770 - INFO - 
2025-08-21 07:33:21,809 - INFO - ---> Running in a48356d618de
2025-08-21 07:33:21,971 - INFO - + source /opt/miniconda3/bin/activate
++ _CONDA_ROOT=/opt/miniconda3
++ . /opt/miniconda3/etc/profile.d/conda.sh
+++ export CONDA_EXE=/opt/miniconda3/bin/conda
+++ CONDA_EXE=/opt/miniconda3/bin/conda
+++ export _CE_M=
+++ _CE_M=
+++ export _CE_CONDA=
+++ _CE_CONDA=
+++ export CONDA_PYTHON_EXE=/opt/miniconda3/bin/python
+++ CONDA_PYTHON_EXE=/opt/miniconda3/bin/python
+++ '[' -z '' ']'
+++ export CONDA_SHLVL=0
+++ CONDA_SHLVL=0
+++ '[' -n '' ']'
2025-08-21 07:33:21,972 - INFO - +++++ dirname /opt/miniconda3/bin/conda
2025-08-21 07:33:21,973 - INFO - ++++ dirname /opt/miniconda3/bin
2025-08-21 07:33:21,975 - INFO - +++ PATH=/opt/miniconda3/condabin:/opt/miniconda3/bin:/usr/local/sbin:/usr/local/bin:/usr/sbin:/usr/bin:/sbin:/bin
+++ export PATH
+++ '[' -z '' ']'
+++ PS1=
++ conda activate
++ local cmd=activate
++ case "$cmd" in
++ __conda_activate activate
++ '[' -n '' ']'
++ local ask_conda
2025-08-21 07:33:21,976 - INFO - +++ PS1=
+++ __conda_exe shell.posix activate
2025-08-21 07:33:21,979 - INFO - +++ /opt/miniconda3/bin/conda shell.posix activate
2025-08-21 07:33:22,121 - INFO - ++ ask_conda='PS1='\''(base) '\''
export PATH='\''/opt/miniconda3/bin:/opt/miniconda3/condabin:/opt/miniconda3/bin:/usr/local/sbin:/usr/local/bin:/usr/sbin:/usr/bin:/sbin:/bin'\''
export CONDA_PREFIX='\''/opt/miniconda3'\''
export CONDA_SHLVL='\''1'\''
export CONDA_DEFAULT_ENV='\''base'\''
export CONDA_PROMPT_MODIFIER='\''(base) '\''
export CONDA_EXE='\''/opt/miniconda3/bin/conda'\''
export _CE_M='\'''\''
export _CE_CONDA='\'''\''
export CONDA_PYTHON_EXE='\''/opt/miniconda3/bin/python'\'''
++ eval 'PS1='\''(base) '\''
export PATH='\''/opt/miniconda3/bin:/opt/miniconda3/condabin:/opt/miniconda3/bin:/usr/local/sbin:/usr/local/bin:/usr/sbin:/usr/bin:/sbin:/bin'\''
export CONDA_PREFIX='\''/opt/miniconda3'\''
export CONDA_SHLVL='\''1'\''
export CONDA_DEFAULT_ENV='\''base'\''
export CONDA_PROMPT_MODIFIER='\''(base) '\''
export CONDA_EXE='\''/opt/miniconda3/bin/conda'\''
export _CE_M='\'''\''
export _CE_CONDA='\'''\''
export CONDA_PYTHON_EXE='\''/opt/miniconda3/bin/python'\'''
+++ PS1='(base) '
+++ export PATH=/opt/miniconda3/bin:/opt/miniconda3/condabin:/opt/miniconda3/bin:/usr/local/sbin:/usr/local/bin:/usr/sbin:/usr/bin:/sbin:/bin
+++ PATH=/opt/miniconda3/bin:/opt/miniconda3/condabin:/opt/miniconda3/bin:/usr/local/sbin:/usr/local/bin:/usr/sbin:/usr/bin:/sbin:/bin
+++ export CONDA_PREFIX=/opt/miniconda3
+++ CONDA_PREFIX=/opt/miniconda3
+++ export CONDA_SHLVL=1
+++ CONDA_SHLVL=1
+++ export CONDA_DEFAULT_ENV=base
+++ CONDA_DEFAULT_ENV=base
+++ export 'CONDA_PROMPT_MODIFIER=(base) '
+++ CONDA_PROMPT_MODIFIER='(base) '
+++ export CONDA_EXE=/opt/miniconda3/bin/conda
+++ CONDA_EXE=/opt/miniconda3/bin/conda
+++ export _CE_M=
+++ _CE_M=
+++ export _CE_CONDA=
+++ _CE_CONDA=
+++ export CONDA_PYTHON_EXE=/opt/miniconda3/bin/python
+++ CONDA_PYTHON_EXE=/opt/miniconda3/bin/python
++ __conda_hashr
++ '[' -n '' ']'
++ '[' -n '' ']'
2025-08-21 07:33:22,121 - INFO - ++ hash -r
+ conda create -n testbed python=3.9 -y
+ local cmd=create
+ case "$cmd" in
2025-08-21 07:33:22,121 - INFO - + __conda_exe create -n testbed python=3.9 -y
2025-08-21 07:33:22,121 - INFO - + /opt/miniconda3/bin/conda create -n testbed python=3.9 -y
2025-08-21 07:33:22,859 - INFO - Channels:
 - defaults
 - conda-forge
Platform: linux-64
Collecting package metadata (repodata.json): ...working...
2025-08-21 07:34:19,641 - INFO - done
Solving environment: ...working...
2025-08-21 07:34:21,050 - INFO - done
2025-08-21 07:34:30,869 - INFO - ## Package Plan ##

  environment location: /opt/miniconda3/envs/testbed

  added / updated specs:
    - python=3.9


The following packages will be downloaded:

    package                    |            build
    ---------------------------|-----------------
    bzip2-1.0.8                |       h5eee18b_6         262 KB
    ca-certificates-2025.7.15  |       h06a4308_0         126 KB
    expat-2.7.1                |       h6a678d5_0         182 KB
    ld_impl_linux-64-2.40      |       h12ee557_0         710 KB
    libffi-3.4.4               |       h6a678d5_1         141 KB
    libxcb-1.17.0              |       h9b100fa_0         430 KB
    ncurses-6.5                |       h7934f7d_0         1.1 MB
    openssl-3.0.17             |       h5eee18b_0         5.2 MB
    pip-25.1                   |     pyhc872135_2         1.3 MB
    pthread-stubs-0.3          |       h0ce48e5_1           5 KB
    python-3.9.23              |       he99959a_0        24.7 MB
    readline-8.3               |       hc2a1206_0         471 KB
    setuptools-78.1.1          |   py39h06a4308_0         1.7 MB
    sqlite-3.50.2              |       hb25bd0a_1         1.1 MB
    tk-8.6.15                  |       h54e0aa7_0         3.4 MB
    tzdata-2025b               |       h04d1e81_0         116 KB
    wheel-0.45.1               |   py39h06a4308_0         114 KB
    xorg-libx11-1.8.12         |       h9b100fa_1         895 KB
    xorg-libxau-1.0.12         |       h9b100fa_0          13 KB
    xorg-libxdmcp-1.1.5        |       h9b100fa_0          19 KB
    xorg-xorgproto-2024.1      |       h5eee18b_1         580 KB
    xz-5.6.4                   |       h5eee18b_1         567 KB
    zlib-1.2.13                |       h5eee18b_1         111 KB
    ------------------------------------------------------------
                                           Total:        43.1 MB

The following NEW packages will be INSTALLED:

  _libgcc_mutex      pkgs/main/linux-64::_libgcc_mutex-0.1-main 
  _openmp_mutex      pkgs/main/linux-64::_openmp_mutex-5.1-1_gnu 
  bzip2              pkgs/main/linux-64::bzip2-1.0.8-h5eee18b_6 
  ca-certificates    pkgs/main/linux-64::ca-certificates-2025.7.15-h06a4308_0 
  expat              pkgs/main/linux-64::expat-2.7.1-h6a678d5_0 
  ld_impl_linux-64   pkgs/main/linux-64::ld_impl_linux-64-2.40-h12ee557_0 
  libffi             pkgs/main/linux-64::libffi-3.4.4-h6a678d5_1 
  libgcc-ng          pkgs/main/linux-64::libgcc-ng-11.2.0-h1234567_1 
  libgomp            pkgs/main/linux-64::libgomp-11.2.0-h1234567_1 
  libstdcxx-ng       pkgs/main/linux-64::libstdcxx-ng-11.2.0-h1234567_1 
  libxcb             pkgs/main/linux-64::libxcb-1.17.0-h9b100fa_0 
  ncurses            pkgs/main/linux-64::ncurses-6.5-h7934f7d_0 
  openssl            pkgs/main/linux-64::openssl-3.0.17-h5eee18b_0 
  pip                pkgs/main/noarch::pip-25.1-pyhc872135_2 
  pthread-stubs      pkgs/main/linux-64::pthread-stubs-0.3-h0ce48e5_1 
  python             pkgs/main/linux-64::python-3.9.23-he99959a_0 
  readline           pkgs/main/linux-64::readline-8.3-hc2a1206_0 
  setuptools         pkgs/main/linux-64::setuptools-78.1.1-py39h06a4308_0 
  sqlite             pkgs/main/linux-64::sqlite-3.50.2-hb25bd0a_1 
  tk                 pkgs/main/linux-64::tk-8.6.15-h54e0aa7_0 
  tzdata             pkgs/main/noarch::tzdata-2025b-h04d1e81_0 
  wheel              pkgs/main/linux-64::wheel-0.45.1-py39h06a4308_0 
  xorg-libx11        pkgs/main/linux-64::xorg-libx11-1.8.12-h9b100fa_1 
  xorg-libxau        pkgs/main/linux-64::xorg-libxau-1.0.12-h9b100fa_0 
  xorg-libxdmcp      pkgs/main/linux-64::xorg-libxdmcp-1.1.5-h9b100fa_0 
  xorg-xorgproto     pkgs/main/linux-64::xorg-xorgproto-2024.1-h5eee18b_1 
  xz                 pkgs/main/linux-64::xz-5.6.4-h5eee18b_1 
  zlib               pkgs/main/linux-64::zlib-1.2.13-h5eee18b_1 



Downloading and Extracting Packages: ...working... done
Preparing transaction: ...working...
2025-08-21 07:34:31,092 - INFO - done
Verifying transaction: ...working...
2025-08-21 07:34:32,238 - INFO - done
2025-08-21 07:34:32,239 - INFO - Executing transaction: ...working...
2025-08-21 07:34:35,904 - INFO - done
2025-08-21 07:34:36,034 - INFO - #
# To activate this environment, use
#
#     $ conda activate testbed
#
# To deactivate an active environment, use
#
#     $ conda deactivate
2025-08-21 07:34:36,191 - INFO - + conda activate testbed
+ local cmd=activate
+ case "$cmd" in
+ __conda_activate activate testbed
2025-08-21 07:34:36,191 - INFO - + '[' -n '' ']'
+ local ask_conda
2025-08-21 07:34:36,191 - INFO - ++ PS1='(base) '
++ __conda_exe shell.posix activate testbed
2025-08-21 07:34:36,191 - INFO - ++ /opt/miniconda3/bin/conda shell.posix activate testbed
2025-08-21 07:34:36,292 - INFO - + ask_conda='PS1='\''(testbed) '\''
export PATH='\''/opt/miniconda3/envs/testbed/bin:/opt/miniconda3/condabin:/opt/miniconda3/bin:/usr/local/sbin:/usr/local/bin:/usr/sbin:/usr/bin:/sbin:/bin'\''
export CONDA_PREFIX='\''/opt/miniconda3/envs/testbed'\''
export CONDA_SHLVL='\''2'\''
export CONDA_DEFAULT_ENV='\''testbed'\''
export CONDA_PROMPT_MODIFIER='\''(testbed) '\''
export CONDA_PREFIX_1='\''/opt/miniconda3'\''
export CONDA_EXE='\''/opt/miniconda3/bin/conda'\''
export _CE_M='\'''\''
export _CE_CONDA='\'''\''
export CONDA_PYTHON_EXE='\''/opt/miniconda3/bin/python'\'''
+ eval 'PS1='\''(testbed) '\''
export PATH='\''/opt/miniconda3/envs/testbed/bin:/opt/miniconda3/condabin:/opt/miniconda3/bin:/usr/local/sbin:/usr/local/bin:/usr/sbin:/usr/bin:/sbin:/bin'\''
export CONDA_PREFIX='\''/opt/miniconda3/envs/testbed'\''
export CONDA_SHLVL='\''2'\''
export CONDA_DEFAULT_ENV='\''testbed'\''
export CONDA_PROMPT_MODIFIER='\''(testbed) '\''
export CONDA_PREFIX_1='\''/opt/miniconda3'\''
export CONDA_EXE='\''/opt/miniconda3/bin/conda'\''
export _CE_M='\'''\''
export _CE_CONDA='\'''\''
export CONDA_PYTHON_EXE='\''/opt/miniconda3/bin/python'\'''
++ PS1='(testbed) '
++ export PATH=/opt/miniconda3/envs/testbed/bin:/opt/miniconda3/condabin:/opt/miniconda3/bin:/usr/local/sbin:/usr/local/bin:/usr/sbin:/usr/bin:/sbin:/bin
++ PATH=/opt/miniconda3/envs/testbed/bin:/opt/miniconda3/condabin:/opt/miniconda3/bin:/usr/local/sbin:/usr/local/bin:/usr/sbin:/usr/bin:/sbin:/bin
++ export CONDA_PREFIX=/opt/miniconda3/envs/testbed
++ CONDA_PREFIX=/opt/miniconda3/envs/testbed
++ export CONDA_SHLVL=2
++ CONDA_SHLVL=2
++ export CONDA_DEFAULT_ENV=testbed
++ CONDA_DEFAULT_ENV=testbed
++ export 'CONDA_PROMPT_MODIFIER=(testbed) '
++ CONDA_PROMPT_MODIFIER='(testbed) '
++ export CONDA_PREFIX_1=/opt/miniconda3
++ CONDA_PREFIX_1=/opt/miniconda3
++ export CONDA_EXE=/opt/miniconda3/bin/conda
++ CONDA_EXE=/opt/miniconda3/bin/conda
++ export _CE_M=
++ _CE_M=
++ export _CE_CONDA=
++ _CE_CONDA=
++ export CONDA_PYTHON_EXE=/opt/miniconda3/bin/python
++ CONDA_PYTHON_EXE=/opt/miniconda3/bin/python
+ __conda_hashr
2025-08-21 07:34:36,293 - INFO - + '[' -n '' ']'
+ '[' -n '' ']'
+ hash -r
+ python -m pip install py==1.11.0 packaging==23.1 attrs==23.1.0 more-itertools==10.1.0 pluggy==0.13.1
2025-08-21 07:34:38,854 - INFO - Collecting py==1.11.0
2025-08-21 07:34:39,453 - INFO - Downloading py-1.11.0-py2.py3-none-any.whl.metadata (2.8 kB)
2025-08-21 07:34:40,325 - INFO - Collecting packaging==23.1
2025-08-21 07:34:40,635 - INFO - Downloading packaging-23.1-py3-none-any.whl.metadata (3.1 kB)
2025-08-21 07:34:41,701 - INFO - Collecting attrs==23.1.0
2025-08-21 07:34:42,210 - INFO - Downloading attrs-23.1.0-py3-none-any.whl.metadata (11 kB)
2025-08-21 07:34:43,402 - INFO - Collecting more-itertools==10.1.0
2025-08-21 07:34:43,604 - INFO - Downloading more_itertools-10.1.0-py3-none-any.whl.metadata (33 kB)
2025-08-21 07:34:44,748 - INFO - Collecting pluggy==0.13.1
2025-08-21 07:34:44,928 - INFO - Downloading pluggy-0.13.1-py2.py3-none-any.whl.metadata (15 kB)
2025-08-21 07:34:45,791 - INFO - Downloading py-1.11.0-py2.py3-none-any.whl (98 kB)
2025-08-21 07:34:46,819 - INFO - Downloading packaging-23.1-py3-none-any.whl (48 kB)
2025-08-21 07:34:47,717 - INFO - Downloading attrs-23.1.0-py3-none-any.whl (61 kB)
2025-08-21 07:34:47,842 - INFO - Downloading more_itertools-10.1.0-py3-none-any.whl (55 kB)
2025-08-21 07:34:47,968 - INFO - Downloading pluggy-0.13.1-py2.py3-none-any.whl (18 kB)
2025-08-21 07:34:47,999 - INFO - Installing collected packages: py, pluggy, packaging, more-itertools, attrs
2025-08-21 07:34:48,160 - INFO - 
2025-08-21 07:34:48,164 - INFO - Successfully installed attrs-23.1.0 more-itertools-10.1.0 packaging-23.1 pluggy-0.13.1 py-1.11.0
2025-08-21 07:34:48,164 - INFO - WARNING: Running pip as the 'root' user can result in broken permissions and conflicting behaviour with the system package manager, possibly rendering your system unusable. It is recommended to use a virtual environment instead: https://pip.pypa.io/warnings/venv. Use the --root-user-action option if you know what you are doing and want to suppress this warning.
2025-08-21 07:35:41,834 - INFO - ---> Removed intermediate container a48356d618de
2025-08-21 07:35:41,834 - INFO - ---> 2f2631e3c132
2025-08-21 07:35:41,834 - INFO - Step 6/7 : WORKDIR /testbed/
2025-08-21 07:35:41,834 - INFO - 
2025-08-21 07:35:42,059 - INFO - ---> Running in 8cb9bce7f746
2025-08-21 07:35:42,098 - INFO - ---> Removed intermediate container 8cb9bce7f746
2025-08-21 07:35:42,098 - INFO - ---> 47e53cccf4b6
2025-08-21 07:35:42,098 - INFO - Step 7/7 : RUN echo "source /opt/miniconda3/etc/profile.d/conda.sh && conda activate testbed" > /root/.bashrc
2025-08-21 07:35:42,098 - INFO - 
2025-08-21 07:35:42,140 - INFO - ---> Running in 22b93a632463
2025-08-21 07:35:42,481 - INFO - ---> Removed intermediate container 22b93a632463
2025-08-21 07:35:42,481 - INFO - ---> 3096ca2515e1
2025-08-21 07:35:42,482 - INFO - Successfully built 3096ca2515e1
2025-08-21 07:35:42,490 - INFO - Successfully tagged sweb.env.x86_64.5d1fda9d55d65d8a4e5bdb:latest
2025-08-21 07:35:42,490 - INFO - Image built successfully!
