2025-08-21 06:50:17,976 - INFO - Building image sweb.env.x86_64.4b425dae88d737c93aa7c8:latest
Using dockerfile:
FROM --platform=linux/x86_64 sweb.base.x86_64:latest

COPY ./setup_env.sh /root/
RUN sed -i -e 's/\r$//' /root/setup_env.sh
RUN chmod +x /root/setup_env.sh
RUN /bin/bash -c "source ~/.bashrc && /root/setup_env.sh"

WORKDIR /testbed/

# Automatically activate the testbed environment
RUN echo "source /opt/miniconda3/etc/profile.d/conda.sh && conda activate testbed" > /root/.bashrc

Adding (1) setup scripts to image build repo
2025-08-21 06:50:17,976 - INFO - [SETUP SCRIPT] setup_env.sh:
#!/bin/bash
set -euxo pipefail
source /opt/miniconda3/bin/activate
conda create -n testbed python=3.9 -y
cat <<'EOF_59812759871' > $HOME/requirements.txt
alabaster==0.7.12
asgiref==3.4.1
attrs==21.2.0
babel==2.9.1
backports.entry-points-selectable==1.1.0
blinker==1.4
certifi==2021.5.30
cffi==1.14.6
cfgv==3.3.1
charset-normalizer==2.0.6
click==8.0.1
cryptography==35.0.0
distlib==0.3.3
docutils==0.16
filelock==3.2.0
greenlet==1.1.2
identify==2.2.15
idna==3.2
imagesize==1.2.0
iniconfig==1.1.1
jinja2==3.0.1
markupsafe==2.0.1
mypy==0.910
mypy-extensions==0.4.3
nodeenv==1.6.0
packaging==21.0
pallets-sphinx-themes==2.0.1
pep517==0.11.0
pip-tools==6.3.0
platformdirs==2.4.0
pluggy==1.0.0
pre-commit==2.15.0
py==1.10.0
pycparser==2.20
pygments==2.10.0
pyparsing==2.4.7
pytest==6.2.5
python-dotenv==0.19.0
pytz==2021.1
pyyaml==5.4.1
requests==2.26.0
six==1.16.0
snowballstemmer==2.1.0
sphinx==4.2.0
sphinx-issues==1.2.0
sphinx-tabs==3.2.0
sphinxcontrib-applehelp==1.0.2
sphinxcontrib-devhelp==1.0.2
sphinxcontrib-htmlhelp==2.0.0
sphinxcontrib-jsmath==1.0.1
sphinxcontrib-log-cabinet==1.0.1
sphinxcontrib-qthelp==1.0.3
sphinxcontrib-serializinghtml==1.1.5
toml==0.10.2
tomli==1.2.1
tox==3.24.4
types-contextvars==0.1.4
types-dataclasses==0.1.7
types-setuptools==57.4.0
typing-extensions==3.10.0.2
urllib3==1.26.7
virtualenv==20.8.1
wheel==0.37.0

EOF_59812759871
conda activate testbed && python -m pip install -r $HOME/requirements.txt
rm $HOME/requirements.txt
conda activate testbed
python -m pip install setuptools==70.0.0 Werkzeug==2.3.7 Jinja2==3.0.1 itsdangerous==2.1.2 click==8.0.1 MarkupSafe==2.1.3

2025-08-21 06:50:17,977 - INFO - Building docker image sweb.env.x86_64.4b425dae88d737c93aa7c8:latest in logs/build_images/env/sweb.env.x86_64.4b425dae88d737c93aa7c8__latest with platform linux/x86_64
2025-08-21 06:50:17,981 - INFO - Step 1/7 : FROM --platform=linux/x86_64 sweb.base.x86_64:latest
2025-08-21 06:50:17,981 - INFO - 
2025-08-21 06:50:17,981 - INFO - ---> 5cca6898c8d9
2025-08-21 06:50:17,982 - INFO - Step 2/7 : COPY ./setup_env.sh /root/
2025-08-21 06:50:17,982 - INFO - 
2025-08-21 06:50:18,062 - INFO - ---> e6e3ae0b759a
2025-08-21 06:50:18,062 - INFO - Step 3/7 : RUN sed -i -e 's/\r$//' /root/setup_env.sh
2025-08-21 06:50:18,062 - INFO - 
2025-08-21 06:50:18,091 - INFO - ---> Running in 19171ac90d60
2025-08-21 06:50:18,595 - INFO - ---> Removed intermediate container 19171ac90d60
2025-08-21 06:50:18,596 - INFO - ---> 709b7d152181
2025-08-21 06:50:18,596 - INFO - Step 4/7 : RUN chmod +x /root/setup_env.sh
2025-08-21 06:50:18,596 - INFO - 
2025-08-21 06:50:18,623 - INFO - ---> Running in ebeab3851feb
2025-08-21 06:50:19,124 - INFO - ---> Removed intermediate container ebeab3851feb
2025-08-21 06:50:19,124 - INFO - ---> d35df01a6407
2025-08-21 06:50:19,124 - INFO - Step 5/7 : RUN /bin/bash -c "source ~/.bashrc && /root/setup_env.sh"
2025-08-21 06:50:19,124 - INFO - 
2025-08-21 06:50:19,165 - INFO - ---> Running in 6d1241eaffc3
2025-08-21 06:50:19,493 - INFO - + source /opt/miniconda3/bin/activate
++ _CONDA_ROOT=/opt/miniconda3
++ . /opt/miniconda3/etc/profile.d/conda.sh
+++ export CONDA_EXE=/opt/miniconda3/bin/conda
+++ CONDA_EXE=/opt/miniconda3/bin/conda
+++ export _CE_M=
+++ _CE_M=
+++ export _CE_CONDA=
+++ _CE_CONDA=
+++ export CONDA_PYTHON_EXE=/opt/miniconda3/bin/python
+++ CONDA_PYTHON_EXE=/opt/miniconda3/bin/python
+++ '[' -z '' ']'
+++ export CONDA_SHLVL=0
+++ CONDA_SHLVL=0
+++ '[' -n '' ']'
2025-08-21 06:50:19,495 - INFO - +++++ dirname /opt/miniconda3/bin/conda
2025-08-21 06:50:19,498 - INFO - ++++ dirname /opt/miniconda3/bin
2025-08-21 06:50:19,500 - INFO - +++ PATH=/opt/miniconda3/condabin:/opt/miniconda3/bin:/usr/local/sbin:/usr/local/bin:/usr/sbin:/usr/bin:/sbin:/bin
+++ export PATH
+++ '[' -z '' ']'
+++ PS1=
2025-08-21 06:50:19,500 - INFO - ++ conda activate
++ local cmd=activate
++ case "$cmd" in
++ __conda_activate activate
++ '[' -n '' ']'
++ local ask_conda
2025-08-21 06:50:19,500 - INFO - +++ PS1=
2025-08-21 06:50:19,500 - INFO - +++ __conda_exe shell.posix activate
2025-08-21 06:50:19,501 - INFO - +++ /opt/miniconda3/bin/conda shell.posix activate
2025-08-21 06:50:19,646 - INFO - ++ ask_conda='PS1='\''(base) '\''
export PATH='\''/opt/miniconda3/bin:/opt/miniconda3/condabin:/opt/miniconda3/bin:/usr/local/sbin:/usr/local/bin:/usr/sbin:/usr/bin:/sbin:/bin'\''
export CONDA_PREFIX='\''/opt/miniconda3'\''
export CONDA_SHLVL='\''1'\''
export CONDA_DEFAULT_ENV='\''base'\''
export CONDA_PROMPT_MODIFIER='\''(base) '\''
export CONDA_EXE='\''/opt/miniconda3/bin/conda'\''
export _CE_M='\'''\''
export _CE_CONDA='\'''\''
export CONDA_PYTHON_EXE='\''/opt/miniconda3/bin/python'\'''
++ eval 'PS1='\''(base) '\''
export PATH='\''/opt/miniconda3/bin:/opt/miniconda3/condabin:/opt/miniconda3/bin:/usr/local/sbin:/usr/local/bin:/usr/sbin:/usr/bin:/sbin:/bin'\''
export CONDA_PREFIX='\''/opt/miniconda3'\''
export CONDA_SHLVL='\''1'\''
export CONDA_DEFAULT_ENV='\''base'\''
export CONDA_PROMPT_MODIFIER='\''(base) '\''
export CONDA_EXE='\''/opt/miniconda3/bin/conda'\''
export _CE_M='\'''\''
export _CE_CONDA='\'''\''
export CONDA_PYTHON_EXE='\''/opt/miniconda3/bin/python'\'''
+++ PS1='(base) '
+++ export PATH=/opt/miniconda3/bin:/opt/miniconda3/condabin:/opt/miniconda3/bin:/usr/local/sbin:/usr/local/bin:/usr/sbin:/usr/bin:/sbin:/bin
+++ PATH=/opt/miniconda3/bin:/opt/miniconda3/condabin:/opt/miniconda3/bin:/usr/local/sbin:/usr/local/bin:/usr/sbin:/usr/bin:/sbin:/bin
+++ export CONDA_PREFIX=/opt/miniconda3
+++ CONDA_PREFIX=/opt/miniconda3
+++ export CONDA_SHLVL=1
+++ CONDA_SHLVL=1
+++ export CONDA_DEFAULT_ENV=base
+++ CONDA_DEFAULT_ENV=base
+++ export 'CONDA_PROMPT_MODIFIER=(base) '
+++ CONDA_PROMPT_MODIFIER='(base) '
+++ export CONDA_EXE=/opt/miniconda3/bin/conda
+++ CONDA_EXE=/opt/miniconda3/bin/conda
+++ export _CE_M=
+++ _CE_M=
+++ export _CE_CONDA=
+++ _CE_CONDA=
+++ export CONDA_PYTHON_EXE=/opt/miniconda3/bin/python
+++ CONDA_PYTHON_EXE=/opt/miniconda3/bin/python
++ __conda_hashr
++ '[' -n '' ']'
++ '[' -n '' ']'
++ hash -r
2025-08-21 06:50:19,646 - INFO - + conda create -n testbed python=3.9 -y
+ local cmd=create
+ case "$cmd" in
+ __conda_exe create -n testbed python=3.9 -y
2025-08-21 06:50:19,647 - INFO - + /opt/miniconda3/bin/conda create -n testbed python=3.9 -y
2025-08-21 06:50:20,206 - INFO - Channels:
 - defaults
 - conda-forge
Platform: linux-64
Collecting package metadata (repodata.json): ...working...
2025-08-21 06:51:16,965 - INFO - done
Solving environment: ...working...
2025-08-21 06:51:18,334 - INFO - done
2025-08-21 06:51:27,303 - INFO - ## Package Plan ##

  environment location: /opt/miniconda3/envs/testbed

  added / updated specs:
    - python=3.9


The following packages will be downloaded:

    package                    |            build
    ---------------------------|-----------------
    bzip2-1.0.8                |       h5eee18b_6         262 KB
    ca-certificates-2025.7.15  |       h06a4308_0         126 KB
    expat-2.7.1                |       h6a678d5_0         182 KB
    ld_impl_linux-64-2.40      |       h12ee557_0         710 KB
    libffi-3.4.4               |       h6a678d5_1         141 KB
    libxcb-1.17.0              |       h9b100fa_0         430 KB
    ncurses-6.5                |       h7934f7d_0         1.1 MB
    openssl-3.0.17             |       h5eee18b_0         5.2 MB
    pip-25.1                   |     pyhc872135_2         1.3 MB
    pthread-stubs-0.3          |       h0ce48e5_1           5 KB
    python-3.9.23              |       he99959a_0        24.7 MB
    readline-8.3               |       hc2a1206_0         471 KB
    setuptools-78.1.1          |   py39h06a4308_0         1.7 MB
    sqlite-3.50.2              |       hb25bd0a_1         1.1 MB
    tk-8.6.15                  |       h54e0aa7_0         3.4 MB
    tzdata-2025b               |       h04d1e81_0         116 KB
    wheel-0.45.1               |   py39h06a4308_0         114 KB
    xorg-libx11-1.8.12         |       h9b100fa_1         895 KB
    xorg-libxau-1.0.12         |       h9b100fa_0          13 KB
    xorg-libxdmcp-1.1.5        |       h9b100fa_0          19 KB
    xorg-xorgproto-2024.1      |       h5eee18b_1         580 KB
    xz-5.6.4                   |       h5eee18b_1         567 KB
    zlib-1.2.13                |       h5eee18b_1         111 KB
    ------------------------------------------------------------
                                           Total:        43.1 MB

The following NEW packages will be INSTALLED:

  _libgcc_mutex      pkgs/main/linux-64::_libgcc_mutex-0.1-main 
  _openmp_mutex      pkgs/main/linux-64::_openmp_mutex-5.1-1_gnu 
  bzip2              pkgs/main/linux-64::bzip2-1.0.8-h5eee18b_6 
  ca-certificates    pkgs/main/linux-64::ca-certificates-2025.7.15-h06a4308_0 
  expat              pkgs/main/linux-64::expat-2.7.1-h6a678d5_0 
  ld_impl_linux-64   pkgs/main/linux-64::ld_impl_linux-64-2.40-h12ee557_0 
  libffi             pkgs/main/linux-64::libffi-3.4.4-h6a678d5_1 
  libgcc-ng          pkgs/main/linux-64::libgcc-ng-11.2.0-h1234567_1 
  libgomp            pkgs/main/linux-64::libgomp-11.2.0-h1234567_1 
  libstdcxx-ng       pkgs/main/linux-64::libstdcxx-ng-11.2.0-h1234567_1 
  libxcb             pkgs/main/linux-64::libxcb-1.17.0-h9b100fa_0 
  ncurses            pkgs/main/linux-64::ncurses-6.5-h7934f7d_0 
  openssl            pkgs/main/linux-64::openssl-3.0.17-h5eee18b_0 
  pip                pkgs/main/noarch::pip-25.1-pyhc872135_2 
  pthread-stubs      pkgs/main/linux-64::pthread-stubs-0.3-h0ce48e5_1 
  python             pkgs/main/linux-64::python-3.9.23-he99959a_0 
  readline           pkgs/main/linux-64::readline-8.3-hc2a1206_0 
  setuptools         pkgs/main/linux-64::setuptools-78.1.1-py39h06a4308_0 
  sqlite             pkgs/main/linux-64::sqlite-3.50.2-hb25bd0a_1 
  tk                 pkgs/main/linux-64::tk-8.6.15-h54e0aa7_0 
  tzdata             pkgs/main/noarch::tzdata-2025b-h04d1e81_0 
  wheel              pkgs/main/linux-64::wheel-0.45.1-py39h06a4308_0 
  xorg-libx11        pkgs/main/linux-64::xorg-libx11-1.8.12-h9b100fa_1 
  xorg-libxau        pkgs/main/linux-64::xorg-libxau-1.0.12-h9b100fa_0 
  xorg-libxdmcp      pkgs/main/linux-64::xorg-libxdmcp-1.1.5-h9b100fa_0 
  xorg-xorgproto     pkgs/main/linux-64::xorg-xorgproto-2024.1-h5eee18b_1 
  xz                 pkgs/main/linux-64::xz-5.6.4-h5eee18b_1 
  zlib               pkgs/main/linux-64::zlib-1.2.13-h5eee18b_1 



Downloading and Extracting Packages: ...working... done
Preparing transaction: ...working...
2025-08-21 06:51:27,516 - INFO - done
Verifying transaction: ...working...
2025-08-21 06:51:28,738 - INFO - done
2025-08-21 06:51:28,740 - INFO - Executing transaction: ...working...
2025-08-21 06:51:38,340 - INFO - done
2025-08-21 06:51:38,389 - INFO - #
# To activate this environment, use
#
#     $ conda activate testbed
#
# To deactivate an active environment, use
#
#     $ conda deactivate
2025-08-21 06:51:38,584 - INFO - + cat
2025-08-21 06:51:38,586 - INFO - + conda activate testbed
+ local cmd=activate
+ case "$cmd" in
+ __conda_activate activate testbed
+ '[' -n '' ']'
+ local ask_conda
2025-08-21 06:51:38,586 - INFO - ++ PS1='(base) '
2025-08-21 06:51:38,587 - INFO - ++ __conda_exe shell.posix activate testbed
2025-08-21 06:51:38,587 - INFO - ++ /opt/miniconda3/bin/conda shell.posix activate testbed
2025-08-21 06:51:39,153 - INFO - + ask_conda='PS1='\''(testbed) '\''
export PATH='\''/opt/miniconda3/envs/testbed/bin:/opt/miniconda3/condabin:/opt/miniconda3/bin:/usr/local/sbin:/usr/local/bin:/usr/sbin:/usr/bin:/sbin:/bin'\''
export CONDA_PREFIX='\''/opt/miniconda3/envs/testbed'\''
export CONDA_SHLVL='\''2'\''
export CONDA_DEFAULT_ENV='\''testbed'\''
export CONDA_PROMPT_MODIFIER='\''(testbed) '\''
export CONDA_PREFIX_1='\''/opt/miniconda3'\''
export CONDA_EXE='\''/opt/miniconda3/bin/conda'\''
export _CE_M='\'''\''
export _CE_CONDA='\'''\''
export CONDA_PYTHON_EXE='\''/opt/miniconda3/bin/python'\'''
+ eval 'PS1='\''(testbed) '\''
export PATH='\''/opt/miniconda3/envs/testbed/bin:/opt/miniconda3/condabin:/opt/miniconda3/bin:/usr/local/sbin:/usr/local/bin:/usr/sbin:/usr/bin:/sbin:/bin'\''
export CONDA_PREFIX='\''/opt/miniconda3/envs/testbed'\''
export CONDA_SHLVL='\''2'\''
export CONDA_DEFAULT_ENV='\''testbed'\''
export CONDA_PROMPT_MODIFIER='\''(testbed) '\''
export CONDA_PREFIX_1='\''/opt/miniconda3'\''
export CONDA_EXE='\''/opt/miniconda3/bin/conda'\''
export _CE_M='\'''\''
export _CE_CONDA='\'''\''
export CONDA_PYTHON_EXE='\''/opt/miniconda3/bin/python'\'''
++ PS1='(testbed) '
++ export PATH=/opt/miniconda3/envs/testbed/bin:/opt/miniconda3/condabin:/opt/miniconda3/bin:/usr/local/sbin:/usr/local/bin:/usr/sbin:/usr/bin:/sbin:/bin
++ PATH=/opt/miniconda3/envs/testbed/bin:/opt/miniconda3/condabin:/opt/miniconda3/bin:/usr/local/sbin:/usr/local/bin:/usr/sbin:/usr/bin:/sbin:/bin
++ export CONDA_PREFIX=/opt/miniconda3/envs/testbed
++ CONDA_PREFIX=/opt/miniconda3/envs/testbed
++ export CONDA_SHLVL=2
++ CONDA_SHLVL=2
++ export CONDA_DEFAULT_ENV=testbed
++ CONDA_DEFAULT_ENV=testbed
++ export 'CONDA_PROMPT_MODIFIER=(testbed) '
++ CONDA_PROMPT_MODIFIER='(testbed) '
++ export CONDA_PREFIX_1=/opt/miniconda3
++ CONDA_PREFIX_1=/opt/miniconda3
++ export CONDA_EXE=/opt/miniconda3/bin/conda
++ CONDA_EXE=/opt/miniconda3/bin/conda
++ export _CE_M=
++ _CE_M=
++ export _CE_CONDA=
++ _CE_CONDA=
++ export CONDA_PYTHON_EXE=/opt/miniconda3/bin/python
++ CONDA_PYTHON_EXE=/opt/miniconda3/bin/python
+ __conda_hashr
+ '[' -n '' ']'
+ '[' -n '' ']'
+ hash -r
+ python -m pip install -r /root/requirements.txt
2025-08-21 06:51:41,053 - INFO - Collecting alabaster==0.7.12 (from -r /root/requirements.txt (line 1))
2025-08-21 06:51:41,416 - INFO - Downloading alabaster-0.7.12-py2.py3-none-any.whl.metadata (2.0 kB)
2025-08-21 06:51:41,574 - INFO - Collecting asgiref==3.4.1 (from -r /root/requirements.txt (line 2))
2025-08-21 06:51:41,684 - INFO - Downloading asgiref-3.4.1-py3-none-any.whl.metadata (9.2 kB)
2025-08-21 06:51:41,822 - INFO - Collecting attrs==21.2.0 (from -r /root/requirements.txt (line 3))
2025-08-21 06:51:41,935 - INFO - Downloading attrs-21.2.0-py2.py3-none-any.whl.metadata (9.1 kB)
2025-08-21 06:51:42,075 - INFO - Collecting babel==2.9.1 (from -r /root/requirements.txt (line 4))
2025-08-21 06:51:42,182 - INFO - Downloading Babel-2.9.1-py2.py3-none-any.whl.metadata (1.2 kB)
2025-08-21 06:51:42,301 - INFO - Collecting backports.entry-points-selectable==1.1.0 (from -r /root/requirements.txt (line 5))
2025-08-21 06:51:42,409 - INFO - Downloading backports.entry_points_selectable-1.1.0-py2.py3-none-any.whl.metadata (4.1 kB)
2025-08-21 06:51:42,535 - INFO - Collecting blinker==1.4 (from -r /root/requirements.txt (line 6))
2025-08-21 06:51:42,644 - INFO - Downloading blinker-1.4.tar.gz (111 kB)
2025-08-21 06:51:42,876 - INFO - Preparing metadata (setup.py): started
2025-08-21 06:51:43,041 - INFO - Preparing metadata (setup.py): finished with status 'done'
2025-08-21 06:51:43,247 - INFO - Collecting certifi==2021.5.30 (from -r /root/requirements.txt (line 7))
2025-08-21 06:51:43,358 - INFO - Downloading certifi-2021.5.30-py2.py3-none-any.whl.metadata (3.0 kB)
2025-08-21 06:51:43,717 - INFO - Collecting cffi==1.14.6 (from -r /root/requirements.txt (line 8))
2025-08-21 06:51:43,825 - INFO - Downloading cffi-1.14.6-cp39-cp39-manylinux1_x86_64.whl.metadata (1.2 kB)
2025-08-21 06:51:43,945 - INFO - Collecting cfgv==3.3.1 (from -r /root/requirements.txt (line 9))
2025-08-21 06:51:44,056 - INFO - Downloading cfgv-3.3.1-py2.py3-none-any.whl.metadata (9.0 kB)
2025-08-21 06:51:44,262 - INFO - Collecting charset-normalizer==2.0.6 (from -r /root/requirements.txt (line 10))
2025-08-21 06:51:44,371 - INFO - Downloading charset_normalizer-2.0.6-py3-none-any.whl.metadata (11 kB)
2025-08-21 06:51:44,493 - INFO - Collecting click==8.0.1 (from -r /root/requirements.txt (line 11))
2025-08-21 06:51:44,602 - INFO - Downloading click-8.0.1-py3-none-any.whl.metadata (3.2 kB)
2025-08-21 06:51:44,970 - INFO - Collecting cryptography==35.0.0 (from -r /root/requirements.txt (line 12))
2025-08-21 06:51:45,077 - INFO - Downloading cryptography-35.0.0-cp36-abi3-manylinux_2_24_x86_64.whl.metadata (5.4 kB)
2025-08-21 06:51:45,202 - INFO - Collecting distlib==0.3.3 (from -r /root/requirements.txt (line 13))
2025-08-21 06:51:45,311 - INFO - Downloading distlib-0.3.3-py2.py3-none-any.whl.metadata (1.2 kB)
2025-08-21 06:51:45,433 - INFO - Collecting docutils==0.16 (from -r /root/requirements.txt (line 14))
2025-08-21 06:51:45,579 - INFO - Downloading docutils-0.16-py2.py3-none-any.whl.metadata (2.7 kB)
2025-08-21 06:51:46,749 - INFO - Collecting filelock==3.2.0 (from -r /root/requirements.txt (line 15))
2025-08-21 06:51:46,962 - INFO - Downloading filelock-3.2.0-py2.py3-none-any.whl.metadata (5.7 kB)
2025-08-21 06:51:48,569 - INFO - Collecting greenlet==1.1.2 (from -r /root/requirements.txt (line 16))
2025-08-21 06:51:48,789 - INFO - Downloading greenlet-1.1.2-cp39-cp39-manylinux_2_17_x86_64.manylinux2014_x86_64.whl.metadata (3.9 kB)
2025-08-21 06:51:49,661 - INFO - Collecting identify==2.2.15 (from -r /root/requirements.txt (line 17))
2025-08-21 06:51:50,002 - INFO - Downloading identify-2.2.15-py2.py3-none-any.whl.metadata (5.0 kB)
2025-08-21 06:51:50,122 - INFO - Collecting idna==3.2 (from -r /root/requirements.txt (line 18))
2025-08-21 06:51:50,229 - INFO - Downloading idna-3.2-py3-none-any.whl.metadata (8.6 kB)
2025-08-21 06:51:50,348 - INFO - Collecting imagesize==1.2.0 (from -r /root/requirements.txt (line 19))
2025-08-21 06:51:50,453 - INFO - Downloading imagesize-1.2.0-py2.py3-none-any.whl.metadata (1.3 kB)
2025-08-21 06:51:50,573 - INFO - Collecting iniconfig==1.1.1 (from -r /root/requirements.txt (line 20))
2025-08-21 06:51:50,681 - INFO - Downloading iniconfig-1.1.1-py2.py3-none-any.whl.metadata (2.4 kB)
2025-08-21 06:51:50,806 - INFO - Collecting jinja2==3.0.1 (from -r /root/requirements.txt (line 21))
2025-08-21 06:51:50,921 - INFO - Downloading Jinja2-3.0.1-py3-none-any.whl.metadata (3.5 kB)
2025-08-21 06:51:51,104 - INFO - Collecting markupsafe==2.0.1 (from -r /root/requirements.txt (line 22))
2025-08-21 06:51:51,212 - INFO - Downloading MarkupSafe-2.0.1-cp39-cp39-manylinux_2_5_x86_64.manylinux1_x86_64.manylinux_2_12_x86_64.manylinux2010_x86_64.whl.metadata (3.2 kB)
2025-08-21 06:51:51,436 - INFO - Collecting mypy==0.910 (from -r /root/requirements.txt (line 23))
2025-08-21 06:51:51,542 - INFO - Downloading mypy-0.910-cp39-cp39-manylinux2010_x86_64.whl.metadata (1.6 kB)
2025-08-21 06:51:51,659 - INFO - Collecting mypy-extensions==0.4.3 (from -r /root/requirements.txt (line 24))
2025-08-21 06:51:51,766 - INFO - Downloading mypy_extensions-0.4.3-py2.py3-none-any.whl.metadata (1.2 kB)
2025-08-21 06:51:51,886 - INFO - Collecting nodeenv==1.6.0 (from -r /root/requirements.txt (line 25))
2025-08-21 06:51:51,997 - INFO - Downloading nodeenv-1.6.0-py2.py3-none-any.whl.metadata (21 kB)
2025-08-21 06:51:52,125 - INFO - Collecting packaging==21.0 (from -r /root/requirements.txt (line 26))
2025-08-21 06:51:52,236 - INFO - Downloading packaging-21.0-py3-none-any.whl.metadata (13 kB)
2025-08-21 06:51:52,606 - INFO - Collecting pallets-sphinx-themes==2.0.1 (from -r /root/requirements.txt (line 27))
2025-08-21 06:51:52,943 - INFO - Downloading Pallets_Sphinx_Themes-2.0.1-py3-none-any.whl.metadata (1.7 kB)
2025-08-21 06:51:53,068 - INFO - Collecting pep517==0.11.0 (from -r /root/requirements.txt (line 28))
2025-08-21 06:51:53,174 - INFO - Downloading pep517-0.11.0-py2.py3-none-any.whl.metadata (3.8 kB)
2025-08-21 06:51:53,311 - INFO - Collecting pip-tools==6.3.0 (from -r /root/requirements.txt (line 29))
2025-08-21 06:51:53,661 - INFO - Downloading pip_tools-6.3.0-py3-none-any.whl.metadata (20 kB)
2025-08-21 06:51:53,789 - INFO - Collecting platformdirs==2.4.0 (from -r /root/requirements.txt (line 30))
2025-08-21 06:51:53,899 - INFO - Downloading platformdirs-2.4.0-py3-none-any.whl.metadata (9.2 kB)
2025-08-21 06:51:54,023 - INFO - Collecting pluggy==1.0.0 (from -r /root/requirements.txt (line 31))
2025-08-21 06:51:54,132 - INFO - Downloading pluggy-1.0.0-py2.py3-none-any.whl.metadata (4.3 kB)
2025-08-21 06:51:54,325 - INFO - Collecting pre-commit==2.15.0 (from -r /root/requirements.txt (line 32))
2025-08-21 06:51:54,430 - INFO - Downloading pre_commit-2.15.0-py2.py3-none-any.whl.metadata (1.9 kB)
2025-08-21 06:51:54,551 - INFO - Collecting py==1.10.0 (from -r /root/requirements.txt (line 33))
2025-08-21 06:51:54,659 - INFO - Downloading py-1.10.0-py2.py3-none-any.whl.metadata (2.7 kB)
2025-08-21 06:51:54,977 - INFO - Collecting pycparser==2.20 (from -r /root/requirements.txt (line 34))
2025-08-21 06:51:55,335 - INFO - Downloading pycparser-2.20-py2.py3-none-any.whl.metadata (907 bytes)
2025-08-21 06:51:55,642 - INFO - Collecting pygments==2.10.0 (from -r /root/requirements.txt (line 35))
2025-08-21 06:51:55,801 - INFO - Downloading Pygments-2.10.0-py3-none-any.whl.metadata (1.9 kB)
2025-08-21 06:51:56,222 - INFO - Collecting pyparsing==2.4.7 (from -r /root/requirements.txt (line 36))
2025-08-21 06:51:56,339 - INFO - Downloading pyparsing-2.4.7-py2.py3-none-any.whl.metadata (3.6 kB)
2025-08-21 06:51:56,667 - INFO - Collecting pytest==6.2.5 (from -r /root/requirements.txt (line 37))
2025-08-21 06:51:56,935 - INFO - Downloading pytest-6.2.5-py3-none-any.whl.metadata (7.5 kB)
2025-08-21 06:51:57,181 - INFO - Collecting python-dotenv==0.19.0 (from -r /root/requirements.txt (line 38))
2025-08-21 06:51:57,308 - INFO - Downloading python_dotenv-0.19.0-py2.py3-none-any.whl.metadata (18 kB)
2025-08-21 06:51:57,781 - INFO - Collecting pytz==2021.1 (from -r /root/requirements.txt (line 39))
2025-08-21 06:51:57,942 - INFO - Downloading pytz-2021.1-py2.py3-none-any.whl.metadata (21 kB)
2025-08-21 06:51:58,500 - INFO - Collecting pyyaml==5.4.1 (from -r /root/requirements.txt (line 40))
2025-08-21 06:51:58,622 - INFO - Downloading PyYAML-5.4.1-cp39-cp39-manylinux1_x86_64.whl.metadata (2.1 kB)
2025-08-21 06:51:58,980 - INFO - Collecting requests==2.26.0 (from -r /root/requirements.txt (line 41))
2025-08-21 06:51:59,111 - INFO - Downloading requests-2.26.0-py2.py3-none-any.whl.metadata (4.8 kB)
2025-08-21 06:51:59,914 - INFO - Collecting six==1.16.0 (from -r /root/requirements.txt (line 42))
2025-08-21 06:52:00,224 - INFO - Downloading six-1.16.0-py2.py3-none-any.whl.metadata (1.8 kB)
2025-08-21 06:52:01,301 - INFO - Collecting snowballstemmer==2.1.0 (from -r /root/requirements.txt (line 43))
2025-08-21 06:52:01,487 - INFO - Downloading snowballstemmer-2.1.0-py2.py3-none-any.whl.metadata (6.1 kB)
2025-08-21 06:52:01,643 - INFO - Collecting sphinx==4.2.0 (from -r /root/requirements.txt (line 44))
2025-08-21 06:52:01,755 - INFO - Downloading Sphinx-4.2.0-py3-none-any.whl.metadata (7.9 kB)
2025-08-21 06:52:02,099 - INFO - Collecting sphinx-issues==1.2.0 (from -r /root/requirements.txt (line 45))
2025-08-21 06:52:02,207 - INFO - Downloading sphinx_issues-1.2.0-py2.py3-none-any.whl.metadata (5.3 kB)
2025-08-21 06:52:02,556 - INFO - Collecting sphinx-tabs==3.2.0 (from -r /root/requirements.txt (line 46))
2025-08-21 06:52:02,670 - INFO - Downloading sphinx_tabs-3.2.0-py3-none-any.whl.metadata (6.3 kB)
2025-08-21 06:52:02,789 - INFO - Collecting sphinxcontrib-applehelp==1.0.2 (from -r /root/requirements.txt (line 47))
2025-08-21 06:52:03,129 - INFO - Downloading sphinxcontrib_applehelp-1.0.2-py2.py3-none-any.whl.metadata (1.4 kB)
2025-08-21 06:52:03,248 - INFO - Collecting sphinxcontrib-devhelp==1.0.2 (from -r /root/requirements.txt (line 48))
2025-08-21 06:52:03,355 - INFO - Downloading sphinxcontrib_devhelp-1.0.2-py2.py3-none-any.whl.metadata (1.4 kB)
2025-08-21 06:52:03,483 - INFO - Collecting sphinxcontrib-htmlhelp==2.0.0 (from -r /root/requirements.txt (line 49))
2025-08-21 06:52:03,593 - INFO - Downloading sphinxcontrib_htmlhelp-2.0.0-py2.py3-none-any.whl.metadata (1.6 kB)
2025-08-21 06:52:03,708 - INFO - Collecting sphinxcontrib-jsmath==1.0.1 (from -r /root/requirements.txt (line 50))
2025-08-21 06:52:03,821 - INFO - Downloading sphinxcontrib_jsmath-1.0.1-py2.py3-none-any.whl.metadata (1.4 kB)
2025-08-21 06:52:04,171 - INFO - Collecting sphinxcontrib-log-cabinet==1.0.1 (from -r /root/requirements.txt (line 51))
2025-08-21 06:52:04,279 - INFO - Downloading sphinxcontrib_log_cabinet-1.0.1-py2.py3-none-any.whl.metadata (1.3 kB)
2025-08-21 06:52:04,403 - INFO - Collecting sphinxcontrib-qthelp==1.0.3 (from -r /root/requirements.txt (line 52))
2025-08-21 06:52:04,514 - INFO - Downloading sphinxcontrib_qthelp-1.0.3-py2.py3-none-any.whl.metadata (1.4 kB)
2025-08-21 06:52:04,656 - INFO - Collecting sphinxcontrib-serializinghtml==1.1.5 (from -r /root/requirements.txt (line 53))
2025-08-21 06:52:04,763 - INFO - Downloading sphinxcontrib_serializinghtml-1.1.5-py2.py3-none-any.whl.metadata (1.5 kB)
2025-08-21 06:52:04,901 - INFO - Collecting toml==0.10.2 (from -r /root/requirements.txt (line 54))
2025-08-21 06:52:05,008 - INFO - Downloading toml-0.10.2-py2.py3-none-any.whl.metadata (7.1 kB)
2025-08-21 06:52:05,135 - INFO - Collecting tomli==1.2.1 (from -r /root/requirements.txt (line 55))
2025-08-21 06:52:05,245 - INFO - Downloading tomli-1.2.1-py3-none-any.whl.metadata (9.1 kB)
2025-08-21 06:52:05,401 - INFO - Collecting tox==3.24.4 (from -r /root/requirements.txt (line 56))
2025-08-21 06:52:05,509 - INFO - Downloading tox-3.24.4-py2.py3-none-any.whl.metadata (7.5 kB)
2025-08-21 06:52:06,033 - INFO - Collecting types-contextvars==0.1.4 (from -r /root/requirements.txt (line 57))
2025-08-21 06:52:06,390 - INFO - Downloading types_contextvars-0.1.4-py2.py3-none-any.whl.metadata (890 bytes)
2025-08-21 06:52:06,737 - INFO - Collecting types-dataclasses==0.1.7 (from -r /root/requirements.txt (line 58))
2025-08-21 06:52:07,072 - INFO - Downloading types_dataclasses-0.1.7-py3-none-any.whl.metadata (878 bytes)
2025-08-21 06:52:07,214 - INFO - Collecting types-setuptools==57.4.0 (from -r /root/requirements.txt (line 59))
2025-08-21 06:52:07,551 - INFO - Downloading types_setuptools-57.4.0-py3-none-any.whl.metadata (873 bytes)
2025-08-21 06:52:07,687 - INFO - Collecting typing-extensions==3.10.0.2 (from -r /root/requirements.txt (line 60))
2025-08-21 06:52:07,795 - INFO - Downloading typing_extensions-3.10.0.2-py3-none-any.whl.metadata (2.1 kB)
2025-08-21 06:52:07,925 - INFO - Collecting urllib3==1.26.7 (from -r /root/requirements.txt (line 61))
2025-08-21 06:52:08,036 - INFO - Downloading urllib3-1.26.7-py2.py3-none-any.whl.metadata (44 kB)
2025-08-21 06:52:08,252 - INFO - Collecting virtualenv==20.8.1 (from -r /root/requirements.txt (line 62))
2025-08-21 06:52:08,362 - INFO - Downloading virtualenv-20.8.1-py2.py3-none-any.whl.metadata (4.8 kB)
2025-08-21 06:52:08,515 - INFO - Collecting wheel==0.37.0 (from -r /root/requirements.txt (line 63))
2025-08-21 06:52:08,621 - INFO - Downloading wheel-0.37.0-py2.py3-none-any.whl.metadata (2.3 kB)
2025-08-21 06:52:08,705 - INFO - Requirement already satisfied: pip>=20.3 in /opt/miniconda3/envs/testbed/lib/python3.9/site-packages (from pip-tools==6.3.0->-r /root/requirements.txt (line 29)) (25.1)
2025-08-21 06:52:08,706 - INFO - Requirement already satisfied: setuptools in /opt/miniconda3/envs/testbed/lib/python3.9/site-packages (from pip-tools==6.3.0->-r /root/requirements.txt (line 29)) (78.1.1)
2025-08-21 06:52:09,097 - INFO - Downloading alabaster-0.7.12-py2.py3-none-any.whl (14 kB)
2025-08-21 06:52:09,216 - INFO - Downloading asgiref-3.4.1-py3-none-any.whl (25 kB)
2025-08-21 06:52:09,334 - INFO - Downloading attrs-21.2.0-py2.py3-none-any.whl (53 kB)
2025-08-21 06:52:09,491 - INFO - Downloading Babel-2.9.1-py2.py3-none-any.whl (8.8 MB)
2025-08-21 06:52:10,409 - INFO - ━━━━━━━━━━━━━━━━━━━━━━━━━━━━━━━━━━━━━━━━ 8.8/8.8 MB 10.3 MB/s eta 0:00:00
2025-08-21 06:52:10,409 - INFO - 
2025-08-21 06:52:10,519 - INFO - Downloading backports.entry_points_selectable-1.1.0-py2.py3-none-any.whl (6.2 kB)
2025-08-21 06:52:10,631 - INFO - Downloading certifi-2021.5.30-py2.py3-none-any.whl (145 kB)
2025-08-21 06:52:10,759 - INFO - Downloading cffi-1.14.6-cp39-cp39-manylinux1_x86_64.whl (405 kB)
2025-08-21 06:52:10,895 - INFO - Downloading cfgv-3.3.1-py2.py3-none-any.whl (7.3 kB)
2025-08-21 06:52:11,011 - INFO - Downloading charset_normalizer-2.0.6-py3-none-any.whl (37 kB)
2025-08-21 06:52:11,122 - INFO - Downloading click-8.0.1-py3-none-any.whl (97 kB)
2025-08-21 06:52:11,239 - INFO - Downloading cryptography-35.0.0-cp36-abi3-manylinux_2_24_x86_64.whl (3.5 MB)
2025-08-21 06:52:11,411 - INFO - ━━━━━━━━━━━━━━━━━━━━━━━━━━━━━━━━━━━━━━━━ 3.5/3.5 MB 19.3 MB/s eta 0:00:00
2025-08-21 06:52:11,411 - INFO - 
2025-08-21 06:52:11,518 - INFO - Downloading distlib-0.3.3-py2.py3-none-any.whl (496 kB)
2025-08-21 06:52:11,679 - INFO - Downloading docutils-0.16-py2.py3-none-any.whl (548 kB)
2025-08-21 06:52:11,886 - INFO - ━━━━━━━━━━━━━━━━━━━━━━━━━━━━━━━━━━━━━━━━ 548.2/548.2 kB 2.3 MB/s eta 0:00:00
2025-08-21 06:52:11,886 - INFO - 
2025-08-21 06:52:11,994 - INFO - Downloading filelock-3.2.0-py2.py3-none-any.whl (10 kB)
2025-08-21 06:52:12,114 - INFO - Downloading greenlet-1.1.2-cp39-cp39-manylinux_2_17_x86_64.manylinux2014_x86_64.whl (153 kB)
2025-08-21 06:52:12,477 - INFO - Downloading identify-2.2.15-py2.py3-none-any.whl (98 kB)
2025-08-21 06:52:12,596 - INFO - Downloading idna-3.2-py3-none-any.whl (59 kB)
2025-08-21 06:52:12,711 - INFO - Downloading imagesize-1.2.0-py2.py3-none-any.whl (4.8 kB)
2025-08-21 06:52:12,956 - INFO - Downloading iniconfig-1.1.1-py2.py3-none-any.whl (5.0 kB)
2025-08-21 06:52:13,083 - INFO - Downloading Jinja2-3.0.1-py3-none-any.whl (133 kB)
2025-08-21 06:52:13,200 - INFO - Downloading MarkupSafe-2.0.1-cp39-cp39-manylinux_2_5_x86_64.manylinux1_x86_64.manylinux_2_12_x86_64.manylinux2010_x86_64.whl (30 kB)
2025-08-21 06:52:13,313 - INFO - Downloading mypy-0.910-cp39-cp39-manylinux2010_x86_64.whl (23.2 MB)
2025-08-21 06:52:17,131 - INFO - ━━━━━━━━━━━━━━━━━━━━━━━━━━━━━━━━━━━━━━━━ 23.2/23.2 MB 6.0 MB/s eta 0:00:00
2025-08-21 06:52:17,237 - INFO - Downloading mypy_extensions-0.4.3-py2.py3-none-any.whl (4.5 kB)
2025-08-21 06:52:17,350 - INFO - Downloading nodeenv-1.6.0-py2.py3-none-any.whl (21 kB)
2025-08-21 06:52:17,469 - INFO - Downloading packaging-21.0-py3-none-any.whl (40 kB)
2025-08-21 06:52:17,831 - INFO - Downloading Pallets_Sphinx_Themes-2.0.1-py3-none-any.whl (26 kB)
2025-08-21 06:52:18,092 - INFO - Downloading pep517-0.11.0-py2.py3-none-any.whl (19 kB)
2025-08-21 06:52:18,436 - INFO - Downloading pip_tools-6.3.0-py3-none-any.whl (47 kB)
2025-08-21 06:52:18,552 - INFO - Downloading platformdirs-2.4.0-py3-none-any.whl (14 kB)
2025-08-21 06:52:18,666 - INFO - Downloading pluggy-1.0.0-py2.py3-none-any.whl (13 kB)
2025-08-21 06:52:18,777 - INFO - Downloading pre_commit-2.15.0-py2.py3-none-any.whl (191 kB)
2025-08-21 06:52:18,950 - INFO - Downloading py-1.10.0-py2.py3-none-any.whl (97 kB)
2025-08-21 06:52:19,082 - INFO - Downloading pycparser-2.20-py2.py3-none-any.whl (112 kB)
2025-08-21 06:52:19,215 - INFO - Downloading Pygments-2.10.0-py3-none-any.whl (1.0 MB)
2025-08-21 06:52:19,422 - INFO - ━━━━━━━━━━━━━━━━━━━━━━━━━━━━━━━━━━━━━━━━ 1.0/1.0 MB 4.8 MB/s eta 0:00:00
2025-08-21 06:52:19,534 - INFO - Downloading pyparsing-2.4.7-py2.py3-none-any.whl (67 kB)
2025-08-21 06:52:19,662 - INFO - Downloading pytest-6.2.5-py3-none-any.whl (280 kB)
2025-08-21 06:52:19,830 - INFO - Downloading python_dotenv-0.19.0-py2.py3-none-any.whl (17 kB)
2025-08-21 06:52:19,944 - INFO - Downloading pytz-2021.1-py2.py3-none-any.whl (510 kB)
2025-08-21 06:52:20,154 - INFO - Downloading PyYAML-5.4.1-cp39-cp39-manylinux1_x86_64.whl (630 kB)
2025-08-21 06:52:20,260 - INFO - ━━━━━━━━━━━━━━━━━━━━━━━━━━━━━━━━━━━━━━━━ 630.1/630.1 kB 5.4 MB/s eta 0:00:00
2025-08-21 06:52:20,260 - INFO - 
2025-08-21 06:52:20,368 - INFO - Downloading requests-2.26.0-py2.py3-none-any.whl (62 kB)
2025-08-21 06:52:20,485 - INFO - Downloading urllib3-1.26.7-py2.py3-none-any.whl (138 kB)
2025-08-21 06:52:20,617 - INFO - Downloading six-1.16.0-py2.py3-none-any.whl (11 kB)
2025-08-21 06:52:20,728 - INFO - Downloading snowballstemmer-2.1.0-py2.py3-none-any.whl (93 kB)
2025-08-21 06:52:20,856 - INFO - Downloading Sphinx-4.2.0-py3-none-any.whl (3.1 MB)
2025-08-21 06:52:21,291 - INFO - ━━━━━━━━━━━━━━━━━━━━━━━━━━━━━━━━━━━━━━━━ 3.1/3.1 MB 7.1 MB/s eta 0:00:00
2025-08-21 06:52:21,396 - INFO - Downloading sphinx_issues-1.2.0-py2.py3-none-any.whl (5.8 kB)
2025-08-21 06:52:21,515 - INFO - Downloading sphinx_tabs-3.2.0-py3-none-any.whl (9.8 kB)
2025-08-21 06:52:21,635 - INFO - Downloading sphinxcontrib_applehelp-1.0.2-py2.py3-none-any.whl (121 kB)
2025-08-21 06:52:21,764 - INFO - Downloading sphinxcontrib_devhelp-1.0.2-py2.py3-none-any.whl (84 kB)
2025-08-21 06:52:21,899 - INFO - Downloading sphinxcontrib_htmlhelp-2.0.0-py2.py3-none-any.whl (100 kB)
2025-08-21 06:52:22,040 - INFO - Downloading sphinxcontrib_jsmath-1.0.1-py2.py3-none-any.whl (5.1 kB)
2025-08-21 06:52:22,162 - INFO - Downloading sphinxcontrib_log_cabinet-1.0.1-py2.py3-none-any.whl (4.9 kB)
2025-08-21 06:52:22,283 - INFO - Downloading sphinxcontrib_qthelp-1.0.3-py2.py3-none-any.whl (90 kB)
2025-08-21 06:52:22,410 - INFO - Downloading sphinxcontrib_serializinghtml-1.1.5-py2.py3-none-any.whl (94 kB)
2025-08-21 06:52:22,541 - INFO - Downloading toml-0.10.2-py2.py3-none-any.whl (16 kB)
2025-08-21 06:52:22,664 - INFO - Downloading tomli-1.2.1-py3-none-any.whl (11 kB)
2025-08-21 06:52:22,783 - INFO - Downloading tox-3.24.4-py2.py3-none-any.whl (85 kB)
2025-08-21 06:52:23,143 - INFO - Downloading types_contextvars-0.1.4-py2.py3-none-any.whl (2.4 kB)
2025-08-21 06:52:23,497 - INFO - Downloading types_dataclasses-0.1.7-py3-none-any.whl (2.7 kB)
2025-08-21 06:52:23,875 - INFO - Downloading types_setuptools-57.4.0-py3-none-any.whl (27 kB)
2025-08-21 06:52:24,015 - INFO - Downloading typing_extensions-3.10.0.2-py3-none-any.whl (26 kB)
2025-08-21 06:52:24,133 - INFO - Downloading virtualenv-20.8.1-py2.py3-none-any.whl (5.3 MB)
2025-08-21 06:52:24,733 - INFO - ━━━━━━━━━━━━━━━━━━━━━━━━━━━━━━━━━━━━━━━━ 5.3/5.3 MB 8.8 MB/s eta 0:00:00
2025-08-21 06:52:24,734 - INFO - 
2025-08-21 06:52:24,869 - INFO - Downloading wheel-0.37.0-py2.py3-none-any.whl (35 kB)
2025-08-21 06:52:25,065 - INFO - Building wheels for collected packages: blinker
2025-08-21 06:52:25,066 - INFO - DEPRECATION: Building 'blinker' using the legacy setup.py bdist_wheel mechanism, which will be removed in a future version. pip 25.3 will enforce this behaviour change. A possible replacement is to use the standardized build interface by setting the `--use-pep517` option, (possibly combined with `--no-build-isolation`), or adding a `pyproject.toml` file to the source tree of 'blinker'. Discussion can be found at https://github.com/pypa/pip/issues/6334
2025-08-21 06:52:25,067 - INFO - Building wheel for blinker (setup.py): started
2025-08-21 06:52:25,298 - INFO - Building wheel for blinker (setup.py): finished with status 'done'
2025-08-21 06:52:25,305 - INFO - Created wheel for blinker: filename=blinker-1.4-py3-none-any.whl size=13556 sha256=278fbd85232959322d711647519ae59a3d7117c7c1e9695e0f262ea534d57bd2
2025-08-21 06:52:25,306 - INFO - Stored in directory: /root/.cache/pip/wheels/50/93/f8/4f0a42a03a06626d675f13907b6982ad5ecff383530af5a900
2025-08-21 06:52:25,312 - INFO - Successfully built blinker
2025-08-21 06:52:25,475 - INFO - Installing collected packages: typing-extensions, types-setuptools, types-dataclasses, types-contextvars, snowballstemmer, pytz, nodeenv, mypy-extensions, iniconfig, distlib, certifi, blinker, alabaster, wheel, urllib3, tomli, toml, sphinxcontrib-serializinghtml, sphinxcontrib-qthelp, sphinxcontrib-jsmath, sphinxcontrib-htmlhelp, sphinxcontrib-devhelp, sphinxcontrib-applehelp, six, pyyaml, python-dotenv, pyparsing, pygments, pycparser, py, pluggy, platformdirs, markupsafe, imagesize, idna, identify, greenlet, filelock, docutils, click, charset-normalizer, cfgv, backports.entry-points-selectable, babel, attrs, asgiref, virtualenv, requests, pep517, packaging, mypy, jinja2, cffi, tox, sphinx, pytest, pre-commit, pip-tools, cryptography, sphinxcontrib-log-cabinet, sphinx-tabs, sphinx-issues, pallets-sphinx-themes
2025-08-21 06:52:25,889 - INFO - Attempting uninstall: wheel
2025-08-21 06:52:25,890 - INFO - Found existing installation: wheel 0.45.1
2025-08-21 06:52:25,896 - INFO - Uninstalling wheel-0.45.1:
2025-08-21 06:52:25,897 - INFO - Successfully uninstalled wheel-0.45.1
2025-08-21 06:52:30,548 - INFO - 
2025-08-21 06:52:30,559 - INFO - Successfully installed alabaster-0.7.12 asgiref-3.4.1 attrs-21.2.0 babel-2.9.1 backports.entry-points-selectable-1.1.0 blinker-1.4 certifi-2021.5.30 cffi-1.14.6 cfgv-3.3.1 charset-normalizer-2.0.6 click-8.0.1 cryptography-35.0.0 distlib-0.3.3 docutils-0.16 filelock-3.2.0 greenlet-1.1.2 identify-2.2.15 idna-3.2 imagesize-1.2.0 iniconfig-1.1.1 jinja2-3.0.1 markupsafe-2.0.1 mypy-0.910 mypy-extensions-0.4.3 nodeenv-1.6.0 packaging-21.0 pallets-sphinx-themes-2.0.1 pep517-0.11.0 pip-tools-6.3.0 platformdirs-2.4.0 pluggy-1.0.0 pre-commit-2.15.0 py-1.10.0 pycparser-2.20 pygments-2.10.0 pyparsing-2.4.7 pytest-6.2.5 python-dotenv-0.19.0 pytz-2021.1 pyyaml-5.4.1 requests-2.26.0 six-1.16.0 snowballstemmer-2.1.0 sphinx-4.2.0 sphinx-issues-1.2.0 sphinx-tabs-3.2.0 sphinxcontrib-applehelp-1.0.2 sphinxcontrib-devhelp-1.0.2 sphinxcontrib-htmlhelp-2.0.0 sphinxcontrib-jsmath-1.0.1 sphinxcontrib-log-cabinet-1.0.1 sphinxcontrib-qthelp-1.0.3 sphinxcontrib-serializinghtml-1.1.5 toml-0.10.2 tomli-1.2.1 tox-3.24.4 types-contextvars-0.1.4 types-dataclasses-0.1.7 types-setuptools-57.4.0 typing-extensions-3.10.0.2 urllib3-1.26.7 virtualenv-20.8.1 wheel-0.37.0
2025-08-21 06:52:30,560 - INFO - WARNING: Running pip as the 'root' user can result in broken permissions and conflicting behaviour with the system package manager, possibly rendering your system unusable. It is recommended to use a virtual environment instead: https://pip.pypa.io/warnings/venv. Use the --root-user-action option if you know what you are doing and want to suppress this warning.
2025-08-21 06:52:31,536 - INFO - + rm /root/requirements.txt
2025-08-21 06:52:31,539 - INFO - + conda activate testbed
+ local cmd=activate
+ case "$cmd" in
+ __conda_activate activate testbed
+ '[' -n '' ']'
+ local ask_conda
2025-08-21 06:52:31,540 - INFO - ++ PS1='(testbed) '
++ __conda_exe shell.posix activate testbed
2025-08-21 06:52:31,540 - INFO - ++ /opt/miniconda3/bin/conda shell.posix activate testbed
2025-08-21 06:52:31,643 - INFO - + ask_conda='PS1='\''(testbed) '\''
export PATH='\''/opt/miniconda3/envs/testbed/bin:/opt/miniconda3/condabin:/opt/miniconda3/bin:/usr/local/sbin:/usr/local/bin:/usr/sbin:/usr/bin:/sbin:/bin'\''
export CONDA_SHLVL='\''2'\''
export CONDA_PROMPT_MODIFIER='\''(testbed) '\'''
+ eval 'PS1='\''(testbed) '\''
export PATH='\''/opt/miniconda3/envs/testbed/bin:/opt/miniconda3/condabin:/opt/miniconda3/bin:/usr/local/sbin:/usr/local/bin:/usr/sbin:/usr/bin:/sbin:/bin'\''
export CONDA_SHLVL='\''2'\''
export CONDA_PROMPT_MODIFIER='\''(testbed) '\'''
++ PS1='(testbed) '
++ export PATH=/opt/miniconda3/envs/testbed/bin:/opt/miniconda3/condabin:/opt/miniconda3/bin:/usr/local/sbin:/usr/local/bin:/usr/sbin:/usr/bin:/sbin:/bin
++ PATH=/opt/miniconda3/envs/testbed/bin:/opt/miniconda3/condabin:/opt/miniconda3/bin:/usr/local/sbin:/usr/local/bin:/usr/sbin:/usr/bin:/sbin:/bin
++ export CONDA_SHLVL=2
++ CONDA_SHLVL=2
++ export 'CONDA_PROMPT_MODIFIER=(testbed) '
++ CONDA_PROMPT_MODIFIER='(testbed) '
+ __conda_hashr
+ '[' -n '' ']'
+ '[' -n '' ']'
+ hash -r
+ python -m pip install setuptools==70.0.0 Werkzeug==2.3.7 Jinja2==3.0.1 itsdangerous==2.1.2 click==8.0.1 MarkupSafe==2.1.3
2025-08-21 06:52:34,710 - INFO - Collecting setuptools==70.0.0
2025-08-21 06:52:35,490 - INFO - Downloading setuptools-70.0.0-py3-none-any.whl.metadata (5.9 kB)
2025-08-21 06:52:35,641 - INFO - Collecting Werkzeug==2.3.7
2025-08-21 06:52:35,745 - INFO - Downloading werkzeug-2.3.7-py3-none-any.whl.metadata (4.1 kB)
2025-08-21 06:52:35,752 - INFO - Requirement already satisfied: Jinja2==3.0.1 in /opt/miniconda3/envs/testbed/lib/python3.9/site-packages (3.0.1)
2025-08-21 06:52:35,869 - INFO - Collecting itsdangerous==2.1.2
2025-08-21 06:52:35,972 - INFO - Downloading itsdangerous-2.1.2-py3-none-any.whl.metadata (2.9 kB)
2025-08-21 06:52:35,980 - INFO - Requirement already satisfied: click==8.0.1 in /opt/miniconda3/envs/testbed/lib/python3.9/site-packages (8.0.1)
2025-08-21 06:52:36,144 - INFO - Collecting MarkupSafe==2.1.3
2025-08-21 06:52:36,247 - INFO - Downloading MarkupSafe-2.1.3-cp39-cp39-manylinux_2_17_x86_64.manylinux2014_x86_64.whl.metadata (3.0 kB)
2025-08-21 06:52:36,361 - INFO - Downloading setuptools-70.0.0-py3-none-any.whl (863 kB)
2025-08-21 06:52:36,628 - INFO - ━━━━━━━━━━━━━━━━━━━━━━━━━━━━━━━━━━━━━━━━ 863.4/863.4 kB 5.7 MB/s eta 0:00:00
2025-08-21 06:52:36,628 - INFO - 
2025-08-21 06:52:36,732 - INFO - Downloading werkzeug-2.3.7-py3-none-any.whl (242 kB)
2025-08-21 06:52:36,853 - INFO - Downloading itsdangerous-2.1.2-py3-none-any.whl (15 kB)
2025-08-21 06:52:36,974 - INFO - Downloading MarkupSafe-2.1.3-cp39-cp39-manylinux_2_17_x86_64.manylinux2014_x86_64.whl (25 kB)
2025-08-21 06:52:37,094 - INFO - Installing collected packages: setuptools, MarkupSafe, itsdangerous, Werkzeug
2025-08-21 06:52:37,094 - INFO - Attempting uninstall: setuptools
2025-08-21 06:52:37,095 - INFO - Found existing installation: setuptools 78.1.1
2025-08-21 06:52:37,098 - INFO - Uninstalling setuptools-78.1.1:
2025-08-21 06:52:37,166 - INFO - Successfully uninstalled setuptools-78.1.1
2025-08-21 06:52:37,892 - INFO - Attempting uninstall: MarkupSafe
2025-08-21 06:52:37,896 - INFO - Found existing installation: MarkupSafe 2.0.1
    Uninstalling MarkupSafe-2.0.1:
2025-08-21 06:52:37,897 - INFO - Successfully uninstalled MarkupSafe-2.0.1
2025-08-21 06:52:38,039 - INFO - 
2025-08-21 06:52:38,049 - INFO - Successfully installed MarkupSafe-2.1.3 Werkzeug-2.3.7 itsdangerous-2.1.2 setuptools-70.0.0
2025-08-21 06:52:38,049 - INFO - WARNING: Running pip as the 'root' user can result in broken permissions and conflicting behaviour with the system package manager, possibly rendering your system unusable. It is recommended to use a virtual environment instead: https://pip.pypa.io/warnings/venv. Use the --root-user-action option if you know what you are doing and want to suppress this warning.
2025-08-21 06:53:36,989 - INFO - ---> Removed intermediate container 6d1241eaffc3
2025-08-21 06:53:36,989 - INFO - ---> 63dc63577c93
2025-08-21 06:53:36,989 - INFO - Step 6/7 : WORKDIR /testbed/
2025-08-21 06:53:36,989 - INFO - 
2025-08-21 06:53:37,413 - INFO - ---> Running in 0cf46878de15
2025-08-21 06:53:37,459 - INFO - ---> Removed intermediate container 0cf46878de15
2025-08-21 06:53:37,459 - INFO - ---> 64664b3f1cfe
2025-08-21 06:53:37,459 - INFO - Step 7/7 : RUN echo "source /opt/miniconda3/etc/profile.d/conda.sh && conda activate testbed" > /root/.bashrc
2025-08-21 06:53:37,459 - INFO - 
2025-08-21 06:53:37,495 - INFO - ---> Running in 78b36dae152c
2025-08-21 06:53:37,954 - INFO - ---> Removed intermediate container 78b36dae152c
2025-08-21 06:53:37,955 - INFO - ---> 14cd71abcf76
2025-08-21 06:53:37,955 - INFO - Successfully built 14cd71abcf76
2025-08-21 06:53:37,968 - INFO - Successfully tagged sweb.env.x86_64.4b425dae88d737c93aa7c8:latest
2025-08-21 06:53:37,968 - INFO - Image built successfully!
