com.esri.geoportal.base.util.Val.chkStr(Ljava/lang/String;Ljava/lang/String;)Ljava/lang/String;: I8 Branch 19 IFNULL L142 - false
com.esri.geoportal.base.util.Val.chkStr(Ljava/lang/String;Ljava/lang/String;)Ljava/lang/String;: I11 Branch 20 IFLE L142 - false
com.esri.geoportal.base.util.Val.trim(Ljava/lang/String;)Ljava/lang/String;: I3 Branch 30 IFNULL L208 - false
org.apache.commons.text.translate.OctalUnescaper.<init>()V: root-Branch
com.esri.geoportal.base.util.Val.unescapeUnicode(Ljava/lang/String;)Ljava/lang/String;: I3 Branch 35 IFNULL L283 - false
com.esri.geoportal.base.util.Val.chkLong(Ljava/lang/String;Ljava/lang/Long;)Ljava/lang/Long;: I12 Branch 17 IFNULL L125 - false
com.esri.geoportal.base.util.Val.chkLong(Ljava/lang/String;Ljava/lang/Long;)Ljava/lang/Long;: I15 Branch 18 IFLE L125 - false
com.esri.geoportal.base.util.Val.unescapeOctal(Ljava/lang/String;)Ljava/lang/String;: I3 Branch 34 IFNULL L263 - false
com.esri.geoportal.base.util.Val.unescapeOctalToUnicode(Ljava/lang/String;)Ljava/lang/String;: I3 Branch 36 IFNULL L306 - false
org.apache.commons.text.translate.OctalUnescaper.translate(Ljava/lang/CharSequence;ILjava/io/Writer;)I: I21 Branch 41 IF_ICMPNE L41 - true
com.esri.geoportal.base.util.Val.<init>()V: root-Branch
com.esri.geoportal.base.util.Val.urlEncode(Ljava/lang/String;)Ljava/lang/String;: I3 Branch 31 IFNULL L218 - false
com.esri.geoportal.base.util.Val.base64Encode([BLjava/lang/String;)Ljava/lang/String;: I3 Branch 21 IFNULL L155 - false
com.esri.geoportal.base.util.Val.base64Encode([BLjava/lang/String;)Ljava/lang/String;: I7 Branch 22 IFNULL L157 - false
com.esri.geoportal.base.util.Val.base64Encode([BLjava/lang/String;)Ljava/lang/String;: I10 Branch 23 IFLE L157 - false
com.esri.geoportal.base.util.Val.toIso8601(Ljava/util/Date;)Ljava/lang/String;: root-Branch
com.esri.geoportal.base.util.Val.unescapeNunmericEntity(Ljava/lang/String;)Ljava/lang/String;: I3 Branch 33 IFNULL L244 - false
com.esri.geoportal.base.util.Val.unescapeHtml4(Ljava/lang/String;)Ljava/lang/String;: I3 Branch 32 IFNULL L231 - false
com.esri.geoportal.base.util.Val.unescape(Ljava/lang/String;)Ljava/lang/String;: I3 Branch 37 IFNULL L331 - false
com.esri.geoportal.base.util.Val.unescape(Ljava/lang/String;)Ljava/lang/String;: I14 Branch 38 IFNE L333 - true
com.esri.geoportal.base.util.Val.unescape(Ljava/lang/String;)Ljava/lang/String;: I33 Branch 39 IFEQ L339 - true
com.esri.geoportal.base.util.Val.chkDbl(Ljava/lang/String;Ljava/lang/Double;)Ljava/lang/Double;: I12 Branch 13 IFNULL L87 - false
com.esri.geoportal.base.util.Val.chkDbl(Ljava/lang/String;Ljava/lang/Double;)Ljava/lang/Double;: I15 Branch 14 IFLE L87 - false
com.esri.geoportal.base.util.Val.base64Encode([BLjava/lang/String;)Ljava/lang/String;: I10 Branch 23 IFLE L157 - true
com.esri.geoportal.base.util.Val.chkBool(Ljava/lang/String;Z)Z: I16 Branch 1 IFLE L49 - false
com.esri.geoportal.base.util.Val.chkBool(Ljava/lang/String;Z)Z: I22 Branch 2 IFEQ L50 - true
com.esri.geoportal.base.util.Val.chkBool(Ljava/lang/String;Z)Z: I33 Branch 3 IFEQ L52 - true
com.esri.geoportal.base.util.Val.chkBool(Ljava/lang/String;Z)Z: I44 Branch 4 IFEQ L54 - true
com.esri.geoportal.base.util.Val.chkBool(Ljava/lang/String;Z)Z: I55 Branch 5 IFEQ L56 - true
com.esri.geoportal.base.util.Val.chkBool(Ljava/lang/String;Z)Z: I66 Branch 6 IFEQ L58 - true
com.esri.geoportal.base.util.Val.chkBool(Ljava/lang/String;Z)Z: I77 Branch 7 IFEQ L60 - true
com.esri.geoportal.base.util.Val.chkBool(Ljava/lang/String;Z)Z: I88 Branch 8 IFEQ L62 - true
com.esri.geoportal.base.util.Val.chkBool(Ljava/lang/String;Z)Z: I99 Branch 9 IFEQ L64 - true
com.esri.geoportal.base.util.Val.chkBool(Ljava/lang/String;Z)Z: I110 Branch 10 IFEQ L66 - true
com.esri.geoportal.base.util.Val.chkBool(Ljava/lang/String;Z)Z: I121 Branch 11 IFEQ L68 - true
com.esri.geoportal.base.util.Val.chkBool(Ljava/lang/String;Z)Z: I132 Branch 12 IFEQ L70 - true
com.esri.geoportal.base.util.Val.chkInt(Ljava/lang/String;Ljava/lang/Integer;)Ljava/lang/Integer;: I15 Branch 16 IFLE L106 - true
com.esri.geoportal.base.util.Val.chkInt(Ljava/lang/String;Ljava/lang/Integer;)Ljava/lang/Integer;: I12 Branch 15 IFNULL L106 - false
com.esri.geoportal.base.util.Val.chkInt(Ljava/lang/String;Ljava/lang/Integer;)Ljava/lang/Integer;: I15 Branch 16 IFLE L106 - false
com.esri.geoportal.base.util.Val.tokenize(Ljava/lang/String;Ljava/lang/String;Z)[Ljava/lang/String;: I31 Branch 26 IFNE L182 - false
com.esri.geoportal.base.util.Val.tokenize(Ljava/lang/String;Ljava/lang/String;Z)[Ljava/lang/String;: I49 Branch 27 IFEQ L186 - false
com.esri.geoportal.base.util.Val.tokenize(Ljava/lang/String;Ljava/lang/String;Z)[Ljava/lang/String;: I14 Branch 24 IFNONNULL L179 - true
com.esri.geoportal.base.util.Val.tokenize(Ljava/lang/String;Ljava/lang/String;Z)[Ljava/lang/String;: I20 Branch 25 IFNONNULL L180 - true
com.esri.geoportal.base.util.Val.tokenize(Ljava/lang/String;Ljava/lang/String;Z)[Ljava/lang/String;: I49 Branch 27 IFEQ L186 - true
com.esri.geoportal.base.util.Val.tokenize(Ljava/lang/String;Ljava/lang/String;Z)[Ljava/lang/String;: I60 Branch 28 IFNE L188 - true
com.esri.geoportal.base.util.Val.tokenize(Ljava/lang/String;Ljava/lang/String;Z)[Ljava/lang/String;: I60 Branch 28 IFNE L188 - false
com.esri.geoportal.base.util.Val.tokenize(Ljava/lang/String;Ljava/lang/String;Z)[Ljava/lang/String;: I63 Branch 29 IFLE L188 - false
com.esri.geoportal.base.util.Val.tokenize(Ljava/lang/String;Ljava/lang/String;Z)[Ljava/lang/String;: I63 Branch 29 IFLE L188 - true
com.esri.geoportal.base.util.Val.chkLong(Ljava/lang/String;Ljava/lang/Long;)Ljava/lang/Long;: I12 Branch 17 IFNULL L125 - true
com.esri.geoportal.base.util.Val.trim(Ljava/lang/String;)Ljava/lang/String;: I3 Branch 30 IFNULL L208 - true
com.esri.geoportal.base.util.Val.chkBool(Ljava/lang/String;Z)Z: I16 Branch 1 IFLE L49 - true
com.esri.geoportal.base.util.Val.chkStr(Ljava/lang/String;Ljava/lang/String;)Ljava/lang/String;: I8 Branch 19 IFNULL L142 - true
com.esri.geoportal.base.util.Val.chkBool(Ljava/lang/String;Z)Z: I88 Branch 8 IFEQ L62 - false
com.esri.geoportal.base.util.Val.unescapeNunmericEntity(Ljava/lang/String;)Ljava/lang/String;: I3 Branch 33 IFNULL L244 - true
com.esri.geoportal.base.util.Val.unescapeOctal(Ljava/lang/String;)Ljava/lang/String;: I3 Branch 34 IFNULL L263 - true
com.esri.geoportal.base.util.Val.unescapeOctalToUnicode(Ljava/lang/String;)Ljava/lang/String;: I3 Branch 36 IFNULL L306 - true
com.esri.geoportal.base.util.Val.unescape(Ljava/lang/String;)Ljava/lang/String;: I3 Branch 37 IFNULL L331 - true
com.esri.geoportal.base.util.Val.urlEncode(Ljava/lang/String;)Ljava/lang/String;: I3 Branch 31 IFNULL L218 - true
com.esri.geoportal.base.util.Val.chkInt(Ljava/lang/String;Ljava/lang/Integer;)Ljava/lang/Integer;: I12 Branch 15 IFNULL L106 - true
com.esri.geoportal.base.util.Val.chkLong(Ljava/lang/String;Ljava/lang/Long;)Ljava/lang/Long;: I15 Branch 18 IFLE L125 - true
com.esri.geoportal.base.util.Val.chkDbl(Ljava/lang/String;Ljava/lang/Double;)Ljava/lang/Double;: I15 Branch 14 IFLE L87 - true
com.esri.geoportal.base.util.Val.chkBool(Ljava/lang/String;Z)Z: I110 Branch 10 IFEQ L66 - false
com.esri.geoportal.base.util.Val.chkBool(Ljava/lang/String;Z)Z: I22 Branch 2 IFEQ L50 - false
com.esri.geoportal.base.util.Val.unescape(Ljava/lang/String;)Ljava/lang/String;: I33 Branch 39 IFEQ L339 - false
com.esri.geoportal.base.util.Val.unescape(Ljava/lang/String;)Ljava/lang/String;: I44 Branch 40 IFNE L341 - true
org.apache.commons.text.translate.OctalUnescaper.isOctalDigit(C)Z: I4 Branch 49 IF_ICMPLT L68 - false
org.apache.commons.text.translate.OctalUnescaper.translate(Ljava/lang/CharSequence;ILjava/io/Writer;)I: I21 Branch 41 IF_ICMPNE L41 - false
org.apache.commons.text.translate.OctalUnescaper.translate(Ljava/lang/CharSequence;ILjava/io/Writer;)I: I23 Branch 42 IFLE L41 - false
org.apache.commons.text.translate.OctalUnescaper.isOctalDigit(C)Z: I7 Branch 50 IF_ICMPGT L68 - true
org.apache.commons.text.translate.OctalUnescaper.translate(Ljava/lang/CharSequence;ILjava/io/Writer;)I: I31 Branch 43 IFEQ L41 - true
com.esri.geoportal.base.util.Val.chkStr(Ljava/lang/String;Ljava/lang/String;)Ljava/lang/String;: I11 Branch 20 IFLE L142 - true
com.esri.geoportal.base.util.Val.chkBool(Ljava/lang/String;Z)Z: I121 Branch 11 IFEQ L68 - false
com.esri.geoportal.base.util.Val.base64Encode([BLjava/lang/String;)Ljava/lang/String;: I3 Branch 21 IFNULL L155 - true
com.esri.geoportal.base.util.Val.chkBool(Ljava/lang/String;Z)Z: I44 Branch 4 IFEQ L54 - false
com.esri.geoportal.base.util.Val.chkBool(Ljava/lang/String;Z)Z: I99 Branch 9 IFEQ L64 - false
com.esri.geoportal.base.util.Val.tokenize(Ljava/lang/String;Ljava/lang/String;Z)[Ljava/lang/String;: I31 Branch 26 IFNE L182 - true
com.esri.geoportal.base.util.Val.chkDbl(Ljava/lang/String;Ljava/lang/Double;)Ljava/lang/Double;: I12 Branch 13 IFNULL L87 - true
com.esri.geoportal.base.util.Val.chkBool(Ljava/lang/String;Z)Z: I77 Branch 7 IFEQ L60 - false
com.esri.geoportal.base.util.Val.tokenize(Ljava/lang/String;Ljava/lang/String;Z)[Ljava/lang/String;: I20 Branch 25 IFNONNULL L180 - false
com.esri.geoportal.base.util.Val.tokenize(Ljava/lang/String;Ljava/lang/String;Z)[Ljava/lang/String;: I14 Branch 24 IFNONNULL L179 - false
com.esri.geoportal.base.util.Val.chkBool(Ljava/lang/String;Z)Z: I33 Branch 3 IFEQ L52 - false
com.esri.geoportal.base.util.Val.base64Encode([BLjava/lang/String;)Ljava/lang/String;: I7 Branch 22 IFNULL L157 - true
com.esri.geoportal.base.util.Val.chkBool(Ljava/lang/String;Z)Z: I55 Branch 5 IFEQ L56 - false
com.esri.geoportal.base.util.Val.chkBool(Ljava/lang/String;Z)Z: I132 Branch 12 IFEQ L70 - false
com.esri.geoportal.base.util.Val.unescapeHtml4(Ljava/lang/String;)Ljava/lang/String;: I3 Branch 32 IFNULL L231 - true
com.esri.geoportal.base.util.Val.chkBool(Ljava/lang/String;Z)Z: I66 Branch 6 IFEQ L58 - false
com.esri.geoportal.base.util.Val.unescapeUnicode(Ljava/lang/String;)Ljava/lang/String;: I3 Branch 35 IFNULL L283 - true
com.esri.geoportal.base.util.Val.unescape(Ljava/lang/String;)Ljava/lang/String;: I14 Branch 38 IFNE L333 - false
