cn.qs.utils.format.MyNumberUtils.toFixedDecimal(Ljava/lang/String;I)Ljava/lang/String;: root-Branch
cn.qs.utils.format.MyNumberUtils.toFixedDecimal(Ljava/lang/Number;I)Ljava/lang/String;: root-Branch
cn.qs.utils.format.MyNumberUtils.toFixedDecimalWithPercent(Ljava/lang/Number;I)Ljava/lang/String;: root-Branch
cn.qs.utils.format.MyNumberUtils.toFixedDecimalWithPercent(Ljava/lang/String;I)Ljava/lang/String;: root-Branch
cn.qs.utils.format.MyNumberUtils.main([Ljava/lang/String;)V: root-Branch
org.apache.commons.lang3.math.NumberUtils.validateArray(Ljava/lang/Object;)V: I28 Branch 115 IFEQ L1125 - false
org.apache.commons.lang3.math.NumberUtils.max([I)I: I18 Branch 102 IF_ICMPGE L1002 - false
org.apache.commons.lang3.math.NumberUtils.validateArray(Ljava/lang/Object;)V: I3 Branch 114 IFNONNULL L1122 - true
org.apache.commons.lang3.math.NumberUtils.max([I)I: I18 Branch 102 IF_ICMPGE L1002 - true
org.apache.commons.lang3.math.NumberUtils.max([I)I: I25 Branch 103 IF_ICMPLE L1003 - true
cn.qs.utils.format.MyNumberUtils.<init>()V: root-Branch
org.apache.commons.lang3.math.NumberUtils.min([D)D: I18 Branch 94 IF_ICMPGE L921 - false
org.apache.commons.lang3.math.NumberUtils.min([D)D: I37 Branch 96 IFGE L925 - true
org.apache.commons.lang3.math.NumberUtils.min([D)D: I18 Branch 94 IF_ICMPGE L921 - true
org.apache.commons.lang3.math.NumberUtils.min([D)D: I25 Branch 95 IFEQ L922 - true
org.apache.commons.lang3.math.NumberUtils.min([D)D: I37 Branch 96 IFGE L925 - false
org.apache.commons.lang3.math.NumberUtils.min(DDD)D: root-Branch
org.apache.commons.lang3.math.NumberUtils.compare(JJ)I: I5 Branch 193 IFNE L1558 - true
org.apache.commons.lang3.math.NumberUtils.compare(JJ)I: I15 Branch 194 IFGE L1561 - true
org.apache.commons.lang3.math.NumberUtils.compare(JJ)I: I5 Branch 193 IFNE L1558 - false
org.apache.commons.lang3.math.NumberUtils.max([I)I: I25 Branch 103 IF_ICMPLE L1003 - false
org.apache.commons.lang3.math.NumberUtils.compare(JJ)I: I15 Branch 194 IFGE L1561 - false
org.apache.commons.lang3.math.NumberUtils.compare(II)I: I4 Branch 191 IF_ICMPNE L1537 - false
org.apache.commons.lang3.math.NumberUtils.toInt(Ljava/lang/String;I)I: I3 Branch 1 IFNONNULL L122 - true
org.apache.commons.lang3.math.NumberUtils.toInt(Ljava/lang/String;)I: root-Branch
org.apache.commons.lang3.math.NumberUtils.min(III)I: I4 Branch 118 IF_ICMPGE L1157 - true
org.apache.commons.lang3.math.NumberUtils.min(III)I: I13 Branch 119 IF_ICMPGE L1160 - true
org.apache.commons.lang3.math.NumberUtils.min(III)I: I4 Branch 118 IF_ICMPGE L1157 - false
org.apache.commons.lang3.math.NumberUtils.min(III)I: I13 Branch 119 IF_ICMPGE L1160 - false
org.apache.commons.lang3.math.NumberUtils.toShort(Ljava/lang/String;S)S: I3 Branch 6 IFNONNULL L374 - true
org.apache.commons.lang3.math.NumberUtils.validateArray(Ljava/lang/Object;)V: I28 Branch 115 IFEQ L1125 - true
org.apache.commons.lang3.math.NumberUtils.toByte(Ljava/lang/String;B)B: I3 Branch 5 IFNONNULL L325 - true
org.apache.commons.lang3.math.NumberUtils.toByte(Ljava/lang/String;)B: root-Branch
org.apache.commons.lang3.math.NumberUtils.max(BBB)B: I4 Branch 130 IF_ICMPLE L1299 - true
org.apache.commons.lang3.math.NumberUtils.toShort(Ljava/lang/String;S)S: I3 Branch 6 IFNONNULL L374 - false
org.apache.commons.lang3.math.NumberUtils.max(BBB)B: I13 Branch 131 IF_ICMPLE L1302 - true
org.apache.commons.lang3.math.NumberUtils.max(BBB)B: I13 Branch 131 IF_ICMPLE L1302 - false
org.apache.commons.lang3.math.NumberUtils.max(BBB)B: I4 Branch 130 IF_ICMPLE L1299 - false
org.apache.commons.lang3.math.NumberUtils.toByte(Ljava/lang/String;B)B: I3 Branch 5 IFNONNULL L325 - false
org.apache.commons.lang3.math.NumberUtils.compare(II)I: I13 Branch 192 IF_ICMPGE L1540 - true
org.apache.commons.lang3.math.NumberUtils.compare(II)I: I4 Branch 191 IF_ICMPNE L1537 - true
org.apache.commons.lang3.math.NumberUtils.compare(II)I: I13 Branch 192 IF_ICMPGE L1540 - false
org.apache.commons.lang3.math.NumberUtils.createLong(Ljava/lang/String;)Ljava/lang/Long;: I3 Branch 74 IFNONNULL L738 - false
