[INFO] Scanning for projects...
[INFO] 
[INFO] -----------------------< cn.qlq:springboot-ssm >------------------------
[INFO] Building springboot-ssm 0.0.1-SNAPSHOT
[INFO]   from pom.xml
[INFO] --------------------------------[ jar ]---------------------------------
[INFO] 
[INFO] --- clean:2.6.1:clean (default-clean) @ springboot-ssm ---
[INFO] Deleting /media/wql/办公/AVR_agent/downstream_dataset/resource/LANG-1385_wechat-ssm/target
[INFO] 
[INFO] --- resources:2.6:resources (default-resources) @ springboot-ssm ---
[INFO] Using 'UTF-8' encoding to copy filtered resources.
[INFO] Copying 1 resource
[INFO] Copying 353 resources
[INFO] 
[INFO] --- compiler:3.5.1:compile (default-compile) @ springboot-ssm ---
[INFO] Changes detected - recompiling the module!
[INFO] Compiling 96 source files to /media/wql/办公/AVR_agent/downstream_dataset/resource/LANG-1385_wechat-ssm/target/classes
[INFO] /media/wql/办公/AVR_agent/downstream_dataset/resource/LANG-1385_wechat-ssm/src/main/java/cn/qs/bean/AbstractEntity.java: 某些输入文件使用或覆盖了已过时的 API。
[INFO] /media/wql/办公/AVR_agent/downstream_dataset/resource/LANG-1385_wechat-ssm/src/main/java/cn/qs/bean/AbstractEntity.java: 有关详细信息, 请使用 -Xlint:deprecation 重新编译。
[INFO] /media/wql/办公/AVR_agent/downstream_dataset/resource/LANG-1385_wechat-ssm/src/main/java/cn/qs/bean/AbstractEntity.java: 某些输入文件使用了未经检查或不安全的操作。
[INFO] /media/wql/办公/AVR_agent/downstream_dataset/resource/LANG-1385_wechat-ssm/src/main/java/cn/qs/bean/AbstractEntity.java: 有关详细信息, 请使用 -Xlint:unchecked 重新编译。
[INFO] 
[INFO] --- resources:2.6:testResources (default-testResources) @ springboot-ssm ---
[INFO] Not copying test resources
[INFO] 
[INFO] --- compiler:3.5.1:testCompile (default-testCompile) @ springboot-ssm ---
[INFO] Not compiling test sources
[INFO] 
[INFO] --- surefire:2.18.1:test (default-test) @ springboot-ssm ---
[INFO] Tests are skipped.
[INFO] 
[INFO] --- jar:2.6:jar (default-jar) @ springboot-ssm ---
[INFO] Building jar: /media/wql/办公/AVR_agent/downstream_dataset/resource/LANG-1385_wechat-ssm/target/springboot-ssm-0.0.1-SNAPSHOT.jar
[INFO] 
[INFO] --- spring-boot:1.5.2.RELEASE:repackage (default) @ springboot-ssm ---
[INFO] 
[INFO] --- install:2.5.2:install (default-install) @ springboot-ssm ---
[INFO] Installing /media/wql/办公/AVR_agent/downstream_dataset/resource/LANG-1385_wechat-ssm/target/springboot-ssm-0.0.1-SNAPSHOT.jar to /home/wql/.m2/repository/cn/qlq/springboot-ssm/0.0.1-SNAPSHOT/springboot-ssm-0.0.1-SNAPSHOT.jar
[INFO] Installing /media/wql/办公/AVR_agent/downstream_dataset/resource/LANG-1385_wechat-ssm/pom.xml to /home/wql/.m2/repository/cn/qlq/springboot-ssm/0.0.1-SNAPSHOT/springboot-ssm-0.0.1-SNAPSHOT.pom
[INFO] ------------------------------------------------------------------------
[INFO] BUILD SUCCESS
[INFO] ------------------------------------------------------------------------
[INFO] Total time:  11.775 s
[INFO] Finished at: 2026-04-24T21:57:58+08:00
[INFO] ------------------------------------------------------------------------