2025-08-21 07:40:47,837 - INFO - Building image sweb.env.x86_64.b7ce4be3b3c35f68c61248:latest
Using dockerfile:
FROM --platform=linux/x86_64 sweb.base.x86_64:latest

COPY ./setup_env.sh /root/
RUN sed -i -e 's/\r$//' /root/setup_env.sh
RUN chmod +x /root/setup_env.sh
RUN /bin/bash -c "source ~/.bashrc && /root/setup_env.sh"

WORKDIR /testbed/

# Automatically activate the testbed environment
RUN echo "source /opt/miniconda3/etc/profile.d/conda.sh && conda activate testbed" > /root/.bashrc

Adding (1) setup scripts to image build repo
2025-08-21 07:40:47,837 - INFO - [SETUP SCRIPT] setup_env.sh:
#!/bin/bash
set -euxo pipefail
source /opt/miniconda3/bin/activate
conda create -n testbed python=3.9  -y
conda activate testbed
python -m pip install attrs==23.1.0 iniconfig==2.0.0 packaging==23.1 pluggy==0.13.1 py==1.11.0

2025-08-21 07:40:47,837 - INFO - Building docker image sweb.env.x86_64.b7ce4be3b3c35f68c61248:latest in logs/build_images/env/sweb.env.x86_64.b7ce4be3b3c35f68c61248__latest with platform linux/x86_64
2025-08-21 07:40:47,876 - INFO - Step 1/7 : FROM --platform=linux/x86_64 sweb.base.x86_64:latest
2025-08-21 07:40:47,876 - INFO - 
2025-08-21 07:40:47,876 - INFO - ---> 5cca6898c8d9
2025-08-21 07:40:47,876 - INFO - Step 2/7 : COPY ./setup_env.sh /root/
2025-08-21 07:40:47,877 - INFO - 
2025-08-21 07:40:48,093 - INFO - ---> 616ac36d232f
2025-08-21 07:40:48,094 - INFO - Step 3/7 : RUN sed -i -e 's/\r$//' /root/setup_env.sh
2025-08-21 07:40:48,094 - INFO - 
2025-08-21 07:40:48,135 - INFO - ---> Running in 1b5d1951754a
2025-08-21 07:40:48,496 - INFO - ---> Removed intermediate container 1b5d1951754a
2025-08-21 07:40:48,496 - INFO - ---> 69ed62f27323
2025-08-21 07:40:48,496 - INFO - Step 4/7 : RUN chmod +x /root/setup_env.sh
2025-08-21 07:40:48,496 - INFO - 
2025-08-21 07:40:48,546 - INFO - ---> Running in 310f0a9f42fc
2025-08-21 07:40:48,935 - INFO - ---> Removed intermediate container 310f0a9f42fc
2025-08-21 07:40:48,935 - INFO - ---> ffb01bfe27c7
2025-08-21 07:40:48,935 - INFO - Step 5/7 : RUN /bin/bash -c "source ~/.bashrc && /root/setup_env.sh"
2025-08-21 07:40:48,935 - INFO - 
2025-08-21 07:40:48,966 - INFO - ---> Running in c9d7a2869205
2025-08-21 07:40:49,132 - INFO - + source /opt/miniconda3/bin/activate
++ _CONDA_ROOT=/opt/miniconda3
++ . /opt/miniconda3/etc/profile.d/conda.sh
+++ export CONDA_EXE=/opt/miniconda3/bin/conda
+++ CONDA_EXE=/opt/miniconda3/bin/conda
+++ export _CE_M=
+++ _CE_M=
+++ export _CE_CONDA=
+++ _CE_CONDA=
+++ export CONDA_PYTHON_EXE=/opt/miniconda3/bin/python
+++ CONDA_PYTHON_EXE=/opt/miniconda3/bin/python
+++ '[' -z '' ']'
+++ export CONDA_SHLVL=0
+++ CONDA_SHLVL=0
+++ '[' -n '' ']'
2025-08-21 07:40:49,135 - INFO - +++++ dirname /opt/miniconda3/bin/conda
2025-08-21 07:40:49,137 - INFO - ++++ dirname /opt/miniconda3/bin
2025-08-21 07:40:49,139 - INFO - +++ PATH=/opt/miniconda3/condabin:/opt/miniconda3/bin:/usr/local/sbin:/usr/local/bin:/usr/sbin:/usr/bin:/sbin:/bin
+++ export PATH
+++ '[' -z '' ']'
+++ PS1=
++ conda activate
++ local cmd=activate
++ case "$cmd" in
++ __conda_activate activate
++ '[' -n '' ']'
++ local ask_conda
2025-08-21 07:40:49,140 - INFO - +++ PS1=
+++ __conda_exe shell.posix activate
2025-08-21 07:40:49,143 - INFO - +++ /opt/miniconda3/bin/conda shell.posix activate
2025-08-21 07:40:49,318 - INFO - ++ ask_conda='PS1='\''(base) '\''
export PATH='\''/opt/miniconda3/bin:/opt/miniconda3/condabin:/opt/miniconda3/bin:/usr/local/sbin:/usr/local/bin:/usr/sbin:/usr/bin:/sbin:/bin'\''
export CONDA_PREFIX='\''/opt/miniconda3'\''
export CONDA_SHLVL='\''1'\''
export CONDA_DEFAULT_ENV='\''base'\''
export CONDA_PROMPT_MODIFIER='\''(base) '\''
export CONDA_EXE='\''/opt/miniconda3/bin/conda'\''
export _CE_M='\'''\''
export _CE_CONDA='\'''\''
export CONDA_PYTHON_EXE='\''/opt/miniconda3/bin/python'\'''
++ eval 'PS1='\''(base) '\''
export PATH='\''/opt/miniconda3/bin:/opt/miniconda3/condabin:/opt/miniconda3/bin:/usr/local/sbin:/usr/local/bin:/usr/sbin:/usr/bin:/sbin:/bin'\''
export CONDA_PREFIX='\''/opt/miniconda3'\''
export CONDA_SHLVL='\''1'\''
export CONDA_DEFAULT_ENV='\''base'\''
export CONDA_PROMPT_MODIFIER='\''(base) '\''
export CONDA_EXE='\''/opt/miniconda3/bin/conda'\''
export _CE_M='\'''\''
export _CE_CONDA='\'''\''
export CONDA_PYTHON_EXE='\''/opt/miniconda3/bin/python'\'''
+++ PS1='(base) '
+++ export PATH=/opt/miniconda3/bin:/opt/miniconda3/condabin:/opt/miniconda3/bin:/usr/local/sbin:/usr/local/bin:/usr/sbin:/usr/bin:/sbin:/bin
+++ PATH=/opt/miniconda3/bin:/opt/miniconda3/condabin:/opt/miniconda3/bin:/usr/local/sbin:/usr/local/bin:/usr/sbin:/usr/bin:/sbin:/bin
+++ export CONDA_PREFIX=/opt/miniconda3
+++ CONDA_PREFIX=/opt/miniconda3
+++ export CONDA_SHLVL=1
+++ CONDA_SHLVL=1
+++ export CONDA_DEFAULT_ENV=base
+++ CONDA_DEFAULT_ENV=base
+++ export 'CONDA_PROMPT_MODIFIER=(base) '
+++ CONDA_PROMPT_MODIFIER='(base) '
+++ export CONDA_EXE=/opt/miniconda3/bin/conda
+++ CONDA_EXE=/opt/miniconda3/bin/conda
+++ export _CE_M=
+++ _CE_M=
+++ export _CE_CONDA=
+++ _CE_CONDA=
+++ export CONDA_PYTHON_EXE=/opt/miniconda3/bin/python
2025-08-21 07:40:49,319 - INFO - +++ CONDA_PYTHON_EXE=/opt/miniconda3/bin/python
++ __conda_hashr
++ '[' -n '' ']'
++ '[' -n '' ']'
++ hash -r
+ conda create -n testbed python=3.9 -y
+ local cmd=create
+ case "$cmd" in
+ __conda_exe create -n testbed python=3.9 -y
2025-08-21 07:40:49,319 - INFO - + /opt/miniconda3/bin/conda create -n testbed python=3.9 -y
2025-08-21 07:40:50,081 - INFO - Channels:
 - defaults
 - conda-forge
Platform: linux-64
Collecting package metadata (repodata.json): ...working...
2025-08-21 07:41:56,140 - INFO - done
2025-08-21 07:41:56,140 - INFO - Solving environment: ...working...
2025-08-21 07:41:57,612 - INFO - done
2025-08-21 07:42:06,670 - INFO - ## Package Plan ##

  environment location: /opt/miniconda3/envs/testbed

  added / updated specs:
    - python=3.9


The following packages will be downloaded:

    package                    |            build
    ---------------------------|-----------------
    bzip2-1.0.8                |       h5eee18b_6         262 KB
    ca-certificates-2025.7.15  |       h06a4308_0         126 KB
    expat-2.7.1                |       h6a678d5_0         182 KB
    ld_impl_linux-64-2.40      |       h12ee557_0         710 KB
    libffi-3.4.4               |       h6a678d5_1         141 KB
    libxcb-1.17.0              |       h9b100fa_0         430 KB
    ncurses-6.5                |       h7934f7d_0         1.1 MB
    openssl-3.0.17             |       h5eee18b_0         5.2 MB
    pip-25.1                   |     pyhc872135_2         1.3 MB
    pthread-stubs-0.3          |       h0ce48e5_1           5 KB
    python-3.9.23              |       he99959a_0        24.7 MB
    readline-8.3               |       hc2a1206_0         471 KB
    setuptools-78.1.1          |   py39h06a4308_0         1.7 MB
    sqlite-3.50.2              |       hb25bd0a_1         1.1 MB
    tk-8.6.15                  |       h54e0aa7_0         3.4 MB
    tzdata-2025b               |       h04d1e81_0         116 KB
    wheel-0.45.1               |   py39h06a4308_0         114 KB
    xorg-libx11-1.8.12         |       h9b100fa_1         895 KB
    xorg-libxau-1.0.12         |       h9b100fa_0          13 KB
    xorg-libxdmcp-1.1.5        |       h9b100fa_0          19 KB
    xorg-xorgproto-2024.1      |       h5eee18b_1         580 KB
    xz-5.6.4                   |       h5eee18b_1         567 KB
    zlib-1.2.13                |       h5eee18b_1         111 KB
    ------------------------------------------------------------
                                           Total:        43.1 MB

The following NEW packages will be INSTALLED:

  _libgcc_mutex      pkgs/main/linux-64::_libgcc_mutex-0.1-main 
  _openmp_mutex      pkgs/main/linux-64::_openmp_mutex-5.1-1_gnu 
  bzip2              pkgs/main/linux-64::bzip2-1.0.8-h5eee18b_6 
  ca-certificates    pkgs/main/linux-64::ca-certificates-2025.7.15-h06a4308_0 
  expat              pkgs/main/linux-64::expat-2.7.1-h6a678d5_0 
  ld_impl_linux-64   pkgs/main/linux-64::ld_impl_linux-64-2.40-h12ee557_0 
  libffi             pkgs/main/linux-64::libffi-3.4.4-h6a678d5_1 
  libgcc-ng          pkgs/main/linux-64::libgcc-ng-11.2.0-h1234567_1 
  libgomp            pkgs/main/linux-64::libgomp-11.2.0-h1234567_1 
  libstdcxx-ng       pkgs/main/linux-64::libstdcxx-ng-11.2.0-h1234567_1 
  libxcb             pkgs/main/linux-64::libxcb-1.17.0-h9b100fa_0 
  ncurses            pkgs/main/linux-64::ncurses-6.5-h7934f7d_0 
  openssl            pkgs/main/linux-64::openssl-3.0.17-h5eee18b_0 
  pip                pkgs/main/noarch::pip-25.1-pyhc872135_2 
  pthread-stubs      pkgs/main/linux-64::pthread-stubs-0.3-h0ce48e5_1 
  python             pkgs/main/linux-64::python-3.9.23-he99959a_0 
  readline           pkgs/main/linux-64::readline-8.3-hc2a1206_0 
  setuptools         pkgs/main/linux-64::setuptools-78.1.1-py39h06a4308_0 
  sqlite             pkgs/main/linux-64::sqlite-3.50.2-hb25bd0a_1 
  tk                 pkgs/main/linux-64::tk-8.6.15-h54e0aa7_0 
  tzdata             pkgs/main/noarch::tzdata-2025b-h04d1e81_0 
  wheel              pkgs/main/linux-64::wheel-0.45.1-py39h06a4308_0 
  xorg-libx11        pkgs/main/linux-64::xorg-libx11-1.8.12-h9b100fa_1 
  xorg-libxau        pkgs/main/linux-64::xorg-libxau-1.0.12-h9b100fa_0 
  xorg-libxdmcp      pkgs/main/linux-64::xorg-libxdmcp-1.1.5-h9b100fa_0 
  xorg-xorgproto     pkgs/main/linux-64::xorg-xorgproto-2024.1-h5eee18b_1 
  xz                 pkgs/main/linux-64::xz-5.6.4-h5eee18b_1 
  zlib               pkgs/main/linux-64::zlib-1.2.13-h5eee18b_1 



Downloading and Extracting Packages: ...working... done
Preparing transaction: ...working...
2025-08-21 07:42:06,890 - INFO - done
Verifying transaction: ...working...
2025-08-21 07:42:08,624 - INFO - done
2025-08-21 07:42:08,624 - INFO - Executing transaction: ...working...
2025-08-21 07:42:19,838 - INFO - done
2025-08-21 07:42:20,055 - INFO - #
# To activate this environment, use
#
#     $ conda activate testbed
#
# To deactivate an active environment, use
#
#     $ conda deactivate
2025-08-21 07:42:20,187 - INFO - + conda activate testbed
+ local cmd=activate
+ case "$cmd" in
+ __conda_activate activate testbed
+ '[' -n '' ']'
+ local ask_conda
2025-08-21 07:42:20,188 - INFO - ++ PS1='(base) '
++ __conda_exe shell.posix activate testbed
2025-08-21 07:42:20,188 - INFO - ++ /opt/miniconda3/bin/conda shell.posix activate testbed
2025-08-21 07:42:20,296 - INFO - + ask_conda='PS1='\''(testbed) '\''
export PATH='\''/opt/miniconda3/envs/testbed/bin:/opt/miniconda3/condabin:/opt/miniconda3/bin:/usr/local/sbin:/usr/local/bin:/usr/sbin:/usr/bin:/sbin:/bin'\''
export CONDA_PREFIX='\''/opt/miniconda3/envs/testbed'\''
export CONDA_SHLVL='\''2'\''
export CONDA_DEFAULT_ENV='\''testbed'\''
export CONDA_PROMPT_MODIFIER='\''(testbed) '\''
export CONDA_PREFIX_1='\''/opt/miniconda3'\''
export CONDA_EXE='\''/opt/miniconda3/bin/conda'\''
export _CE_M='\'''\''
export _CE_CONDA='\'''\''
export CONDA_PYTHON_EXE='\''/opt/miniconda3/bin/python'\'''
+ eval 'PS1='\''(testbed) '\''
export PATH='\''/opt/miniconda3/envs/testbed/bin:/opt/miniconda3/condabin:/opt/miniconda3/bin:/usr/local/sbin:/usr/local/bin:/usr/sbin:/usr/bin:/sbin:/bin'\''
export CONDA_PREFIX='\''/opt/miniconda3/envs/testbed'\''
export CONDA_SHLVL='\''2'\''
export CONDA_DEFAULT_ENV='\''testbed'\''
export CONDA_PROMPT_MODIFIER='\''(testbed) '\''
export CONDA_PREFIX_1='\''/opt/miniconda3'\''
export CONDA_EXE='\''/opt/miniconda3/bin/conda'\''
export _CE_M='\'''\''
export _CE_CONDA='\'''\''
export CONDA_PYTHON_EXE='\''/opt/miniconda3/bin/python'\'''
++ PS1='(testbed) '
++ export PATH=/opt/miniconda3/envs/testbed/bin:/opt/miniconda3/condabin:/opt/miniconda3/bin:/usr/local/sbin:/usr/local/bin:/usr/sbin:/usr/bin:/sbin:/bin
++ PATH=/opt/miniconda3/envs/testbed/bin:/opt/miniconda3/condabin:/opt/miniconda3/bin:/usr/local/sbin:/usr/local/bin:/usr/sbin:/usr/bin:/sbin:/bin
++ export CONDA_PREFIX=/opt/miniconda3/envs/testbed
++ CONDA_PREFIX=/opt/miniconda3/envs/testbed
++ export CONDA_SHLVL=2
++ CONDA_SHLVL=2
++ export CONDA_DEFAULT_ENV=testbed
++ CONDA_DEFAULT_ENV=testbed
++ export 'CONDA_PROMPT_MODIFIER=(testbed) '
++ CONDA_PROMPT_MODIFIER='(testbed) '
++ export CONDA_PREFIX_1=/opt/miniconda3
++ CONDA_PREFIX_1=/opt/miniconda3
++ export CONDA_EXE=/opt/miniconda3/bin/conda
++ CONDA_EXE=/opt/miniconda3/bin/conda
++ export _CE_M=
++ _CE_M=
++ export _CE_CONDA=
++ _CE_CONDA=
++ export CONDA_PYTHON_EXE=/opt/miniconda3/bin/python
++ CONDA_PYTHON_EXE=/opt/miniconda3/bin/python
+ __conda_hashr
+ '[' -n '' ']'
+ '[' -n '' ']'
+ hash -r
2025-08-21 07:42:20,297 - INFO - + python -m pip install attrs==23.1.0 iniconfig==2.0.0 packaging==23.1 pluggy==0.13.1 py==1.11.0
2025-08-21 07:42:21,617 - INFO - Collecting attrs==23.1.0
2025-08-21 07:42:21,989 - INFO - Downloading attrs-23.1.0-py3-none-any.whl.metadata (11 kB)
2025-08-21 07:42:22,128 - INFO - Collecting iniconfig==2.0.0
2025-08-21 07:42:22,237 - INFO - Downloading iniconfig-2.0.0-py3-none-any.whl.metadata (2.6 kB)
2025-08-21 07:42:22,518 - INFO - Collecting packaging==23.1
2025-08-21 07:42:22,626 - INFO - Downloading packaging-23.1-py3-none-any.whl.metadata (3.1 kB)
2025-08-21 07:42:22,762 - INFO - Collecting pluggy==0.13.1
2025-08-21 07:42:22,875 - INFO - Downloading pluggy-0.13.1-py2.py3-none-any.whl.metadata (15 kB)
2025-08-21 07:42:23,026 - INFO - Collecting py==1.11.0
2025-08-21 07:42:23,129 - INFO - Downloading py-1.11.0-py2.py3-none-any.whl.metadata (2.8 kB)
2025-08-21 07:42:23,248 - INFO - Downloading attrs-23.1.0-py3-none-any.whl (61 kB)
2025-08-21 07:42:23,431 - INFO - Downloading iniconfig-2.0.0-py3-none-any.whl (5.9 kB)
2025-08-21 07:42:23,545 - INFO - Downloading packaging-23.1-py3-none-any.whl (48 kB)
2025-08-21 07:42:23,709 - INFO - Downloading pluggy-0.13.1-py2.py3-none-any.whl (18 kB)
2025-08-21 07:42:23,827 - INFO - Downloading py-1.11.0-py2.py3-none-any.whl (98 kB)
2025-08-21 07:42:23,906 - INFO - Installing collected packages: py, pluggy, packaging, iniconfig, attrs
2025-08-21 07:42:24,053 - INFO - 
2025-08-21 07:42:24,055 - INFO - Successfully installed attrs-23.1.0 iniconfig-2.0.0 packaging-23.1 pluggy-0.13.1 py-1.11.0
2025-08-21 07:42:24,055 - INFO - WARNING: Running pip as the 'root' user can result in broken permissions and conflicting behaviour with the system package manager, possibly rendering your system unusable. It is recommended to use a virtual environment instead: https://pip.pypa.io/warnings/venv. Use the --root-user-action option if you know what you are doing and want to suppress this warning.
2025-08-21 07:43:20,110 - INFO - ---> Removed intermediate container c9d7a2869205
2025-08-21 07:43:20,110 - INFO - ---> 7f4767d80ee1
2025-08-21 07:43:20,110 - INFO - Step 6/7 : WORKDIR /testbed/
2025-08-21 07:43:20,110 - INFO - 
2025-08-21 07:43:20,353 - INFO - ---> Running in 5ec5ae9ab6c5
2025-08-21 07:43:20,387 - INFO - ---> Removed intermediate container 5ec5ae9ab6c5
2025-08-21 07:43:20,387 - INFO - ---> 79422ab640de
2025-08-21 07:43:20,387 - INFO - Step 7/7 : RUN echo "source /opt/miniconda3/etc/profile.d/conda.sh && conda activate testbed" > /root/.bashrc
2025-08-21 07:43:20,387 - INFO - 
2025-08-21 07:43:20,425 - INFO - ---> Running in 320d8e38d608
2025-08-21 07:43:20,929 - INFO - ---> Removed intermediate container 320d8e38d608
2025-08-21 07:43:20,929 - INFO - ---> 778ef648ebc5
2025-08-21 07:43:20,929 - INFO - Successfully built 778ef648ebc5
2025-08-21 07:43:20,940 - INFO - Successfully tagged sweb.env.x86_64.b7ce4be3b3c35f68c61248:latest
2025-08-21 07:43:20,940 - INFO - Image built successfully!
