org.apache.commons.lang3.math.NumberUtils.createLong(Ljava/lang/String;)Ljava/lang/Long;: I3 Branch 91 IFNONNULL L738 - true
com.fr.chain.utils.NumberUtil.createLong(Ljava/lang/String;)Ljava/lang/Long;: root-Branch
org.apache.commons.lang3.math.NumberUtils.toInt(Ljava/lang/String;I)I: I3 Branch 18 IFNONNULL L122 - true
org.apache.commons.lang3.math.NumberUtils.toInt(Ljava/lang/String;)I: root-Branch
org.apache.commons.lang3.math.NumberUtils.max(JJJ)J: I15 Branch 142 IFLE L1248 - false
com.fr.chain.utils.NumberUtil.toInt(Ljava/lang/String;)I: root-Branch
org.apache.commons.lang3.math.NumberUtils.isNumber(Ljava/lang/String;)Z: I4 Branch 152 IFEQ L1383 - false
org.apache.commons.lang3.math.NumberUtils.max(III)I: I13 Branch 144 IF_ICMPLE L1266 - true
org.apache.commons.lang3.math.NumberUtils.min(JJJ)J: I5 Branch 133 IFGE L1139 - true
org.apache.commons.lang3.math.NumberUtils.min(JJJ)J: I15 Branch 134 IFGE L1142 - true
org.apache.commons.lang3.math.NumberUtils.max(JJJ)J: I5 Branch 141 IFLE L1245 - true
org.apache.commons.lang3.math.NumberUtils.max(III)I: I4 Branch 143 IF_ICMPLE L1263 - true
com.fr.chain.utils.NumberUtil.isNumber(Ljava/lang/String;)Z: root-Branch
com.fr.chain.utils.NumberUtil.min(JJJ)J: root-Branch
com.fr.chain.utils.NumberUtil.max(JJJ)J: root-Branch
com.fr.chain.utils.NumberUtil.max(III)I: root-Branch
org.apache.commons.lang3.math.NumberUtils.max(DDD)D: root-Branch
com.fr.chain.utils.NumberUtil.max(DDD)D: root-Branch
org.apache.commons.lang3.math.NumberUtils.validateArray(Ljava/lang/Object;)V: I28 Branch 132 IFEQ L1125 - false
org.apache.commons.lang3.math.NumberUtils.min([D)D: I18 Branch 111 IF_ICMPGE L921 - false
org.apache.commons.lang3.math.NumberUtils.min([D)D: I25 Branch 112 IFEQ L922 - true
org.apache.commons.lang3.math.NumberUtils.min([D)D: I37 Branch 113 IFGE L925 - true
org.apache.commons.lang3.math.NumberUtils.validateArray(Ljava/lang/Object;)V: I3 Branch 131 IFNONNULL L1122 - true
org.apache.commons.lang3.math.NumberUtils.min([D)D: I18 Branch 111 IF_ICMPGE L921 - true
com.fr.chain.utils.NumberUtil.min([D)D: root-Branch
org.apache.commons.lang3.math.NumberUtils.isNumber(Ljava/lang/String;)Z: I258 Branch 179 IF_ICMPEQ L1439 - false
org.apache.commons.lang3.math.NumberUtils.isNumber(Ljava/lang/String;)Z: I295 Branch 183 IF_ICMPEQ L1450 - false
org.apache.commons.lang3.math.NumberUtils.isNumber(Ljava/lang/String;)Z: I54 Branch 154 IF_ICMPLE L1394 - false
org.apache.commons.lang3.math.NumberUtils.isNumber(Ljava/lang/String;)Z: I236 Branch 176 IF_ICMPNE L1433 - true
org.apache.commons.lang3.math.NumberUtils.isNumber(Ljava/lang/String;)Z: I263 Branch 180 IF_ICMPNE L1439 - true
com.fr.chain.utils.NumberUtil.formatQfwOrRmbOrigin(Ljava/lang/String;Ljava/lang/String;)Ljava/lang/String;: I4 Branch 5 IFEQ L573 - true
org.apache.commons.lang3.math.NumberUtils.isNumber(Ljava/lang/String;)Z: I4 Branch 152 IFEQ L1383 - true
org.apache.commons.lang3.math.NumberUtils.isNumber(Ljava/lang/String;)Z: I300 Branch 184 IF_ICMPNE L1450 - true
org.apache.commons.lang3.math.NumberUtils.isNumber(Ljava/lang/String;)Z: I41 Branch 153 IF_ICMPNE L1393 - true
org.apache.commons.lang3.math.NumberUtils.isNumber(Ljava/lang/String;)Z: I199 Branch 170 IF_ICMPLT L1428 - true
org.apache.commons.lang3.math.NumberUtils.isNumber(Ljava/lang/String;)Z: I59 Branch 155 IF_ICMPNE L1394 - true
org.apache.commons.lang3.math.NumberUtils.isNumber(Ljava/lang/String;)Z: I215 Branch 174 IF_ICMPLT L1429 - true
com.fr.chain.utils.NumberUtil.formatQfw(Ljava/lang/String;)Ljava/lang/String;: root-Branch
com.fr.chain.utils.NumberUtil.createNumber(Ljava/lang/String;)Ljava/lang/Number;: root-Branch
org.apache.commons.lang3.math.NumberUtils.min([F)F: I18 Branch 114 IF_ICMPGE L949 - false
org.apache.commons.lang3.math.NumberUtils.min([F)F: I18 Branch 114 IF_ICMPGE L949 - true
org.apache.commons.lang3.math.NumberUtils.min([F)F: I25 Branch 115 IFEQ L950 - true
org.apache.commons.lang3.math.NumberUtils.min([F)F: I37 Branch 116 IFGE L953 - true
com.fr.chain.utils.NumberUtil.min([F)F: root-Branch
org.apache.commons.lang3.math.NumberUtils.toLong(Ljava/lang/String;J)J: I3 Branch 19 IFNONNULL L171 - true
com.fr.chain.utils.NumberUtil.toLong(Ljava/lang/String;)J: root-Branch
org.apache.commons.lang3.math.NumberUtils.toLong(Ljava/lang/String;)J: root-Branch
org.apache.commons.lang3.math.NumberUtils.isDigits(Ljava/lang/String;)Z: I17 Branch 150 IF_ICMPGE L1355 - false
org.apache.commons.lang3.math.NumberUtils.isDigits(Ljava/lang/String;)Z: I24 Branch 151 IFNE L1356 - false
org.apache.commons.lang3.math.NumberUtils.isDigits(Ljava/lang/String;)Z: I4 Branch 149 IFEQ L1352 - true
org.apache.commons.lang3.math.NumberUtils.createBigInteger(Ljava/lang/String;)Ljava/math/BigInteger;: I75 Branch 97 IFEQ L771 - false
org.apache.commons.lang3.math.NumberUtils.createBigInteger(Ljava/lang/String;)Ljava/math/BigInteger;: I81 Branch 98 IF_ICMPLE L771 - false
org.apache.commons.lang3.math.NumberUtils.createBigInteger(Ljava/lang/String;)Ljava/math/BigInteger;: I40 Branch 94 IFNE L765 - false
org.apache.commons.lang3.math.NumberUtils.createBigInteger(Ljava/lang/String;)Ljava/math/BigInteger;: I60 Branch 96 IFEQ L768 - true
org.apache.commons.lang3.math.NumberUtils.isDigits(Ljava/lang/String;)Z: I24 Branch 151 IFNE L1356 - true
org.apache.commons.lang3.math.NumberUtils.createFloat(Ljava/lang/String;)Ljava/lang/Float;: I3 Branch 88 IFNONNULL L685 - true
org.apache.commons.lang3.math.NumberUtils.createBigInteger(Ljava/lang/String;)Ljava/math/BigInteger;: I3 Branch 92 IFNONNULL L755 - true
org.apache.commons.lang3.math.NumberUtils.createBigInteger(Ljava/lang/String;)Ljava/math/BigInteger;: I25 Branch 93 IFEQ L761 - true
org.apache.commons.lang3.math.NumberUtils.createBigInteger(Ljava/lang/String;)Ljava/math/BigInteger;: I45 Branch 95 IFEQ L765 - true
com.fr.chain.utils.NumberUtil.createFloat(Ljava/lang/String;)Ljava/lang/Float;: root-Branch
com.fr.chain.utils.NumberUtil.createBigInteger(Ljava/lang/String;)Ljava/math/BigInteger;: root-Branch
com.fr.chain.utils.NumberUtil.isDigits(Ljava/lang/String;)Z: root-Branch
com.fr.chain.utils.NumberUtil.max(FFF)F: root-Branch
org.apache.commons.lang3.math.NumberUtils.max(FFF)F: root-Branch
org.apache.commons.lang3.math.NumberUtils.isNumber(Ljava/lang/String;)Z: I199 Branch 170 IF_ICMPLT L1428 - false
org.apache.commons.lang3.math.NumberUtils.isNumber(Ljava/lang/String;)Z: I331 Branch 186 IF_ICMPGE L1461 - false
org.apache.commons.lang3.math.NumberUtils.isNumber(Ljava/lang/String;)Z: I204 Branch 171 IF_ICMPGE L1428 - false
org.apache.commons.lang3.math.NumberUtils.isNumber(Ljava/lang/String;)Z: I338 Branch 187 IF_ICMPLT L1462 - false
org.apache.commons.lang3.math.NumberUtils.isNumber(Ljava/lang/String;)Z: I343 Branch 188 IF_ICMPGT L1462 - false
org.apache.commons.lang3.math.NumberUtils.createBigInteger(Ljava/lang/String;)Ljava/math/BigInteger;: I81 Branch 98 IF_ICMPLE L771 - true
org.apache.commons.lang3.math.NumberUtils.createBigInteger(Ljava/lang/String;)Ljava/math/BigInteger;: I102 Branch 99 IFEQ L777 - true
org.apache.commons.lang3.math.NumberUtils.isNumber(Ljava/lang/String;)Z: I54 Branch 154 IF_ICMPLE L1394 - true
org.apache.commons.lang3.math.NumberUtils.isNumber(Ljava/lang/String;)Z: I206 Branch 172 IFEQ L1428 - true
com.fr.chain.utils.NumberUtil.min([B)B: root-Branch
org.apache.commons.lang3.math.NumberUtils.min([B)B: I18 Branch 109 IF_ICMPGE L896 - true
org.apache.commons.lang3.math.NumberUtils.validateArray(Ljava/lang/Object;)V: I28 Branch 132 IFEQ L1125 - true
com.fr.chain.utils.NumberUtil.max([S)S: root-Branch
org.apache.commons.lang3.math.NumberUtils.createBigDecimal(Ljava/lang/String;)Ljava/math/BigDecimal;: I12 Branch 101 IFEQ L794 - false
org.apache.commons.lang3.math.NumberUtils.max([S)S: I18 Branch 121 IF_ICMPGE L1026 - false
org.apache.commons.lang3.math.NumberUtils.max([S)S: I25 Branch 122 IF_ICMPLE L1027 - false
org.apache.commons.lang3.math.NumberUtils.createBigDecimal(Ljava/lang/String;)Ljava/math/BigDecimal;: I3 Branch 100 IFNONNULL L790 - true
org.apache.commons.lang3.math.NumberUtils.max([S)S: I18 Branch 121 IF_ICMPGE L1026 - true
org.apache.commons.lang3.math.NumberUtils.max([S)S: I25 Branch 122 IF_ICMPLE L1027 - true
com.fr.chain.utils.NumberUtil.createBigDecimal(Ljava/lang/String;)Ljava/math/BigDecimal;: root-Branch
org.apache.commons.lang3.math.NumberUtils.createBigDecimal(Ljava/lang/String;)Ljava/math/BigDecimal;: I12 Branch 101 IFEQ L794 - true
org.apache.commons.lang3.math.NumberUtils.createBigDecimal(Ljava/lang/String;)Ljava/math/BigDecimal;: I26 Branch 102 IFEQ L797 - true
com.fr.chain.utils.NumberUtil.formatQfwAndRmb(Ljava/lang/String;)Ljava/lang/String;: I10 Branch 3 IFEQ L542 - true
org.apache.commons.lang3.math.NumberUtils.toFloat(Ljava/lang/String;F)F: I3 Branch 20 IFNONNULL L223 - true
com.fr.chain.utils.NumberUtil.toFloat(Ljava/lang/String;)F: root-Branch
org.apache.commons.lang3.math.NumberUtils.toFloat(Ljava/lang/String;)F: root-Branch
com.fr.chain.utils.NumberUtil.toFloat(Ljava/lang/String;F)F: root-Branch
org.apache.commons.lang3.math.NumberUtils.min([J)J: I18 Branch 103 IF_ICMPGE L824 - true
com.fr.chain.utils.NumberUtil.min([J)J: root-Branch
org.apache.commons.lang3.math.NumberUtils.min([J)J: I18 Branch 103 IF_ICMPGE L824 - false
org.apache.commons.lang3.math.NumberUtils.min([J)J: I26 Branch 104 IFGE L825 - true
com.fr.chain.utils.NumberUtil.max([B)B: root-Branch
org.apache.commons.lang3.math.NumberUtils.toDouble(Ljava/lang/String;D)D: I3 Branch 21 IFNONNULL L275 - true
org.apache.commons.lang3.math.NumberUtils.toDouble(Ljava/lang/String;)D: root-Branch
com.fr.chain.utils.NumberUtil.toDouble(Ljava/lang/String;)D: root-Branch
org.apache.commons.lang3.math.NumberUtils.min(DDD)D: root-Branch
com.fr.chain.utils.NumberUtil.min(DDD)D: root-Branch
org.apache.commons.lang3.math.NumberUtils.min(SSS)S: I13 Branch 138 IF_ICMPGE L1178 - false
org.apache.commons.lang3.math.NumberUtils.min(SSS)S: I4 Branch 137 IF_ICMPGE L1175 - true
com.fr.chain.utils.NumberUtil.min(SSS)S: root-Branch
com.fr.chain.utils.NumberUtil.toDouble(Ljava/lang/String;D)D: root-Branch
org.apache.commons.lang3.math.NumberUtils.min([J)J: I26 Branch 104 IFGE L825 - false
com.fr.chain.utils.NumberUtil.min([S)S: root-Branch
org.apache.commons.lang3.math.NumberUtils.min(BBB)B: I4 Branch 139 IF_ICMPGE L1193 - true
com.fr.chain.utils.NumberUtil.min(BBB)B: root-Branch
org.apache.commons.lang3.math.NumberUtils.min([S)S: I18 Branch 107 IF_ICMPGE L872 - true
org.apache.commons.lang3.math.NumberUtils.min(BBB)B: I13 Branch 140 IF_ICMPGE L1196 - true
org.apache.commons.lang3.math.NumberUtils.max(BBB)B: I4 Branch 147 IF_ICMPLE L1299 - false
org.apache.commons.lang3.math.NumberUtils.max(BBB)B: I13 Branch 148 IF_ICMPLE L1302 - true
com.fr.chain.utils.NumberUtil.max(BBB)B: root-Branch
org.apache.commons.lang3.math.NumberUtils.max(JJJ)J: I15 Branch 142 IFLE L1248 - true
org.apache.commons.lang3.math.NumberUtils.max(BBB)B: I4 Branch 147 IF_ICMPLE L1299 - true
org.apache.commons.lang3.math.NumberUtils.createDouble(Ljava/lang/String;)Ljava/lang/Double;: I3 Branch 89 IFNONNULL L701 - true
com.fr.chain.utils.NumberUtil.createDouble(Ljava/lang/String;)Ljava/lang/Double;: root-Branch
org.apache.commons.lang3.math.NumberUtils.max([F)F: I18 Branch 128 IF_ICMPGE L1103 - false
org.apache.commons.lang3.math.NumberUtils.max(BBB)B: I13 Branch 148 IF_ICMPLE L1302 - false
org.apache.commons.lang3.math.NumberUtils.max([D)D: I18 Branch 125 IF_ICMPGE L1075 - false
org.apache.commons.lang3.math.NumberUtils.max([F)F: I18 Branch 128 IF_ICMPGE L1103 - true
org.apache.commons.lang3.math.NumberUtils.max([F)F: I25 Branch 129 IFEQ L1104 - true
org.apache.commons.lang3.math.NumberUtils.max([F)F: I37 Branch 130 IFLE L1107 - true
org.apache.commons.lang3.math.NumberUtils.max([D)D: I18 Branch 125 IF_ICMPGE L1075 - true
org.apache.commons.lang3.math.NumberUtils.max([D)D: I25 Branch 126 IFEQ L1076 - true
org.apache.commons.lang3.math.NumberUtils.max([D)D: I37 Branch 127 IFLE L1079 - true
com.fr.chain.utils.NumberUtil.<init>()V: root-Branch
com.fr.chain.utils.NumberUtil.max([D)D: root-Branch
com.fr.chain.utils.NumberUtil.max([F)F: root-Branch
org.apache.commons.lang3.math.NumberUtils.isNumber(Ljava/lang/String;)Z: I388 Branch 194 IFNE L1478 - false
org.apache.commons.lang3.math.NumberUtils.isNumber(Ljava/lang/String;)Z: I393 Branch 195 IF_ICMPEQ L1478 - false
org.apache.commons.lang3.math.NumberUtils.isNumber(Ljava/lang/String;)Z: I398 Branch 196 IF_ICMPEQ L1478 - false
org.apache.commons.lang3.math.NumberUtils.isNumber(Ljava/lang/String;)Z: I403 Branch 197 IF_ICMPEQ L1478 - false
org.apache.commons.lang3.math.NumberUtils.isNumber(Ljava/lang/String;)Z: I419 Branch 199 IF_ICMPEQ L1485 - false
org.apache.commons.lang3.math.NumberUtils.isNumber(Ljava/lang/String;)Z: I354 Branch 189 IF_ICMPEQ L1466 - false
org.apache.commons.lang3.math.NumberUtils.createBigInteger(Ljava/lang/String;)Ljava/math/BigInteger;: I75 Branch 97 IFEQ L771 - true
org.apache.commons.lang3.math.NumberUtils.isNumber(Ljava/lang/String;)Z: I408 Branch 198 IF_ICMPNE L1478 - true
org.apache.commons.lang3.math.NumberUtils.isNumber(Ljava/lang/String;)Z: I424 Branch 200 IF_ICMPNE L1485 - true
org.apache.commons.lang3.math.NumberUtils.isNumber(Ljava/lang/String;)Z: I343 Branch 188 IF_ICMPGT L1462 - true
org.apache.commons.lang3.math.NumberUtils.isNumber(Ljava/lang/String;)Z: I359 Branch 190 IF_ICMPNE L1466 - true
org.apache.commons.lang3.math.NumberUtils.isNumber(Ljava/lang/String;)Z: I370 Branch 191 IF_ICMPNE L1470 - true
org.apache.commons.lang3.math.NumberUtils.isDigits(Ljava/lang/String;)Z: I4 Branch 149 IFEQ L1352 - false
org.apache.commons.lang3.math.NumberUtils.isParsable(Ljava/lang/String;)Z: I5 Branch 206 IFEQ L1516 - true
org.apache.commons.lang3.math.NumberUtils.isParsable(Ljava/lang/String;)Z: I15 Branch 207 IFEQ L1519 - true
org.apache.commons.lang3.math.NumberUtils.min([S)S: I18 Branch 107 IF_ICMPGE L872 - false
org.apache.commons.lang3.math.NumberUtils.min([S)S: I25 Branch 108 IF_ICMPGE L873 - false
org.apache.commons.lang3.math.NumberUtils.min([S)S: I25 Branch 108 IF_ICMPGE L873 - true
com.fr.chain.utils.NumberUtil.formatQfwOrRmbOrigin(Ljava/lang/String;Ljava/lang/String;)Ljava/lang/String;: I4 Branch 5 IFEQ L573 - false
com.fr.chain.utils.NumberUtil.formatQfwOrRmbOrigin(Ljava/lang/String;Ljava/lang/String;)Ljava/lang/String;: I19 Branch 6 IFNE L578 - false
com.fr.chain.utils.NumberUtil.formatQfwOrRmbOrigin(Ljava/lang/String;Ljava/lang/String;)Ljava/lang/String;: I28 Branch 7 IFEQ L579 - false
com.fr.chain.utils.NumberUtil.formatQfwOrRmbOrigin(Ljava/lang/String;Ljava/lang/String;)Ljava/lang/String;: I56 Branch 8 IFLE L586 - false
com.fr.chain.utils.NumberUtil.formatQfwOrRmbOrigin(Ljava/lang/String;Ljava/lang/String;)Ljava/lang/String;: I229 Branch 14 IFNE L614 - false
org.apache.commons.lang3.math.NumberUtils.isNumber(Ljava/lang/String;)Z: I215 Branch 174 IF_ICMPLT L1429 - false
com.fr.chain.utils.NumberUtil.formatQfwOrRmbOrigin(Ljava/lang/String;Ljava/lang/String;)Ljava/lang/String;: I233 Branch 15 IFNE L614 - false
org.apache.commons.lang3.math.NumberUtils.isNumber(Ljava/lang/String;)Z: I220 Branch 175 IF_ICMPGT L1429 - false
com.fr.chain.utils.NumberUtil.formatQfwOrRmbOrigin(Ljava/lang/String;Ljava/lang/String;)Ljava/lang/String;: I239 Branch 16 IFEQ L615 - false
org.apache.commons.lang3.math.NumberUtils.isNumber(Ljava/lang/String;)Z: I236 Branch 176 IF_ICMPNE L1433 - false
com.fr.chain.utils.NumberUtil.formatQfwOrRmbOrigin(Ljava/lang/String;Ljava/lang/String;)Ljava/lang/String;: I256 Branch 17 IFEQ L618 - false
org.apache.commons.lang3.math.NumberUtils.isNumber(Ljava/lang/String;)Z: I240 Branch 177 IFNE L1434 - false
org.apache.commons.lang3.math.NumberUtils.isNumber(Ljava/lang/String;)Z: I41 Branch 153 IF_ICMPNE L1393 - false
org.apache.commons.lang3.math.NumberUtils.isNumber(Ljava/lang/String;)Z: I242 Branch 178 IFEQ L1434 - true
com.fr.chain.utils.NumberUtil.formatQfwAndRmb(Ljava/math/BigDecimal;)Ljava/lang/String;: I3 Branch 4 IFNONNULL L557 - true
org.apache.commons.lang3.math.NumberUtils.min(III)I: I4 Branch 135 IF_ICMPGE L1157 - true
org.apache.commons.lang3.math.NumberUtils.min(III)I: I13 Branch 136 IF_ICMPGE L1160 - true
com.fr.chain.utils.NumberUtil.formatQfwOrRmbOrigin(Ljava/lang/String;Ljava/lang/String;)Ljava/lang/String;: I84 Branch 9 IF_ICMPLT L594 - true
com.fr.chain.utils.NumberUtil.min(III)I: root-Branch
org.apache.commons.lang3.math.NumberUtils.max(III)I: I4 Branch 143 IF_ICMPLE L1263 - false
org.apache.commons.lang3.math.NumberUtils.min(SSS)S: I13 Branch 138 IF_ICMPGE L1178 - true
org.apache.commons.lang3.math.NumberUtils.isNumber(Ljava/lang/String;)Z: I59 Branch 155 IF_ICMPNE L1394 - false
org.apache.commons.lang3.math.NumberUtils.isNumber(Ljava/lang/String;)Z: I68 Branch 156 IF_ICMPEQ L1395 - false
com.fr.chain.utils.NumberUtil.formatQfwOrRmbOrigin(Ljava/lang/String;Ljava/lang/String;)Ljava/lang/String;: I239 Branch 16 IFEQ L615 - true
com.fr.chain.utils.NumberUtil.formatQfwOrRmbOrigin(Ljava/lang/String;Ljava/lang/String;)Ljava/lang/String;: I256 Branch 17 IFEQ L618 - true
org.apache.commons.lang3.math.NumberUtils.isNumber(Ljava/lang/String;)Z: I151 Branch 166 IFEQ L1412 - true
com.fr.chain.utils.NumberUtil.formatQfwOrRmbOrigin(Ljava/lang/String;Ljava/lang/String;)Ljava/lang/String;: I28 Branch 7 IFEQ L579 - true
org.apache.commons.lang3.math.NumberUtils.isNumber(Ljava/lang/String;)Z: I75 Branch 157 IF_ICMPNE L1395 - true
org.apache.commons.lang3.math.NumberUtils.isNumber(Ljava/lang/String;)Z: I374 Branch 192 IFNE L1471 - false
org.apache.commons.lang3.math.NumberUtils.isNumber(Ljava/lang/String;)Z: I370 Branch 191 IF_ICMPNE L1470 - false
org.apache.commons.lang3.math.NumberUtils.isNumber(Ljava/lang/String;)Z: I376 Branch 193 IFEQ L1471 - true
org.apache.commons.lang3.math.NumberUtils.isNumber(Ljava/lang/String;)Z: I338 Branch 187 IF_ICMPLT L1462 - true
org.apache.commons.lang3.math.NumberUtils.isNumber(Ljava/lang/String;)Z: I220 Branch 175 IF_ICMPGT L1429 - true
org.apache.commons.lang3.math.NumberUtils.createFloat(Ljava/lang/String;)Ljava/lang/Float;: I3 Branch 88 IFNONNULL L685 - false
org.apache.commons.lang3.math.NumberUtils.max([I)I: I18 Branch 119 IF_ICMPGE L1002 - false
org.apache.commons.lang3.math.NumberUtils.max([I)I: I18 Branch 119 IF_ICMPGE L1002 - true
com.fr.chain.utils.NumberUtil.max([I)I: root-Branch
org.apache.commons.lang3.math.NumberUtils.max([I)I: I25 Branch 120 IF_ICMPLE L1003 - true
org.apache.commons.lang3.math.NumberUtils.max([I)I: I25 Branch 120 IF_ICMPLE L1003 - false
com.fr.chain.utils.NumberUtil.toLong(Ljava/lang/String;J)J: root-Branch
org.apache.commons.lang3.math.NumberUtils.min([B)B: I25 Branch 110 IF_ICMPGE L897 - false
org.apache.commons.lang3.math.NumberUtils.min([B)B: I25 Branch 110 IF_ICMPGE L897 - true
org.apache.commons.lang3.math.NumberUtils.min([B)B: I18 Branch 109 IF_ICMPGE L896 - false
com.fr.chain.utils.NumberUtil.formatQfwOrRmbOrigin(Ljava/lang/String;Ljava/lang/String;)Ljava/lang/String;: I56 Branch 8 IFLE L586 - true
org.apache.commons.lang3.math.NumberUtils.min([F)F: I37 Branch 116 IFGE L953 - false
org.apache.commons.lang3.math.NumberUtils.max(JJJ)J: I5 Branch 141 IFLE L1245 - false
com.fr.chain.utils.NumberUtil.toInt(Ljava/lang/String;I)I: root-Branch
org.apache.commons.lang3.math.NumberUtils.min([D)D: I37 Branch 113 IFGE L925 - false
org.apache.commons.lang3.math.NumberUtils.min(FFF)F: root-Branch
com.fr.chain.utils.NumberUtil.min(FFF)F: root-Branch
org.apache.commons.lang3.math.NumberUtils.max([D)D: I37 Branch 127 IFLE L1079 - false
org.apache.commons.lang3.math.NumberUtils.max(SSS)S: I4 Branch 145 IF_ICMPLE L1281 - true
org.apache.commons.lang3.math.NumberUtils.max(SSS)S: I13 Branch 146 IF_ICMPLE L1284 - true
com.fr.chain.utils.NumberUtil.max(SSS)S: root-Branch
org.apache.commons.lang3.math.NumberUtils.createInteger(Ljava/lang/String;)Ljava/lang/Integer;: I3 Branch 90 IFNONNULL L719 - true
com.fr.chain.utils.NumberUtil.createInteger(Ljava/lang/String;)Ljava/lang/Integer;: root-Branch
org.apache.commons.lang3.math.NumberUtils.min([I)I: I18 Branch 105 IF_ICMPGE L848 - false
org.apache.commons.lang3.math.NumberUtils.min([I)I: I18 Branch 105 IF_ICMPGE L848 - true
org.apache.commons.lang3.math.NumberUtils.min([I)I: I25 Branch 106 IF_ICMPGE L849 - true
com.fr.chain.utils.NumberUtil.min([I)I: root-Branch
org.apache.commons.lang3.math.NumberUtils.min([I)I: I25 Branch 106 IF_ICMPGE L849 - false
org.apache.commons.lang3.math.NumberUtils.max([B)B: I25 Branch 124 IF_ICMPLE L1051 - false
org.apache.commons.lang3.math.NumberUtils.max([B)B: I18 Branch 123 IF_ICMPGE L1050 - false
org.apache.commons.lang3.math.NumberUtils.max([B)B: I18 Branch 123 IF_ICMPGE L1050 - true
org.apache.commons.lang3.math.NumberUtils.max([B)B: I25 Branch 124 IF_ICMPLE L1051 - true
org.apache.commons.lang3.math.NumberUtils.min(BBB)B: I4 Branch 139 IF_ICMPGE L1193 - false
org.apache.commons.lang3.math.NumberUtils.max([J)J: I18 Branch 117 IF_ICMPGE L978 - false
org.apache.commons.lang3.math.NumberUtils.max([J)J: I18 Branch 117 IF_ICMPGE L978 - true
org.apache.commons.lang3.math.NumberUtils.max([J)J: I26 Branch 118 IFLE L979 - true
com.fr.chain.utils.NumberUtil.max([J)J: root-Branch
org.apache.commons.lang3.math.NumberUtils.max([J)J: I26 Branch 118 IFLE L979 - false
com.fr.chain.utils.NumberUtil.compare(Ljava/math/BigDecimal;Ljava/math/BigDecimal;)I: I3 Branch 1 IFNONNULL L33 - true
com.fr.chain.utils.NumberUtil.compare(Ljava/math/BigDecimal;Ljava/math/BigDecimal;)I: I14 Branch 2 IFNONNULL L36 - true
org.apache.commons.lang3.math.NumberUtils.max([F)F: I37 Branch 130 IFLE L1107 - false
org.apache.commons.lang3.math.NumberUtils.min(JJJ)J: I5 Branch 133 IFGE L1139 - false
org.apache.commons.lang3.math.NumberUtils.min(JJJ)J: I15 Branch 134 IFGE L1142 - false
org.apache.commons.lang3.math.NumberUtils.min(III)I: I13 Branch 136 IF_ICMPGE L1160 - false
org.apache.commons.lang3.math.NumberUtils.min(SSS)S: I4 Branch 137 IF_ICMPGE L1175 - false
org.apache.commons.lang3.math.NumberUtils.toDouble(Ljava/lang/String;D)D: I3 Branch 21 IFNONNULL L275 - false
com.fr.chain.utils.NumberUtil.formatQfwAndRmb(Ljava/lang/String;)Ljava/lang/String;: I10 Branch 3 IFEQ L542 - false
org.apache.commons.lang3.math.NumberUtils.min(III)I: I4 Branch 135 IF_ICMPGE L1157 - false
org.apache.commons.lang3.math.NumberUtils.min(BBB)B: I13 Branch 140 IF_ICMPGE L1196 - false
org.apache.commons.lang3.math.NumberUtils.max(III)I: I13 Branch 144 IF_ICMPLE L1266 - false
org.apache.commons.lang3.math.NumberUtils.validateArray(Ljava/lang/Object;)V: I3 Branch 131 IFNONNULL L1122 - false
org.apache.commons.lang3.math.NumberUtils.createBigDecimal(Ljava/lang/String;)Ljava/math/BigDecimal;: I3 Branch 100 IFNONNULL L790 - false
org.apache.commons.lang3.math.NumberUtils.isNumber(Ljava/lang/String;)Z: I446 Branch 204 IFNE L1495 - false
org.apache.commons.lang3.math.NumberUtils.isNumber(Ljava/lang/String;)Z: I331 Branch 186 IF_ICMPGE L1461 - true
org.apache.commons.lang3.math.NumberUtils.isNumber(Ljava/lang/String;)Z: I204 Branch 171 IF_ICMPGE L1428 - true
org.apache.commons.lang3.math.NumberUtils.isNumber(Ljava/lang/String;)Z: I448 Branch 205 IFEQ L1495 - true
com.fr.chain.utils.NumberUtil.compare(Ljava/math/BigDecimal;Ljava/math/BigDecimal;)I: I3 Branch 1 IFNONNULL L33 - false
com.fr.chain.utils.NumberUtil.formatQfwAndRmb(Ljava/math/BigDecimal;)Ljava/lang/String;: I3 Branch 4 IFNONNULL L557 - false
com.fr.chain.utils.NumberUtil.compare(Ljava/math/BigDecimal;Ljava/math/BigDecimal;)I: I14 Branch 2 IFNONNULL L36 - false
org.apache.commons.lang3.math.NumberUtils.isDigits(Ljava/lang/String;)Z: I17 Branch 150 IF_ICMPGE L1355 - true
org.apache.commons.lang3.math.NumberUtils.createInteger(Ljava/lang/String;)Ljava/lang/Integer;: I3 Branch 90 IFNONNULL L719 - false
org.apache.commons.lang3.math.NumberUtils.toLong(Ljava/lang/String;J)J: I3 Branch 19 IFNONNULL L171 - false
org.apache.commons.lang3.math.NumberUtils.max(SSS)S: I4 Branch 145 IF_ICMPLE L1281 - false
com.fr.chain.utils.NumberUtil.formatQfwOrRmbOrigin(Ljava/lang/String;Ljava/lang/String;)Ljava/lang/String;: I108 Branch 10 IF_ICMPGE L597 - true
com.fr.chain.utils.NumberUtil.formatQfwOrRmbOrigin(Ljava/lang/String;Ljava/lang/String;)Ljava/lang/String;: I84 Branch 9 IF_ICMPLT L594 - false
com.fr.chain.utils.NumberUtil.formatQfwOrRmbOrigin(Ljava/lang/String;Ljava/lang/String;)Ljava/lang/String;: I108 Branch 10 IF_ICMPGE L597 - false
com.fr.chain.utils.NumberUtil.formatQfwOrRmbOrigin(Ljava/lang/String;Ljava/lang/String;)Ljava/lang/String;: I147 Branch 11 IFNE L600 - true
com.fr.chain.utils.NumberUtil.formatQfwOrRmbOrigin(Ljava/lang/String;Ljava/lang/String;)Ljava/lang/String;: I178 Branch 12 IFEQ L605 - false
com.fr.chain.utils.NumberUtil.formatQfwOrRmbOrigin(Ljava/lang/String;Ljava/lang/String;)Ljava/lang/String;: I209 Branch 13 IFEQ L610 - false
org.apache.commons.lang3.math.NumberUtils.max(SSS)S: I13 Branch 146 IF_ICMPLE L1284 - false
org.apache.commons.lang3.math.NumberUtils.toInt(Ljava/lang/String;I)I: I3 Branch 18 IFNONNULL L122 - false
org.apache.commons.lang3.math.NumberUtils.createBigInteger(Ljava/lang/String;)Ljava/math/BigInteger;: I25 Branch 93 IFEQ L761 - false
org.apache.commons.lang3.math.NumberUtils.toFloat(Ljava/lang/String;F)F: I3 Branch 20 IFNONNULL L223 - false
