[INFO] Scanning for projects...
[WARNING] 
[WARNING] Some problems were encountered while building the effective model for cn.wanghw:BurpCrypto:jar:0.1.9.1
[WARNING] 'build.plugins.plugin.version' for org.apache.maven.plugins:maven-compiler-plugin is missing. @ line 47, column 21
[WARNING] 'build.plugins.plugin.version' for org.apache.maven.plugins:maven-shade-plugin is missing. @ line 12, column 21
[WARNING] 
[WARNING] It is highly recommended to fix these problems because they threaten the stability of your build.
[WARNING] 
[WARNING] For this reason, future Maven versions might no longer support building such malformed projects.
[WARNING] 
[INFO] 
[INFO] ------------------------< cn.wanghw:BurpCrypto >------------------------
[INFO] Building BurpCrypto 0.1.9.1
[INFO]   from pom.xml
[INFO] --------------------------------[ jar ]---------------------------------
Downloading from central: https://repo.maven.apache.org/maven2/org/apache/maven/plugins/maven-shade-plugin/maven-metadata.xml
Progress (1): 1.7 kB
                    
Downloaded from central: https://repo.maven.apache.org/maven2/org/apache/maven/plugins/maven-shade-plugin/maven-metadata.xml (1.7 kB at 2.4 kB/s)
[INFO] 
[INFO] --- clean:3.2.0:clean (default-clean) @ BurpCrypto ---
[INFO] Deleting /media/wql/办公/AVR_agent/downstream_dataset/resource/CODEC-270_BurpCrypto-master/target
[INFO] 
[INFO] --- resources:3.3.1:resources (default-resources) @ BurpCrypto ---
[WARNING] Using platform encoding (UTF-8 actually) to copy filtered resources, i.e. build is platform dependent!
[INFO] skip non existing resourceDirectory /media/wql/办公/AVR_agent/downstream_dataset/resource/CODEC-270_BurpCrypto-master/src/main/resources
[INFO] 
[INFO] --- compiler:3.13.0:compile (default-compile) @ BurpCrypto ---
[INFO] Recompiling the module because of changed source code.
[WARNING] File encoding has not been set, using platform encoding UTF-8, i.e. build is platform dependent!
[INFO] Compiling 61 source files with javac [debug target 8] to target/classes
[INFO] /media/wql/办公/AVR_agent/downstream_dataset/resource/CODEC-270_BurpCrypto-master/src/main/java/burp/aes/AesUIHandler.java: 某些输入文件使用了未经检查或不安全的操作。
[INFO] /media/wql/办公/AVR_agent/downstream_dataset/resource/CODEC-270_BurpCrypto-master/src/main/java/burp/aes/AesUIHandler.java: 有关详细信息, 请使用 -Xlint:unchecked 重新编译。
[INFO] 
[INFO] --- resources:3.3.1:testResources (default-testResources) @ BurpCrypto ---
[INFO] Not copying test resources
[INFO] 
[INFO] --- compiler:3.13.0:testCompile (default-testCompile) @ BurpCrypto ---
[INFO] Not compiling test sources
[INFO] 
[INFO] --- surefire:3.2.5:test (default-test) @ BurpCrypto ---
[INFO] Tests are skipped.
[INFO] 
[INFO] --- jar:3.4.1:jar (default-jar) @ BurpCrypto ---
[INFO] Building jar: /media/wql/办公/AVR_agent/downstream_dataset/resource/CODEC-270_BurpCrypto-master/target/BurpCrypto-0.1.9.1.jar
[INFO] 
[INFO] --- shade:3.6.2:shade (default) @ BurpCrypto ---
[INFO] Dependency-reduced POM written at: /media/wql/办公/AVR_agent/downstream_dataset/resource/CODEC-270_BurpCrypto-master/dependency-reduced-pom.xml
[WARNING] hamcrest-core-1.3.jar, rhino-1.7.13.jar define 1 overlapping resource: 
[WARNING]   - LICENSE.txt
[WARNING] jetty-client-9.4.38.v20210224.jar, jetty-http-9.4.38.v20210224.jar, jetty-io-9.4.38.v20210224.jar, jetty-util-9.4.38.v20210224.jar, websocket-api-9.4.38.v20210224.jar, websocket-client-9.4.38.v20210224.jar, websocket-common-9.4.38.v20210224.jar define 1 overlapping resource: 
[WARNING]   - about.html
[WARNING] maven-shade-plugin has detected that some files are
[WARNING] present in two or more JARs. When this happens, only one
[WARNING] single version of the file is copied to the uber jar.
[WARNING] Usually this is not harmful and you can skip these warnings,
[WARNING] otherwise try to manually exclude artifacts based on
[WARNING] mvn dependency:tree -Ddetail=true and the above output.
[WARNING] See https://maven.apache.org/plugins/maven-shade-plugin/
[INFO] Attaching shaded artifact.
[INFO] 
[INFO] --- install:3.1.2:install (default-install) @ BurpCrypto ---
[INFO] Installing /media/wql/办公/AVR_agent/downstream_dataset/resource/CODEC-270_BurpCrypto-master/dependency-reduced-pom.xml to /home/wql/.m2/repository/cn/wanghw/BurpCrypto/0.1.9.1/BurpCrypto-0.1.9.1.pom
[INFO] Installing /media/wql/办公/AVR_agent/downstream_dataset/resource/CODEC-270_BurpCrypto-master/target/BurpCrypto-0.1.9.1.jar to /home/wql/.m2/repository/cn/wanghw/BurpCrypto/0.1.9.1/BurpCrypto-0.1.9.1.jar
[INFO] Installing /media/wql/办公/AVR_agent/downstream_dataset/resource/CODEC-270_BurpCrypto-master/target/BurpCrypto-0.1.9.1-full.jar to /home/wql/.m2/repository/cn/wanghw/BurpCrypto/0.1.9.1/BurpCrypto-0.1.9.1-full.jar
[INFO] ------------------------------------------------------------------------
[INFO] BUILD SUCCESS
[INFO] ------------------------------------------------------------------------
[INFO] Total time:  6.516 s
[INFO] Finished at: 2026-04-24T21:49:34+08:00
[INFO] ------------------------------------------------------------------------