2025-08-21 05:48:51,271 - INFO - Building image sweb.env.x86_64.7037e8c448a4b8ebfe9b13:latest
Using dockerfile:
FROM --platform=linux/x86_64 sweb.base.x86_64:latest

COPY ./setup_env.sh /root/
RUN sed -i -e 's/\r$//' /root/setup_env.sh
RUN chmod +x /root/setup_env.sh
RUN /bin/bash -c "source ~/.bashrc && /root/setup_env.sh"

WORKDIR /testbed/

# Automatically activate the testbed environment
RUN echo "source /opt/miniconda3/etc/profile.d/conda.sh && conda activate testbed" > /root/.bashrc

Adding (1) setup scripts to image build repo
2025-08-21 05:48:51,271 - INFO - [SETUP SCRIPT] setup_env.sh:
#!/bin/bash
set -euxo pipefail
source /opt/miniconda3/bin/activate
cat <<'EOF_59812759871' > environment.yml
# To set up a development environment using conda run:
#
#   conda env create -f environment.yml
#   conda activate mpl-dev
#   pip install -e .
#
name: testbed
channels:
  - conda-forge
dependencies:
  - cairocffi
  - contourpy>=1.0.1
  - cycler>=0.10.0
  - fonttools>=4.22.0
  - kiwisolver>=1.0.1
  - numpy>=1.19
  - pillow>=6.2
  - pygobject
  - pyparsing
  - pyqt
  - python-dateutil>=2.1
  - setuptools
  - setuptools_scm
  - wxpython
  # building documentation
  - colorspacious
  - graphviz
  - ipython
  - ipywidgets
  - numpydoc>=0.8
  - packaging
  - pydata-sphinx-theme
  - sphinx>=1.8.1,!=2.0.0
  - sphinx-copybutton
  - sphinx-gallery>=0.10
  - sphinx-design
  - pip
  - pip:
      - mpl-sphinx-theme
      - sphinxcontrib-svg2pdfconverter
      - pikepdf
  # testing
  - coverage
  - flake8>=3.8
  - flake8-docstrings>=1.4.0
  - gtk3
  - ipykernel
  - nbconvert[execute]!=6.0.0,!=6.0.1
  - nbformat!=5.0.0,!=5.0.1
  - pandas!=0.25.0
  - psutil
  - pre-commit
  - pydocstyle>=5.1.0
  - pytest!=4.6.0,!=5.4.0
  - pytest-cov
  - pytest-rerunfailures
  - pytest-timeout
  - pytest-xdist
  - tornado
  - pytz

EOF_59812759871
conda env create --file environment.yml
conda activate testbed && conda install python=3.11 -y
rm environment.yml
conda activate testbed
python -m pip install contourpy==1.1.0 cycler==0.11.0 fonttools==4.42.1 ghostscript kiwisolver==1.4.5 numpy==1.25.2 packaging==23.1 pillow==10.0.0 pikepdf pyparsing==3.0.9 python-dateutil==2.8.2 six==1.16.0 setuptools==68.1.2 setuptools-scm==7.1.0 typing-extensions==4.7.1

2025-08-21 05:48:51,271 - INFO - Building docker image sweb.env.x86_64.7037e8c448a4b8ebfe9b13:latest in logs/build_images/env/sweb.env.x86_64.7037e8c448a4b8ebfe9b13__latest with platform linux/x86_64
2025-08-21 05:48:51,276 - INFO - Step 1/7 : FROM --platform=linux/x86_64 sweb.base.x86_64:latest
2025-08-21 05:48:51,276 - INFO - 
2025-08-21 05:48:51,276 - INFO - ---> 5cca6898c8d9
2025-08-21 05:48:51,276 - INFO - Step 2/7 : COPY ./setup_env.sh /root/
2025-08-21 05:48:51,276 - INFO - 
2025-08-21 05:48:51,390 - INFO - ---> bf11c4d0420f
2025-08-21 05:48:51,390 - INFO - Step 3/7 : RUN sed -i -e 's/\r$//' /root/setup_env.sh
2025-08-21 05:48:51,390 - INFO - 
2025-08-21 05:48:51,446 - INFO - ---> Running in 0c2e46fcb1e6
2025-08-21 05:48:51,790 - INFO - ---> Removed intermediate container 0c2e46fcb1e6
2025-08-21 05:48:51,791 - INFO - ---> c9c1df771a39
2025-08-21 05:48:51,791 - INFO - Step 4/7 : RUN chmod +x /root/setup_env.sh
2025-08-21 05:48:51,791 - INFO - 
2025-08-21 05:48:51,847 - INFO - ---> Running in 139d9c3f6409
2025-08-21 05:48:52,314 - INFO - ---> Removed intermediate container 139d9c3f6409
2025-08-21 05:48:52,314 - INFO - ---> 3ad19496dc75
2025-08-21 05:48:52,314 - INFO - Step 5/7 : RUN /bin/bash -c "source ~/.bashrc && /root/setup_env.sh"
2025-08-21 05:48:52,314 - INFO - 
2025-08-21 05:48:52,387 - INFO - ---> Running in 2be3db0d6fb1
2025-08-21 05:48:52,576 - INFO - + source /opt/miniconda3/bin/activate
2025-08-21 05:48:52,577 - INFO - ++ _CONDA_ROOT=/opt/miniconda3
2025-08-21 05:48:52,577 - INFO - ++ . /opt/miniconda3/etc/profile.d/conda.sh
2025-08-21 05:48:52,577 - INFO - +++ export CONDA_EXE=/opt/miniconda3/bin/conda
2025-08-21 05:48:52,578 - INFO - +++ CONDA_EXE=/opt/miniconda3/bin/conda
+++ export _CE_M=
2025-08-21 05:48:52,578 - INFO - +++ _CE_M=
+++ export _CE_CONDA=
+++ _CE_CONDA=
+++ export CONDA_PYTHON_EXE=/opt/miniconda3/bin/python
+++ CONDA_PYTHON_EXE=/opt/miniconda3/bin/python
+++ '[' -z '' ']'
+++ export CONDA_SHLVL=0
+++ CONDA_SHLVL=0
+++ '[' -n '' ']'
2025-08-21 05:48:52,581 - INFO - +++++ dirname /opt/miniconda3/bin/conda
2025-08-21 05:48:52,585 - INFO - ++++ dirname /opt/miniconda3/bin
2025-08-21 05:48:52,589 - INFO - +++ PATH=/opt/miniconda3/condabin:/opt/miniconda3/bin:/usr/local/sbin:/usr/local/bin:/usr/sbin:/usr/bin:/sbin:/bin
+++ export PATH
+++ '[' -z '' ']'
+++ PS1=
++ conda activate
++ local cmd=activate
++ case "$cmd" in
++ __conda_activate activate
++ '[' -n '' ']'
++ local ask_conda
2025-08-21 05:48:52,590 - INFO - +++ PS1=
+++ __conda_exe shell.posix activate
2025-08-21 05:48:52,590 - INFO - +++ /opt/miniconda3/bin/conda shell.posix activate
2025-08-21 05:48:52,721 - INFO - ++ ask_conda='PS1='\''(base) '\''
export PATH='\''/opt/miniconda3/bin:/opt/miniconda3/condabin:/opt/miniconda3/bin:/usr/local/sbin:/usr/local/bin:/usr/sbin:/usr/bin:/sbin:/bin'\''
export CONDA_PREFIX='\''/opt/miniconda3'\''
export CONDA_SHLVL='\''1'\''
export CONDA_DEFAULT_ENV='\''base'\''
export CONDA_PROMPT_MODIFIER='\''(base) '\''
export CONDA_EXE='\''/opt/miniconda3/bin/conda'\''
export _CE_M='\'''\''
export _CE_CONDA='\'''\''
export CONDA_PYTHON_EXE='\''/opt/miniconda3/bin/python'\'''
++ eval 'PS1='\''(base) '\''
export PATH='\''/opt/miniconda3/bin:/opt/miniconda3/condabin:/opt/miniconda3/bin:/usr/local/sbin:/usr/local/bin:/usr/sbin:/usr/bin:/sbin:/bin'\''
export CONDA_PREFIX='\''/opt/miniconda3'\''
export CONDA_SHLVL='\''1'\''
export CONDA_DEFAULT_ENV='\''base'\''
export CONDA_PROMPT_MODIFIER='\''(base) '\''
export CONDA_EXE='\''/opt/miniconda3/bin/conda'\''
export _CE_M='\'''\''
export _CE_CONDA='\'''\''
export CONDA_PYTHON_EXE='\''/opt/miniconda3/bin/python'\'''
+++ PS1='(base) '
+++ export PATH=/opt/miniconda3/bin:/opt/miniconda3/condabin:/opt/miniconda3/bin:/usr/local/sbin:/usr/local/bin:/usr/sbin:/usr/bin:/sbin:/bin
+++ PATH=/opt/miniconda3/bin:/opt/miniconda3/condabin:/opt/miniconda3/bin:/usr/local/sbin:/usr/local/bin:/usr/sbin:/usr/bin:/sbin:/bin
+++ export CONDA_PREFIX=/opt/miniconda3
+++ CONDA_PREFIX=/opt/miniconda3
+++ export CONDA_SHLVL=1
+++ CONDA_SHLVL=1
+++ export CONDA_DEFAULT_ENV=base
+++ CONDA_DEFAULT_ENV=base
+++ export 'CONDA_PROMPT_MODIFIER=(base) '
+++ CONDA_PROMPT_MODIFIER='(base) '
+++ export CONDA_EXE=/opt/miniconda3/bin/conda
+++ CONDA_EXE=/opt/miniconda3/bin/conda
+++ export _CE_M=
+++ _CE_M=
+++ export _CE_CONDA=
+++ _CE_CONDA=
+++ export CONDA_PYTHON_EXE=/opt/miniconda3/bin/python
+++ CONDA_PYTHON_EXE=/opt/miniconda3/bin/python
++ __conda_hashr
++ '[' -n '' ']'
2025-08-21 05:48:52,721 - INFO - ++ '[' -n '' ']'
++ hash -r
2025-08-21 05:48:52,722 - INFO - + cat
2025-08-21 05:48:52,723 - INFO - + conda env create --file environment.yml
+ local cmd=env
+ case "$cmd" in
+ __conda_exe env create --file environment.yml
2025-08-21 05:48:52,724 - INFO - + /opt/miniconda3/bin/conda env create --file environment.yml
2025-08-21 05:48:53,710 - INFO - Channels:
 - conda-forge
 - defaults
Platform: linux-64
Collecting package metadata (repodata.json): ...working...
2025-08-21 05:50:07,707 - INFO - done
Solving environment: ...working...
2025-08-21 05:56:13,932 - INFO - done
2025-08-21 05:58:14,260 - INFO - Downloading and Extracting Packages: ...working... done
Preparing transaction: ...working...
2025-08-21 05:58:15,859 - INFO - done
2025-08-21 05:58:15,859 - INFO - Verifying transaction: ...working...
2025-08-21 05:58:23,699 - INFO - done
2025-08-21 05:58:23,706 - INFO - Executing transaction:
2025-08-21 05:58:23,707 - INFO - ...working...
2025-08-21 05:58:41,254 - INFO - done
2025-08-21 05:58:41,342 - INFO - Installing pip dependencies: ...working...
2025-08-21 05:58:51,778 - INFO - Ran pip subprocess with arguments:
['/opt/miniconda3/envs/testbed/bin/python', '-m', 'pip', 'install', '-U', '-r', '/condaenv.2po7gii9.requirements.txt', '--exists-action=b']
Pip subprocess output:
Collecting mpl-sphinx-theme (from -r /condaenv.2po7gii9.requirements.txt (line 1))
  Downloading mpl_sphinx_theme-3.9.0-py3-none-any.whl.metadata (5.7 kB)
Collecting sphinxcontrib-svg2pdfconverter (from -r /condaenv.2po7gii9.requirements.txt (line 2))
  Downloading sphinxcontrib_svg2pdfconverter-1.3.0-py3-none-any.whl.metadata (3.3 kB)
Collecting pikepdf (from -r /condaenv.2po7gii9.requirements.txt (line 3))
  Downloading pikepdf-9.10.2-cp313-cp313-manylinux_2_27_x86_64.manylinux_2_28_x86_64.whl.metadata (8.1 kB)
Requirement already satisfied: pydata-sphinx-theme>=0.13.1 in /opt/miniconda3/envs/testbed/lib/python3.13/site-packages (from mpl-sphinx-theme->-r /condaenv.2po7gii9.requirements.txt (line 1)) (0.16.1)
Collecting matplotlib (from mpl-sphinx-theme->-r /condaenv.2po7gii9.requirements.txt (line 1))
  Downloading matplotlib-3.10.5-cp313-cp313-manylinux2014_x86_64.manylinux_2_17_x86_64.whl.metadata (11 kB)
Requirement already satisfied: Sphinx>=1.6.3 in /opt/miniconda3/envs/testbed/lib/python3.13/site-packages (from sphinxcontrib-svg2pdfconverter->-r /condaenv.2po7gii9.requirements.txt (line 2)) (8.2.3)
Requirement already satisfied: Pillow>=10.0.1 in /opt/miniconda3/envs/testbed/lib/python3.13/site-packages (from pikepdf->-r /condaenv.2po7gii9.requirements.txt (line 3)) (11.3.0)
Collecting Deprecated (from pikepdf->-r /condaenv.2po7gii9.requirements.txt (line 3))
  Downloading Deprecated-1.2.18-py2.py3-none-any.whl.metadata (5.7 kB)
Collecting lxml>=4.8 (from pikepdf->-r /condaenv.2po7gii9.requirements.txt (line 3))
  Downloading lxml-6.0.0-cp313-cp313-manylinux_2_27_x86_64.manylinux_2_28_x86_64.whl.metadata (6.6 kB)
Requirement already satisfied: packaging in /opt/miniconda3/envs/testbed/lib/python3.13/site-packages (from pikepdf->-r /condaenv.2po7gii9.requirements.txt (line 3)) (25.0)
Requirement already satisfied: beautifulsoup4 in /opt/miniconda3/envs/testbed/lib/python3.13/site-packages (from pydata-sphinx-theme>=0.13.1->mpl-sphinx-theme->-r /condaenv.2po7gii9.requirements.txt (line 1)) (4.13.4)
Requirement already satisfied: docutils!=0.17.0 in /opt/miniconda3/envs/testbed/lib/python3.13/site-packages (from pydata-sphinx-theme>=0.13.1->mpl-sphinx-theme->-r /condaenv.2po7gii9.requirements.txt (line 1)) (0.21.2)
Requirement already satisfied: Babel in /opt/miniconda3/envs/testbed/lib/python3.13/site-packages (from pydata-sphinx-theme>=0.13.1->mpl-sphinx-theme->-r /condaenv.2po7gii9.requirements.txt (line 1)) (2.17.0)
Requirement already satisfied: pygments>=2.7 in /opt/miniconda3/envs/testbed/lib/python3.13/site-packages (from pydata-sphinx-theme>=0.13.1->mpl-sphinx-theme->-r /condaenv.2po7gii9.requirements.txt (line 1)) (2.19.2)
Requirement already satisfied: accessible-pygments in /opt/miniconda3/envs/testbed/lib/python3.13/site-packages (from pydata-sphinx-theme>=0.13.1->mpl-sphinx-theme->-r /condaenv.2po7gii9.requirements.txt (line 1)) (0.0.5)
Requirement already satisfied: typing-extensions in /opt/miniconda3/envs/testbed/lib/python3.13/site-packages (from pydata-sphinx-theme>=0.13.1->mpl-sphinx-theme->-r /condaenv.2po7gii9.requirements.txt (line 1)) (4.14.1)
Requirement already satisfied: sphinxcontrib-applehelp>=1.0.7 in /opt/miniconda3/envs/testbed/lib/python3.13/site-packages (from Sphinx>=1.6.3->sphinxcontrib-svg2pdfconverter->-r /condaenv.2po7gii9.requirements.txt (line 2)) (2.0.0)
Requirement already satisfied: sphinxcontrib-devhelp>=1.0.6 in /opt/miniconda3/envs/testbed/lib/python3.13/site-packages (from Sphinx>=1.6.3->sphinxcontrib-svg2pdfconverter->-r /condaenv.2po7gii9.requirements.txt (line 2)) (2.0.0)
Requirement already satisfied: sphinxcontrib-htmlhelp>=2.0.6 in /opt/miniconda3/envs/testbed/lib/python3.13/site-packages (from Sphinx>=1.6.3->sphinxcontrib-svg2pdfconverter->-r /condaenv.2po7gii9.requirements.txt (line 2)) (2.1.0)
Requirement already satisfied: sphinxcontrib-jsmath>=1.0.1 in /opt/miniconda3/envs/testbed/lib/python3.13/site-packages (from Sphinx>=1.6.3->sphinxcontrib-svg2pdfconverter->-r /condaenv.2po7gii9.requirements.txt (line 2)) (1.0.1)
Requirement already satisfied: sphinxcontrib-qthelp>=1.0.6 in /opt/miniconda3/envs/testbed/lib/python3.13/site-packages (from Sphinx>=1.6.3->sphinxcontrib-svg2pdfconverter->-r /condaenv.2po7gii9.requirements.txt (line 2)) (2.0.0)
Requirement already satisfied: sphinxcontrib-serializinghtml>=1.1.9 in /opt/miniconda3/envs/testbed/lib/python3.13/site-packages (from Sphinx>=1.6.3->sphinxcontrib-svg2pdfconverter->-r /condaenv.2po7gii9.requirements.txt (line 2)) (1.1.10)
Requirement already satisfied: Jinja2>=3.1 in /opt/miniconda3/envs/testbed/lib/python3.13/site-packages (from Sphinx>=1.6.3->sphinxcontrib-svg2pdfconverter->-r /condaenv.2po7gii9.requirements.txt (line 2)) (3.1.6)
Requirement already satisfied: snowballstemmer>=2.2 in /opt/miniconda3/envs/testbed/lib/python3.13/site-packages (from Sphinx>=1.6.3->sphinxcontrib-svg2pdfconverter->-r /condaenv.2po7gii9.requirements.txt (line 2)) (3.0.1)
Requirement already satisfied: alabaster>=0.7.14 in /opt/miniconda3/envs/testbed/lib/python3.13/site-packages (from Sphinx>=1.6.3->sphinxcontrib-svg2pdfconverter->-r /condaenv.2po7gii9.requirements.txt (line 2)) (1.0.0)
Requirement already satisfied: imagesize>=1.3 in /opt/miniconda3/envs/testbed/lib/python3.13/site-packages (from Sphinx>=1.6.3->sphinxcontrib-svg2pdfconverter->-r /condaenv.2po7gii9.requirements.txt (line 2)) (1.4.1)
Requirement already satisfied: requests>=2.30.0 in /opt/miniconda3/envs/testbed/lib/python3.13/site-packages (from Sphinx>=1.6.3->sphinxcontrib-svg2pdfconverter->-r /condaenv.2po7gii9.requirements.txt (line 2)) (2.32.5)
Requirement already satisfied: roman-numerals-py>=1.0.0 in /opt/miniconda3/envs/testbed/lib/python3.13/site-packages (from Sphinx>=1.6.3->sphinxcontrib-svg2pdfconverter->-r /condaenv.2po7gii9.requirements.txt (line 2)) (3.1.0)
Requirement already satisfied: MarkupSafe>=2.0 in /opt/miniconda3/envs/testbed/lib/python3.13/site-packages (from Jinja2>=3.1->Sphinx>=1.6.3->sphinxcontrib-svg2pdfconverter->-r /condaenv.2po7gii9.requirements.txt (line 2)) (3.0.2)
Requirement already satisfied: charset_normalizer<4,>=2 in /opt/miniconda3/envs/testbed/lib/python3.13/site-packages (from requests>=2.30.0->Sphinx>=1.6.3->sphinxcontrib-svg2pdfconverter->-r /condaenv.2po7gii9.requirements.txt (line 2)) (3.4.3)
Requirement already satisfied: idna<4,>=2.5 in /opt/miniconda3/envs/testbed/lib/python3.13/site-packages (from requests>=2.30.0->Sphinx>=1.6.3->sphinxcontrib-svg2pdfconverter->-r /condaenv.2po7gii9.requirements.txt (line 2)) (3.10)
Requirement already satisfied: urllib3<3,>=1.21.1 in /opt/miniconda3/envs/testbed/lib/python3.13/site-packages (from requests>=2.30.0->Sphinx>=1.6.3->sphinxcontrib-svg2pdfconverter->-r /condaenv.2po7gii9.requirements.txt (line 2)) (2.5.0)
Requirement already satisfied: certifi>=2017.4.17 in /opt/miniconda3/envs/testbed/lib/python3.13/site-packages (from requests>=2.30.0->Sphinx>=1.6.3->sphinxcontrib-svg2pdfconverter->-r /condaenv.2po7gii9.requirements.txt (line 2)) (2025.8.3)
Requirement already satisfied: soupsieve>1.2 in /opt/miniconda3/envs/testbed/lib/python3.13/site-packages (from beautifulsoup4->pydata-sphinx-theme>=0.13.1->mpl-sphinx-theme->-r /condaenv.2po7gii9.requirements.txt (line 1)) (2.7)
Collecting wrapt<2,>=1.10 (from Deprecated->pikepdf->-r /condaenv.2po7gii9.requirements.txt (line 3))
  Downloading wrapt-1.17.3-cp313-cp313-manylinux1_x86_64.manylinux_2_28_x86_64.manylinux_2_5_x86_64.whl.metadata (6.4 kB)
Requirement already satisfied: contourpy>=1.0.1 in /opt/miniconda3/envs/testbed/lib/python3.13/site-packages (from matplotlib->mpl-sphinx-theme->-r /condaenv.2po7gii9.requirements.txt (line 1)) (1.3.3)
Requirement already satisfied: cycler>=0.10 in /opt/miniconda3/envs/testbed/lib/python3.13/site-packages (from matplotlib->mpl-sphinx-theme->-r /condaenv.2po7gii9.requirements.txt (line 1)) (0.12.1)
Requirement already satisfied: fonttools>=4.22.0 in /opt/miniconda3/envs/testbed/lib/python3.13/site-packages (from matplotlib->mpl-sphinx-theme->-r /condaenv.2po7gii9.requirements.txt (line 1)) (4.59.1)
Requirement already satisfied: kiwisolver>=1.3.1 in /opt/miniconda3/envs/testbed/lib/python3.13/site-packages (from matplotlib->mpl-sphinx-theme->-r /condaenv.2po7gii9.requirements.txt (line 1)) (1.4.9)
Requirement already satisfied: numpy>=1.23 in /opt/miniconda3/envs/testbed/lib/python3.13/site-packages (from matplotlib->mpl-sphinx-theme->-r /condaenv.2po7gii9.requirements.txt (line 1)) (2.3.2)
Requirement already satisfied: pyparsing>=2.3.1 in /opt/miniconda3/envs/testbed/lib/python3.13/site-packages (from matplotlib->mpl-sphinx-theme->-r /condaenv.2po7gii9.requirements.txt (line 1)) (3.2.3)
Requirement already satisfied: python-dateutil>=2.7 in /opt/miniconda3/envs/testbed/lib/python3.13/site-packages (from matplotlib->mpl-sphinx-theme->-r /condaenv.2po7gii9.requirements.txt (line 1)) (2.9.0.post0)
Requirement already satisfied: six>=1.5 in /opt/miniconda3/envs/testbed/lib/python3.13/site-packages (from python-dateutil>=2.7->matplotlib->mpl-sphinx-theme->-r /condaenv.2po7gii9.requirements.txt (line 1)) (1.17.0)
Downloading mpl_sphinx_theme-3.9.0-py3-none-any.whl (53 kB)
Downloading sphinxcontrib_svg2pdfconverter-1.3.0-py3-none-any.whl (7.9 kB)
Downloading pikepdf-9.10.2-cp313-cp313-manylinux_2_27_x86_64.manylinux_2_28_x86_64.whl (2.6 MB)
   ━━━━━━━━━━━━━━━━━━━━━━━━━━━━━━━━━━━━━━━━ 2.6/2.6 MB 3.6 MB/s  0:00:00
Downloading lxml-6.0.0-cp313-cp313-manylinux_2_27_x86_64.manylinux_2_28_x86_64.whl (5.2 MB)
   ━━━━━━━━━━━━━━━━━━━━━━━━━━━━━━━━━━━━━━━━ 5.2/5.2 MB 15.0 MB/s  0:00:00
Downloading Deprecated-1.2.18-py2.py3-none-any.whl (10.0 kB)
Downloading wrapt-1.17.3-cp313-cp313-manylinux1_x86_64.manylinux_2_28_x86_64.manylinux_2_5_x86_64.whl (88 kB)
Downloading matplotlib-3.10.5-cp313-cp313-manylinux2014_x86_64.manylinux_2_17_x86_64.whl (8.7 MB)
   ━━━━━━━━━━━━━━━━━━━━━━━━━━━━━━━━━━━━━━━━ 8.7/8.7 MB 7.6 MB/s  0:00:01
Installing collected packages: wrapt, lxml, matplotlib, Deprecated, sphinxcontrib-svg2pdfconverter, pikepdf, mpl-sphinx-theme

Successfully installed Deprecated-1.2.18 lxml-6.0.0 matplotlib-3.10.5 mpl-sphinx-theme-3.9.0 pikepdf-9.10.2 sphinxcontrib-svg2pdfconverter-1.3.0 wrapt-1.17.3
2025-08-21 05:58:51,778 - INFO - done
2025-08-21 05:58:51,778 - INFO - #
# To activate this environment, use
#
#     $ conda activate testbed
#
# To deactivate an active environment, use
#
#     $ conda deactivate
2025-08-21 05:58:52,016 - INFO - + conda activate testbed
+ local cmd=activate
+ case "$cmd" in
+ __conda_activate activate testbed
+ '[' -n '' ']'
+ local ask_conda
2025-08-21 05:58:52,016 - INFO - ++ PS1='(base) '
++ __conda_exe shell.posix activate testbed
2025-08-21 05:58:52,017 - INFO - ++ /opt/miniconda3/bin/conda shell.posix activate testbed
2025-08-21 05:58:52,115 - INFO - + ask_conda='PS1='\''(testbed) '\''
export PATH='\''/opt/miniconda3/envs/testbed/bin:/opt/miniconda3/condabin:/opt/miniconda3/bin:/usr/local/sbin:/usr/local/bin:/usr/sbin:/usr/bin:/sbin:/bin'\''
export CONDA_PREFIX='\''/opt/miniconda3/envs/testbed'\''
export CONDA_SHLVL='\''2'\''
export CONDA_DEFAULT_ENV='\''testbed'\''
export CONDA_PROMPT_MODIFIER='\''(testbed) '\''
export CONDA_PREFIX_1='\''/opt/miniconda3'\''
export CONDA_EXE='\''/opt/miniconda3/bin/conda'\''
export _CE_M='\'''\''
export _CE_CONDA='\'''\''
export CONDA_PYTHON_EXE='\''/opt/miniconda3/bin/python'\''
. "/opt/miniconda3/envs/testbed/etc/conda/activate.d/libglib_activate.sh"
. "/opt/miniconda3/envs/testbed/etc/conda/activate.d/libxml2_activate.sh"'
+ eval 'PS1='\''(testbed) '\''
export PATH='\''/opt/miniconda3/envs/testbed/bin:/opt/miniconda3/condabin:/opt/miniconda3/bin:/usr/local/sbin:/usr/local/bin:/usr/sbin:/usr/bin:/sbin:/bin'\''
export CONDA_PREFIX='\''/opt/miniconda3/envs/testbed'\''
export CONDA_SHLVL='\''2'\''
export CONDA_DEFAULT_ENV='\''testbed'\''
export CONDA_PROMPT_MODIFIER='\''(testbed) '\''
export CONDA_PREFIX_1='\''/opt/miniconda3'\''
export CONDA_EXE='\''/opt/miniconda3/bin/conda'\''
export _CE_M='\'''\''
export _CE_CONDA='\'''\''
export CONDA_PYTHON_EXE='\''/opt/miniconda3/bin/python'\''
. "/opt/miniconda3/envs/testbed/etc/conda/activate.d/libglib_activate.sh"
. "/opt/miniconda3/envs/testbed/etc/conda/activate.d/libxml2_activate.sh"'
++ PS1='(testbed) '
++ export PATH=/opt/miniconda3/envs/testbed/bin:/opt/miniconda3/condabin:/opt/miniconda3/bin:/usr/local/sbin:/usr/local/bin:/usr/sbin:/usr/bin:/sbin:/bin
++ PATH=/opt/miniconda3/envs/testbed/bin:/opt/miniconda3/condabin:/opt/miniconda3/bin:/usr/local/sbin:/usr/local/bin:/usr/sbin:/usr/bin:/sbin:/bin
++ export CONDA_PREFIX=/opt/miniconda3/envs/testbed
++ CONDA_PREFIX=/opt/miniconda3/envs/testbed
++ export CONDA_SHLVL=2
++ CONDA_SHLVL=2
++ export CONDA_DEFAULT_ENV=testbed
++ CONDA_DEFAULT_ENV=testbed
++ export 'CONDA_PROMPT_MODIFIER=(testbed) '
++ CONDA_PROMPT_MODIFIER='(testbed) '
++ export CONDA_PREFIX_1=/opt/miniconda3
++ CONDA_PREFIX_1=/opt/miniconda3
++ export CONDA_EXE=/opt/miniconda3/bin/conda
++ CONDA_EXE=/opt/miniconda3/bin/conda
++ export _CE_M=
++ _CE_M=
++ export _CE_CONDA=
++ _CE_CONDA=
++ export CONDA_PYTHON_EXE=/opt/miniconda3/bin/python
++ CONDA_PYTHON_EXE=/opt/miniconda3/bin/python
2025-08-21 05:58:52,115 - INFO - ++ . /opt/miniconda3/envs/testbed/etc/conda/activate.d/libglib_activate.sh
2025-08-21 05:58:52,115 - INFO - +++ export GSETTINGS_SCHEMA_DIR_CONDA_BACKUP=
+++ GSETTINGS_SCHEMA_DIR_CONDA_BACKUP=
+++ export GSETTINGS_SCHEMA_DIR=/opt/miniconda3/envs/testbed/share/glib-2.0/schemas
+++ GSETTINGS_SCHEMA_DIR=/opt/miniconda3/envs/testbed/share/glib-2.0/schemas
++ . /opt/miniconda3/envs/testbed/etc/conda/activate.d/libxml2_activate.sh
+++ test -n ''
+++ xml_catalog_files_libxml2=
+++ XML_CATALOG_FILES=
2025-08-21 05:58:52,115 - INFO - +++ conda_catalog_files=
2025-08-21 05:58:52,115 - INFO - +++ ifs_libxml2=' 	
'
+++ IFS=' '
+++ rem=/opt/miniconda3/envs/testbed
+++ for pre in ${rem}
+++ test '' = /opt/miniconda3/envs/testbed
+++ conda_catalog_files=/opt/miniconda3/envs/testbed
+++ rem=
+++ IFS=' 	
'
+++ conda_catalog_files='file:///opt/miniconda3/envs/testbed/etc/xml/catalog file:///etc/xml/catalog'
+++ export 'XML_CATALOG_FILES=file:///opt/miniconda3/envs/testbed/etc/xml/catalog file:///etc/xml/catalog'
+++ XML_CATALOG_FILES='file:///opt/miniconda3/envs/testbed/etc/xml/catalog file:///etc/xml/catalog'
+++ unset conda_catalog_files ifs_libxml2 rem
2025-08-21 05:58:52,115 - INFO - + __conda_hashr
+ '[' -n '' ']'
+ '[' -n '' ']'
+ hash -r
+ conda install python=3.11 -y
+ local cmd=install
2025-08-21 05:58:52,115 - INFO - + case "$cmd" in
+ __conda_exe install python=3.11 -y
2025-08-21 05:58:52,116 - INFO - + /opt/miniconda3/bin/conda install python=3.11 -y
2025-08-21 05:58:57,865 - INFO - Channels:
 - defaults
 - conda-forge
Platform: linux-64
Collecting package metadata (repodata.json): ...working...
2025-08-21 05:59:23,450 - INFO - done
Solving environment: ...working...
2025-08-21 05:59:29,999 - INFO - done
2025-08-21 05:59:59,214 - INFO - ## Package Plan ##

  environment location: /opt/miniconda3/envs/testbed

  added / updated specs:
    - python=3.11


The following packages will be downloaded:

    package                    |            build
    ---------------------------|-----------------
    blas-2.134                 |         openblas          19 KB  conda-forge
    blas-devel-3.9.0           |34_h1ea3ea9_openblas          19 KB  conda-forge
    bottleneck-1.4.2           |  py311hf4808d0_0         145 KB
    brotli-python-1.0.9        |  py311h6a678d5_9         356 KB
    certifi-2025.8.3           |  py311h06a4308_0         159 KB
    cffi-1.17.1                |  py311h1fdaa30_1         311 KB
    contourpy-1.3.1            |  py311hdb19cb5_0         277 KB
    coverage-7.6.9             |  py311h5eee18b_0         383 KB
    debugpy-1.8.11             |  py311h6a678d5_0         2.6 MB
    fonttools-4.55.3           |  py311h5eee18b_0         3.0 MB
    kiwisolver-1.4.8           |  py311h6a678d5_0          71 KB
    liblapacke-3.9.0           |34_he2f377e_openblas          19 KB  conda-forge
    libnsl-2.0.1               |       hb9d3cd8_1          33 KB  conda-forge
    markupsafe-3.0.2           |  py311h5eee18b_0          27 KB
    numexpr-2.11.0             |  py311hbaae466_0         211 KB
    numpy-2.3.1                |  py311h7610711_0          11 KB
    numpy-base-2.3.1           |  py311h150128d_0         9.2 MB
    openblas-0.3.30            |pthreads_h6ec200e_2         5.8 MB  conda-forge
    pandas-2.3.1               |  py311h277b779_0        15.7 MB
    pillow-11.3.0              |  py311h1322bbf_0        41.1 MB  conda-forge
    pip-25.1                   |     pyhc872135_2         1.3 MB
    psutil-5.9.0               |  py311h5eee18b_1         502 KB
    pycairo-1.23.0             |  py311h57c37a8_1         135 KB
    pygobject-3.50.0           |  py311hba7ce5e_1         441 KB  conda-forge
    pyqt-5.15.10               |  py311h6a678d5_1         5.7 MB
    pyqt5-sip-12.13.0          |  py311h5eee18b_1          95 KB
    python-3.11.13             |h9e4cc4f_0_cpython        29.2 MB  conda-forge
    python_abi-3.11            |          8_cp311           7 KB  conda-forge
    pyyaml-6.0.2               |  py311h5eee18b_0         223 KB
    pyzmq-26.2.0               |  py311h6a678d5_0         401 KB
    rpds-py-0.22.3             |  py311h4aa5aa6_0         369 KB
    setuptools-72.1.0          |  py311h06a4308_0         3.0 MB
    sip-6.7.12                 |  py311h6a678d5_1         607 KB
    tornado-6.5.1              |  py311h5eee18b_0         899 KB
    ukkonen-1.0.1              |  py311hdb19cb5_1          12 KB
    unicodedata2-15.1.0        |  py311h5eee18b_1         519 KB
    wheel-0.45.1               |  py311h06a4308_0         151 KB
    wxpython-4.2.3             |  py311h03de2dd_3        13.9 MB  conda-forge
    ------------------------------------------------------------
                                           Total:       136.7 MB

The following NEW packages will be INSTALLED:

  blas               conda-forge/linux-64::blas-2.134-openblas 
  blas-devel         conda-forge/linux-64::blas-devel-3.9.0-34_h1ea3ea9_openblas 
  bottleneck         pkgs/main/linux-64::bottleneck-1.4.2-py311hf4808d0_0 
  liblapacke         conda-forge/linux-64::liblapacke-3.9.0-34_he2f377e_openblas 
  libnsl             conda-forge/linux-64::libnsl-2.0.1-hb9d3cd8_1 
  numexpr            pkgs/main/linux-64::numexpr-2.11.0-py311hbaae466_0 
  numpy-base         pkgs/main/linux-64::numpy-base-2.3.1-py311h150128d_0 
  openblas           conda-forge/linux-64::openblas-0.3.30-pthreads_h6ec200e_2 
  unicodedata2       pkgs/main/linux-64::unicodedata2-15.1.0-py311h5eee18b_1 
  wheel              pkgs/main/linux-64::wheel-0.45.1-py311h06a4308_0 

The following packages will be UPDATED:

  cffi               conda-forge::cffi-1.17.1-py313hfab6e8~ --> pkgs/main::cffi-1.17.1-py311h1fdaa30_1 

The following packages will be SUPERSEDED by a higher-priority channel:

  brotli-python      conda-forge::brotli-python-1.1.0-py31~ --> pkgs/main::brotli-python-1.0.9-py311h6a678d5_9 
  certifi            conda-forge/noarch::certifi-2025.8.3-~ --> pkgs/main/linux-64::certifi-2025.8.3-py311h06a4308_0 
  contourpy          conda-forge::contourpy-1.3.3-py313h70~ --> pkgs/main::contourpy-1.3.1-py311hdb19cb5_0 
  coverage           conda-forge::coverage-7.10.4-py313h3d~ --> pkgs/main::coverage-7.6.9-py311h5eee18b_0 
  debugpy            conda-forge::debugpy-1.8.16-py313h5d5~ --> pkgs/main::debugpy-1.8.11-py311h6a678d5_0 
  fonttools          conda-forge::fonttools-4.59.1-py313h3~ --> pkgs/main::fonttools-4.55.3-py311h5eee18b_0 
  kiwisolver         conda-forge::kiwisolver-1.4.9-py313hc~ --> pkgs/main::kiwisolver-1.4.8-py311h6a678d5_0 
  markupsafe         conda-forge::markupsafe-3.0.2-py313h8~ --> pkgs/main::markupsafe-3.0.2-py311h5eee18b_0 
  numpy              conda-forge::numpy-2.3.2-py313hf6604e~ --> pkgs/main::numpy-2.3.1-py311h7610711_0 
  pandas             conda-forge::pandas-2.3.1-py313h08cd8~ --> pkgs/main::pandas-2.3.1-py311h277b779_0 
  pip                    conda-forge::pip-25.2-pyh145f28c_0 --> pkgs/main::pip-25.1-pyhc872135_2 
  psutil             conda-forge::psutil-7.0.0-py313h536fd~ --> pkgs/main::psutil-5.9.0-py311h5eee18b_1 
  pycairo            conda-forge::pycairo-1.28.0-py313h926~ --> pkgs/main::pycairo-1.23.0-py311h57c37a8_1 
  pyqt               conda-forge::pyqt-5.15.11-py313h53ddd~ --> pkgs/main::pyqt-5.15.10-py311h6a678d5_1 
  pyqt5-sip          conda-forge::pyqt5-sip-12.17.0-py313h~ --> pkgs/main::pyqt5-sip-12.13.0-py311h5eee18b_1 
  pyyaml             conda-forge::pyyaml-6.0.2-py313h8060a~ --> pkgs/main::pyyaml-6.0.2-py311h5eee18b_0 
  pyzmq              conda-forge::pyzmq-27.0.1-py313hb9b05~ --> pkgs/main::pyzmq-26.2.0-py311h6a678d5_0 
  rpds-py            conda-forge::rpds-py-0.27.0-py313h843~ --> pkgs/main::rpds-py-0.22.3-py311h4aa5aa6_0 
  setuptools         conda-forge/noarch::setuptools-80.9.0~ --> pkgs/main/linux-64::setuptools-72.1.0-py311h06a4308_0 
  sip                conda-forge::sip-6.10.0-py313h46c70d0~ --> pkgs/main::sip-6.7.12-py311h6a678d5_1 
  tornado            conda-forge::tornado-6.5.2-py313h07c4~ --> pkgs/main::tornado-6.5.1-py311h5eee18b_0 
  ukkonen            conda-forge::ukkonen-1.0.1-py313h33d0~ --> pkgs/main::ukkonen-1.0.1-py311hdb19cb5_1 
  zstandard          conda-forge::zstandard-0.23.0-py313h5~ --> pkgs/main::zstandard-0.19.0-py311h5eee18b_0 

The following packages will be DOWNGRADED:

  pillow                             11.3.0-py313h8db990d_0 --> 11.3.0-py311h1322bbf_0 
  pygobject                          3.50.0-py313heb4b809_1 --> 3.50.0-py311hba7ce5e_1 
  python                          3.13.5-hec9711d_102_cp313 --> 3.11.13-h9e4cc4f_0_cpython 
  python_abi                                   3.13-8_cp313 --> 3.11-8_cp311 
  wxpython                            4.2.3-py313hd2f8dc0_3 --> 4.2.3-py311h03de2dd_3 



Downloading and Extracting Packages: ...working... done
Preparing transaction: ...working...
2025-08-21 06:00:00,302 - INFO - done
Verifying transaction: ...working...
2025-08-21 06:00:02,484 - INFO - done
2025-08-21 06:00:02,487 - INFO - Executing transaction: ...working...
2025-08-21 06:00:15,090 - INFO - done
2025-08-21 06:00:18,837 - INFO - + __conda_reactivate
+ local ask_conda
2025-08-21 06:00:18,837 - INFO - ++ PS1='(testbed) '
++ __conda_exe shell.posix reactivate
2025-08-21 06:00:18,838 - INFO - ++ /opt/miniconda3/bin/conda shell.posix reactivate
2025-08-21 06:00:18,938 - INFO - + ask_conda='. "/opt/miniconda3/envs/testbed/etc/conda/deactivate.d/libxml2_deactivate.sh"
. "/opt/miniconda3/envs/testbed/etc/conda/deactivate.d/libglib_deactivate.sh"
PS1='\''(testbed) '\''
export PATH='\''/opt/miniconda3/envs/testbed/bin:/opt/miniconda3/condabin:/opt/miniconda3/bin:/usr/local/sbin:/usr/local/bin:/usr/sbin:/usr/bin:/sbin:/bin'\''
export CONDA_SHLVL='\''2'\''
export CONDA_PROMPT_MODIFIER='\''(testbed) '\''
. "/opt/miniconda3/envs/testbed/etc/conda/activate.d/libglib_activate.sh"
. "/opt/miniconda3/envs/testbed/etc/conda/activate.d/libxml2_activate.sh"'
+ eval '. "/opt/miniconda3/envs/testbed/etc/conda/deactivate.d/libxml2_deactivate.sh"
. "/opt/miniconda3/envs/testbed/etc/conda/deactivate.d/libglib_deactivate.sh"
PS1='\''(testbed) '\''
export PATH='\''/opt/miniconda3/envs/testbed/bin:/opt/miniconda3/condabin:/opt/miniconda3/bin:/usr/local/sbin:/usr/local/bin:/usr/sbin:/usr/bin:/sbin:/bin'\''
export CONDA_SHLVL='\''2'\''
export CONDA_PROMPT_MODIFIER='\''(testbed) '\''
. "/opt/miniconda3/envs/testbed/etc/conda/activate.d/libglib_activate.sh"
. "/opt/miniconda3/envs/testbed/etc/conda/activate.d/libxml2_activate.sh"'
++ . /opt/miniconda3/envs/testbed/etc/conda/deactivate.d/libxml2_deactivate.sh
+++ test -n ''
+++ unset XML_CATALOG_FILES
+++ unset xml_catalog_files_libxml2
2025-08-21 06:00:18,938 - INFO - ++ . /opt/miniconda3/envs/testbed/etc/conda/deactivate.d/libglib_deactivate.sh
+++ export GSETTINGS_SCHEMA_DIR=
+++ GSETTINGS_SCHEMA_DIR=
+++ unset GSETTINGS_SCHEMA_DIR_CONDA_BACKUP
+++ '[' -z ']'
+++ unset GSETTINGS_SCHEMA_DIR
++ PS1='(testbed) '
++ export PATH=/opt/miniconda3/envs/testbed/bin:/opt/miniconda3/condabin:/opt/miniconda3/bin:/usr/local/sbin:/usr/local/bin:/usr/sbin:/usr/bin:/sbin:/bin
++ PATH=/opt/miniconda3/envs/testbed/bin:/opt/miniconda3/condabin:/opt/miniconda3/bin:/usr/local/sbin:/usr/local/bin:/usr/sbin:/usr/bin:/sbin:/bin
++ export CONDA_SHLVL=2
++ CONDA_SHLVL=2
++ export 'CONDA_PROMPT_MODIFIER=(testbed) '
++ CONDA_PROMPT_MODIFIER='(testbed) '
++ . /opt/miniconda3/envs/testbed/etc/conda/activate.d/libglib_activate.sh
+++ export GSETTINGS_SCHEMA_DIR_CONDA_BACKUP=
+++ GSETTINGS_SCHEMA_DIR_CONDA_BACKUP=
+++ export GSETTINGS_SCHEMA_DIR=/opt/miniconda3/envs/testbed/share/glib-2.0/schemas
+++ GSETTINGS_SCHEMA_DIR=/opt/miniconda3/envs/testbed/share/glib-2.0/schemas
++ . /opt/miniconda3/envs/testbed/etc/conda/activate.d/libxml2_activate.sh
+++ test -n ''
+++ xml_catalog_files_libxml2=
+++ XML_CATALOG_FILES=
+++ conda_catalog_files=
+++ ifs_libxml2=' 	
'
+++ IFS=' '
+++ rem=/opt/miniconda3/envs/testbed
+++ for pre in ${rem}
+++ test '' = /opt/miniconda3/envs/testbed
+++ conda_catalog_files=/opt/miniconda3/envs/testbed
+++ rem=
+++ IFS=' 	
'
+++ conda_catalog_files='file:///opt/miniconda3/envs/testbed/etc/xml/catalog file:///etc/xml/catalog'
+++ export 'XML_CATALOG_FILES=file:///opt/miniconda3/envs/testbed/etc/xml/catalog file:///etc/xml/catalog'
+++ XML_CATALOG_FILES='file:///opt/miniconda3/envs/testbed/etc/xml/catalog file:///etc/xml/catalog'
2025-08-21 06:00:18,938 - INFO - +++ unset conda_catalog_files ifs_libxml2 rem
+ __conda_hashr
+ '[' -n '' ']'
+ '[' -n '' ']'
+ hash -r
2025-08-21 06:00:18,938 - INFO - + rm environment.yml
2025-08-21 06:00:18,939 - INFO - + conda activate testbed
+ local cmd=activate
+ case "$cmd" in
+ __conda_activate activate testbed
+ '[' -n '' ']'
+ local ask_conda
2025-08-21 06:00:18,939 - INFO - ++ PS1='(testbed) '
++ __conda_exe shell.posix activate testbed
2025-08-21 06:00:18,940 - INFO - ++ /opt/miniconda3/bin/conda shell.posix activate testbed
2025-08-21 06:00:19,077 - INFO - + ask_conda='. "/opt/miniconda3/envs/testbed/etc/conda/deactivate.d/libxml2_deactivate.sh"
. "/opt/miniconda3/envs/testbed/etc/conda/deactivate.d/libglib_deactivate.sh"
PS1='\''(testbed) '\''
export PATH='\''/opt/miniconda3/envs/testbed/bin:/opt/miniconda3/condabin:/opt/miniconda3/bin:/usr/local/sbin:/usr/local/bin:/usr/sbin:/usr/bin:/sbin:/bin'\''
export CONDA_SHLVL='\''2'\''
export CONDA_PROMPT_MODIFIER='\''(testbed) '\''
. "/opt/miniconda3/envs/testbed/etc/conda/activate.d/libglib_activate.sh"
. "/opt/miniconda3/envs/testbed/etc/conda/activate.d/libxml2_activate.sh"'
+ eval '. "/opt/miniconda3/envs/testbed/etc/conda/deactivate.d/libxml2_deactivate.sh"
. "/opt/miniconda3/envs/testbed/etc/conda/deactivate.d/libglib_deactivate.sh"
PS1='\''(testbed) '\''
export PATH='\''/opt/miniconda3/envs/testbed/bin:/opt/miniconda3/condabin:/opt/miniconda3/bin:/usr/local/sbin:/usr/local/bin:/usr/sbin:/usr/bin:/sbin:/bin'\''
export CONDA_SHLVL='\''2'\''
export CONDA_PROMPT_MODIFIER='\''(testbed) '\''
. "/opt/miniconda3/envs/testbed/etc/conda/activate.d/libglib_activate.sh"
. "/opt/miniconda3/envs/testbed/etc/conda/activate.d/libxml2_activate.sh"'
++ . /opt/miniconda3/envs/testbed/etc/conda/deactivate.d/libxml2_deactivate.sh
+++ test -n ''
+++ unset XML_CATALOG_FILES
+++ unset xml_catalog_files_libxml2
++ . /opt/miniconda3/envs/testbed/etc/conda/deactivate.d/libglib_deactivate.sh
2025-08-21 06:00:19,077 - INFO - +++ export GSETTINGS_SCHEMA_DIR=
+++ GSETTINGS_SCHEMA_DIR=
+++ unset GSETTINGS_SCHEMA_DIR_CONDA_BACKUP
2025-08-21 06:00:19,077 - INFO - +++ '[' -z ']'
+++ unset GSETTINGS_SCHEMA_DIR
++ PS1='(testbed) '
++ export PATH=/opt/miniconda3/envs/testbed/bin:/opt/miniconda3/condabin:/opt/miniconda3/bin:/usr/local/sbin:/usr/local/bin:/usr/sbin:/usr/bin:/sbin:/bin
++ PATH=/opt/miniconda3/envs/testbed/bin:/opt/miniconda3/condabin:/opt/miniconda3/bin:/usr/local/sbin:/usr/local/bin:/usr/sbin:/usr/bin:/sbin:/bin
++ export CONDA_SHLVL=2
++ CONDA_SHLVL=2
++ export 'CONDA_PROMPT_MODIFIER=(testbed) '
++ CONDA_PROMPT_MODIFIER='(testbed) '
++ . /opt/miniconda3/envs/testbed/etc/conda/activate.d/libglib_activate.sh
+++ export GSETTINGS_SCHEMA_DIR_CONDA_BACKUP=
+++ GSETTINGS_SCHEMA_DIR_CONDA_BACKUP=
+++ export GSETTINGS_SCHEMA_DIR=/opt/miniconda3/envs/testbed/share/glib-2.0/schemas
+++ GSETTINGS_SCHEMA_DIR=/opt/miniconda3/envs/testbed/share/glib-2.0/schemas
++ . /opt/miniconda3/envs/testbed/etc/conda/activate.d/libxml2_activate.sh
+++ test -n ''
+++ xml_catalog_files_libxml2=
+++ XML_CATALOG_FILES=
+++ conda_catalog_files=
+++ ifs_libxml2=' 	
'
+++ IFS=' '
+++ rem=/opt/miniconda3/envs/testbed
+++ for pre in ${rem}
+++ test '' = /opt/miniconda3/envs/testbed
+++ conda_catalog_files=/opt/miniconda3/envs/testbed
+++ rem=
+++ IFS=' 	
'
+++ conda_catalog_files='file:///opt/miniconda3/envs/testbed/etc/xml/catalog file:///etc/xml/catalog'
+++ export 'XML_CATALOG_FILES=file:///opt/miniconda3/envs/testbed/etc/xml/catalog file:///etc/xml/catalog'
+++ XML_CATALOG_FILES='file:///opt/miniconda3/envs/testbed/etc/xml/catalog file:///etc/xml/catalog'
+++ unset conda_catalog_files ifs_libxml2 rem
+ __conda_hashr
+ '[' -n '' ']'
+ '[' -n '' ']'
+ hash -r
+ python -m pip install contourpy==1.1.0 cycler==0.11.0 fonttools==4.42.1 ghostscript kiwisolver==1.4.5 numpy==1.25.2 packaging==23.1 pillow==10.0.0 pikepdf pyparsing==3.0.9 python-dateutil==2.8.2 six==1.16.0 setuptools==68.1.2 setuptools-scm==7.1.0 typing-extensions==4.7.1
2025-08-21 06:00:21,341 - INFO - Collecting contourpy==1.1.0
2025-08-21 06:00:22,035 - INFO - Downloading contourpy-1.1.0-cp311-cp311-manylinux_2_17_x86_64.manylinux2014_x86_64.whl.metadata (5.7 kB)
2025-08-21 06:00:22,646 - INFO - Collecting cycler==0.11.0
2025-08-21 06:00:22,827 - INFO - Downloading cycler-0.11.0-py3-none-any.whl.metadata (785 bytes)
2025-08-21 06:00:23,575 - INFO - Collecting fonttools==4.42.1
2025-08-21 06:00:23,695 - INFO - Downloading fonttools-4.42.1-cp311-cp311-manylinux_2_17_x86_64.manylinux2014_x86_64.whl.metadata (150 kB)
2025-08-21 06:00:24,769 - INFO - Collecting ghostscript
2025-08-21 06:00:24,890 - INFO - Downloading ghostscript-0.8.1-py3-none-any.whl.metadata (4.4 kB)
2025-08-21 06:00:25,770 - INFO - Collecting kiwisolver==1.4.5
2025-08-21 06:00:25,945 - INFO - Downloading kiwisolver-1.4.5-cp311-cp311-manylinux_2_17_x86_64.manylinux2014_x86_64.whl.metadata (6.4 kB)
2025-08-21 06:00:26,715 - INFO - Collecting numpy==1.25.2
2025-08-21 06:00:26,855 - INFO - Downloading numpy-1.25.2-cp311-cp311-manylinux_2_17_x86_64.manylinux2014_x86_64.whl.metadata (5.6 kB)
2025-08-21 06:00:27,247 - INFO - Collecting packaging==23.1
2025-08-21 06:00:27,413 - INFO - Downloading packaging-23.1-py3-none-any.whl.metadata (3.1 kB)
2025-08-21 06:00:28,300 - INFO - Collecting pillow==10.0.0
2025-08-21 06:00:28,426 - INFO - Downloading Pillow-10.0.0-cp311-cp311-manylinux_2_28_x86_64.whl.metadata (9.5 kB)
2025-08-21 06:00:29,157 - INFO - Collecting pikepdf
2025-08-21 06:00:29,328 - INFO - Downloading pikepdf-9.10.2-cp311-cp311-manylinux_2_27_x86_64.manylinux_2_28_x86_64.whl.metadata (8.1 kB)
2025-08-21 06:00:29,625 - INFO - Collecting pyparsing==3.0.9
2025-08-21 06:00:29,850 - INFO - Downloading pyparsing-3.0.9-py3-none-any.whl.metadata (4.2 kB)
2025-08-21 06:00:30,176 - INFO - Collecting python-dateutil==2.8.2
2025-08-21 06:00:30,330 - INFO - Downloading python_dateutil-2.8.2-py2.py3-none-any.whl.metadata (8.2 kB)
2025-08-21 06:00:30,582 - INFO - Collecting six==1.16.0
2025-08-21 06:00:30,784 - INFO - Downloading six-1.16.0-py2.py3-none-any.whl.metadata (1.8 kB)
2025-08-21 06:00:31,933 - INFO - Collecting setuptools==68.1.2
2025-08-21 06:00:32,129 - INFO - Downloading setuptools-68.1.2-py3-none-any.whl.metadata (6.2 kB)
2025-08-21 06:00:32,937 - INFO - Collecting setuptools-scm==7.1.0
2025-08-21 06:00:33,150 - INFO - Downloading setuptools_scm-7.1.0-py3-none-any.whl.metadata (24 kB)
2025-08-21 06:00:33,738 - INFO - Collecting typing-extensions==4.7.1
2025-08-21 06:00:33,846 - INFO - Downloading typing_extensions-4.7.1-py3-none-any.whl.metadata (3.1 kB)
2025-08-21 06:00:33,875 - INFO - INFO: pip is looking at multiple versions of pikepdf to determine which version is compatible with other requirements. This could take a while.
2025-08-21 06:00:33,875 - INFO - Collecting pikepdf
2025-08-21 06:00:33,986 - INFO - Downloading pikepdf-9.10.1-cp311-cp311-manylinux_2_27_x86_64.manylinux_2_28_x86_64.whl.metadata (8.1 kB)
2025-08-21 06:00:34,112 - INFO - Downloading pikepdf-9.10.0-cp311-cp311-manylinux_2_27_x86_64.manylinux_2_28_x86_64.whl.metadata (8.1 kB)
2025-08-21 06:00:34,234 - INFO - Downloading pikepdf-9.9.0-cp311-cp311-manylinux_2_27_x86_64.manylinux_2_28_x86_64.whl.metadata (8.1 kB)
2025-08-21 06:00:34,347 - INFO - Downloading pikepdf-9.8.1-cp311-cp311-manylinux_2_17_x86_64.manylinux2014_x86_64.whl.metadata (8.2 kB)
2025-08-21 06:00:34,476 - INFO - Downloading pikepdf-9.8.0-cp311-cp311-manylinux_2_17_x86_64.manylinux2014_x86_64.whl.metadata (8.2 kB)
2025-08-21 06:00:34,599 - INFO - Downloading pikepdf-9.7.0-cp311-cp311-manylinux_2_17_x86_64.manylinux2014_x86_64.whl.metadata (8.1 kB)
2025-08-21 06:00:34,720 - INFO - Downloading pikepdf-9.6.0-cp311-cp311-manylinux_2_17_x86_64.manylinux2014_x86_64.whl.metadata (8.1 kB)
2025-08-21 06:00:34,734 - INFO - INFO: pip is still looking at multiple versions of pikepdf to determine which version is compatible with other requirements. This could take a while.
2025-08-21 06:00:34,844 - INFO - Downloading pikepdf-9.5.2-cp311-cp311-manylinux_2_17_x86_64.manylinux2014_x86_64.whl.metadata (8.1 kB)
2025-08-21 06:00:34,969 - INFO - Downloading pikepdf-9.5.1-cp311-cp311-manylinux_2_17_x86_64.manylinux2014_x86_64.whl.metadata (8.1 kB)
2025-08-21 06:00:35,093 - INFO - Downloading pikepdf-9.5.0-cp311-cp311-manylinux_2_17_x86_64.manylinux2014_x86_64.whl.metadata (8.1 kB)
2025-08-21 06:00:35,211 - INFO - Downloading pikepdf-9.4.2-cp311-cp311-manylinux_2_17_x86_64.manylinux2014_x86_64.whl.metadata (8.2 kB)
2025-08-21 06:00:35,336 - INFO - Downloading pikepdf-9.4.1-cp311-cp311-manylinux_2_17_x86_64.manylinux2014_x86_64.whl.metadata (8.2 kB)
2025-08-21 06:00:35,350 - INFO - INFO: This is taking longer than usual. You might need to provide the dependency resolver with stricter constraints to reduce runtime. See https://pip.pypa.io/warnings/backtracking for guidance. If you want to abort this run, press Ctrl + C.
2025-08-21 06:00:35,501 - INFO - Downloading pikepdf-9.4.0-cp311-cp311-manylinux_2_17_x86_64.manylinux2014_x86_64.whl.metadata (8.2 kB)
2025-08-21 06:00:35,631 - INFO - Downloading pikepdf-9.3.0-cp311-cp311-manylinux_2_17_x86_64.manylinux2014_x86_64.whl.metadata (8.2 kB)
2025-08-21 06:00:35,994 - INFO - Downloading pikepdf-9.2.1-cp311-cp311-manylinux_2_17_x86_64.manylinux2014_x86_64.whl.metadata (8.2 kB)
2025-08-21 06:00:36,109 - INFO - Downloading pikepdf-9.2.0-cp311-cp311-manylinux_2_17_x86_64.manylinux2014_x86_64.whl.metadata (8.1 kB)
2025-08-21 06:00:36,230 - INFO - Downloading pikepdf-9.1.2-cp311-cp311-manylinux_2_17_x86_64.manylinux2014_x86_64.whl.metadata (8.1 kB)
2025-08-21 06:00:36,354 - INFO - Downloading pikepdf-9.1.1-cp311-cp311-manylinux_2_17_x86_64.manylinux2014_x86_64.whl.metadata (8.1 kB)
2025-08-21 06:00:36,478 - INFO - Downloading pikepdf-9.1.0-cp311-cp311-manylinux_2_17_x86_64.manylinux2014_x86_64.whl.metadata (8.2 kB)
2025-08-21 06:00:36,605 - INFO - Downloading pikepdf-9.0.0-cp311-cp311-manylinux_2_17_x86_64.manylinux2014_x86_64.whl.metadata (8.5 kB)
2025-08-21 06:00:36,733 - INFO - Downloading pikepdf-8.15.1-cp311-cp311-manylinux_2_17_x86_64.manylinux2014_x86_64.whl.metadata (8.5 kB)
2025-08-21 06:00:36,874 - INFO - Downloading pikepdf-8.15.0-cp311-cp311-manylinux_2_17_x86_64.manylinux2014_x86_64.whl.metadata (8.5 kB)
2025-08-21 06:00:37,005 - INFO - Downloading pikepdf-8.14.0-cp311-cp311-manylinux_2_17_x86_64.manylinux2014_x86_64.whl.metadata (8.6 kB)
2025-08-21 06:00:37,128 - INFO - Downloading pikepdf-8.13.0-cp311-cp311-manylinux_2_17_x86_64.manylinux2014_x86_64.whl.metadata (8.6 kB)
2025-08-21 06:00:37,251 - INFO - Downloading pikepdf-8.12.0-cp311-cp311-manylinux_2_17_x86_64.manylinux2014_x86_64.whl.metadata (8.6 kB)
2025-08-21 06:00:37,371 - INFO - Downloading pikepdf-8.11.2-cp311-cp311-manylinux_2_17_x86_64.manylinux2014_x86_64.whl.metadata (8.6 kB)
2025-08-21 06:00:37,527 - INFO - Downloading pikepdf-8.11.1-cp311-cp311-manylinux_2_17_x86_64.manylinux2014_x86_64.whl.metadata (8.6 kB)
2025-08-21 06:00:37,650 - INFO - Downloading pikepdf-8.11.0-cp311-cp311-manylinux_2_17_x86_64.manylinux2014_x86_64.whl.metadata (8.5 kB)
2025-08-21 06:00:38,001 - INFO - Downloading pikepdf-8.10.1-cp311-cp311-manylinux_2_17_x86_64.manylinux2014_x86_64.whl.metadata (8.5 kB)
2025-08-21 06:00:38,123 - INFO - Downloading pikepdf-8.10.0-cp311-cp311-manylinux_2_17_x86_64.manylinux2014_x86_64.whl.metadata (8.5 kB)
2025-08-21 06:00:38,477 - INFO - Downloading pikepdf-8.9.0-cp311-cp311-manylinux_2_17_x86_64.manylinux2014_x86_64.whl.metadata (8.5 kB)
2025-08-21 06:00:38,851 - INFO - Downloading pikepdf-8.8.0-cp311-cp311-manylinux_2_17_x86_64.manylinux2014_x86_64.whl.metadata (8.6 kB)
2025-08-21 06:00:38,974 - INFO - Downloading pikepdf-8.7.1-cp311-cp311-manylinux_2_17_x86_64.manylinux2014_x86_64.whl.metadata (8.6 kB)
2025-08-21 06:00:39,091 - INFO - Downloading pikepdf-8.7.0-cp311-cp311-manylinux_2_17_x86_64.manylinux2014_x86_64.whl.metadata (8.6 kB)
2025-08-21 06:00:39,208 - INFO - Downloading pikepdf-8.6.0-cp311-cp311-manylinux_2_17_x86_64.manylinux2014_x86_64.whl.metadata (8.6 kB)
2025-08-21 06:00:39,328 - INFO - Downloading pikepdf-8.5.3-cp311-cp311-manylinux_2_17_x86_64.manylinux2014_x86_64.whl.metadata (8.6 kB)
2025-08-21 06:00:39,465 - INFO - Downloading pikepdf-8.5.2-cp311-cp311-manylinux_2_17_x86_64.manylinux2014_x86_64.whl.metadata (8.6 kB)
2025-08-21 06:00:39,587 - INFO - Downloading pikepdf-8.5.1-cp311-cp311-manylinux_2_17_x86_64.manylinux2014_x86_64.whl.metadata (8.6 kB)
2025-08-21 06:00:39,706 - INFO - Downloading pikepdf-8.5.0-cp311-cp311-manylinux_2_17_x86_64.manylinux2014_x86_64.whl.metadata (8.6 kB)
2025-08-21 06:00:39,820 - INFO - Downloading pikepdf-8.4.1-cp311-cp311-manylinux_2_17_x86_64.manylinux2014_x86_64.whl.metadata (8.7 kB)
2025-08-21 06:00:39,953 - INFO - Collecting deprecation (from pikepdf)
2025-08-21 06:00:40,061 - INFO - Downloading deprecation-2.1.0-py2.py3-none-any.whl.metadata (4.6 kB)
2025-08-21 06:00:40,334 - INFO - Collecting lxml>=4.8 (from pikepdf)
2025-08-21 06:00:40,444 - INFO - Downloading lxml-6.0.0-cp311-cp311-manylinux_2_27_x86_64.manylinux_2_28_x86_64.whl.metadata (6.6 kB)
2025-08-21 06:00:40,565 - INFO - Downloading contourpy-1.1.0-cp311-cp311-manylinux_2_17_x86_64.manylinux2014_x86_64.whl (300 kB)
2025-08-21 06:00:40,854 - INFO - Downloading cycler-0.11.0-py3-none-any.whl (6.4 kB)
2025-08-21 06:00:40,967 - INFO - Downloading fonttools-4.42.1-cp311-cp311-manylinux_2_17_x86_64.manylinux2014_x86_64.whl (4.9 MB)
2025-08-21 06:00:41,513 - INFO - ━━━━━━━━━━━━━━━━━━━━━━━━━━━━━━━━━━━━━━━━ 4.9/4.9 MB 8.8 MB/s eta 0:00:00
2025-08-21 06:00:41,513 - INFO - 
2025-08-21 06:00:41,623 - INFO - Downloading kiwisolver-1.4.5-cp311-cp311-manylinux_2_17_x86_64.manylinux2014_x86_64.whl (1.4 MB)
2025-08-21 06:00:41,682 - INFO - ━━━━━━━━━━━━━━━━━━━━━━━━━━━━━━━━━━━━━━━━ 1.4/1.4 MB 21.5 MB/s eta 0:00:00
2025-08-21 06:00:41,683 - INFO - 
2025-08-21 06:00:41,799 - INFO - Downloading numpy-1.25.2-cp311-cp311-manylinux_2_17_x86_64.manylinux2014_x86_64.whl (18.2 MB)
2025-08-21 06:00:45,685 - INFO - ━━━━━━━━━━━━━━━━━━━━━━━━━━━━━━━━━━━━━━━━ 18.2/18.2 MB 4.6 MB/s eta 0:00:00
2025-08-21 06:00:45,685 - INFO - 
2025-08-21 06:00:45,832 - INFO - Downloading packaging-23.1-py3-none-any.whl (48 kB)
2025-08-21 06:00:46,068 - INFO - Downloading Pillow-10.0.0-cp311-cp311-manylinux_2_28_x86_64.whl (3.4 MB)
2025-08-21 06:00:46,741 - INFO - ━━━━━━━━━━━━━━━━━━━━━━━━━━━━━━━━━━━━━━━━ 3.4/3.4 MB 5.4 MB/s eta 0:00:00
2025-08-21 06:00:46,848 - INFO - Downloading pyparsing-3.0.9-py3-none-any.whl (98 kB)
2025-08-21 06:00:46,989 - INFO - Downloading python_dateutil-2.8.2-py2.py3-none-any.whl (247 kB)
2025-08-21 06:00:47,152 - INFO - Downloading six-1.16.0-py2.py3-none-any.whl (11 kB)
2025-08-21 06:00:47,266 - INFO - Downloading setuptools-68.1.2-py3-none-any.whl (805 kB)
2025-08-21 06:00:47,568 - INFO - ━━━━━━━━━━━━━━━━━━━━━━━━━━━━━━━━━━━━━━━━ 805.1/805.1 kB 2.2 MB/s eta 0:00:00
2025-08-21 06:00:47,569 - INFO - 
2025-08-21 06:00:47,678 - INFO - Downloading setuptools_scm-7.1.0-py3-none-any.whl (43 kB)
2025-08-21 06:00:47,799 - INFO - Downloading typing_extensions-4.7.1-py3-none-any.whl (33 kB)
2025-08-21 06:00:47,934 - INFO - Downloading ghostscript-0.8.1-py3-none-any.whl (25 kB)
2025-08-21 06:00:48,050 - INFO - Downloading pikepdf-8.4.1-cp311-cp311-manylinux_2_17_x86_64.manylinux2014_x86_64.whl (2.3 MB)
2025-08-21 06:00:48,517 - INFO - ━━━━━━━━━━━━━━━━━━━━━━━━━━━━━━━━━━━━━━━━ 2.3/2.3 MB 4.9 MB/s eta 0:00:00
2025-08-21 06:00:48,626 - INFO - Downloading lxml-6.0.0-cp311-cp311-manylinux_2_27_x86_64.manylinux_2_28_x86_64.whl (5.2 MB)
2025-08-21 06:00:49,409 - INFO - ━━━━━━━━━━━━━━━━━━━━━━━━━━━━━━━━━━━━━━━━ 5.2/5.2 MB 6.9 MB/s eta 0:00:00
2025-08-21 06:00:49,565 - INFO - Downloading deprecation-2.1.0-py2.py3-none-any.whl (11 kB)
2025-08-21 06:00:49,909 - INFO - Installing collected packages: ghostscript, typing-extensions, six, setuptools, pyparsing, pillow, packaging, numpy, lxml, kiwisolver, fonttools, cycler, setuptools-scm, python-dateutil, deprecation, contourpy, pikepdf
2025-08-21 06:00:49,937 - INFO - Attempting uninstall: typing-extensions
2025-08-21 06:00:49,940 - INFO - Found existing installation: typing_extensions 4.14.1
2025-08-21 06:00:49,943 - INFO - Uninstalling typing_extensions-4.14.1:
2025-08-21 06:00:50,043 - INFO - Successfully uninstalled typing_extensions-4.14.1
2025-08-21 06:00:50,097 - INFO - Attempting uninstall: six
2025-08-21 06:00:50,100 - INFO - Found existing installation: six 1.17.0
2025-08-21 06:00:50,102 - INFO - Uninstalling six-1.17.0:
2025-08-21 06:00:50,202 - INFO - Successfully uninstalled six-1.17.0
2025-08-21 06:00:50,222 - INFO - Attempting uninstall: setuptools
2025-08-21 06:00:50,227 - INFO - Found existing installation: setuptools 72.1.0
2025-08-21 06:00:50,230 - INFO - Uninstalling setuptools-72.1.0:
2025-08-21 06:00:50,327 - INFO - Successfully uninstalled setuptools-72.1.0
2025-08-21 06:00:50,709 - INFO - Attempting uninstall: pyparsing
2025-08-21 06:00:50,712 - INFO - Found existing installation: pyparsing 3.2.3
2025-08-21 06:00:50,715 - INFO - Uninstalling pyparsing-3.2.3:
2025-08-21 06:00:50,716 - INFO - Successfully uninstalled pyparsing-3.2.3
2025-08-21 06:00:50,870 - INFO - Attempting uninstall: pillow
2025-08-21 06:00:50,874 - INFO - Found existing installation: pillow 11.3.0
2025-08-21 06:00:50,884 - INFO - Uninstalling pillow-11.3.0:
2025-08-21 06:00:50,885 - INFO - Successfully uninstalled pillow-11.3.0
2025-08-21 06:00:51,093 - INFO - Attempting uninstall: packaging
2025-08-21 06:00:51,096 - INFO - Found existing installation: packaging 25.0
2025-08-21 06:00:51,098 - INFO - Uninstalling packaging-25.0:
2025-08-21 06:00:51,099 - INFO - Successfully uninstalled packaging-25.0
2025-08-21 06:00:51,130 - INFO - Attempting uninstall: numpy
2025-08-21 06:00:51,133 - INFO - Found existing installation: numpy 2.3.1
2025-08-21 06:00:51,184 - INFO - Uninstalling numpy-2.3.1:
2025-08-21 06:00:51,194 - INFO - Successfully uninstalled numpy-2.3.1
2025-08-21 06:00:53,294 - INFO - Attempting uninstall: kiwisolver
2025-08-21 06:00:53,297 - INFO - Found existing installation: kiwisolver 1.4.8
2025-08-21 06:00:53,299 - INFO - Uninstalling kiwisolver-1.4.8:
2025-08-21 06:00:53,299 - INFO - Successfully uninstalled kiwisolver-1.4.8
2025-08-21 06:00:53,327 - INFO - Attempting uninstall: fonttools
2025-08-21 06:00:53,335 - INFO - Found existing installation: fonttools 4.55.3
2025-08-21 06:00:53,360 - INFO - Uninstalling fonttools-4.55.3:
2025-08-21 06:00:53,365 - INFO - Successfully uninstalled fonttools-4.55.3
2025-08-21 06:00:54,131 - INFO - Attempting uninstall: cycler
2025-08-21 06:00:54,133 - INFO - Found existing installation: cycler 0.12.1
2025-08-21 06:00:54,135 - INFO - Uninstalling cycler-0.12.1:
2025-08-21 06:00:54,136 - INFO - Successfully uninstalled cycler-0.12.1
2025-08-21 06:00:54,152 - INFO - Attempting uninstall: setuptools-scm
2025-08-21 06:00:54,156 - INFO - Found existing installation: setuptools-scm 9.2.0
2025-08-21 06:00:54,164 - INFO - Uninstalling setuptools-scm-9.2.0:
2025-08-21 06:00:54,166 - INFO - Successfully uninstalled setuptools-scm-9.2.0
2025-08-21 06:00:54,201 - INFO - Attempting uninstall: python-dateutil
2025-08-21 06:00:54,205 - INFO - Found existing installation: python-dateutil 2.9.0.post0
2025-08-21 06:00:54,208 - INFO - Uninstalling python-dateutil-2.9.0.post0:
2025-08-21 06:00:54,209 - INFO - Successfully uninstalled python-dateutil-2.9.0.post0
2025-08-21 06:00:54,273 - INFO - Attempting uninstall: contourpy
2025-08-21 06:00:54,277 - INFO - Found existing installation: contourpy 1.3.1
2025-08-21 06:00:54,284 - INFO - Uninstalling contourpy-1.3.1:
2025-08-21 06:00:54,284 - INFO - Successfully uninstalled contourpy-1.3.1
2025-08-21 06:00:54,378 - INFO - 
2025-08-21 06:00:54,383 - INFO - Successfully installed contourpy-1.1.0 cycler-0.11.0 deprecation-2.1.0 fonttools-4.42.1 ghostscript-0.8.1 kiwisolver-1.4.5 lxml-6.0.0 numpy-1.25.2 packaging-23.1 pikepdf-8.4.1 pillow-10.0.0 pyparsing-3.0.9 python-dateutil-2.8.2 setuptools-68.1.2 setuptools-scm-7.1.0 six-1.16.0 typing-extensions-4.7.1
2025-08-21 06:00:54,383 - INFO - WARNING: Running pip as the 'root' user can result in broken permissions and conflicting behaviour with the system package manager, possibly rendering your system unusable. It is recommended to use a virtual environment instead: https://pip.pypa.io/warnings/venv. Use the --root-user-action option if you know what you are doing and want to suppress this warning.
2025-08-21 06:05:44,216 - INFO - ---> Removed intermediate container 2be3db0d6fb1
2025-08-21 06:05:44,217 - INFO - ---> 3dec2b27fc4a
2025-08-21 06:05:44,217 - INFO - Step 6/7 : WORKDIR /testbed/
2025-08-21 06:05:44,217 - INFO - 
2025-08-21 06:05:51,196 - INFO - ---> Running in 31fb81d0f358
2025-08-21 06:05:53,130 - INFO - ---> Removed intermediate container 31fb81d0f358
2025-08-21 06:05:53,130 - INFO - ---> 822227335141
2025-08-21 06:05:53,130 - INFO - Step 7/7 : RUN echo "source /opt/miniconda3/etc/profile.d/conda.sh && conda activate testbed" > /root/.bashrc
2025-08-21 06:05:53,130 - INFO - 
2025-08-21 06:05:54,764 - INFO - ---> Running in 3c1fcb4302de
2025-08-21 06:06:01,825 - INFO - ---> Removed intermediate container 3c1fcb4302de
2025-08-21 06:06:01,825 - INFO - ---> a1196abf48ce
2025-08-21 06:06:01,825 - INFO - Successfully built a1196abf48ce
2025-08-21 06:06:02,180 - INFO - Successfully tagged sweb.env.x86_64.7037e8c448a4b8ebfe9b13:latest
2025-08-21 06:06:02,236 - INFO - Image built successfully!
