2025-08-21 06:53:37,978 - INFO - Building image sweb.env.x86_64.5eaaa847da10fec7ef6772:latest
Using dockerfile:
FROM --platform=linux/x86_64 sweb.base.x86_64:latest

COPY ./setup_env.sh /root/
RUN sed -i -e 's/\r$//' /root/setup_env.sh
RUN chmod +x /root/setup_env.sh
RUN /bin/bash -c "source ~/.bashrc && /root/setup_env.sh"

WORKDIR /testbed/

# Automatically activate the testbed environment
RUN echo "source /opt/miniconda3/etc/profile.d/conda.sh && conda activate testbed" > /root/.bashrc

Adding (1) setup scripts to image build repo
2025-08-21 06:53:37,978 - INFO - [SETUP SCRIPT] setup_env.sh:
#!/bin/bash
set -euxo pipefail
source /opt/miniconda3/bin/activate
conda create -n testbed python=3.11 -y
cat <<'EOF_59812759871' > $HOME/requirements.txt
alabaster==0.7.13
babel==2.12.1
certifi==2022.12.7
charset-normalizer==3.1.0
docutils==0.17.1
idna==3.4
imagesize==1.4.1
jinja2==3.1.2
markupsafe==2.1.2
packaging==23.0
pallets-sphinx-themes==2.0.3
pygments==2.15.0
requests==2.28.2
snowballstemmer==2.2.0
sphinx==4.5.0
sphinx-issues==3.0.1
sphinx-tabs==3.3.1
sphinxcontrib-applehelp==1.0.4
sphinxcontrib-devhelp==1.0.2
sphinxcontrib-htmlhelp==2.0.1
sphinxcontrib-jsmath==1.0.1
sphinxcontrib-log-cabinet==1.0.1
sphinxcontrib-qthelp==1.0.3
sphinxcontrib-serializinghtml==1.1.5
urllib3==1.26.15
asgiref==3.6.0
iniconfig==2.0.0
packaging==23.0
pluggy==1.0.0
pytest==7.3.0
python-dotenv==1.0.0 ; python_version >= "3.8"
cffi==1.15.1
cryptography==40.0.1
mypy==1.2.0
mypy-extensions==1.0.0
pycparser==2.21
types-contextvars==2.4.7.2
types-dataclasses==0.6.6
types-setuptools==67.6.0.7
typing-extensions==4.5.0
build==0.10.0
cachetools==5.3.0
cfgv==3.3.1
chardet==5.1.0
click==8.1.3
colorama==0.4.6
distlib==0.3.6
filelock==3.11.0
identify==2.5.22
nodeenv==1.7.0
pip-compile-multi==2.6.2
pip-tools==6.13.0
platformdirs==3.2.0
pre-commit==3.2.2
pyproject-api==1.5.1
pyproject-hooks==1.0.0
pyyaml==6.0
toposort==1.10
tox==4.4.11
virtualenv==20.21.0
wheel==0.40.0

EOF_59812759871
conda activate testbed && python -m pip install -r $HOME/requirements.txt
rm $HOME/requirements.txt
conda activate testbed
python -m pip install setuptools==70.0.0 click==8.1.3 itsdangerous==2.1.2 Jinja2==3.1.2 MarkupSafe==2.1.1 Werkzeug==2.3.7

2025-08-21 06:53:37,979 - INFO - Building docker image sweb.env.x86_64.5eaaa847da10fec7ef6772:latest in logs/build_images/env/sweb.env.x86_64.5eaaa847da10fec7ef6772__latest with platform linux/x86_64
2025-08-21 06:53:38,014 - INFO - Step 1/7 : FROM --platform=linux/x86_64 sweb.base.x86_64:latest
2025-08-21 06:53:38,014 - INFO - 
2025-08-21 06:53:38,014 - INFO - ---> 5cca6898c8d9
2025-08-21 06:53:38,014 - INFO - Step 2/7 : COPY ./setup_env.sh /root/
2025-08-21 06:53:38,014 - INFO - 
2025-08-21 06:53:38,068 - INFO - ---> 3fdab86bc3d4
2025-08-21 06:53:38,068 - INFO - Step 3/7 : RUN sed -i -e 's/\r$//' /root/setup_env.sh
2025-08-21 06:53:38,068 - INFO - 
2025-08-21 06:53:38,099 - INFO - ---> Running in b46da76fb3b1
2025-08-21 06:53:38,489 - INFO - ---> Removed intermediate container b46da76fb3b1
2025-08-21 06:53:38,489 - INFO - ---> 15a8a8c0b403
2025-08-21 06:53:38,489 - INFO - Step 4/7 : RUN chmod +x /root/setup_env.sh
2025-08-21 06:53:38,489 - INFO - 
2025-08-21 06:53:38,520 - INFO - ---> Running in 69ed1967e2d6
2025-08-21 06:53:38,907 - INFO - ---> Removed intermediate container 69ed1967e2d6
2025-08-21 06:53:38,907 - INFO - ---> 7ad3befc973e
2025-08-21 06:53:38,907 - INFO - Step 5/7 : RUN /bin/bash -c "source ~/.bashrc && /root/setup_env.sh"
2025-08-21 06:53:38,907 - INFO - 
2025-08-21 06:53:38,933 - INFO - ---> Running in 40f35e575fa5
2025-08-21 06:53:39,294 - INFO - + source /opt/miniconda3/bin/activate
2025-08-21 06:53:39,295 - INFO - ++ _CONDA_ROOT=/opt/miniconda3
++ . /opt/miniconda3/etc/profile.d/conda.sh
2025-08-21 06:53:39,295 - INFO - +++ export CONDA_EXE=/opt/miniconda3/bin/conda
+++ CONDA_EXE=/opt/miniconda3/bin/conda
+++ export _CE_M=
+++ _CE_M=
+++ export _CE_CONDA=
+++ _CE_CONDA=
+++ export CONDA_PYTHON_EXE=/opt/miniconda3/bin/python
+++ CONDA_PYTHON_EXE=/opt/miniconda3/bin/python
2025-08-21 06:53:39,295 - INFO - +++ '[' -z '' ']'
+++ export CONDA_SHLVL=0
+++ CONDA_SHLVL=0
+++ '[' -n '' ']'
2025-08-21 06:53:39,295 - INFO - +++++ dirname /opt/miniconda3/bin/conda
2025-08-21 06:53:39,297 - INFO - ++++ dirname /opt/miniconda3/bin
2025-08-21 06:53:39,297 - INFO - +++ PATH=/opt/miniconda3/condabin:/opt/miniconda3/bin:/usr/local/sbin:/usr/local/bin:/usr/sbin:/usr/bin:/sbin:/bin
+++ export PATH
+++ '[' -z '' ']'
+++ PS1=
2025-08-21 06:53:39,298 - INFO - ++ conda activate
++ local cmd=activate
++ case "$cmd" in
++ __conda_activate activate
++ '[' -n '' ']'
++ local ask_conda
2025-08-21 06:53:39,298 - INFO - +++ PS1=
+++ __conda_exe shell.posix activate
2025-08-21 06:53:39,298 - INFO - +++ /opt/miniconda3/bin/conda shell.posix activate
2025-08-21 06:53:39,424 - INFO - ++ ask_conda='PS1='\''(base) '\''
export PATH='\''/opt/miniconda3/bin:/opt/miniconda3/condabin:/opt/miniconda3/bin:/usr/local/sbin:/usr/local/bin:/usr/sbin:/usr/bin:/sbin:/bin'\''
export CONDA_PREFIX='\''/opt/miniconda3'\''
export CONDA_SHLVL='\''1'\''
export CONDA_DEFAULT_ENV='\''base'\''
export CONDA_PROMPT_MODIFIER='\''(base) '\''
export CONDA_EXE='\''/opt/miniconda3/bin/conda'\''
export _CE_M='\'''\''
export _CE_CONDA='\'''\''
export CONDA_PYTHON_EXE='\''/opt/miniconda3/bin/python'\'''
++ eval 'PS1='\''(base) '\''
export PATH='\''/opt/miniconda3/bin:/opt/miniconda3/condabin:/opt/miniconda3/bin:/usr/local/sbin:/usr/local/bin:/usr/sbin:/usr/bin:/sbin:/bin'\''
export CONDA_PREFIX='\''/opt/miniconda3'\''
export CONDA_SHLVL='\''1'\''
export CONDA_DEFAULT_ENV='\''base'\''
export CONDA_PROMPT_MODIFIER='\''(base) '\''
export CONDA_EXE='\''/opt/miniconda3/bin/conda'\''
export _CE_M='\'''\''
export _CE_CONDA='\'''\''
export CONDA_PYTHON_EXE='\''/opt/miniconda3/bin/python'\'''
+++ PS1='(base) '
+++ export PATH=/opt/miniconda3/bin:/opt/miniconda3/condabin:/opt/miniconda3/bin:/usr/local/sbin:/usr/local/bin:/usr/sbin:/usr/bin:/sbin:/bin
+++ PATH=/opt/miniconda3/bin:/opt/miniconda3/condabin:/opt/miniconda3/bin:/usr/local/sbin:/usr/local/bin:/usr/sbin:/usr/bin:/sbin:/bin
+++ export CONDA_PREFIX=/opt/miniconda3
+++ CONDA_PREFIX=/opt/miniconda3
+++ export CONDA_SHLVL=1
+++ CONDA_SHLVL=1
+++ export CONDA_DEFAULT_ENV=base
+++ CONDA_DEFAULT_ENV=base
+++ export 'CONDA_PROMPT_MODIFIER=(base) '
+++ CONDA_PROMPT_MODIFIER='(base) '
+++ export CONDA_EXE=/opt/miniconda3/bin/conda
+++ CONDA_EXE=/opt/miniconda3/bin/conda
+++ export _CE_M=
+++ _CE_M=
+++ export _CE_CONDA=
+++ _CE_CONDA=
+++ export CONDA_PYTHON_EXE=/opt/miniconda3/bin/python
+++ CONDA_PYTHON_EXE=/opt/miniconda3/bin/python
++ __conda_hashr
++ '[' -n '' ']'
2025-08-21 06:53:39,424 - INFO - ++ '[' -n '' ']'
++ hash -r
+ conda create -n testbed python=3.11 -y
+ local cmd=create
+ case "$cmd" in
+ __conda_exe create -n testbed python=3.11 -y
2025-08-21 06:53:39,424 - INFO - + /opt/miniconda3/bin/conda create -n testbed python=3.11 -y
2025-08-21 06:53:39,963 - INFO - Channels:
 - defaults
 - conda-forge
Platform: linux-64
Collecting package metadata (repodata.json): ...working...
2025-08-21 06:54:36,965 - INFO - done
Solving environment: ...working...
2025-08-21 06:54:38,705 - INFO - done
2025-08-21 06:54:52,532 - INFO - ## Package Plan ##

  environment location: /opt/miniconda3/envs/testbed

  added / updated specs:
    - python=3.11


The following packages will be downloaded:

    package                    |            build
    ---------------------------|-----------------
    bzip2-1.0.8                |       h5eee18b_6         262 KB
    ca-certificates-2025.7.15  |       h06a4308_0         126 KB
    expat-2.7.1                |       h6a678d5_0         182 KB
    ld_impl_linux-64-2.40      |       h12ee557_0         710 KB
    libffi-3.4.4               |       h6a678d5_1         141 KB
    libxcb-1.17.0              |       h9b100fa_0         430 KB
    ncurses-6.5                |       h7934f7d_0         1.1 MB
    openssl-3.0.17             |       h5eee18b_0         5.2 MB
    pip-25.1                   |     pyhc872135_2         1.3 MB
    pthread-stubs-0.3          |       h0ce48e5_1           5 KB
    python-3.11.13             |       h1a3bd86_0        32.6 MB
    readline-8.3               |       hc2a1206_0         471 KB
    setuptools-78.1.1          |  py311h06a4308_0         2.3 MB
    sqlite-3.50.2              |       hb25bd0a_1         1.1 MB
    tk-8.6.15                  |       h54e0aa7_0         3.4 MB
    tzdata-2025b               |       h04d1e81_0         116 KB
    wheel-0.45.1               |  py311h06a4308_0         151 KB
    xorg-libx11-1.8.12         |       h9b100fa_1         895 KB
    xorg-libxau-1.0.12         |       h9b100fa_0          13 KB
    xorg-libxdmcp-1.1.5        |       h9b100fa_0          19 KB
    xorg-xorgproto-2024.1      |       h5eee18b_1         580 KB
    xz-5.6.4                   |       h5eee18b_1         567 KB
    zlib-1.2.13                |       h5eee18b_1         111 KB
    ------------------------------------------------------------
                                           Total:        51.7 MB

The following NEW packages will be INSTALLED:

  _libgcc_mutex      pkgs/main/linux-64::_libgcc_mutex-0.1-main 
  _openmp_mutex      pkgs/main/linux-64::_openmp_mutex-5.1-1_gnu 
  bzip2              pkgs/main/linux-64::bzip2-1.0.8-h5eee18b_6 
  ca-certificates    pkgs/main/linux-64::ca-certificates-2025.7.15-h06a4308_0 
  expat              pkgs/main/linux-64::expat-2.7.1-h6a678d5_0 
  ld_impl_linux-64   pkgs/main/linux-64::ld_impl_linux-64-2.40-h12ee557_0 
  libffi             pkgs/main/linux-64::libffi-3.4.4-h6a678d5_1 
  libgcc-ng          pkgs/main/linux-64::libgcc-ng-11.2.0-h1234567_1 
  libgomp            pkgs/main/linux-64::libgomp-11.2.0-h1234567_1 
  libstdcxx-ng       pkgs/main/linux-64::libstdcxx-ng-11.2.0-h1234567_1 
  libuuid            pkgs/main/linux-64::libuuid-1.41.5-h5eee18b_0 
  libxcb             pkgs/main/linux-64::libxcb-1.17.0-h9b100fa_0 
  ncurses            pkgs/main/linux-64::ncurses-6.5-h7934f7d_0 
  openssl            pkgs/main/linux-64::openssl-3.0.17-h5eee18b_0 
  pip                pkgs/main/noarch::pip-25.1-pyhc872135_2 
  pthread-stubs      pkgs/main/linux-64::pthread-stubs-0.3-h0ce48e5_1 
  python             pkgs/main/linux-64::python-3.11.13-h1a3bd86_0 
  readline           pkgs/main/linux-64::readline-8.3-hc2a1206_0 
  setuptools         pkgs/main/linux-64::setuptools-78.1.1-py311h06a4308_0 
  sqlite             pkgs/main/linux-64::sqlite-3.50.2-hb25bd0a_1 
  tk                 pkgs/main/linux-64::tk-8.6.15-h54e0aa7_0 
  tzdata             pkgs/main/noarch::tzdata-2025b-h04d1e81_0 
  wheel              pkgs/main/linux-64::wheel-0.45.1-py311h06a4308_0 
  xorg-libx11        pkgs/main/linux-64::xorg-libx11-1.8.12-h9b100fa_1 
  xorg-libxau        pkgs/main/linux-64::xorg-libxau-1.0.12-h9b100fa_0 
  xorg-libxdmcp      pkgs/main/linux-64::xorg-libxdmcp-1.1.5-h9b100fa_0 
  xorg-xorgproto     pkgs/main/linux-64::xorg-xorgproto-2024.1-h5eee18b_1 
  xz                 pkgs/main/linux-64::xz-5.6.4-h5eee18b_1 
  zlib               pkgs/main/linux-64::zlib-1.2.13-h5eee18b_1 



Downloading and Extracting Packages: ...working... done
Preparing transaction:
2025-08-21 06:54:52,533 - INFO - ...working...
2025-08-21 06:54:56,365 - INFO - done
Verifying transaction: ...working...
2025-08-21 06:54:58,192 - INFO - done
2025-08-21 06:54:58,193 - INFO - Executing transaction: ...working...
2025-08-21 06:55:05,889 - INFO - done
2025-08-21 06:55:05,925 - INFO - #
# To activate this environment, use
#
#     $ conda activate testbed
#
# To deactivate an active environment, use
#
#     $ conda deactivate
2025-08-21 06:55:06,030 - INFO - + cat
2025-08-21 06:55:06,031 - INFO - + conda activate testbed
+ local cmd=activate
+ case "$cmd" in
+ __conda_activate activate testbed
+ '[' -n '' ']'
2025-08-21 06:55:06,031 - INFO - + local ask_conda
2025-08-21 06:55:06,031 - INFO - ++ PS1='(base) '
++ __conda_exe shell.posix activate testbed
2025-08-21 06:55:06,032 - INFO - ++ /opt/miniconda3/bin/conda shell.posix activate testbed
2025-08-21 06:55:06,130 - INFO - + ask_conda='PS1='\''(testbed) '\''
export PATH='\''/opt/miniconda3/envs/testbed/bin:/opt/miniconda3/condabin:/opt/miniconda3/bin:/usr/local/sbin:/usr/local/bin:/usr/sbin:/usr/bin:/sbin:/bin'\''
export CONDA_PREFIX='\''/opt/miniconda3/envs/testbed'\''
export CONDA_SHLVL='\''2'\''
export CONDA_DEFAULT_ENV='\''testbed'\''
export CONDA_PROMPT_MODIFIER='\''(testbed) '\''
export CONDA_PREFIX_1='\''/opt/miniconda3'\''
export CONDA_EXE='\''/opt/miniconda3/bin/conda'\''
export _CE_M='\'''\''
export _CE_CONDA='\'''\''
export CONDA_PYTHON_EXE='\''/opt/miniconda3/bin/python'\'''
+ eval 'PS1='\''(testbed) '\''
export PATH='\''/opt/miniconda3/envs/testbed/bin:/opt/miniconda3/condabin:/opt/miniconda3/bin:/usr/local/sbin:/usr/local/bin:/usr/sbin:/usr/bin:/sbin:/bin'\''
export CONDA_PREFIX='\''/opt/miniconda3/envs/testbed'\''
export CONDA_SHLVL='\''2'\''
export CONDA_DEFAULT_ENV='\''testbed'\''
export CONDA_PROMPT_MODIFIER='\''(testbed) '\''
export CONDA_PREFIX_1='\''/opt/miniconda3'\''
export CONDA_EXE='\''/opt/miniconda3/bin/conda'\''
export _CE_M='\'''\''
export _CE_CONDA='\'''\''
export CONDA_PYTHON_EXE='\''/opt/miniconda3/bin/python'\'''
++ PS1='(testbed) '
++ export PATH=/opt/miniconda3/envs/testbed/bin:/opt/miniconda3/condabin:/opt/miniconda3/bin:/usr/local/sbin:/usr/local/bin:/usr/sbin:/usr/bin:/sbin:/bin
++ PATH=/opt/miniconda3/envs/testbed/bin:/opt/miniconda3/condabin:/opt/miniconda3/bin:/usr/local/sbin:/usr/local/bin:/usr/sbin:/usr/bin:/sbin:/bin
++ export CONDA_PREFIX=/opt/miniconda3/envs/testbed
++ CONDA_PREFIX=/opt/miniconda3/envs/testbed
++ export CONDA_SHLVL=2
++ CONDA_SHLVL=2
++ export CONDA_DEFAULT_ENV=testbed
++ CONDA_DEFAULT_ENV=testbed
++ export 'CONDA_PROMPT_MODIFIER=(testbed) '
++ CONDA_PROMPT_MODIFIER='(testbed) '
++ export CONDA_PREFIX_1=/opt/miniconda3
++ CONDA_PREFIX_1=/opt/miniconda3
++ export CONDA_EXE=/opt/miniconda3/bin/conda
++ CONDA_EXE=/opt/miniconda3/bin/conda
++ export _CE_M=
++ _CE_M=
++ export _CE_CONDA=
++ _CE_CONDA=
++ export CONDA_PYTHON_EXE=/opt/miniconda3/bin/python
++ CONDA_PYTHON_EXE=/opt/miniconda3/bin/python
+ __conda_hashr
+ '[' -n '' ']'
+ '[' -n '' ']'
+ hash -r
+ python -m pip install -r /root/requirements.txt
2025-08-21 06:55:07,113 - INFO - Collecting alabaster==0.7.13 (from -r /root/requirements.txt (line 1))
2025-08-21 06:55:07,519 - INFO - Downloading alabaster-0.7.13-py3-none-any.whl.metadata (3.0 kB)
2025-08-21 06:55:07,699 - INFO - Collecting babel==2.12.1 (from -r /root/requirements.txt (line 2))
2025-08-21 06:55:07,811 - INFO - Downloading Babel-2.12.1-py3-none-any.whl.metadata (1.3 kB)
2025-08-21 06:55:07,956 - INFO - Collecting certifi==2022.12.7 (from -r /root/requirements.txt (line 3))
2025-08-21 06:55:08,070 - INFO - Downloading certifi-2022.12.7-py3-none-any.whl.metadata (2.9 kB)
2025-08-21 06:55:08,385 - INFO - Collecting charset-normalizer==3.1.0 (from -r /root/requirements.txt (line 4))
2025-08-21 06:55:08,503 - INFO - Downloading charset_normalizer-3.1.0-cp311-cp311-manylinux_2_17_x86_64.manylinux2014_x86_64.whl.metadata (30 kB)
2025-08-21 06:55:08,713 - INFO - Collecting docutils==0.17.1 (from -r /root/requirements.txt (line 5))
2025-08-21 06:55:08,900 - INFO - Downloading docutils-0.17.1-py2.py3-none-any.whl.metadata (2.9 kB)
2025-08-21 06:55:09,979 - INFO - Collecting idna==3.4 (from -r /root/requirements.txt (line 6))
2025-08-21 06:55:10,210 - INFO - Downloading idna-3.4-py3-none-any.whl.metadata (9.8 kB)
2025-08-21 06:55:10,486 - INFO - Collecting imagesize==1.4.1 (from -r /root/requirements.txt (line 7))
2025-08-21 06:55:10,598 - INFO - Downloading imagesize-1.4.1-py2.py3-none-any.whl.metadata (1.5 kB)
2025-08-21 06:55:10,745 - INFO - Collecting jinja2==3.1.2 (from -r /root/requirements.txt (line 8))
2025-08-21 06:55:10,865 - INFO - Downloading Jinja2-3.1.2-py3-none-any.whl.metadata (3.5 kB)
2025-08-21 06:55:11,044 - INFO - Collecting markupsafe==2.1.2 (from -r /root/requirements.txt (line 9))
2025-08-21 06:55:11,157 - INFO - Downloading MarkupSafe-2.1.2-cp311-cp311-manylinux_2_17_x86_64.manylinux2014_x86_64.whl.metadata (3.2 kB)
2025-08-21 06:55:11,289 - INFO - Collecting packaging==23.0 (from -r /root/requirements.txt (line 10))
2025-08-21 06:55:11,402 - INFO - Downloading packaging-23.0-py3-none-any.whl.metadata (3.1 kB)
2025-08-21 06:55:11,771 - INFO - Collecting pallets-sphinx-themes==2.0.3 (from -r /root/requirements.txt (line 11))
2025-08-21 06:55:11,882 - INFO - Downloading Pallets_Sphinx_Themes-2.0.3-py3-none-any.whl.metadata (1.7 kB)
2025-08-21 06:55:12,026 - INFO - Collecting pygments==2.15.0 (from -r /root/requirements.txt (line 12))
2025-08-21 06:55:12,152 - INFO - Downloading Pygments-2.15.0-py3-none-any.whl.metadata (2.5 kB)
2025-08-21 06:55:12,290 - INFO - Collecting requests==2.28.2 (from -r /root/requirements.txt (line 13))
2025-08-21 06:55:12,417 - INFO - Downloading requests-2.28.2-py3-none-any.whl.metadata (4.6 kB)
2025-08-21 06:55:12,600 - INFO - Collecting snowballstemmer==2.2.0 (from -r /root/requirements.txt (line 14))
2025-08-21 06:55:12,716 - INFO - Downloading snowballstemmer-2.2.0-py2.py3-none-any.whl.metadata (6.5 kB)
2025-08-21 06:55:12,880 - INFO - Collecting sphinx==4.5.0 (from -r /root/requirements.txt (line 15))
2025-08-21 06:55:12,993 - INFO - Downloading Sphinx-4.5.0-py3-none-any.whl.metadata (7.9 kB)
2025-08-21 06:55:13,356 - INFO - Collecting sphinx-issues==3.0.1 (from -r /root/requirements.txt (line 16))
2025-08-21 06:55:13,481 - INFO - Downloading sphinx_issues-3.0.1-py3-none-any.whl.metadata (7.9 kB)
2025-08-21 06:55:13,945 - INFO - Collecting sphinx-tabs==3.3.1 (from -r /root/requirements.txt (line 17))
2025-08-21 06:55:14,752 - INFO - Downloading sphinx_tabs-3.3.1-py3-none-any.whl.metadata (6.3 kB)
2025-08-21 06:55:14,888 - INFO - Collecting sphinxcontrib-applehelp==1.0.4 (from -r /root/requirements.txt (line 18))
2025-08-21 06:55:15,001 - INFO - Downloading sphinxcontrib_applehelp-1.0.4-py3-none-any.whl.metadata (2.7 kB)
2025-08-21 06:55:15,127 - INFO - Collecting sphinxcontrib-devhelp==1.0.2 (from -r /root/requirements.txt (line 19))
2025-08-21 06:55:15,236 - INFO - Downloading sphinxcontrib_devhelp-1.0.2-py2.py3-none-any.whl.metadata (1.4 kB)
2025-08-21 06:55:15,361 - INFO - Collecting sphinxcontrib-htmlhelp==2.0.1 (from -r /root/requirements.txt (line 20))
2025-08-21 06:55:15,565 - INFO - Downloading sphinxcontrib_htmlhelp-2.0.1-py3-none-any.whl.metadata (2.8 kB)
2025-08-21 06:55:15,895 - INFO - Collecting sphinxcontrib-jsmath==1.0.1 (from -r /root/requirements.txt (line 21))
2025-08-21 06:55:16,055 - INFO - Downloading sphinxcontrib_jsmath-1.0.1-py2.py3-none-any.whl.metadata (1.4 kB)
2025-08-21 06:55:16,661 - INFO - Collecting sphinxcontrib-log-cabinet==1.0.1 (from -r /root/requirements.txt (line 22))
2025-08-21 06:55:16,795 - INFO - Downloading sphinxcontrib_log_cabinet-1.0.1-py2.py3-none-any.whl.metadata (1.3 kB)
2025-08-21 06:55:17,020 - INFO - Collecting sphinxcontrib-qthelp==1.0.3 (from -r /root/requirements.txt (line 23))
2025-08-21 06:55:17,152 - INFO - Downloading sphinxcontrib_qthelp-1.0.3-py2.py3-none-any.whl.metadata (1.4 kB)
2025-08-21 06:55:17,405 - INFO - Collecting sphinxcontrib-serializinghtml==1.1.5 (from -r /root/requirements.txt (line 24))
2025-08-21 06:55:17,587 - INFO - Downloading sphinxcontrib_serializinghtml-1.1.5-py2.py3-none-any.whl.metadata (1.5 kB)
2025-08-21 06:55:17,981 - INFO - Collecting urllib3==1.26.15 (from -r /root/requirements.txt (line 25))
2025-08-21 06:55:18,183 - INFO - Downloading urllib3-1.26.15-py2.py3-none-any.whl.metadata (48 kB)
2025-08-21 06:55:18,328 - INFO - Collecting asgiref==3.6.0 (from -r /root/requirements.txt (line 26))
2025-08-21 06:55:18,441 - INFO - Downloading asgiref-3.6.0-py3-none-any.whl.metadata (9.2 kB)
2025-08-21 06:55:18,566 - INFO - Collecting iniconfig==2.0.0 (from -r /root/requirements.txt (line 27))
2025-08-21 06:55:18,680 - INFO - Downloading iniconfig-2.0.0-py3-none-any.whl.metadata (2.6 kB)
2025-08-21 06:55:18,805 - INFO - Collecting pluggy==1.0.0 (from -r /root/requirements.txt (line 29))
2025-08-21 06:55:18,917 - INFO - Downloading pluggy-1.0.0-py2.py3-none-any.whl.metadata (4.3 kB)
2025-08-21 06:55:19,091 - INFO - Collecting pytest==7.3.0 (from -r /root/requirements.txt (line 30))
2025-08-21 06:55:19,205 - INFO - Downloading pytest-7.3.0-py3-none-any.whl.metadata (7.9 kB)
2025-08-21 06:55:19,335 - INFO - Collecting python-dotenv==1.0.0 (from -r /root/requirements.txt (line 31))
2025-08-21 06:55:19,449 - INFO - Downloading python_dotenv-1.0.0-py3-none-any.whl.metadata (21 kB)
2025-08-21 06:55:19,721 - INFO - Collecting cffi==1.15.1 (from -r /root/requirements.txt (line 32))
2025-08-21 06:55:19,833 - INFO - Downloading cffi-1.15.1-cp311-cp311-manylinux_2_17_x86_64.manylinux2014_x86_64.whl.metadata (1.1 kB)
2025-08-21 06:55:20,177 - INFO - Collecting cryptography==40.0.1 (from -r /root/requirements.txt (line 33))
2025-08-21 06:55:20,290 - INFO - Downloading cryptography-40.0.1-cp36-abi3-manylinux_2_28_x86_64.whl.metadata (5.4 kB)
2025-08-21 06:55:20,509 - INFO - Collecting mypy==1.2.0 (from -r /root/requirements.txt (line 34))
2025-08-21 06:55:20,850 - INFO - Downloading mypy-1.2.0-cp311-cp311-manylinux_2_17_x86_64.manylinux2014_x86_64.whl.metadata (1.9 kB)
2025-08-21 06:55:20,976 - INFO - Collecting mypy-extensions==1.0.0 (from -r /root/requirements.txt (line 35))
2025-08-21 06:55:21,088 - INFO - Downloading mypy_extensions-1.0.0-py3-none-any.whl.metadata (1.1 kB)
2025-08-21 06:55:21,211 - INFO - Collecting pycparser==2.21 (from -r /root/requirements.txt (line 36))
2025-08-21 06:55:21,322 - INFO - Downloading pycparser-2.21-py2.py3-none-any.whl.metadata (1.1 kB)
2025-08-21 06:55:21,695 - INFO - Collecting types-contextvars==2.4.7.2 (from -r /root/requirements.txt (line 37))
2025-08-21 06:55:21,806 - INFO - Downloading types_contextvars-2.4.7.2-py3-none-any.whl.metadata (1.3 kB)
2025-08-21 06:55:22,174 - INFO - Collecting types-dataclasses==0.6.6 (from -r /root/requirements.txt (line 38))
2025-08-21 06:55:22,285 - INFO - Downloading types_dataclasses-0.6.6-py3-none-any.whl.metadata (1.3 kB)
2025-08-21 06:55:22,435 - INFO - Collecting types-setuptools==67.6.0.7 (from -r /root/requirements.txt (line 39))
2025-08-21 06:55:22,548 - INFO - Downloading types_setuptools-67.6.0.7-py3-none-any.whl.metadata (1.3 kB)
2025-08-21 06:55:22,700 - INFO - Collecting typing-extensions==4.5.0 (from -r /root/requirements.txt (line 40))
2025-08-21 06:55:22,815 - INFO - Downloading typing_extensions-4.5.0-py3-none-any.whl.metadata (8.5 kB)
2025-08-21 06:55:22,948 - INFO - Collecting build==0.10.0 (from -r /root/requirements.txt (line 41))
2025-08-21 06:55:23,060 - INFO - Downloading build-0.10.0-py3-none-any.whl.metadata (4.1 kB)
2025-08-21 06:55:23,194 - INFO - Collecting cachetools==5.3.0 (from -r /root/requirements.txt (line 42))
2025-08-21 06:55:23,307 - INFO - Downloading cachetools-5.3.0-py3-none-any.whl.metadata (5.2 kB)
2025-08-21 06:55:23,431 - INFO - Collecting cfgv==3.3.1 (from -r /root/requirements.txt (line 43))
2025-08-21 06:55:23,586 - INFO - Downloading cfgv-3.3.1-py2.py3-none-any.whl.metadata (9.0 kB)
2025-08-21 06:55:23,817 - INFO - Collecting chardet==5.1.0 (from -r /root/requirements.txt (line 44))
2025-08-21 06:55:23,957 - INFO - Downloading chardet-5.1.0-py3-none-any.whl.metadata (3.4 kB)
2025-08-21 06:55:24,268 - INFO - Collecting click==8.1.3 (from -r /root/requirements.txt (line 45))
2025-08-21 06:55:24,398 - INFO - Downloading click-8.1.3-py3-none-any.whl.metadata (3.2 kB)
2025-08-21 06:55:24,741 - INFO - Collecting colorama==0.4.6 (from -r /root/requirements.txt (line 46))
2025-08-21 06:55:24,859 - INFO - Downloading colorama-0.4.6-py2.py3-none-any.whl.metadata (17 kB)
2025-08-21 06:55:25,185 - INFO - Collecting distlib==0.3.6 (from -r /root/requirements.txt (line 47))
2025-08-21 06:55:25,489 - INFO - Downloading distlib-0.3.6-py2.py3-none-any.whl.metadata (5.1 kB)
2025-08-21 06:55:26,617 - INFO - Collecting filelock==3.11.0 (from -r /root/requirements.txt (line 48))
2025-08-21 06:55:26,815 - INFO - Downloading filelock-3.11.0-py3-none-any.whl.metadata (2.5 kB)
2025-08-21 06:55:27,839 - INFO - Collecting identify==2.5.22 (from -r /root/requirements.txt (line 49))
2025-08-21 06:55:28,050 - INFO - Downloading identify-2.5.22-py2.py3-none-any.whl.metadata (4.4 kB)
2025-08-21 06:55:29,398 - INFO - Collecting nodeenv==1.7.0 (from -r /root/requirements.txt (line 50))
2025-08-21 06:55:29,512 - INFO - Downloading nodeenv-1.7.0-py2.py3-none-any.whl.metadata (21 kB)
2025-08-21 06:55:29,885 - INFO - Collecting pip-compile-multi==2.6.2 (from -r /root/requirements.txt (line 51))
2025-08-21 06:55:30,000 - INFO - Downloading pip_compile_multi-2.6.2-py2.py3-none-any.whl.metadata (9.7 kB)
2025-08-21 06:55:30,374 - INFO - Collecting pip-tools==6.13.0 (from -r /root/requirements.txt (line 52))
2025-08-21 06:55:30,720 - INFO - Downloading pip_tools-6.13.0-py3-none-any.whl.metadata (23 kB)
2025-08-21 06:55:30,856 - INFO - Collecting platformdirs==3.2.0 (from -r /root/requirements.txt (line 53))
2025-08-21 06:55:31,201 - INFO - Downloading platformdirs-3.2.0-py3-none-any.whl.metadata (9.5 kB)
2025-08-21 06:55:31,351 - INFO - Collecting pre-commit==3.2.2 (from -r /root/requirements.txt (line 54))
2025-08-21 06:55:31,463 - INFO - Downloading pre_commit-3.2.2-py2.py3-none-any.whl.metadata (1.3 kB)
2025-08-21 06:55:31,731 - INFO - Collecting pyproject-api==1.5.1 (from -r /root/requirements.txt (line 55))
2025-08-21 06:55:32,068 - INFO - Downloading pyproject_api-1.5.1-py3-none-any.whl.metadata (2.6 kB)
2025-08-21 06:55:32,191 - INFO - Collecting pyproject-hooks==1.0.0 (from -r /root/requirements.txt (line 56))
2025-08-21 06:55:32,302 - INFO - Downloading pyproject_hooks-1.0.0-py3-none-any.whl.metadata (1.3 kB)
2025-08-21 06:55:32,447 - INFO - Collecting pyyaml==6.0 (from -r /root/requirements.txt (line 57))
2025-08-21 06:55:32,562 - INFO - Downloading PyYAML-6.0-cp311-cp311-manylinux_2_17_x86_64.manylinux2014_x86_64.whl.metadata (2.1 kB)
2025-08-21 06:55:32,690 - INFO - Collecting toposort==1.10 (from -r /root/requirements.txt (line 58))
2025-08-21 06:55:32,801 - INFO - Downloading toposort-1.10-py3-none-any.whl.metadata (4.1 kB)
2025-08-21 06:55:32,954 - INFO - Collecting tox==4.4.11 (from -r /root/requirements.txt (line 59))
2025-08-21 06:55:33,068 - INFO - Downloading tox-4.4.11-py3-none-any.whl.metadata (5.0 kB)
2025-08-21 06:55:33,226 - INFO - Collecting virtualenv==20.21.0 (from -r /root/requirements.txt (line 60))
2025-08-21 06:55:33,338 - INFO - Downloading virtualenv-20.21.0-py3-none-any.whl.metadata (4.1 kB)
2025-08-21 06:55:33,476 - INFO - Collecting wheel==0.40.0 (from -r /root/requirements.txt (line 61))
2025-08-21 06:55:33,591 - INFO - Downloading wheel-0.40.0-py3-none-any.whl.metadata (2.1 kB)
2025-08-21 06:55:33,746 - INFO - Requirement already satisfied: setuptools in /opt/miniconda3/envs/testbed/lib/python3.11/site-packages (from nodeenv==1.7.0->-r /root/requirements.txt (line 50)) (78.1.1)
2025-08-21 06:55:33,757 - INFO - Requirement already satisfied: pip>=22.2 in /opt/miniconda3/envs/testbed/lib/python3.11/site-packages (from pip-tools==6.13.0->-r /root/requirements.txt (line 52)) (25.1)
2025-08-21 06:55:33,949 - INFO - Downloading alabaster-0.7.13-py3-none-any.whl (13 kB)
2025-08-21 06:55:34,070 - INFO - Downloading Babel-2.12.1-py3-none-any.whl (10.1 MB)
2025-08-21 06:55:35,412 - INFO - ━━━━━━━━━━━━━━━━━━━━━━━━━━━━━━━━━━━━━━━━ 10.1/10.1 MB 8.0 MB/s eta 0:00:00
2025-08-21 06:55:35,523 - INFO - Downloading certifi-2022.12.7-py3-none-any.whl (155 kB)
2025-08-21 06:55:35,699 - INFO - Downloading charset_normalizer-3.1.0-cp311-cp311-manylinux_2_17_x86_64.manylinux2014_x86_64.whl (197 kB)
2025-08-21 06:55:35,828 - INFO - Downloading docutils-0.17.1-py2.py3-none-any.whl (575 kB)
2025-08-21 06:55:35,919 - INFO - ━━━━━━━━━━━━━━━━━━━━━━━━━━━━━━━━━━━━━━━━ 575.5/575.5 kB 5.8 MB/s eta 0:00:00
2025-08-21 06:55:36,031 - INFO - Downloading idna-3.4-py3-none-any.whl (61 kB)
2025-08-21 06:55:36,155 - INFO - Downloading imagesize-1.4.1-py2.py3-none-any.whl (8.8 kB)
2025-08-21 06:55:36,273 - INFO - Downloading Jinja2-3.1.2-py3-none-any.whl (133 kB)
2025-08-21 06:55:36,409 - INFO - Downloading MarkupSafe-2.1.2-cp311-cp311-manylinux_2_17_x86_64.manylinux2014_x86_64.whl (27 kB)
2025-08-21 06:55:36,523 - INFO - Downloading packaging-23.0-py3-none-any.whl (42 kB)
2025-08-21 06:55:36,648 - INFO - Downloading Pallets_Sphinx_Themes-2.0.3-py3-none-any.whl (26 kB)
2025-08-21 06:55:36,764 - INFO - Downloading Pygments-2.15.0-py3-none-any.whl (1.1 MB)
2025-08-21 06:55:36,935 - INFO - ━━━━━━━━━━━━━━━━━━━━━━━━━━━━━━━━━━━━━━━━ 1.1/1.1 MB 6.6 MB/s eta 0:00:00
2025-08-21 06:55:37,047 - INFO - Downloading requests-2.28.2-py3-none-any.whl (62 kB)
2025-08-21 06:55:37,172 - INFO - Downloading urllib3-1.26.15-py2.py3-none-any.whl (140 kB)
2025-08-21 06:55:37,303 - INFO - Downloading snowballstemmer-2.2.0-py2.py3-none-any.whl (93 kB)
2025-08-21 06:55:37,444 - INFO - Downloading Sphinx-4.5.0-py3-none-any.whl (3.1 MB)
2025-08-21 06:55:37,969 - INFO - ━━━━━━━━━━━━━━━━━━━━━━━━━━━━━━━━━━━━━━━━ 3.1/3.1 MB 5.6 MB/s eta 0:00:00
2025-08-21 06:55:37,969 - INFO - 
2025-08-21 06:55:38,081 - INFO - Downloading sphinx_issues-3.0.1-py3-none-any.whl (8.2 kB)
2025-08-21 06:55:38,205 - INFO - Downloading sphinx_tabs-3.3.1-py3-none-any.whl (10.0 kB)
2025-08-21 06:55:38,326 - INFO - Downloading sphinxcontrib_applehelp-1.0.4-py3-none-any.whl (120 kB)
2025-08-21 06:55:38,454 - INFO - Downloading sphinxcontrib_devhelp-1.0.2-py2.py3-none-any.whl (84 kB)
2025-08-21 06:55:38,583 - INFO - Downloading sphinxcontrib_htmlhelp-2.0.1-py3-none-any.whl (99 kB)
2025-08-21 06:55:38,709 - INFO - Downloading sphinxcontrib_jsmath-1.0.1-py2.py3-none-any.whl (5.1 kB)
2025-08-21 06:55:38,825 - INFO - Downloading sphinxcontrib_log_cabinet-1.0.1-py2.py3-none-any.whl (4.9 kB)
2025-08-21 06:55:38,945 - INFO - Downloading sphinxcontrib_qthelp-1.0.3-py2.py3-none-any.whl (90 kB)
2025-08-21 06:55:39,074 - INFO - Downloading sphinxcontrib_serializinghtml-1.1.5-py2.py3-none-any.whl (94 kB)
2025-08-21 06:55:39,206 - INFO - Downloading asgiref-3.6.0-py3-none-any.whl (23 kB)
2025-08-21 06:55:39,323 - INFO - Downloading iniconfig-2.0.0-py3-none-any.whl (5.9 kB)
2025-08-21 06:55:39,441 - INFO - Downloading pluggy-1.0.0-py2.py3-none-any.whl (13 kB)
2025-08-21 06:55:39,708 - INFO - Downloading pytest-7.3.0-py3-none-any.whl (320 kB)
2025-08-21 06:55:39,934 - INFO - Downloading python_dotenv-1.0.0-py3-none-any.whl (19 kB)
2025-08-21 06:55:40,057 - INFO - Downloading cffi-1.15.1-cp311-cp311-manylinux_2_17_x86_64.manylinux2014_x86_64.whl (462 kB)
2025-08-21 06:55:40,220 - INFO - Downloading cryptography-40.0.1-cp36-abi3-manylinux_2_28_x86_64.whl (3.7 MB)
2025-08-21 06:55:40,619 - INFO - ━━━━━━━━━━━━━━━━━━━━━━━━━━━━━━━━━━━━━━━━ 3.7/3.7 MB 9.2 MB/s eta 0:00:00
2025-08-21 06:55:40,620 - INFO - 
2025-08-21 06:55:40,733 - INFO - Downloading mypy-1.2.0-cp311-cp311-manylinux_2_17_x86_64.manylinux2014_x86_64.whl (12.1 MB)
2025-08-21 06:55:42,541 - INFO - ━━━━━━━━━━━━━━━━━━━━━━━━━━━━━━━━━━━━━━━━ 12.1/12.1 MB 6.6 MB/s eta 0:00:00
2025-08-21 06:55:42,541 - INFO - 
2025-08-21 06:55:42,653 - INFO - Downloading mypy_extensions-1.0.0-py3-none-any.whl (4.7 kB)
2025-08-21 06:55:42,772 - INFO - Downloading pycparser-2.21-py2.py3-none-any.whl (118 kB)
2025-08-21 06:55:42,892 - INFO - Downloading types_contextvars-2.4.7.2-py3-none-any.whl (2.7 kB)
2025-08-21 06:55:43,008 - INFO - Downloading types_dataclasses-0.6.6-py3-none-any.whl (2.9 kB)
2025-08-21 06:55:43,129 - INFO - Downloading types_setuptools-67.6.0.7-py3-none-any.whl (35 kB)
2025-08-21 06:55:43,250 - INFO - Downloading typing_extensions-4.5.0-py3-none-any.whl (27 kB)
2025-08-21 06:55:43,372 - INFO - Downloading build-0.10.0-py3-none-any.whl (17 kB)
2025-08-21 06:55:43,489 - INFO - Downloading cachetools-5.3.0-py3-none-any.whl (9.3 kB)
2025-08-21 06:55:43,620 - INFO - Downloading cfgv-3.3.1-py2.py3-none-any.whl (7.3 kB)
2025-08-21 06:55:43,764 - INFO - Downloading chardet-5.1.0-py3-none-any.whl (199 kB)
2025-08-21 06:55:43,896 - INFO - Downloading click-8.1.3-py3-none-any.whl (96 kB)
2025-08-21 06:55:44,017 - INFO - Downloading colorama-0.4.6-py2.py3-none-any.whl (25 kB)
2025-08-21 06:55:44,134 - INFO - Downloading distlib-0.3.6-py2.py3-none-any.whl (468 kB)
2025-08-21 06:55:44,327 - INFO - Downloading filelock-3.11.0-py3-none-any.whl (10.0 kB)
2025-08-21 06:55:44,448 - INFO - Downloading identify-2.5.22-py2.py3-none-any.whl (98 kB)
2025-08-21 06:55:44,571 - INFO - Downloading nodeenv-1.7.0-py2.py3-none-any.whl (21 kB)
2025-08-21 06:55:44,922 - INFO - Downloading pip_compile_multi-2.6.2-py2.py3-none-any.whl (41 kB)
2025-08-21 06:55:45,037 - INFO - Downloading pip_tools-6.13.0-py3-none-any.whl (53 kB)
2025-08-21 06:55:45,159 - INFO - Downloading platformdirs-3.2.0-py3-none-any.whl (14 kB)
2025-08-21 06:55:45,281 - INFO - Downloading pre_commit-3.2.2-py2.py3-none-any.whl (202 kB)
2025-08-21 06:55:45,414 - INFO - Downloading pyproject_api-1.5.1-py3-none-any.whl (12 kB)
2025-08-21 06:55:45,531 - INFO - Downloading pyproject_hooks-1.0.0-py3-none-any.whl (9.3 kB)
2025-08-21 06:55:45,646 - INFO - Downloading PyYAML-6.0-cp311-cp311-manylinux_2_17_x86_64.manylinux2014_x86_64.whl (757 kB)
2025-08-21 06:55:45,698 - INFO - ━━━━━━━━━━━━━━━━━━━━━━━━━━━━━━━━━━━━━━━━ 757.9/757.9 kB 12.3 MB/s eta 0:00:00
2025-08-21 06:55:45,699 - INFO - 
2025-08-21 06:55:45,810 - INFO - Downloading toposort-1.10-py3-none-any.whl (8.5 kB)
2025-08-21 06:55:45,951 - INFO - Downloading tox-4.4.11-py3-none-any.whl (148 kB)
2025-08-21 06:55:46,077 - INFO - Downloading virtualenv-20.21.0-py3-none-any.whl (8.7 MB)
2025-08-21 06:55:46,927 - INFO - ━━━━━━━━━━━━━━━━━━━━━━━━━━━━━━━━━━━━━━━━ 8.7/8.7 MB 10.1 MB/s eta 0:00:00
2025-08-21 06:55:47,039 - INFO - Downloading wheel-0.40.0-py3-none-any.whl (64 kB)
2025-08-21 06:55:47,285 - INFO - Installing collected packages: types-setuptools, types-dataclasses, types-contextvars, toposort, snowballstemmer, distlib, wheel, urllib3, typing-extensions, sphinxcontrib-serializinghtml, sphinxcontrib-qthelp, sphinxcontrib-jsmath, sphinxcontrib-htmlhelp, sphinxcontrib-devhelp, sphinxcontrib-applehelp, pyyaml, python-dotenv, pyproject-hooks, pygments, pycparser, pluggy, platformdirs, packaging, nodeenv, mypy-extensions, markupsafe, iniconfig, imagesize, idna, identify, filelock, docutils, colorama, click, charset-normalizer, chardet, cfgv, certifi, cachetools, babel, asgiref, alabaster, virtualenv, requests, pytest, pyproject-api, mypy, jinja2, cffi, build, tox, sphinx, pre-commit, pip-tools, cryptography, sphinxcontrib-log-cabinet, sphinx-tabs, sphinx-issues, pip-compile-multi, pallets-sphinx-themes
2025-08-21 06:55:47,495 - INFO - Attempting uninstall: wheel
2025-08-21 06:55:47,497 - INFO - Found existing installation: wheel 0.45.1
2025-08-21 06:55:47,500 - INFO - Uninstalling wheel-0.45.1:
2025-08-21 06:55:47,502 - INFO - Successfully uninstalled wheel-0.45.1
2025-08-21 06:55:52,457 - INFO - 
2025-08-21 06:55:52,461 - INFO - Successfully installed alabaster-0.7.13 asgiref-3.6.0 babel-2.12.1 build-0.10.0 cachetools-5.3.0 certifi-2022.12.7 cffi-1.15.1 cfgv-3.3.1 chardet-5.1.0 charset-normalizer-3.1.0 click-8.1.3 colorama-0.4.6 cryptography-40.0.1 distlib-0.3.6 docutils-0.17.1 filelock-3.11.0 identify-2.5.22 idna-3.4 imagesize-1.4.1 iniconfig-2.0.0 jinja2-3.1.2 markupsafe-2.1.2 mypy-1.2.0 mypy-extensions-1.0.0 nodeenv-1.7.0 packaging-23.0 pallets-sphinx-themes-2.0.3 pip-compile-multi-2.6.2 pip-tools-6.13.0 platformdirs-3.2.0 pluggy-1.0.0 pre-commit-3.2.2 pycparser-2.21 pygments-2.15.0 pyproject-api-1.5.1 pyproject-hooks-1.0.0 pytest-7.3.0 python-dotenv-1.0.0 pyyaml-6.0 requests-2.28.2 snowballstemmer-2.2.0 sphinx-4.5.0 sphinx-issues-3.0.1 sphinx-tabs-3.3.1 sphinxcontrib-applehelp-1.0.4 sphinxcontrib-devhelp-1.0.2 sphinxcontrib-htmlhelp-2.0.1 sphinxcontrib-jsmath-1.0.1 sphinxcontrib-log-cabinet-1.0.1 sphinxcontrib-qthelp-1.0.3 sphinxcontrib-serializinghtml-1.1.5 toposort-1.10 tox-4.4.11 types-contextvars-2.4.7.2 types-dataclasses-0.6.6 types-setuptools-67.6.0.7 typing-extensions-4.5.0 urllib3-1.26.15 virtualenv-20.21.0 wheel-0.40.0
2025-08-21 06:55:52,462 - INFO - WARNING: Running pip as the 'root' user can result in broken permissions and conflicting behaviour with the system package manager, possibly rendering your system unusable. It is recommended to use a virtual environment instead: https://pip.pypa.io/warnings/venv. Use the --root-user-action option if you know what you are doing and want to suppress this warning.
2025-08-21 06:55:53,174 - INFO - + rm /root/requirements.txt
2025-08-21 06:55:53,177 - INFO - + conda activate testbed
+ local cmd=activate
+ case "$cmd" in
+ __conda_activate activate testbed
+ '[' -n '' ']'
+ local ask_conda
2025-08-21 06:55:53,177 - INFO - ++ PS1='(testbed) '
++ __conda_exe shell.posix activate testbed
2025-08-21 06:55:53,178 - INFO - ++ /opt/miniconda3/bin/conda shell.posix activate testbed
2025-08-21 06:55:53,281 - INFO - + ask_conda='PS1='\''(testbed) '\''
export PATH='\''/opt/miniconda3/envs/testbed/bin:/opt/miniconda3/condabin:/opt/miniconda3/bin:/usr/local/sbin:/usr/local/bin:/usr/sbin:/usr/bin:/sbin:/bin'\''
export CONDA_SHLVL='\''2'\''
export CONDA_PROMPT_MODIFIER='\''(testbed) '\'''
+ eval 'PS1='\''(testbed) '\''
export PATH='\''/opt/miniconda3/envs/testbed/bin:/opt/miniconda3/condabin:/opt/miniconda3/bin:/usr/local/sbin:/usr/local/bin:/usr/sbin:/usr/bin:/sbin:/bin'\''
export CONDA_SHLVL='\''2'\''
export CONDA_PROMPT_MODIFIER='\''(testbed) '\'''
++ PS1='(testbed) '
++ export PATH=/opt/miniconda3/envs/testbed/bin:/opt/miniconda3/condabin:/opt/miniconda3/bin:/usr/local/sbin:/usr/local/bin:/usr/sbin:/usr/bin:/sbin:/bin
++ PATH=/opt/miniconda3/envs/testbed/bin:/opt/miniconda3/condabin:/opt/miniconda3/bin:/usr/local/sbin:/usr/local/bin:/usr/sbin:/usr/bin:/sbin:/bin
++ export CONDA_SHLVL=2
++ CONDA_SHLVL=2
++ export 'CONDA_PROMPT_MODIFIER=(testbed) '
++ CONDA_PROMPT_MODIFIER='(testbed) '
+ __conda_hashr
+ '[' -n '' ']'
+ '[' -n '' ']'
+ hash -r
+ python -m pip install setuptools==70.0.0 click==8.1.3 itsdangerous==2.1.2 Jinja2==3.1.2 MarkupSafe==2.1.1 Werkzeug==2.3.7
2025-08-21 06:55:54,200 - INFO - Collecting setuptools==70.0.0
2025-08-21 06:55:55,005 - INFO - Downloading setuptools-70.0.0-py3-none-any.whl.metadata (5.9 kB)
2025-08-21 06:55:55,018 - INFO - Requirement already satisfied: click==8.1.3 in /opt/miniconda3/envs/testbed/lib/python3.11/site-packages (8.1.3)
2025-08-21 06:55:55,129 - INFO - Collecting itsdangerous==2.1.2
2025-08-21 06:55:55,239 - INFO - Downloading itsdangerous-2.1.2-py3-none-any.whl.metadata (2.9 kB)
2025-08-21 06:55:55,251 - INFO - Requirement already satisfied: Jinja2==3.1.2 in /opt/miniconda3/envs/testbed/lib/python3.11/site-packages (3.1.2)
2025-08-21 06:55:55,402 - INFO - Collecting MarkupSafe==2.1.1
2025-08-21 06:55:55,517 - INFO - Downloading MarkupSafe-2.1.1.tar.gz (18 kB)
2025-08-21 06:55:55,549 - INFO - Preparing metadata (setup.py): started
2025-08-21 06:55:55,904 - INFO - Preparing metadata (setup.py): finished with status 'done'
2025-08-21 06:55:56,047 - INFO - Collecting Werkzeug==2.3.7
2025-08-21 06:55:56,156 - INFO - Downloading werkzeug-2.3.7-py3-none-any.whl.metadata (4.1 kB)
2025-08-21 06:55:56,278 - INFO - Downloading setuptools-70.0.0-py3-none-any.whl (863 kB)
2025-08-21 06:55:56,518 - INFO - ━━━━━━━━━━━━━━━━━━━━━━━━━━━━━━━━━━━━━━━━ 863.4/863.4 kB 6.1 MB/s eta 0:00:00
2025-08-21 06:55:56,518 - INFO - 
2025-08-21 06:55:56,624 - INFO - Downloading itsdangerous-2.1.2-py3-none-any.whl (15 kB)
2025-08-21 06:55:56,739 - INFO - Downloading werkzeug-2.3.7-py3-none-any.whl (242 kB)
2025-08-21 06:55:56,767 - INFO - Building wheels for collected packages: MarkupSafe
2025-08-21 06:55:56,769 - INFO - DEPRECATION: Building 'MarkupSafe' using the legacy setup.py bdist_wheel mechanism, which will be removed in a future version. pip 25.3 will enforce this behaviour change. A possible replacement is to use the standardized build interface by setting the `--use-pep517` option, (possibly combined with `--no-build-isolation`), or adding a `pyproject.toml` file to the source tree of 'MarkupSafe'. Discussion can be found at https://github.com/pypa/pip/issues/6334
2025-08-21 06:55:56,769 - INFO - Building wheel for MarkupSafe (setup.py): started
2025-08-21 06:55:58,462 - INFO - Building wheel for MarkupSafe (setup.py): finished with status 'done'
2025-08-21 06:55:58,463 - INFO - Created wheel for MarkupSafe: filename=markupsafe-2.1.1-cp311-cp311-linux_x86_64.whl size=14858 sha256=f7569a4bcb657724ac8ac4d3724b3ec59ea16a3f79cde7d7f3f8a1f085316cf0
2025-08-21 06:55:58,463 - INFO - Stored in directory: /root/.cache/pip/wheels/f2/8e/9e/4ee907ff6fb9e145722f0506c46ad9516302d1f424b43220e5
2025-08-21 06:55:58,464 - INFO - Successfully built MarkupSafe
2025-08-21 06:55:58,519 - INFO - Installing collected packages: setuptools, MarkupSafe, itsdangerous, Werkzeug
2025-08-21 06:55:58,521 - INFO - Attempting uninstall: setuptools
2025-08-21 06:55:58,523 - INFO - Found existing installation: setuptools 78.1.1
2025-08-21 06:55:58,529 - INFO - Uninstalling setuptools-78.1.1:
2025-08-21 06:55:58,574 - INFO - Successfully uninstalled setuptools-78.1.1
2025-08-21 06:55:59,233 - INFO - Attempting uninstall: MarkupSafe
2025-08-21 06:55:59,235 - INFO - Found existing installation: MarkupSafe 2.1.2
2025-08-21 06:55:59,236 - INFO - Uninstalling MarkupSafe-2.1.2:
2025-08-21 06:55:59,237 - INFO - Successfully uninstalled MarkupSafe-2.1.2
2025-08-21 06:55:59,391 - INFO - 
2025-08-21 06:55:59,396 - INFO - Successfully installed MarkupSafe-2.1.1 Werkzeug-2.3.7 itsdangerous-2.1.2 setuptools-70.0.0
2025-08-21 06:55:59,396 - INFO - WARNING: Running pip as the 'root' user can result in broken permissions and conflicting behaviour with the system package manager, possibly rendering your system unusable. It is recommended to use a virtual environment instead: https://pip.pypa.io/warnings/venv. Use the --root-user-action option if you know what you are doing and want to suppress this warning.
2025-08-21 06:56:58,893 - INFO - ---> Removed intermediate container 40f35e575fa5
2025-08-21 06:56:58,893 - INFO - ---> 41da3c28b57e
2025-08-21 06:56:58,893 - INFO - Step 6/7 : WORKDIR /testbed/
2025-08-21 06:56:58,893 - INFO - 
2025-08-21 06:56:59,259 - INFO - ---> Running in 44704f63ff14
2025-08-21 06:56:59,477 - INFO - ---> Removed intermediate container 44704f63ff14
2025-08-21 06:56:59,477 - INFO - ---> 77be2730d991
2025-08-21 06:56:59,477 - INFO - Step 7/7 : RUN echo "source /opt/miniconda3/etc/profile.d/conda.sh && conda activate testbed" > /root/.bashrc
2025-08-21 06:56:59,478 - INFO - 
2025-08-21 06:56:59,525 - INFO - ---> Running in be42ec9a94a7
2025-08-21 06:57:00,203 - INFO - ---> Removed intermediate container be42ec9a94a7
2025-08-21 06:57:00,204 - INFO - ---> 4b117552e86f
2025-08-21 06:57:00,204 - INFO - Successfully built 4b117552e86f
2025-08-21 06:57:00,210 - INFO - Successfully tagged sweb.env.x86_64.5eaaa847da10fec7ef6772:latest
2025-08-21 06:57:00,211 - INFO - Image built successfully!
