2025-08-21 04:57:46,516 - INFO - Building image sweb.env.x86_64.428468730904ff6b4232aa:latest
Using dockerfile:
FROM --platform=linux/x86_64 sweb.base.x86_64:latest

COPY ./setup_env.sh /root/
RUN sed -i -e 's/\r$//' /root/setup_env.sh
RUN chmod +x /root/setup_env.sh
RUN /bin/bash -c "source ~/.bashrc && /root/setup_env.sh"

WORKDIR /testbed/

# Automatically activate the testbed environment
RUN echo "source /opt/miniconda3/etc/profile.d/conda.sh && conda activate testbed" > /root/.bashrc

Adding (1) setup scripts to image build repo
2025-08-21 04:57:46,516 - INFO - [SETUP SCRIPT] setup_env.sh:
#!/bin/bash
set -euxo pipefail
source /opt/miniconda3/bin/activate
conda create -n testbed python=3.9  -y
conda activate testbed
python -m pip install attrs==23.1.0 exceptiongroup==1.1.3 execnet==2.0.2 hypothesis==6.82.6 iniconfig==2.0.0 numpy==1.25.2 packaging==23.1 pluggy==1.3.0 psutil==5.9.5 pyerfa==2.0.0.3 pytest-arraydiff==0.5.0 pytest-astropy-header==0.2.2 pytest-astropy==0.10.0 pytest-cov==4.1.0 pytest-doctestplus==1.0.0 pytest-filter-subpackage==0.1.2 pytest-mock==3.11.1 pytest-openfiles==0.5.0 pytest-remotedata==0.4.0 pytest-xdist==3.3.1 pytest==7.4.0 PyYAML==6.0.1 setuptools==68.0.0 sortedcontainers==2.4.0 tomli==2.0.1

2025-08-21 04:57:46,517 - INFO - Building docker image sweb.env.x86_64.428468730904ff6b4232aa:latest in logs/build_images/env/sweb.env.x86_64.428468730904ff6b4232aa__latest with platform linux/x86_64
2025-08-21 04:57:46,524 - INFO - Step 1/7 : FROM --platform=linux/x86_64 sweb.base.x86_64:latest
2025-08-21 04:57:46,524 - INFO - 
2025-08-21 04:57:46,524 - INFO - ---> 5cca6898c8d9
2025-08-21 04:57:46,524 - INFO - Step 2/7 : COPY ./setup_env.sh /root/
2025-08-21 04:57:46,524 - INFO - 
2025-08-21 04:57:46,610 - INFO - ---> 88b474574a3b
2025-08-21 04:57:46,610 - INFO - Step 3/7 : RUN sed -i -e 's/\r$//' /root/setup_env.sh
2025-08-21 04:57:46,610 - INFO - 
2025-08-21 04:57:46,656 - INFO - ---> Running in 2a487b7170e8
2025-08-21 04:57:47,045 - INFO - ---> Removed intermediate container 2a487b7170e8
2025-08-21 04:57:47,046 - INFO - ---> aab983e8c708
2025-08-21 04:57:47,046 - INFO - Step 4/7 : RUN chmod +x /root/setup_env.sh
2025-08-21 04:57:47,046 - INFO - 
2025-08-21 04:57:47,066 - INFO - ---> Running in 1c46cc4ed8c2
2025-08-21 04:57:47,529 - INFO - ---> Removed intermediate container 1c46cc4ed8c2
2025-08-21 04:57:47,529 - INFO - ---> 1d26b6b98e16
2025-08-21 04:57:47,529 - INFO - Step 5/7 : RUN /bin/bash -c "source ~/.bashrc && /root/setup_env.sh"
2025-08-21 04:57:47,530 - INFO - 
2025-08-21 04:57:47,567 - INFO - ---> Running in 9909439b6cb5
2025-08-21 04:57:47,773 - INFO - + source /opt/miniconda3/bin/activate
++ _CONDA_ROOT=/opt/miniconda3
++ . /opt/miniconda3/etc/profile.d/conda.sh
2025-08-21 04:57:47,773 - INFO - +++ export CONDA_EXE=/opt/miniconda3/bin/conda
+++ CONDA_EXE=/opt/miniconda3/bin/conda
+++ export _CE_M=
+++ _CE_M=
+++ export _CE_CONDA=
+++ _CE_CONDA=
+++ export CONDA_PYTHON_EXE=/opt/miniconda3/bin/python
+++ CONDA_PYTHON_EXE=/opt/miniconda3/bin/python
+++ '[' -z '' ']'
+++ export CONDA_SHLVL=0
+++ CONDA_SHLVL=0
+++ '[' -n '' ']'
2025-08-21 04:57:47,774 - INFO - +++++ dirname /opt/miniconda3/bin/conda
2025-08-21 04:57:47,775 - INFO - ++++ dirname /opt/miniconda3/bin
2025-08-21 04:57:47,775 - INFO - +++ PATH=/opt/miniconda3/condabin:/opt/miniconda3/bin:/usr/local/sbin:/usr/local/bin:/usr/sbin:/usr/bin:/sbin:/bin
+++ export PATH
+++ '[' -z '' ']'
+++ PS1=
2025-08-21 04:57:47,776 - INFO - ++ conda activate
++ local cmd=activate
++ case "$cmd" in
++ __conda_activate activate
++ '[' -n '' ']'
++ local ask_conda
2025-08-21 04:57:47,776 - INFO - +++ PS1=
+++ __conda_exe shell.posix activate
2025-08-21 04:57:47,778 - INFO - +++ /opt/miniconda3/bin/conda shell.posix activate
2025-08-21 04:57:47,922 - INFO - ++ ask_conda='PS1='\''(base) '\''
export PATH='\''/opt/miniconda3/bin:/opt/miniconda3/condabin:/opt/miniconda3/bin:/usr/local/sbin:/usr/local/bin:/usr/sbin:/usr/bin:/sbin:/bin'\''
export CONDA_PREFIX='\''/opt/miniconda3'\''
export CONDA_SHLVL='\''1'\''
export CONDA_DEFAULT_ENV='\''base'\''
export CONDA_PROMPT_MODIFIER='\''(base) '\''
export CONDA_EXE='\''/opt/miniconda3/bin/conda'\''
export _CE_M='\'''\''
export _CE_CONDA='\'''\''
export CONDA_PYTHON_EXE='\''/opt/miniconda3/bin/python'\'''
++ eval 'PS1='\''(base) '\''
export PATH='\''/opt/miniconda3/bin:/opt/miniconda3/condabin:/opt/miniconda3/bin:/usr/local/sbin:/usr/local/bin:/usr/sbin:/usr/bin:/sbin:/bin'\''
export CONDA_PREFIX='\''/opt/miniconda3'\''
export CONDA_SHLVL='\''1'\''
export CONDA_DEFAULT_ENV='\''base'\''
export CONDA_PROMPT_MODIFIER='\''(base) '\''
export CONDA_EXE='\''/opt/miniconda3/bin/conda'\''
export _CE_M='\'''\''
export _CE_CONDA='\'''\''
export CONDA_PYTHON_EXE='\''/opt/miniconda3/bin/python'\'''
+++ PS1='(base) '
+++ export PATH=/opt/miniconda3/bin:/opt/miniconda3/condabin:/opt/miniconda3/bin:/usr/local/sbin:/usr/local/bin:/usr/sbin:/usr/bin:/sbin:/bin
+++ PATH=/opt/miniconda3/bin:/opt/miniconda3/condabin:/opt/miniconda3/bin:/usr/local/sbin:/usr/local/bin:/usr/sbin:/usr/bin:/sbin:/bin
+++ export CONDA_PREFIX=/opt/miniconda3
+++ CONDA_PREFIX=/opt/miniconda3
+++ export CONDA_SHLVL=1
+++ CONDA_SHLVL=1
+++ export CONDA_DEFAULT_ENV=base
+++ CONDA_DEFAULT_ENV=base
+++ export 'CONDA_PROMPT_MODIFIER=(base) '
+++ CONDA_PROMPT_MODIFIER='(base) '
+++ export CONDA_EXE=/opt/miniconda3/bin/conda
+++ CONDA_EXE=/opt/miniconda3/bin/conda
+++ export _CE_M=
+++ _CE_M=
+++ export _CE_CONDA=
+++ _CE_CONDA=
+++ export CONDA_PYTHON_EXE=/opt/miniconda3/bin/python
+++ CONDA_PYTHON_EXE=/opt/miniconda3/bin/python
++ __conda_hashr
++ '[' -n '' ']'
++ '[' -n '' ']'
++ hash -r
+ conda create -n testbed python=3.9 -y
+ local cmd=create
+ case "$cmd" in
+ __conda_exe create -n testbed python=3.9 -y
2025-08-21 04:57:47,923 - INFO - + /opt/miniconda3/bin/conda create -n testbed python=3.9 -y
2025-08-21 04:57:48,541 - INFO - Channels:
 - defaults
 - conda-forge
Platform: linux-64
Collecting package metadata (repodata.json): ...working...
2025-08-21 04:58:57,906 - INFO - done
Solving environment: ...working...
2025-08-21 04:58:59,326 - INFO - done
2025-08-21 04:59:09,104 - INFO - ## Package Plan ##

  environment location: /opt/miniconda3/envs/testbed

  added / updated specs:
    - python=3.9


The following packages will be downloaded:

    package                    |            build
    ---------------------------|-----------------
    bzip2-1.0.8                |       h5eee18b_6         262 KB
    ca-certificates-2025.7.15  |       h06a4308_0         126 KB
    expat-2.7.1                |       h6a678d5_0         182 KB
    ld_impl_linux-64-2.40      |       h12ee557_0         710 KB
    libffi-3.4.4               |       h6a678d5_1         141 KB
    libxcb-1.17.0              |       h9b100fa_0         430 KB
    ncurses-6.5                |       h7934f7d_0         1.1 MB
    openssl-3.0.17             |       h5eee18b_0         5.2 MB
    pip-25.1                   |     pyhc872135_2         1.3 MB
    pthread-stubs-0.3          |       h0ce48e5_1           5 KB
    python-3.9.23              |       he99959a_0        24.7 MB
    readline-8.3               |       hc2a1206_0         471 KB
    setuptools-78.1.1          |   py39h06a4308_0         1.7 MB
    sqlite-3.50.2              |       hb25bd0a_1         1.1 MB
    tk-8.6.15                  |       h54e0aa7_0         3.4 MB
    tzdata-2025b               |       h04d1e81_0         116 KB
    wheel-0.45.1               |   py39h06a4308_0         114 KB
    xorg-libx11-1.8.12         |       h9b100fa_1         895 KB
    xorg-libxau-1.0.12         |       h9b100fa_0          13 KB
    xorg-libxdmcp-1.1.5        |       h9b100fa_0          19 KB
    xorg-xorgproto-2024.1      |       h5eee18b_1         580 KB
    xz-5.6.4                   |       h5eee18b_1         567 KB
    zlib-1.2.13                |       h5eee18b_1         111 KB
    ------------------------------------------------------------
                                           Total:        43.1 MB

The following NEW packages will be INSTALLED:

  _libgcc_mutex      pkgs/main/linux-64::_libgcc_mutex-0.1-main 
  _openmp_mutex      pkgs/main/linux-64::_openmp_mutex-5.1-1_gnu 
  bzip2              pkgs/main/linux-64::bzip2-1.0.8-h5eee18b_6 
  ca-certificates    pkgs/main/linux-64::ca-certificates-2025.7.15-h06a4308_0 
  expat              pkgs/main/linux-64::expat-2.7.1-h6a678d5_0 
  ld_impl_linux-64   pkgs/main/linux-64::ld_impl_linux-64-2.40-h12ee557_0 
  libffi             pkgs/main/linux-64::libffi-3.4.4-h6a678d5_1 
  libgcc-ng          pkgs/main/linux-64::libgcc-ng-11.2.0-h1234567_1 
  libgomp            pkgs/main/linux-64::libgomp-11.2.0-h1234567_1 
  libstdcxx-ng       pkgs/main/linux-64::libstdcxx-ng-11.2.0-h1234567_1 
  libxcb             pkgs/main/linux-64::libxcb-1.17.0-h9b100fa_0 
  ncurses            pkgs/main/linux-64::ncurses-6.5-h7934f7d_0 
  openssl            pkgs/main/linux-64::openssl-3.0.17-h5eee18b_0 
  pip                pkgs/main/noarch::pip-25.1-pyhc872135_2 
  pthread-stubs      pkgs/main/linux-64::pthread-stubs-0.3-h0ce48e5_1 
  python             pkgs/main/linux-64::python-3.9.23-he99959a_0 
  readline           pkgs/main/linux-64::readline-8.3-hc2a1206_0 
  setuptools         pkgs/main/linux-64::setuptools-78.1.1-py39h06a4308_0 
  sqlite             pkgs/main/linux-64::sqlite-3.50.2-hb25bd0a_1 
  tk                 pkgs/main/linux-64::tk-8.6.15-h54e0aa7_0 
  tzdata             pkgs/main/noarch::tzdata-2025b-h04d1e81_0 
  wheel              pkgs/main/linux-64::wheel-0.45.1-py39h06a4308_0 
  xorg-libx11        pkgs/main/linux-64::xorg-libx11-1.8.12-h9b100fa_1 
  xorg-libxau        pkgs/main/linux-64::xorg-libxau-1.0.12-h9b100fa_0 
  xorg-libxdmcp      pkgs/main/linux-64::xorg-libxdmcp-1.1.5-h9b100fa_0 
  xorg-xorgproto     pkgs/main/linux-64::xorg-xorgproto-2024.1-h5eee18b_1 
  xz                 pkgs/main/linux-64::xz-5.6.4-h5eee18b_1 
  zlib               pkgs/main/linux-64::zlib-1.2.13-h5eee18b_1 



Downloading and Extracting Packages: ...working... done
Preparing transaction: ...working...
2025-08-21 04:59:09,320 - INFO - done
2025-08-21 04:59:09,320 - INFO - Verifying transaction: ...working...
2025-08-21 04:59:10,526 - INFO - done
2025-08-21 04:59:10,528 - INFO - Executing transaction: ...working...
2025-08-21 04:59:13,389 - INFO - done
2025-08-21 04:59:13,499 - INFO - #
# To activate this environment, use
#
#     $ conda activate testbed
#
# To deactivate an active environment, use
#
#     $ conda deactivate
2025-08-21 04:59:13,722 - INFO - + conda activate testbed
+ local cmd=activate
+ case "$cmd" in
+ __conda_activate activate testbed
+ '[' -n '' ']'
+ local ask_conda
2025-08-21 04:59:13,722 - INFO - ++ PS1='(base) '
++ __conda_exe shell.posix activate testbed
2025-08-21 04:59:13,722 - INFO - ++ /opt/miniconda3/bin/conda shell.posix activate testbed
2025-08-21 04:59:13,856 - INFO - + ask_conda='PS1='\''(testbed) '\''
export PATH='\''/opt/miniconda3/envs/testbed/bin:/opt/miniconda3/condabin:/opt/miniconda3/bin:/usr/local/sbin:/usr/local/bin:/usr/sbin:/usr/bin:/sbin:/bin'\''
export CONDA_PREFIX='\''/opt/miniconda3/envs/testbed'\''
export CONDA_SHLVL='\''2'\''
export CONDA_DEFAULT_ENV='\''testbed'\''
export CONDA_PROMPT_MODIFIER='\''(testbed) '\''
export CONDA_PREFIX_1='\''/opt/miniconda3'\''
export CONDA_EXE='\''/opt/miniconda3/bin/conda'\''
export _CE_M='\'''\''
export _CE_CONDA='\'''\''
export CONDA_PYTHON_EXE='\''/opt/miniconda3/bin/python'\'''
+ eval 'PS1='\''(testbed) '\''
export PATH='\''/opt/miniconda3/envs/testbed/bin:/opt/miniconda3/condabin:/opt/miniconda3/bin:/usr/local/sbin:/usr/local/bin:/usr/sbin:/usr/bin:/sbin:/bin'\''
export CONDA_PREFIX='\''/opt/miniconda3/envs/testbed'\''
export CONDA_SHLVL='\''2'\''
export CONDA_DEFAULT_ENV='\''testbed'\''
export CONDA_PROMPT_MODIFIER='\''(testbed) '\''
export CONDA_PREFIX_1='\''/opt/miniconda3'\''
export CONDA_EXE='\''/opt/miniconda3/bin/conda'\''
export _CE_M='\'''\''
export _CE_CONDA='\'''\''
export CONDA_PYTHON_EXE='\''/opt/miniconda3/bin/python'\'''
++ PS1='(testbed) '
++ export PATH=/opt/miniconda3/envs/testbed/bin:/opt/miniconda3/condabin:/opt/miniconda3/bin:/usr/local/sbin:/usr/local/bin:/usr/sbin:/usr/bin:/sbin:/bin
++ PATH=/opt/miniconda3/envs/testbed/bin:/opt/miniconda3/condabin:/opt/miniconda3/bin:/usr/local/sbin:/usr/local/bin:/usr/sbin:/usr/bin:/sbin:/bin
++ export CONDA_PREFIX=/opt/miniconda3/envs/testbed
++ CONDA_PREFIX=/opt/miniconda3/envs/testbed
++ export CONDA_SHLVL=2
++ CONDA_SHLVL=2
++ export CONDA_DEFAULT_ENV=testbed
++ CONDA_DEFAULT_ENV=testbed
++ export 'CONDA_PROMPT_MODIFIER=(testbed) '
++ CONDA_PROMPT_MODIFIER='(testbed) '
++ export CONDA_PREFIX_1=/opt/miniconda3
++ CONDA_PREFIX_1=/opt/miniconda3
2025-08-21 04:59:13,856 - INFO - ++ export CONDA_EXE=/opt/miniconda3/bin/conda
++ CONDA_EXE=/opt/miniconda3/bin/conda
++ export _CE_M=
++ _CE_M=
++ export _CE_CONDA=
++ _CE_CONDA=
++ export CONDA_PYTHON_EXE=/opt/miniconda3/bin/python
++ CONDA_PYTHON_EXE=/opt/miniconda3/bin/python
+ __conda_hashr
+ '[' -n '' ']'
+ '[' -n '' ']'
+ hash -r
+ python -m pip install attrs==23.1.0 exceptiongroup==1.1.3 execnet==2.0.2 hypothesis==6.82.6 iniconfig==2.0.0 numpy==1.25.2 packaging==23.1 pluggy==1.3.0 psutil==5.9.5 pyerfa==2.0.0.3 pytest-arraydiff==0.5.0 pytest-astropy-header==0.2.2 pytest-astropy==0.10.0 pytest-cov==4.1.0 pytest-doctestplus==1.0.0 pytest-filter-subpackage==0.1.2 pytest-mock==3.11.1 pytest-openfiles==0.5.0 pytest-remotedata==0.4.0 pytest-xdist==3.3.1 pytest==7.4.0 PyYAML==6.0.1 setuptools==68.0.0 sortedcontainers==2.4.0 tomli==2.0.1
2025-08-21 04:59:16,091 - INFO - Collecting attrs==23.1.0
2025-08-21 04:59:16,827 - INFO - Downloading attrs-23.1.0-py3-none-any.whl.metadata (11 kB)
2025-08-21 04:59:17,883 - INFO - Collecting exceptiongroup==1.1.3
2025-08-21 04:59:18,034 - INFO - Downloading exceptiongroup-1.1.3-py3-none-any.whl.metadata (6.1 kB)
2025-08-21 04:59:21,568 - INFO - Collecting execnet==2.0.2
2025-08-21 04:59:21,776 - INFO - Downloading execnet-2.0.2-py3-none-any.whl.metadata (2.9 kB)
2025-08-21 04:59:23,361 - INFO - Collecting hypothesis==6.82.6
2025-08-21 04:59:23,509 - INFO - Downloading hypothesis-6.82.6-py3-none-any.whl.metadata (5.9 kB)
2025-08-21 04:59:24,650 - INFO - Collecting iniconfig==2.0.0
2025-08-21 04:59:24,886 - INFO - Downloading iniconfig-2.0.0-py3-none-any.whl.metadata (2.6 kB)
2025-08-21 04:59:26,411 - INFO - Collecting numpy==1.25.2
2025-08-21 04:59:26,549 - INFO - Downloading numpy-1.25.2-cp39-cp39-manylinux_2_17_x86_64.manylinux2014_x86_64.whl.metadata (5.6 kB)
2025-08-21 04:59:27,664 - INFO - Collecting packaging==23.1
2025-08-21 04:59:28,274 - INFO - Downloading packaging-23.1-py3-none-any.whl.metadata (3.1 kB)
2025-08-21 04:59:28,940 - INFO - Collecting pluggy==1.3.0
2025-08-21 04:59:29,044 - INFO - Downloading pluggy-1.3.0-py3-none-any.whl.metadata (4.3 kB)
2025-08-21 04:59:29,281 - INFO - Collecting psutil==5.9.5
2025-08-21 04:59:29,388 - INFO - Downloading psutil-5.9.5-cp36-abi3-manylinux_2_12_x86_64.manylinux2010_x86_64.manylinux_2_17_x86_64.manylinux2014_x86_64.whl.metadata (21 kB)
2025-08-21 04:59:29,553 - INFO - Collecting pyerfa==2.0.0.3
2025-08-21 04:59:29,659 - INFO - Downloading pyerfa-2.0.0.3-cp39-cp39-manylinux_2_17_x86_64.manylinux2014_x86_64.whl.metadata (5.6 kB)
2025-08-21 04:59:30,031 - INFO - Collecting pytest-arraydiff==0.5.0
2025-08-21 04:59:30,137 - INFO - Downloading pytest_arraydiff-0.5.0-py3-none-any.whl.metadata (8.1 kB)
2025-08-21 04:59:30,505 - INFO - Collecting pytest-astropy-header==0.2.2
2025-08-21 04:59:30,847 - INFO - Downloading pytest_astropy_header-0.2.2-py3-none-any.whl.metadata (8.5 kB)
2025-08-21 04:59:31,228 - INFO - Collecting pytest-astropy==0.10.0
2025-08-21 04:59:31,333 - INFO - Downloading pytest_astropy-0.10.0-py3-none-any.whl.metadata (4.7 kB)
2025-08-21 04:59:31,474 - INFO - Collecting pytest-cov==4.1.0
2025-08-21 04:59:31,637 - INFO - Downloading pytest_cov-4.1.0-py3-none-any.whl.metadata (26 kB)
2025-08-21 04:59:32,025 - INFO - Collecting pytest-doctestplus==1.0.0
2025-08-21 04:59:32,130 - INFO - Downloading pytest_doctestplus-1.0.0-py3-none-any.whl.metadata (14 kB)
2025-08-21 04:59:32,510 - INFO - Collecting pytest-filter-subpackage==0.1.2
2025-08-21 04:59:32,615 - INFO - Downloading pytest_filter_subpackage-0.1.2-py2.py3-none-any.whl.metadata (2.7 kB)
2025-08-21 04:59:32,750 - INFO - Collecting pytest-mock==3.11.1
2025-08-21 04:59:32,853 - INFO - Downloading pytest_mock-3.11.1-py3-none-any.whl.metadata (3.8 kB)
2025-08-21 04:59:33,245 - INFO - Collecting pytest-openfiles==0.5.0
2025-08-21 04:59:33,348 - INFO - Downloading pytest_openfiles-0.5.0-py3-none-any.whl.metadata (4.2 kB)
2025-08-21 04:59:33,718 - INFO - Collecting pytest-remotedata==0.4.0
2025-08-21 04:59:33,824 - INFO - Downloading pytest_remotedata-0.4.0-py3-none-any.whl.metadata (5.6 kB)
2025-08-21 04:59:33,965 - INFO - Collecting pytest-xdist==3.3.1
2025-08-21 04:59:34,069 - INFO - Downloading pytest_xdist-3.3.1-py3-none-any.whl.metadata (3.1 kB)
2025-08-21 04:59:34,221 - INFO - Collecting pytest==7.4.0
2025-08-21 04:59:34,332 - INFO - Downloading pytest-7.4.0-py3-none-any.whl.metadata (8.0 kB)
2025-08-21 04:59:34,965 - INFO - Collecting PyYAML==6.0.1
2025-08-21 04:59:35,152 - INFO - Downloading PyYAML-6.0.1-cp39-cp39-manylinux_2_17_x86_64.manylinux2014_x86_64.whl.metadata (2.1 kB)
2025-08-21 04:59:35,682 - INFO - Collecting setuptools==68.0.0
2025-08-21 04:59:35,815 - INFO - Downloading setuptools-68.0.0-py3-none-any.whl.metadata (6.4 kB)
2025-08-21 04:59:36,388 - INFO - Collecting sortedcontainers==2.4.0
2025-08-21 04:59:36,501 - INFO - Downloading sortedcontainers-2.4.0-py2.py3-none-any.whl.metadata (10 kB)
2025-08-21 04:59:36,733 - INFO - Collecting tomli==2.0.1
2025-08-21 04:59:36,836 - INFO - Downloading tomli-2.0.1-py3-none-any.whl.metadata (8.9 kB)
2025-08-21 04:59:37,616 - INFO - Collecting coverage>=5.2.1 (from coverage[toml]>=5.2.1->pytest-cov==4.1.0)
2025-08-21 04:59:37,720 - INFO - Downloading coverage-7.10.4-cp39-cp39-manylinux1_x86_64.manylinux_2_28_x86_64.manylinux_2_5_x86_64.whl.metadata (8.9 kB)
2025-08-21 04:59:37,932 - INFO - Downloading attrs-23.1.0-py3-none-any.whl (61 kB)
2025-08-21 04:59:38,094 - INFO - Downloading exceptiongroup-1.1.3-py3-none-any.whl (14 kB)
2025-08-21 04:59:38,206 - INFO - Downloading execnet-2.0.2-py3-none-any.whl (37 kB)
2025-08-21 04:59:38,324 - INFO - Downloading hypothesis-6.82.6-py3-none-any.whl (415 kB)
2025-08-21 04:59:38,541 - INFO - Downloading sortedcontainers-2.4.0-py2.py3-none-any.whl (29 kB)
2025-08-21 04:59:38,650 - INFO - Downloading iniconfig-2.0.0-py3-none-any.whl (5.9 kB)
2025-08-21 04:59:38,761 - INFO - Downloading numpy-1.25.2-cp39-cp39-manylinux_2_17_x86_64.manylinux2014_x86_64.whl (18.3 MB)
2025-08-21 04:59:41,944 - INFO - ━━━━━━━━━━━━━━━━━━━━━━━━━━━━━━━━━━━━━━━━ 18.3/18.3 MB 5.7 MB/s eta 0:00:00
2025-08-21 04:59:41,944 - INFO - 
2025-08-21 04:59:42,062 - INFO - Downloading packaging-23.1-py3-none-any.whl (48 kB)
2025-08-21 04:59:42,308 - INFO - Downloading pluggy-1.3.0-py3-none-any.whl (18 kB)
2025-08-21 04:59:42,526 - INFO - Downloading psutil-5.9.5-cp36-abi3-manylinux_2_12_x86_64.manylinux2010_x86_64.manylinux_2_17_x86_64.manylinux2014_x86_64.whl (282 kB)
2025-08-21 04:59:43,159 - INFO - Downloading pyerfa-2.0.0.3-cp39-cp39-manylinux_2_17_x86_64.manylinux2014_x86_64.whl (741 kB)
2025-08-21 04:59:43,416 - INFO - ━━━━━━━━━━━━━━━━━━━━━━━━━━━━━━━━━━━━━━━━ 741.1/741.1 kB 2.6 MB/s eta 0:00:00
2025-08-21 04:59:43,591 - INFO - Downloading pytest_arraydiff-0.5.0-py3-none-any.whl (9.4 kB)
2025-08-21 04:59:43,907 - INFO - Downloading pytest_astropy_header-0.2.2-py3-none-any.whl (7.8 kB)
2025-08-21 04:59:44,334 - INFO - Downloading pytest_astropy-0.10.0-py3-none-any.whl (5.1 kB)
2025-08-21 04:59:45,060 - INFO - Downloading pytest_cov-4.1.0-py3-none-any.whl (21 kB)
2025-08-21 04:59:45,391 - INFO - Downloading pytest_doctestplus-1.0.0-py3-none-any.whl (20 kB)
2025-08-21 04:59:46,054 - INFO - Downloading pytest_filter_subpackage-0.1.2-py2.py3-none-any.whl (5.2 kB)
2025-08-21 04:59:46,619 - INFO - Downloading pytest_mock-3.11.1-py3-none-any.whl (9.6 kB)
2025-08-21 04:59:47,072 - INFO - Downloading pytest_openfiles-0.5.0-py3-none-any.whl (6.5 kB)
2025-08-21 04:59:47,251 - INFO - Downloading pytest_remotedata-0.4.0-py3-none-any.whl (8.6 kB)
2025-08-21 04:59:47,373 - INFO - Downloading pytest_xdist-3.3.1-py3-none-any.whl (41 kB)
2025-08-21 04:59:47,489 - INFO - Downloading pytest-7.4.0-py3-none-any.whl (323 kB)
2025-08-21 04:59:47,750 - INFO - Downloading PyYAML-6.0.1-cp39-cp39-manylinux_2_17_x86_64.manylinux2014_x86_64.whl (738 kB)
2025-08-21 04:59:47,901 - INFO - ━━━━━━━━━━━━━━━━━━━━━━━━━━━━━━━━━━━━━━━━ 738.9/738.9 kB 4.6 MB/s eta 0:00:00
2025-08-21 04:59:48,003 - INFO - Downloading setuptools-68.0.0-py3-none-any.whl (804 kB)
2025-08-21 04:59:48,165 - INFO - ━━━━━━━━━━━━━━━━━━━━━━━━━━━━━━━━━━━━━━━━ 804.0/804.0 kB 4.7 MB/s eta 0:00:00
2025-08-21 04:59:48,267 - INFO - Downloading tomli-2.0.1-py3-none-any.whl (12 kB)
2025-08-21 04:59:48,377 - INFO - Downloading coverage-7.10.4-cp39-cp39-manylinux1_x86_64.manylinux_2_28_x86_64.manylinux_2_5_x86_64.whl (245 kB)
2025-08-21 04:59:48,553 - INFO - Installing collected packages: sortedcontainers, tomli, setuptools, PyYAML, psutil, pluggy, packaging, numpy, iniconfig, execnet, exceptiongroup, coverage, attrs, pytest, pyerfa, hypothesis, pytest-xdist, pytest-remotedata, pytest-openfiles, pytest-mock, pytest-filter-subpackage, pytest-doctestplus, pytest-cov, pytest-astropy-header, pytest-arraydiff, pytest-astropy
2025-08-21 04:59:48,592 - INFO - Attempting uninstall: setuptools
2025-08-21 04:59:48,593 - INFO - Found existing installation: setuptools 78.1.1
2025-08-21 04:59:48,595 - INFO - Uninstalling setuptools-78.1.1:
2025-08-21 04:59:48,606 - INFO - Successfully uninstalled setuptools-78.1.1
2025-08-21 04:59:51,882 - INFO - 
2025-08-21 04:59:51,886 - INFO - Successfully installed PyYAML-6.0.1 attrs-23.1.0 coverage-7.10.4 exceptiongroup-1.1.3 execnet-2.0.2 hypothesis-6.82.6 iniconfig-2.0.0 numpy-1.25.2 packaging-23.1 pluggy-1.3.0 psutil-5.9.5 pyerfa-2.0.0.3 pytest-7.4.0 pytest-arraydiff-0.5.0 pytest-astropy-0.10.0 pytest-astropy-header-0.2.2 pytest-cov-4.1.0 pytest-doctestplus-1.0.0 pytest-filter-subpackage-0.1.2 pytest-mock-3.11.1 pytest-openfiles-0.5.0 pytest-remotedata-0.4.0 pytest-xdist-3.3.1 setuptools-68.0.0 sortedcontainers-2.4.0 tomli-2.0.1
2025-08-21 04:59:51,887 - INFO - WARNING: Running pip as the 'root' user can result in broken permissions and conflicting behaviour with the system package manager, possibly rendering your system unusable. It is recommended to use a virtual environment instead: https://pip.pypa.io/warnings/venv. Use the --root-user-action option if you know what you are doing and want to suppress this warning.
2025-08-21 05:00:45,841 - INFO - ---> Removed intermediate container 9909439b6cb5
2025-08-21 05:00:45,842 - INFO - ---> a05e6f65cf02
2025-08-21 05:00:45,842 - INFO - Step 6/7 : WORKDIR /testbed/
2025-08-21 05:00:45,842 - INFO - 
2025-08-21 05:00:46,113 - INFO - ---> Running in 8fa858c16abf
2025-08-21 05:00:46,144 - INFO - ---> Removed intermediate container 8fa858c16abf
2025-08-21 05:00:46,144 - INFO - ---> 62ac874786b3
2025-08-21 05:00:46,144 - INFO - Step 7/7 : RUN echo "source /opt/miniconda3/etc/profile.d/conda.sh && conda activate testbed" > /root/.bashrc
2025-08-21 05:00:46,144 - INFO - 
2025-08-21 05:00:46,170 - INFO - ---> Running in cba7cdec303a
2025-08-21 05:00:46,694 - INFO - ---> Removed intermediate container cba7cdec303a
2025-08-21 05:00:46,694 - INFO - ---> 375348c09ba4
2025-08-21 05:00:46,695 - INFO - Successfully built 375348c09ba4
2025-08-21 05:00:46,702 - INFO - Successfully tagged sweb.env.x86_64.428468730904ff6b4232aa:latest
2025-08-21 05:00:46,702 - INFO - Image built successfully!
