{"time": "2025-12-27T06:14:50.746910", "level": "INFO", "step": "start", "message": "Maven Patch Runner started"}
{"time": "2025-12-27T06:14:50.747399", "level": "ERROR", "repo": "/path/to/repo1", "step": "git_check", "result": "skip", "reason": "not_a_git_repo"}
{"time": "2025-12-27T06:14:50.747656", "level": "ERROR", "repo": "/path/to/repo2", "step": "git_check", "result": "skip", "reason": "not_a_git_repo"}
{"time": "2025-12-27T06:14:50.747825", "level": "INFO", "step": "end", "message": "Maven Patch Runner finished"}
{"time": "2025-12-27T06:34:45", "level": "INFO", "step": "start", "message": "Maven Patch Runner started", "repo_count": 2}
{"time": "2025-12-27T06:34:45", "level": "INFO", "repo": "/home/user/AVR_JAVA_STUDY/VESTA_resource/resource/CVE-2017-7957/cqrs-lottery-master", "step": "patch_scan", "result": "skip", "reason": "no_patch_found_or_patch_dir_missing", "patch_root": "/home/user/AVR_JAVA_STUDY/agentless/Agentless/results/poc-bench-lite/repair_diff_patch", "patch_dir_expected": "/home/user/AVR_JAVA_STUDY/agentless/Agentless/results/poc-bench-lite/repair_diff_patch/cqrs-lottery-master"}
{"time": "2025-12-27T06:34:45", "level": "ERROR", "repo": "/path/to/repos/repo2", "step": "repo_path_check", "result": "skip", "reason": "repo_path_not_exists"}
{"time": "2025-12-27T06:34:45", "level": "INFO", "step": "end", "message": "Maven Patch Runner finished"}
{"time": "2025-12-27T06:41:55", "level": "INFO", "step": "start", "message": "Maven Patch Runner started", "repo_count": 2}
{"time": "2025-12-27T06:41:55", "level": "INFO", "repo": "/home/user/AVR_JAVA_STUDY/VESTA_resource/resource/CVE-2017-7957/cqrs-lottery-master", "step": "patch_scan", "result": "found", "patch_count": 6, "patch_dir": "/home/user/AVR_JAVA_STUDY/agentless/Agentless/results/poc-bench-lite/repair_diff_patch", "recursive": false}
{"time": "2025-12-27T06:41:55", "level": "INFO", "repo": "/home/user/AVR_JAVA_STUDY/VESTA_resource/resource/CVE-2017-7957/cqrs-lottery-master", "step": "initial_mvn_build_try", "cmd": "mvn clean install -DskipTests"}
{"time": "2025-12-27T06:41:58", "level": "INFO", "repo": "/home/user/AVR_JAVA_STUDY/VESTA_resource/resource/CVE-2017-7957/cqrs-lottery-master", "step": "initial_mvn_build", "result": "success", "cmd": "mvn clean install -DskipTests"}
{"time": "2025-12-27T06:41:58", "level": "INFO", "repo": "/home/user/AVR_JAVA_STUDY/VESTA_resource/resource/CVE-2017-7957/cqrs-lottery-master", "patch": "output_0_processed.patch", "step": "patch_test_start", "patch_file": "/home/user/AVR_JAVA_STUDY/agentless/Agentless/results/poc-bench-lite/repair_diff_patch/output_0_processed.patch", "mvn_cmd": "mvn clean install -DskipTests"}
{"time": "2025-12-27T06:42:01", "level": "ERROR", "repo": "/home/user/AVR_JAVA_STUDY/VESTA_resource/resource/CVE-2017-7957/cqrs-lottery-master", "patch": "output_0_processed.patch", "step": "mvn_build_after_patch", "result": "fail", "error_type": "compile_error", "log_file": "/home/user/AVR_JAVA_STUDY/VESTA_resource/resource/CVE-2017-7957/cqrs-lottery-master/mvn_after_output_0_processed_20251227_064158.txt", "mvn_cmd": "mvn clean install -DskipTests"}
{"time": "2025-12-27T06:42:01", "level": "INFO", "repo": "/home/user/AVR_JAVA_STUDY/VESTA_resource/resource/CVE-2017-7957/cqrs-lottery-master", "patch": "output_0_processed.patch", "step": "patch_test_end", "result": "done"}
{"time": "2025-12-27T06:42:01", "level": "INFO", "repo": "/home/user/AVR_JAVA_STUDY/VESTA_resource/resource/CVE-2017-7957/cqrs-lottery-master", "patch": "output_0_processed_1.patch", "step": "patch_test_start", "patch_file": "/home/user/AVR_JAVA_STUDY/agentless/Agentless/results/poc-bench-lite/repair_diff_patch/output_0_processed_1.patch", "mvn_cmd": "mvn clean install -DskipTests"}
{"time": "2025-12-27T06:42:04", "level": "ERROR", "repo": "/home/user/AVR_JAVA_STUDY/VESTA_resource/resource/CVE-2017-7957/cqrs-lottery-master", "patch": "output_0_processed_1.patch", "step": "mvn_build_after_patch", "result": "fail", "error_type": "compile_error", "log_file": "/home/user/AVR_JAVA_STUDY/VESTA_resource/resource/CVE-2017-7957/cqrs-lottery-master/mvn_after_output_0_processed_1_20251227_064201.txt", "mvn_cmd": "mvn clean install -DskipTests"}
{"time": "2025-12-27T06:42:04", "level": "INFO", "repo": "/home/user/AVR_JAVA_STUDY/VESTA_resource/resource/CVE-2017-7957/cqrs-lottery-master", "patch": "output_0_processed_1.patch", "step": "patch_test_end", "result": "done"}
{"time": "2025-12-27T06:42:04", "level": "INFO", "repo": "/home/user/AVR_JAVA_STUDY/VESTA_resource/resource/CVE-2017-7957/cqrs-lottery-master", "patch": "output_0_processed_2.patch", "step": "patch_test_start", "patch_file": "/home/user/AVR_JAVA_STUDY/agentless/Agentless/results/poc-bench-lite/repair_diff_patch/output_0_processed_2.patch", "mvn_cmd": "mvn clean install -DskipTests"}
{"time": "2025-12-27T06:42:06", "level": "ERROR", "repo": "/home/user/AVR_JAVA_STUDY/VESTA_resource/resource/CVE-2017-7957/cqrs-lottery-master", "patch": "output_0_processed_2.patch", "step": "mvn_build_after_patch", "result": "fail", "error_type": "compile_error", "log_file": "/home/user/AVR_JAVA_STUDY/VESTA_resource/resource/CVE-2017-7957/cqrs-lottery-master/mvn_after_output_0_processed_2_20251227_064204.txt", "mvn_cmd": "mvn clean install -DskipTests"}
{"time": "2025-12-27T06:42:06", "level": "INFO", "repo": "/home/user/AVR_JAVA_STUDY/VESTA_resource/resource/CVE-2017-7957/cqrs-lottery-master", "patch": "output_0_processed_2.patch", "step": "patch_test_end", "result": "done"}
{"time": "2025-12-27T06:42:06", "level": "INFO", "repo": "/home/user/AVR_JAVA_STUDY/VESTA_resource/resource/CVE-2017-7957/cqrs-lottery-master", "patch": "output_0_processed_3.patch", "step": "patch_test_start", "patch_file": "/home/user/AVR_JAVA_STUDY/agentless/Agentless/results/poc-bench-lite/repair_diff_patch/output_0_processed_3.patch", "mvn_cmd": "mvn clean install -DskipTests"}
{"time": "2025-12-27T06:42:09", "level": "ERROR", "repo": "/home/user/AVR_JAVA_STUDY/VESTA_resource/resource/CVE-2017-7957/cqrs-lottery-master", "patch": "output_0_processed_3.patch", "step": "mvn_build_after_patch", "result": "fail", "error_type": "compile_error", "log_file": "/home/user/AVR_JAVA_STUDY/VESTA_resource/resource/CVE-2017-7957/cqrs-lottery-master/mvn_after_output_0_processed_3_20251227_064206.txt", "mvn_cmd": "mvn clean install -DskipTests"}
{"time": "2025-12-27T06:42:09", "level": "INFO", "repo": "/home/user/AVR_JAVA_STUDY/VESTA_resource/resource/CVE-2017-7957/cqrs-lottery-master", "patch": "output_0_processed_3.patch", "step": "patch_test_end", "result": "done"}
{"time": "2025-12-27T06:42:09", "level": "INFO", "repo": "/home/user/AVR_JAVA_STUDY/VESTA_resource/resource/CVE-2017-7957/cqrs-lottery-master", "patch": "output_1_processed.patch", "step": "patch_test_start", "patch_file": "/home/user/AVR_JAVA_STUDY/agentless/Agentless/results/poc-bench-lite/repair_diff_patch/output_1_processed.patch", "mvn_cmd": "mvn clean install -DskipTests"}
{"time": "2025-12-27T06:42:12", "level": "ERROR", "repo": "/home/user/AVR_JAVA_STUDY/VESTA_resource/resource/CVE-2017-7957/cqrs-lottery-master", "patch": "output_1_processed.patch", "step": "mvn_build_after_patch", "result": "fail", "error_type": "compile_error", "log_file": "/home/user/AVR_JAVA_STUDY/VESTA_resource/resource/CVE-2017-7957/cqrs-lottery-master/mvn_after_output_1_processed_20251227_064209.txt", "mvn_cmd": "mvn clean install -DskipTests"}
{"time": "2025-12-27T06:42:12", "level": "INFO", "repo": "/home/user/AVR_JAVA_STUDY/VESTA_resource/resource/CVE-2017-7957/cqrs-lottery-master", "patch": "output_1_processed.patch", "step": "patch_test_end", "result": "done"}
{"time": "2025-12-27T06:42:12", "level": "INFO", "repo": "/home/user/AVR_JAVA_STUDY/VESTA_resource/resource/CVE-2017-7957/cqrs-lottery-master", "patch": "output_1_processed_1.patch", "step": "patch_test_start", "patch_file": "/home/user/AVR_JAVA_STUDY/agentless/Agentless/results/poc-bench-lite/repair_diff_patch/output_1_processed_1.patch", "mvn_cmd": "mvn clean install -DskipTests"}
{"time": "2025-12-27T06:42:15", "level": "ERROR", "repo": "/home/user/AVR_JAVA_STUDY/VESTA_resource/resource/CVE-2017-7957/cqrs-lottery-master", "patch": "output_1_processed_1.patch", "step": "mvn_build_after_patch", "result": "fail", "error_type": "compile_error", "log_file": "/home/user/AVR_JAVA_STUDY/VESTA_resource/resource/CVE-2017-7957/cqrs-lottery-master/mvn_after_output_1_processed_1_20251227_064212.txt", "mvn_cmd": "mvn clean install -DskipTests"}
{"time": "2025-12-27T06:42:15", "level": "INFO", "repo": "/home/user/AVR_JAVA_STUDY/VESTA_resource/resource/CVE-2017-7957/cqrs-lottery-master", "patch": "output_1_processed_1.patch", "step": "patch_test_end", "result": "done"}
{"time": "2025-12-27T06:42:15", "level": "ERROR", "repo": "/path/to/repos/repoB", "step": "repo_path_check", "result": "skip", "reason": "repo_path_not_exists"}
{"time": "2025-12-27T06:42:15", "level": "INFO", "step": "end", "message": "Maven Patch Runner finished"}
{"time": "2025-12-28T15:59:34", "level": "INFO", "step": "start", "message": "Maven Patch Runner started", "repo_count": 2}
{"time": "2025-12-28T15:59:34", "level": "ERROR", "repo": "/path/to/repos/repoA", "step": "repo_path_check", "result": "skip", "reason": "repo_path_invalid"}
{"time": "2025-12-28T15:59:34", "level": "INFO", "repo": "/home/user/AVR_JAVA_STUDY/VESTA_resource/resource/CVE-2017-7957/cqrs-lottery-master", "step": "patch_scan", "result": "found", "patch_count": 6, "patch_dir": "/home/user/AVR_JAVA_STUDY/agentless/Agentless/results/poc-bench-lite/repair_diff_patch", "recursive": false}
{"time": "2025-12-28T15:59:34", "level": "INFO", "repo": "/home/user/AVR_JAVA_STUDY/VESTA_resource/resource/CVE-2017-7957/cqrs-lottery-master", "step": "initial_mvn_build_try", "cmd": "mvn clean install -DskipTests"}
{"time": "2025-12-28T15:59:38", "level": "INFO", "repo": "/home/user/AVR_JAVA_STUDY/VESTA_resource/resource/CVE-2017-7957/cqrs-lottery-master", "step": "initial_mvn_build", "result": "success", "cmd": "mvn clean install -DskipTests"}
{"time": "2025-12-28T15:59:38", "level": "INFO", "repo": "/home/user/AVR_JAVA_STUDY/VESTA_resource/resource/CVE-2017-7957/cqrs-lottery-master", "patch": "output_0_processed.patch", "step": "patch_test_start", "patch_file": "/home/user/AVR_JAVA_STUDY/agentless/Agentless/results/poc-bench-lite/repair_diff_patch/output_0_processed.patch", "mvn_cmd": "mvn clean install -DskipTests"}
{"time": "2025-12-28T15:59:41", "level": "ERROR", "repo": "/home/user/AVR_JAVA_STUDY/VESTA_resource/resource/CVE-2017-7957/cqrs-lottery-master", "patch": "output_0_processed.patch", "step": "mvn_build_after_patch", "result": "fail", "error_type": "compile_error", "log_file": "/home/user/AVR_JAVA_STUDY/VESTA_resource/resource/CVE-2017-7957/cqrs-lottery-master/mvn_after_output_0_processed_20251228_155938.txt", "mvn_cmd": "mvn clean install -DskipTests"}
{"time": "2025-12-28T15:59:41", "level": "INFO", "repo": "/home/user/AVR_JAVA_STUDY/VESTA_resource/resource/CVE-2017-7957/cqrs-lottery-master", "patch": "output_0_processed.patch", "step": "patch_test_end", "result": "done"}
{"time": "2025-12-28T15:59:41", "level": "INFO", "repo": "/home/user/AVR_JAVA_STUDY/VESTA_resource/resource/CVE-2017-7957/cqrs-lottery-master", "patch": "output_0_processed_1.patch", "step": "patch_test_start", "patch_file": "/home/user/AVR_JAVA_STUDY/agentless/Agentless/results/poc-bench-lite/repair_diff_patch/output_0_processed_1.patch", "mvn_cmd": "mvn clean install -DskipTests"}
{"time": "2025-12-28T15:59:43", "level": "ERROR", "repo": "/home/user/AVR_JAVA_STUDY/VESTA_resource/resource/CVE-2017-7957/cqrs-lottery-master", "patch": "output_0_processed_1.patch", "step": "mvn_build_after_patch", "result": "fail", "error_type": "compile_error", "log_file": "/home/user/AVR_JAVA_STUDY/VESTA_resource/resource/CVE-2017-7957/cqrs-lottery-master/mvn_after_output_0_processed_1_20251228_155941.txt", "mvn_cmd": "mvn clean install -DskipTests"}
{"time": "2025-12-28T15:59:43", "level": "INFO", "repo": "/home/user/AVR_JAVA_STUDY/VESTA_resource/resource/CVE-2017-7957/cqrs-lottery-master", "patch": "output_0_processed_1.patch", "step": "patch_test_end", "result": "done"}
{"time": "2025-12-28T15:59:43", "level": "INFO", "repo": "/home/user/AVR_JAVA_STUDY/VESTA_resource/resource/CVE-2017-7957/cqrs-lottery-master", "patch": "output_0_processed_2.patch", "step": "patch_test_start", "patch_file": "/home/user/AVR_JAVA_STUDY/agentless/Agentless/results/poc-bench-lite/repair_diff_patch/output_0_processed_2.patch", "mvn_cmd": "mvn clean install -DskipTests"}
{"time": "2025-12-28T15:59:46", "level": "ERROR", "repo": "/home/user/AVR_JAVA_STUDY/VESTA_resource/resource/CVE-2017-7957/cqrs-lottery-master", "patch": "output_0_processed_2.patch", "step": "mvn_build_after_patch", "result": "fail", "error_type": "compile_error", "log_file": "/home/user/AVR_JAVA_STUDY/VESTA_resource/resource/CVE-2017-7957/cqrs-lottery-master/mvn_after_output_0_processed_2_20251228_155943.txt", "mvn_cmd": "mvn clean install -DskipTests"}
{"time": "2025-12-28T15:59:46", "level": "INFO", "repo": "/home/user/AVR_JAVA_STUDY/VESTA_resource/resource/CVE-2017-7957/cqrs-lottery-master", "patch": "output_0_processed_2.patch", "step": "patch_test_end", "result": "done"}
{"time": "2025-12-28T15:59:46", "level": "INFO", "repo": "/home/user/AVR_JAVA_STUDY/VESTA_resource/resource/CVE-2017-7957/cqrs-lottery-master", "patch": "output_0_processed_3.patch", "step": "patch_test_start", "patch_file": "/home/user/AVR_JAVA_STUDY/agentless/Agentless/results/poc-bench-lite/repair_diff_patch/output_0_processed_3.patch", "mvn_cmd": "mvn clean install -DskipTests"}
{"time": "2025-12-28T15:59:49", "level": "ERROR", "repo": "/home/user/AVR_JAVA_STUDY/VESTA_resource/resource/CVE-2017-7957/cqrs-lottery-master", "patch": "output_0_processed_3.patch", "step": "mvn_build_after_patch", "result": "fail", "error_type": "compile_error", "log_file": "/home/user/AVR_JAVA_STUDY/VESTA_resource/resource/CVE-2017-7957/cqrs-lottery-master/mvn_after_output_0_processed_3_20251228_155946.txt", "mvn_cmd": "mvn clean install -DskipTests"}
{"time": "2025-12-28T15:59:49", "level": "INFO", "repo": "/home/user/AVR_JAVA_STUDY/VESTA_resource/resource/CVE-2017-7957/cqrs-lottery-master", "patch": "output_0_processed_3.patch", "step": "patch_test_end", "result": "done"}
{"time": "2025-12-28T15:59:49", "level": "INFO", "repo": "/home/user/AVR_JAVA_STUDY/VESTA_resource/resource/CVE-2017-7957/cqrs-lottery-master", "patch": "output_1_processed.patch", "step": "patch_test_start", "patch_file": "/home/user/AVR_JAVA_STUDY/agentless/Agentless/results/poc-bench-lite/repair_diff_patch/output_1_processed.patch", "mvn_cmd": "mvn clean install -DskipTests"}
{"time": "2025-12-28T15:59:51", "level": "ERROR", "repo": "/home/user/AVR_JAVA_STUDY/VESTA_resource/resource/CVE-2017-7957/cqrs-lottery-master", "patch": "output_1_processed.patch", "step": "mvn_build_after_patch", "result": "fail", "error_type": "compile_error", "log_file": "/home/user/AVR_JAVA_STUDY/VESTA_resource/resource/CVE-2017-7957/cqrs-lottery-master/mvn_after_output_1_processed_20251228_155949.txt", "mvn_cmd": "mvn clean install -DskipTests"}
{"time": "2025-12-28T15:59:51", "level": "INFO", "repo": "/home/user/AVR_JAVA_STUDY/VESTA_resource/resource/CVE-2017-7957/cqrs-lottery-master", "patch": "output_1_processed.patch", "step": "patch_test_end", "result": "done"}
{"time": "2025-12-28T15:59:51", "level": "INFO", "repo": "/home/user/AVR_JAVA_STUDY/VESTA_resource/resource/CVE-2017-7957/cqrs-lottery-master", "patch": "output_1_processed_1.patch", "step": "patch_test_start", "patch_file": "/home/user/AVR_JAVA_STUDY/agentless/Agentless/results/poc-bench-lite/repair_diff_patch/output_1_processed_1.patch", "mvn_cmd": "mvn clean install -DskipTests"}
{"time": "2025-12-28T15:59:54", "level": "ERROR", "repo": "/home/user/AVR_JAVA_STUDY/VESTA_resource/resource/CVE-2017-7957/cqrs-lottery-master", "patch": "output_1_processed_1.patch", "step": "mvn_build_after_patch", "result": "fail", "error_type": "compile_error", "log_file": "/home/user/AVR_JAVA_STUDY/VESTA_resource/resource/CVE-2017-7957/cqrs-lottery-master/mvn_after_output_1_processed_1_20251228_155951.txt", "mvn_cmd": "mvn clean install -DskipTests"}
{"time": "2025-12-28T15:59:54", "level": "INFO", "repo": "/home/user/AVR_JAVA_STUDY/VESTA_resource/resource/CVE-2017-7957/cqrs-lottery-master", "patch": "output_1_processed_1.patch", "step": "patch_test_end", "result": "done"}
{"time": "2025-12-28T15:59:54", "level": "INFO", "repo": "/home/user/AVR_JAVA_STUDY/VESTA_resource/resource/CVE-2017-7957/cqrs-lottery-master", "step": "repo_summary", "total": 6, "success": 0, "fail": 6, "compile_fail": 6}
{"time": "2025-12-28T15:59:54", "level": "INFO", "step": "overall_summary", "total": 6, "success": 0, "fail": 6, "compile_fail": 6}
{"time": "2025-12-28T15:59:54", "level": "INFO", "step": "end", "message": "Maven Patch Runner finished"}
