2025-08-21 06:26:32,569 - INFO - Building image sweb.env.x86_64.efa6065ed5bf204410fd53:latest
Using dockerfile:
FROM --platform=linux/x86_64 sweb.base.x86_64:latest

COPY ./setup_env.sh /root/
RUN sed -i -e 's/\r$//' /root/setup_env.sh
RUN chmod +x /root/setup_env.sh
RUN /bin/bash -c "source ~/.bashrc && /root/setup_env.sh"

WORKDIR /testbed/

# Automatically activate the testbed environment
RUN echo "source /opt/miniconda3/etc/profile.d/conda.sh && conda activate testbed" > /root/.bashrc

Adding (1) setup scripts to image build repo
2025-08-21 06:26:32,569 - INFO - [SETUP SCRIPT] setup_env.sh:
#!/bin/bash
set -euxo pipefail
source /opt/miniconda3/bin/activate
cat <<'EOF_59812759871' > environment.yml
# To set up a development environment using conda run:
#
#   conda env create -f environment.yml
#   conda activate mpl-dev
#   pip install -e .
#
name: testbed
channels:
  - conda-forge
dependencies:
  # runtime dependencies
  - cairocffi
  - contourpy>=1.0.1
  - cycler>=0.10.0
  - fonttools>=4.22.0
  - importlib-resources>=3.2.0
  - kiwisolver>=1.0.1
  - numpy>=1.21
  - pillow>=6.2
  - pybind11>=2.6.0
  - pygobject
  - pyparsing>=2.3.1
  - pyqt
  - python-dateutil>=2.1
  - setuptools
  - setuptools_scm
  - wxpython
  # building documentation
  - colorspacious
  - graphviz
  - ipython
  - ipywidgets
  - numpydoc>=0.8
  - packaging
  - pydata-sphinx-theme
  - pyyaml
  - sphinx>=1.8.1,!=2.0.0
  - sphinx-copybutton
  - sphinx-gallery>=0.12
  - sphinx-design
  - pip
  - pip:
      - mpl-sphinx-theme
      - sphinxcontrib-svg2pdfconverter
      - pikepdf
  # testing
  - coverage
  - flake8>=3.8
  - flake8-docstrings>=1.4.0
  - gtk4
  - ipykernel
  - nbconvert[execute]!=6.0.0,!=6.0.1,!=7.3.0,!=7.3.1
  - nbformat!=5.0.0,!=5.0.1
  - pandas!=0.25.0
  - psutil
  - pre-commit
  - pydocstyle>=5.1.0
  - pytest!=4.6.0,!=5.4.0
  - pytest-cov
  - pytest-rerunfailures
  - pytest-timeout
  - pytest-xdist
  - tornado
  - pytz
  - black

EOF_59812759871
conda env create --file environment.yml
conda activate testbed && conda install python=3.11 -y
rm environment.yml
conda activate testbed
python -m pip install contourpy==1.1.0 cycler==0.11.0 fonttools==4.42.1 ghostscript kiwisolver==1.4.5 numpy==1.25.2 packaging==23.1 pillow==10.0.0 pikepdf pyparsing==3.0.9 python-dateutil==2.8.2 six==1.16.0 setuptools==68.1.2 setuptools-scm==7.1.0 typing-extensions==4.7.1

2025-08-21 06:26:32,569 - INFO - Building docker image sweb.env.x86_64.efa6065ed5bf204410fd53:latest in logs/build_images/env/sweb.env.x86_64.efa6065ed5bf204410fd53__latest with platform linux/x86_64
2025-08-21 06:26:32,573 - INFO - Step 1/7 : FROM --platform=linux/x86_64 sweb.base.x86_64:latest
2025-08-21 06:26:32,574 - INFO - 
2025-08-21 06:26:32,574 - INFO - ---> 5cca6898c8d9
2025-08-21 06:26:32,574 - INFO - Step 2/7 : COPY ./setup_env.sh /root/
2025-08-21 06:26:32,574 - INFO - 
2025-08-21 06:26:32,684 - INFO - ---> b3f2b86e82dc
2025-08-21 06:26:32,684 - INFO - Step 3/7 : RUN sed -i -e 's/\r$//' /root/setup_env.sh
2025-08-21 06:26:32,684 - INFO - 
2025-08-21 06:26:32,712 - INFO - ---> Running in a005dd71e084
2025-08-21 06:26:33,077 - INFO - ---> Removed intermediate container a005dd71e084
2025-08-21 06:26:33,077 - INFO - ---> 808683e3a447
2025-08-21 06:26:33,077 - INFO - Step 4/7 : RUN chmod +x /root/setup_env.sh
2025-08-21 06:26:33,077 - INFO - 
2025-08-21 06:26:33,112 - INFO - ---> Running in eb82f30cd44f
2025-08-21 06:26:33,743 - INFO - ---> Removed intermediate container eb82f30cd44f
2025-08-21 06:26:33,743 - INFO - ---> 345783628d00
2025-08-21 06:26:33,743 - INFO - Step 5/7 : RUN /bin/bash -c "source ~/.bashrc && /root/setup_env.sh"
2025-08-21 06:26:33,743 - INFO - 
2025-08-21 06:26:33,795 - INFO - ---> Running in 8adfbe485186
2025-08-21 06:26:34,052 - INFO - + source /opt/miniconda3/bin/activate
++ _CONDA_ROOT=/opt/miniconda3
++ . /opt/miniconda3/etc/profile.d/conda.sh
2025-08-21 06:26:34,052 - INFO - +++ export CONDA_EXE=/opt/miniconda3/bin/conda
+++ CONDA_EXE=/opt/miniconda3/bin/conda
+++ export _CE_M=
+++ _CE_M=
+++ export _CE_CONDA=
+++ _CE_CONDA=
+++ export CONDA_PYTHON_EXE=/opt/miniconda3/bin/python
+++ CONDA_PYTHON_EXE=/opt/miniconda3/bin/python
2025-08-21 06:26:34,052 - INFO - +++ '[' -z '' ']'
+++ export CONDA_SHLVL=0
+++ CONDA_SHLVL=0
+++ '[' -n '' ']'
2025-08-21 06:26:34,053 - INFO - +++++ dirname /opt/miniconda3/bin/conda
2025-08-21 06:26:34,053 - INFO - ++++ dirname /opt/miniconda3/bin
2025-08-21 06:26:34,054 - INFO - +++ PATH=/opt/miniconda3/condabin:/opt/miniconda3/bin:/usr/local/sbin:/usr/local/bin:/usr/sbin:/usr/bin:/sbin:/bin
+++ export PATH
+++ '[' -z '' ']'
+++ PS1=
++ conda activate
++ local cmd=activate
++ case "$cmd" in
++ __conda_activate activate
++ '[' -n '' ']'
++ local ask_conda
2025-08-21 06:26:34,055 - INFO - +++ PS1=
+++ __conda_exe shell.posix activate
2025-08-21 06:26:34,055 - INFO - +++ /opt/miniconda3/bin/conda shell.posix activate
2025-08-21 06:26:34,184 - INFO - ++ ask_conda='PS1='\''(base) '\''
export PATH='\''/opt/miniconda3/bin:/opt/miniconda3/condabin:/opt/miniconda3/bin:/usr/local/sbin:/usr/local/bin:/usr/sbin:/usr/bin:/sbin:/bin'\''
export CONDA_PREFIX='\''/opt/miniconda3'\''
export CONDA_SHLVL='\''1'\''
export CONDA_DEFAULT_ENV='\''base'\''
export CONDA_PROMPT_MODIFIER='\''(base) '\''
export CONDA_EXE='\''/opt/miniconda3/bin/conda'\''
export _CE_M='\'''\''
export _CE_CONDA='\'''\''
export CONDA_PYTHON_EXE='\''/opt/miniconda3/bin/python'\'''
++ eval 'PS1='\''(base) '\''
export PATH='\''/opt/miniconda3/bin:/opt/miniconda3/condabin:/opt/miniconda3/bin:/usr/local/sbin:/usr/local/bin:/usr/sbin:/usr/bin:/sbin:/bin'\''
export CONDA_PREFIX='\''/opt/miniconda3'\''
export CONDA_SHLVL='\''1'\''
export CONDA_DEFAULT_ENV='\''base'\''
export CONDA_PROMPT_MODIFIER='\''(base) '\''
export CONDA_EXE='\''/opt/miniconda3/bin/conda'\''
export _CE_M='\'''\''
export _CE_CONDA='\'''\''
export CONDA_PYTHON_EXE='\''/opt/miniconda3/bin/python'\'''
+++ PS1='(base) '
+++ export PATH=/opt/miniconda3/bin:/opt/miniconda3/condabin:/opt/miniconda3/bin:/usr/local/sbin:/usr/local/bin:/usr/sbin:/usr/bin:/sbin:/bin
+++ PATH=/opt/miniconda3/bin:/opt/miniconda3/condabin:/opt/miniconda3/bin:/usr/local/sbin:/usr/local/bin:/usr/sbin:/usr/bin:/sbin:/bin
+++ export CONDA_PREFIX=/opt/miniconda3
+++ CONDA_PREFIX=/opt/miniconda3
+++ export CONDA_SHLVL=1
+++ CONDA_SHLVL=1
+++ export CONDA_DEFAULT_ENV=base
+++ CONDA_DEFAULT_ENV=base
+++ export 'CONDA_PROMPT_MODIFIER=(base) '
+++ CONDA_PROMPT_MODIFIER='(base) '
+++ export CONDA_EXE=/opt/miniconda3/bin/conda
+++ CONDA_EXE=/opt/miniconda3/bin/conda
+++ export _CE_M=
+++ _CE_M=
+++ export _CE_CONDA=
+++ _CE_CONDA=
+++ export CONDA_PYTHON_EXE=/opt/miniconda3/bin/python
+++ CONDA_PYTHON_EXE=/opt/miniconda3/bin/python
++ __conda_hashr
++ '[' -n '' ']'
2025-08-21 06:26:34,184 - INFO - ++ '[' -n '' ']'
++ hash -r
+ cat
2025-08-21 06:26:34,186 - INFO - + conda env create --file environment.yml
+ local cmd=env
2025-08-21 06:26:34,186 - INFO - + case "$cmd" in
+ __conda_exe env create --file environment.yml
2025-08-21 06:26:34,186 - INFO - + /opt/miniconda3/bin/conda env create --file environment.yml
2025-08-21 06:26:35,087 - INFO - Channels:
 - conda-forge
 - defaults
Platform: linux-64
Collecting package metadata (repodata.json): ...working...
2025-08-21 06:27:39,230 - INFO - done
Solving environment: ...working...
2025-08-21 06:34:24,359 - INFO - done
2025-08-21 06:36:29,195 - INFO - Downloading and Extracting Packages: ...working... done
Preparing transaction: ...working...
2025-08-21 06:36:30,666 - INFO - done
2025-08-21 06:36:30,666 - INFO - Verifying transaction: ...working...
2025-08-21 06:36:38,039 - INFO - done
2025-08-21 06:36:38,048 - INFO - Executing transaction: ...working...
2025-08-21 06:36:54,051 - INFO - done
2025-08-21 06:36:54,105 - INFO - Installing pip dependencies: ...working...
2025-08-21 06:37:08,268 - INFO - Ran pip subprocess with arguments:
['/opt/miniconda3/envs/testbed/bin/python', '-m', 'pip', 'install', '-U', '-r', '/condaenv.4bb48sdo.requirements.txt', '--exists-action=b']
Pip subprocess output:
Collecting mpl-sphinx-theme (from -r /condaenv.4bb48sdo.requirements.txt (line 1))
  Downloading mpl_sphinx_theme-3.9.0-py3-none-any.whl.metadata (5.7 kB)
Collecting sphinxcontrib-svg2pdfconverter (from -r /condaenv.4bb48sdo.requirements.txt (line 2))
  Downloading sphinxcontrib_svg2pdfconverter-1.3.0-py3-none-any.whl.metadata (3.3 kB)
Collecting pikepdf (from -r /condaenv.4bb48sdo.requirements.txt (line 3))
  Downloading pikepdf-9.10.2-cp313-cp313-manylinux_2_27_x86_64.manylinux_2_28_x86_64.whl.metadata (8.1 kB)
Requirement already satisfied: pydata-sphinx-theme>=0.13.1 in /opt/miniconda3/envs/testbed/lib/python3.13/site-packages (from mpl-sphinx-theme->-r /condaenv.4bb48sdo.requirements.txt (line 1)) (0.16.1)
Collecting matplotlib (from mpl-sphinx-theme->-r /condaenv.4bb48sdo.requirements.txt (line 1))
  Downloading matplotlib-3.10.5-cp313-cp313-manylinux2014_x86_64.manylinux_2_17_x86_64.whl.metadata (11 kB)
Requirement already satisfied: Sphinx>=1.6.3 in /opt/miniconda3/envs/testbed/lib/python3.13/site-packages (from sphinxcontrib-svg2pdfconverter->-r /condaenv.4bb48sdo.requirements.txt (line 2)) (8.2.3)
Requirement already satisfied: Pillow>=10.0.1 in /opt/miniconda3/envs/testbed/lib/python3.13/site-packages (from pikepdf->-r /condaenv.4bb48sdo.requirements.txt (line 3)) (11.3.0)
Collecting Deprecated (from pikepdf->-r /condaenv.4bb48sdo.requirements.txt (line 3))
  Downloading Deprecated-1.2.18-py2.py3-none-any.whl.metadata (5.7 kB)
Collecting lxml>=4.8 (from pikepdf->-r /condaenv.4bb48sdo.requirements.txt (line 3))
  Downloading lxml-6.0.0-cp313-cp313-manylinux_2_27_x86_64.manylinux_2_28_x86_64.whl.metadata (6.6 kB)
Requirement already satisfied: packaging in /opt/miniconda3/envs/testbed/lib/python3.13/site-packages (from pikepdf->-r /condaenv.4bb48sdo.requirements.txt (line 3)) (25.0)
Requirement already satisfied: beautifulsoup4 in /opt/miniconda3/envs/testbed/lib/python3.13/site-packages (from pydata-sphinx-theme>=0.13.1->mpl-sphinx-theme->-r /condaenv.4bb48sdo.requirements.txt (line 1)) (4.13.4)
Requirement already satisfied: docutils!=0.17.0 in /opt/miniconda3/envs/testbed/lib/python3.13/site-packages (from pydata-sphinx-theme>=0.13.1->mpl-sphinx-theme->-r /condaenv.4bb48sdo.requirements.txt (line 1)) (0.21.2)
Requirement already satisfied: Babel in /opt/miniconda3/envs/testbed/lib/python3.13/site-packages (from pydata-sphinx-theme>=0.13.1->mpl-sphinx-theme->-r /condaenv.4bb48sdo.requirements.txt (line 1)) (2.17.0)
Requirement already satisfied: pygments>=2.7 in /opt/miniconda3/envs/testbed/lib/python3.13/site-packages (from pydata-sphinx-theme>=0.13.1->mpl-sphinx-theme->-r /condaenv.4bb48sdo.requirements.txt (line 1)) (2.19.2)
Requirement already satisfied: accessible-pygments in /opt/miniconda3/envs/testbed/lib/python3.13/site-packages (from pydata-sphinx-theme>=0.13.1->mpl-sphinx-theme->-r /condaenv.4bb48sdo.requirements.txt (line 1)) (0.0.5)
Requirement already satisfied: typing-extensions in /opt/miniconda3/envs/testbed/lib/python3.13/site-packages (from pydata-sphinx-theme>=0.13.1->mpl-sphinx-theme->-r /condaenv.4bb48sdo.requirements.txt (line 1)) (4.14.1)
Requirement already satisfied: sphinxcontrib-applehelp>=1.0.7 in /opt/miniconda3/envs/testbed/lib/python3.13/site-packages (from Sphinx>=1.6.3->sphinxcontrib-svg2pdfconverter->-r /condaenv.4bb48sdo.requirements.txt (line 2)) (2.0.0)
Requirement already satisfied: sphinxcontrib-devhelp>=1.0.6 in /opt/miniconda3/envs/testbed/lib/python3.13/site-packages (from Sphinx>=1.6.3->sphinxcontrib-svg2pdfconverter->-r /condaenv.4bb48sdo.requirements.txt (line 2)) (2.0.0)
Requirement already satisfied: sphinxcontrib-htmlhelp>=2.0.6 in /opt/miniconda3/envs/testbed/lib/python3.13/site-packages (from Sphinx>=1.6.3->sphinxcontrib-svg2pdfconverter->-r /condaenv.4bb48sdo.requirements.txt (line 2)) (2.1.0)
Requirement already satisfied: sphinxcontrib-jsmath>=1.0.1 in /opt/miniconda3/envs/testbed/lib/python3.13/site-packages (from Sphinx>=1.6.3->sphinxcontrib-svg2pdfconverter->-r /condaenv.4bb48sdo.requirements.txt (line 2)) (1.0.1)
Requirement already satisfied: sphinxcontrib-qthelp>=1.0.6 in /opt/miniconda3/envs/testbed/lib/python3.13/site-packages (from Sphinx>=1.6.3->sphinxcontrib-svg2pdfconverter->-r /condaenv.4bb48sdo.requirements.txt (line 2)) (2.0.0)
Requirement already satisfied: sphinxcontrib-serializinghtml>=1.1.9 in /opt/miniconda3/envs/testbed/lib/python3.13/site-packages (from Sphinx>=1.6.3->sphinxcontrib-svg2pdfconverter->-r /condaenv.4bb48sdo.requirements.txt (line 2)) (1.1.10)
Requirement already satisfied: Jinja2>=3.1 in /opt/miniconda3/envs/testbed/lib/python3.13/site-packages (from Sphinx>=1.6.3->sphinxcontrib-svg2pdfconverter->-r /condaenv.4bb48sdo.requirements.txt (line 2)) (3.1.6)
Requirement already satisfied: snowballstemmer>=2.2 in /opt/miniconda3/envs/testbed/lib/python3.13/site-packages (from Sphinx>=1.6.3->sphinxcontrib-svg2pdfconverter->-r /condaenv.4bb48sdo.requirements.txt (line 2)) (3.0.1)
Requirement already satisfied: alabaster>=0.7.14 in /opt/miniconda3/envs/testbed/lib/python3.13/site-packages (from Sphinx>=1.6.3->sphinxcontrib-svg2pdfconverter->-r /condaenv.4bb48sdo.requirements.txt (line 2)) (1.0.0)
Requirement already satisfied: imagesize>=1.3 in /opt/miniconda3/envs/testbed/lib/python3.13/site-packages (from Sphinx>=1.6.3->sphinxcontrib-svg2pdfconverter->-r /condaenv.4bb48sdo.requirements.txt (line 2)) (1.4.1)
Requirement already satisfied: requests>=2.30.0 in /opt/miniconda3/envs/testbed/lib/python3.13/site-packages (from Sphinx>=1.6.3->sphinxcontrib-svg2pdfconverter->-r /condaenv.4bb48sdo.requirements.txt (line 2)) (2.32.5)
Requirement already satisfied: roman-numerals-py>=1.0.0 in /opt/miniconda3/envs/testbed/lib/python3.13/site-packages (from Sphinx>=1.6.3->sphinxcontrib-svg2pdfconverter->-r /condaenv.4bb48sdo.requirements.txt (line 2)) (3.1.0)
Requirement already satisfied: MarkupSafe>=2.0 in /opt/miniconda3/envs/testbed/lib/python3.13/site-packages (from Jinja2>=3.1->Sphinx>=1.6.3->sphinxcontrib-svg2pdfconverter->-r /condaenv.4bb48sdo.requirements.txt (line 2)) (3.0.2)
Requirement already satisfied: charset_normalizer<4,>=2 in /opt/miniconda3/envs/testbed/lib/python3.13/site-packages (from requests>=2.30.0->Sphinx>=1.6.3->sphinxcontrib-svg2pdfconverter->-r /condaenv.4bb48sdo.requirements.txt (line 2)) (3.4.3)
Requirement already satisfied: idna<4,>=2.5 in /opt/miniconda3/envs/testbed/lib/python3.13/site-packages (from requests>=2.30.0->Sphinx>=1.6.3->sphinxcontrib-svg2pdfconverter->-r /condaenv.4bb48sdo.requirements.txt (line 2)) (3.10)
Requirement already satisfied: urllib3<3,>=1.21.1 in /opt/miniconda3/envs/testbed/lib/python3.13/site-packages (from requests>=2.30.0->Sphinx>=1.6.3->sphinxcontrib-svg2pdfconverter->-r /condaenv.4bb48sdo.requirements.txt (line 2)) (2.5.0)
Requirement already satisfied: certifi>=2017.4.17 in /opt/miniconda3/envs/testbed/lib/python3.13/site-packages (from requests>=2.30.0->Sphinx>=1.6.3->sphinxcontrib-svg2pdfconverter->-r /condaenv.4bb48sdo.requirements.txt (line 2)) (2025.8.3)
Requirement already satisfied: soupsieve>1.2 in /opt/miniconda3/envs/testbed/lib/python3.13/site-packages (from beautifulsoup4->pydata-sphinx-theme>=0.13.1->mpl-sphinx-theme->-r /condaenv.4bb48sdo.requirements.txt (line 1)) (2.7)
Collecting wrapt<2,>=1.10 (from Deprecated->pikepdf->-r /condaenv.4bb48sdo.requirements.txt (line 3))
  Downloading wrapt-1.17.3-cp313-cp313-manylinux1_x86_64.manylinux_2_28_x86_64.manylinux_2_5_x86_64.whl.metadata (6.4 kB)
Requirement already satisfied: contourpy>=1.0.1 in /opt/miniconda3/envs/testbed/lib/python3.13/site-packages (from matplotlib->mpl-sphinx-theme->-r /condaenv.4bb48sdo.requirements.txt (line 1)) (1.3.3)
Requirement already satisfied: cycler>=0.10 in /opt/miniconda3/envs/testbed/lib/python3.13/site-packages (from matplotlib->mpl-sphinx-theme->-r /condaenv.4bb48sdo.requirements.txt (line 1)) (0.12.1)
Requirement already satisfied: fonttools>=4.22.0 in /opt/miniconda3/envs/testbed/lib/python3.13/site-packages (from matplotlib->mpl-sphinx-theme->-r /condaenv.4bb48sdo.requirements.txt (line 1)) (4.59.1)
Requirement already satisfied: kiwisolver>=1.3.1 in /opt/miniconda3/envs/testbed/lib/python3.13/site-packages (from matplotlib->mpl-sphinx-theme->-r /condaenv.4bb48sdo.requirements.txt (line 1)) (1.4.9)
Requirement already satisfied: numpy>=1.23 in /opt/miniconda3/envs/testbed/lib/python3.13/site-packages (from matplotlib->mpl-sphinx-theme->-r /condaenv.4bb48sdo.requirements.txt (line 1)) (2.3.2)
Requirement already satisfied: pyparsing>=2.3.1 in /opt/miniconda3/envs/testbed/lib/python3.13/site-packages (from matplotlib->mpl-sphinx-theme->-r /condaenv.4bb48sdo.requirements.txt (line 1)) (3.2.3)
Requirement already satisfied: python-dateutil>=2.7 in /opt/miniconda3/envs/testbed/lib/python3.13/site-packages (from matplotlib->mpl-sphinx-theme->-r /condaenv.4bb48sdo.requirements.txt (line 1)) (2.9.0.post0)
Requirement already satisfied: six>=1.5 in /opt/miniconda3/envs/testbed/lib/python3.13/site-packages (from python-dateutil>=2.7->matplotlib->mpl-sphinx-theme->-r /condaenv.4bb48sdo.requirements.txt (line 1)) (1.17.0)
Downloading mpl_sphinx_theme-3.9.0-py3-none-any.whl (53 kB)
Downloading sphinxcontrib_svg2pdfconverter-1.3.0-py3-none-any.whl (7.9 kB)
Downloading pikepdf-9.10.2-cp313-cp313-manylinux_2_27_x86_64.manylinux_2_28_x86_64.whl (2.6 MB)
   ━━━━━━━━━━━━━━━━━━━━━━━━━━━━━━━━━━━━━━━━ 2.6/2.6 MB 9.8 MB/s  0:00:00
Downloading lxml-6.0.0-cp313-cp313-manylinux_2_27_x86_64.manylinux_2_28_x86_64.whl (5.2 MB)
   ━━━━━━━━━━━━━━━━━━━━━━━━━━━━━━━━━━━━━━━━ 5.2/5.2 MB 14.3 MB/s  0:00:00
Downloading Deprecated-1.2.18-py2.py3-none-any.whl (10.0 kB)
Downloading wrapt-1.17.3-cp313-cp313-manylinux1_x86_64.manylinux_2_28_x86_64.manylinux_2_5_x86_64.whl (88 kB)
Downloading matplotlib-3.10.5-cp313-cp313-manylinux2014_x86_64.manylinux_2_17_x86_64.whl (8.7 MB)
   ━━━━━━━━━━━━━━━━━━━━━━━━━━━━━━━━━━━━━━━━ 8.7/8.7 MB 9.0 MB/s  0:00:00
Installing collected packages: wrapt, lxml, matplotlib, Deprecated, sphinxcontrib-svg2pdfconverter, pikepdf, mpl-sphinx-theme

Successfully installed Deprecated-1.2.18 lxml-6.0.0 matplotlib-3.10.5 mpl-sphinx-theme-3.9.0 pikepdf-9.10.2 sphinxcontrib-svg2pdfconverter-1.3.0 wrapt-1.17.3
2025-08-21 06:37:08,269 - INFO - done
2025-08-21 06:37:08,269 - INFO - #
# To activate this environment, use
#
#     $ conda activate testbed
#
# To deactivate an active environment, use
#
#     $ conda deactivate
2025-08-21 06:37:08,612 - INFO - + conda activate testbed
+ local cmd=activate
+ case "$cmd" in
+ __conda_activate activate testbed
+ '[' -n '' ']'
+ local ask_conda
++ PS1='(base) '
++ __conda_exe shell.posix activate testbed
++ /opt/miniconda3/bin/conda shell.posix activate testbed
2025-08-21 06:37:08,789 - INFO - + ask_conda='PS1='\''(testbed) '\''
export PATH='\''/opt/miniconda3/envs/testbed/bin:/opt/miniconda3/condabin:/opt/miniconda3/bin:/usr/local/sbin:/usr/local/bin:/usr/sbin:/usr/bin:/sbin:/bin'\''
export CONDA_PREFIX='\''/opt/miniconda3/envs/testbed'\''
export CONDA_SHLVL='\''2'\''
export CONDA_DEFAULT_ENV='\''testbed'\''
export CONDA_PROMPT_MODIFIER='\''(testbed) '\''
export CONDA_PREFIX_1='\''/opt/miniconda3'\''
export CONDA_EXE='\''/opt/miniconda3/bin/conda'\''
export _CE_M='\'''\''
export _CE_CONDA='\'''\''
export CONDA_PYTHON_EXE='\''/opt/miniconda3/bin/python'\''
. "/opt/miniconda3/envs/testbed/etc/conda/activate.d/libglib_activate.sh"
. "/opt/miniconda3/envs/testbed/etc/conda/activate.d/libxml2_activate.sh"'
+ eval 'PS1='\''(testbed) '\''
export PATH='\''/opt/miniconda3/envs/testbed/bin:/opt/miniconda3/condabin:/opt/miniconda3/bin:/usr/local/sbin:/usr/local/bin:/usr/sbin:/usr/bin:/sbin:/bin'\''
export CONDA_PREFIX='\''/opt/miniconda3/envs/testbed'\''
export CONDA_SHLVL='\''2'\''
export CONDA_DEFAULT_ENV='\''testbed'\''
export CONDA_PROMPT_MODIFIER='\''(testbed) '\''
export CONDA_PREFIX_1='\''/opt/miniconda3'\''
export CONDA_EXE='\''/opt/miniconda3/bin/conda'\''
export _CE_M='\'''\''
export _CE_CONDA='\'''\''
export CONDA_PYTHON_EXE='\''/opt/miniconda3/bin/python'\''
. "/opt/miniconda3/envs/testbed/etc/conda/activate.d/libglib_activate.sh"
. "/opt/miniconda3/envs/testbed/etc/conda/activate.d/libxml2_activate.sh"'
++ PS1='(testbed) '
++ export PATH=/opt/miniconda3/envs/testbed/bin:/opt/miniconda3/condabin:/opt/miniconda3/bin:/usr/local/sbin:/usr/local/bin:/usr/sbin:/usr/bin:/sbin:/bin
++ PATH=/opt/miniconda3/envs/testbed/bin:/opt/miniconda3/condabin:/opt/miniconda3/bin:/usr/local/sbin:/usr/local/bin:/usr/sbin:/usr/bin:/sbin:/bin
++ export CONDA_PREFIX=/opt/miniconda3/envs/testbed
++ CONDA_PREFIX=/opt/miniconda3/envs/testbed
++ export CONDA_SHLVL=2
++ CONDA_SHLVL=2
++ export CONDA_DEFAULT_ENV=testbed
++ CONDA_DEFAULT_ENV=testbed
++ export 'CONDA_PROMPT_MODIFIER=(testbed) '
++ CONDA_PROMPT_MODIFIER='(testbed) '
++ export CONDA_PREFIX_1=/opt/miniconda3
++ CONDA_PREFIX_1=/opt/miniconda3
++ export CONDA_EXE=/opt/miniconda3/bin/conda
++ CONDA_EXE=/opt/miniconda3/bin/conda
++ export _CE_M=
++ _CE_M=
++ export _CE_CONDA=
++ _CE_CONDA=
++ export CONDA_PYTHON_EXE=/opt/miniconda3/bin/python
++ CONDA_PYTHON_EXE=/opt/miniconda3/bin/python
++ . /opt/miniconda3/envs/testbed/etc/conda/activate.d/libglib_activate.sh
+++ export GSETTINGS_SCHEMA_DIR_CONDA_BACKUP=
+++ GSETTINGS_SCHEMA_DIR_CONDA_BACKUP=
+++ export GSETTINGS_SCHEMA_DIR=/opt/miniconda3/envs/testbed/share/glib-2.0/schemas
+++ GSETTINGS_SCHEMA_DIR=/opt/miniconda3/envs/testbed/share/glib-2.0/schemas
++ . /opt/miniconda3/envs/testbed/etc/conda/activate.d/libxml2_activate.sh
2025-08-21 06:37:08,789 - INFO - +++ test -n ''
+++ xml_catalog_files_libxml2=
+++ XML_CATALOG_FILES=
+++ conda_catalog_files=
+++ ifs_libxml2=' 	
'
+++ IFS=' '
+++ rem=/opt/miniconda3/envs/testbed
+++ for pre in ${rem}
+++ test '' = /opt/miniconda3/envs/testbed
+++ conda_catalog_files=/opt/miniconda3/envs/testbed
+++ rem=
+++ IFS=' 	
'
+++ conda_catalog_files='file:///opt/miniconda3/envs/testbed/etc/xml/catalog file:///etc/xml/catalog'
+++ export 'XML_CATALOG_FILES=file:///opt/miniconda3/envs/testbed/etc/xml/catalog file:///etc/xml/catalog'
+++ XML_CATALOG_FILES='file:///opt/miniconda3/envs/testbed/etc/xml/catalog file:///etc/xml/catalog'
+++ unset conda_catalog_files ifs_libxml2 rem
+ __conda_hashr
2025-08-21 06:37:08,789 - INFO - + '[' -n '' ']'
+ '[' -n '' ']'
+ hash -r
+ conda install python=3.11 -y
+ local cmd=install
+ case "$cmd" in
+ __conda_exe install python=3.11 -y
2025-08-21 06:37:08,789 - INFO - + /opt/miniconda3/bin/conda install python=3.11 -y
2025-08-21 06:37:11,075 - INFO - Channels:
 - defaults
 - conda-forge
Platform: linux-64
Collecting package metadata (repodata.json):
2025-08-21 06:37:11,075 - INFO - ...working...
2025-08-21 06:37:38,119 - INFO - done
Solving environment: ...working...
2025-08-21 06:37:58,652 - INFO - done
2025-08-21 06:38:26,136 - INFO - ## Package Plan ##

  environment location: /opt/miniconda3/envs/testbed

  added / updated specs:
    - python=3.11


The following packages will be downloaded:

    package                    |            build
    ---------------------------|-----------------
    blas-2.134                 |         openblas          19 KB  conda-forge
    blas-devel-3.9.0           |34_h1ea3ea9_openblas          19 KB  conda-forge
    bottleneck-1.4.2           |  py311hf4808d0_0         145 KB
    brotli-python-1.0.9        |  py311h6a678d5_9         356 KB
    certifi-2025.8.3           |  py311h06a4308_0         159 KB
    cffi-1.17.1                |  py311h1fdaa30_1         311 KB
    contourpy-1.3.1            |  py311hdb19cb5_0         277 KB
    coverage-7.6.9             |  py311h5eee18b_0         383 KB
    debugpy-1.8.11             |  py311h6a678d5_0         2.6 MB
    fonttools-4.55.3           |  py311h5eee18b_0         3.0 MB
    kiwisolver-1.4.8           |  py311h6a678d5_0          71 KB
    liblapacke-3.9.0           |34_he2f377e_openblas          19 KB  conda-forge
    libnsl-2.0.1               |       hb9d3cd8_1          33 KB  conda-forge
    markupsafe-3.0.2           |  py311h5eee18b_0          27 KB
    numexpr-2.11.0             |  py311hbaae466_0         211 KB
    numpy-2.3.1                |  py311h7610711_0          11 KB
    numpy-base-2.3.1           |  py311h150128d_0         9.2 MB
    openblas-0.3.30            |pthreads_h6ec200e_2         5.8 MB  conda-forge
    pandas-2.3.1               |  py311h277b779_0        15.7 MB
    pillow-11.3.0              |  py311h1322bbf_0        41.1 MB  conda-forge
    pip-25.1                   |     pyhc872135_2         1.3 MB
    psutil-5.9.0               |  py311h5eee18b_1         502 KB
    pycairo-1.23.0             |  py311h57c37a8_1         135 KB
    pygobject-3.50.0           |  py311hba7ce5e_1         441 KB  conda-forge
    pyqt-5.15.10               |  py311h6a678d5_1         5.7 MB
    pyqt5-sip-12.13.0          |  py311h5eee18b_1          95 KB
    python-3.11.13             |h9e4cc4f_0_cpython        29.2 MB  conda-forge
    python_abi-3.11            |          8_cp311           7 KB  conda-forge
    pyyaml-6.0.2               |  py311h5eee18b_0         223 KB
    pyzmq-26.2.0               |  py311h6a678d5_0         401 KB
    rpds-py-0.22.3             |  py311h4aa5aa6_0         369 KB
    setuptools-72.1.0          |  py311h06a4308_0         3.0 MB
    sip-6.7.12                 |  py311h6a678d5_1         607 KB
    tornado-6.5.1              |  py311h5eee18b_0         899 KB
    ukkonen-1.0.1              |  py311hdb19cb5_1          12 KB
    unicodedata2-15.1.0        |  py311h5eee18b_1         519 KB
    wheel-0.45.1               |  py311h06a4308_0         151 KB
    wxpython-4.2.3             |  py311h03de2dd_3        13.9 MB  conda-forge
    ------------------------------------------------------------
                                           Total:       136.7 MB

The following NEW packages will be INSTALLED:

  blas               conda-forge/linux-64::blas-2.134-openblas 
  blas-devel         conda-forge/linux-64::blas-devel-3.9.0-34_h1ea3ea9_openblas 
  bottleneck         pkgs/main/linux-64::bottleneck-1.4.2-py311hf4808d0_0 
  liblapacke         conda-forge/linux-64::liblapacke-3.9.0-34_he2f377e_openblas 
  libnsl             conda-forge/linux-64::libnsl-2.0.1-hb9d3cd8_1 
  numexpr            pkgs/main/linux-64::numexpr-2.11.0-py311hbaae466_0 
  numpy-base         pkgs/main/linux-64::numpy-base-2.3.1-py311h150128d_0 
  openblas           conda-forge/linux-64::openblas-0.3.30-pthreads_h6ec200e_2 
  unicodedata2       pkgs/main/linux-64::unicodedata2-15.1.0-py311h5eee18b_1 
  wheel              pkgs/main/linux-64::wheel-0.45.1-py311h06a4308_0 

The following packages will be UPDATED:

  cffi               conda-forge::cffi-1.17.1-py313hfab6e8~ --> pkgs/main::cffi-1.17.1-py311h1fdaa30_1 

The following packages will be SUPERSEDED by a higher-priority channel:

  brotli-python      conda-forge::brotli-python-1.1.0-py31~ --> pkgs/main::brotli-python-1.0.9-py311h6a678d5_9 
  certifi            conda-forge/noarch::certifi-2025.8.3-~ --> pkgs/main/linux-64::certifi-2025.8.3-py311h06a4308_0 
  contourpy          conda-forge::contourpy-1.3.3-py313h70~ --> pkgs/main::contourpy-1.3.1-py311hdb19cb5_0 
  coverage           conda-forge::coverage-7.10.4-py313h3d~ --> pkgs/main::coverage-7.6.9-py311h5eee18b_0 
  debugpy            conda-forge::debugpy-1.8.16-py313h5d5~ --> pkgs/main::debugpy-1.8.11-py311h6a678d5_0 
  fonttools          conda-forge::fonttools-4.59.1-py313h3~ --> pkgs/main::fonttools-4.55.3-py311h5eee18b_0 
  kiwisolver         conda-forge::kiwisolver-1.4.9-py313hc~ --> pkgs/main::kiwisolver-1.4.8-py311h6a678d5_0 
  markupsafe         conda-forge::markupsafe-3.0.2-py313h8~ --> pkgs/main::markupsafe-3.0.2-py311h5eee18b_0 
  numpy              conda-forge::numpy-2.3.2-py313hf6604e~ --> pkgs/main::numpy-2.3.1-py311h7610711_0 
  pandas             conda-forge::pandas-2.3.1-py313h08cd8~ --> pkgs/main::pandas-2.3.1-py311h277b779_0 
  pip                    conda-forge::pip-25.2-pyh145f28c_0 --> pkgs/main::pip-25.1-pyhc872135_2 
  psutil             conda-forge::psutil-7.0.0-py313h536fd~ --> pkgs/main::psutil-5.9.0-py311h5eee18b_1 
  pycairo            conda-forge::pycairo-1.28.0-py313h926~ --> pkgs/main::pycairo-1.23.0-py311h57c37a8_1 
  pyqt               conda-forge::pyqt-5.15.11-py313h53ddd~ --> pkgs/main::pyqt-5.15.10-py311h6a678d5_1 
  pyqt5-sip          conda-forge::pyqt5-sip-12.17.0-py313h~ --> pkgs/main::pyqt5-sip-12.13.0-py311h5eee18b_1 
  pyyaml             conda-forge::pyyaml-6.0.2-py313h8060a~ --> pkgs/main::pyyaml-6.0.2-py311h5eee18b_0 
  pyzmq              conda-forge::pyzmq-27.0.1-py313hb9b05~ --> pkgs/main::pyzmq-26.2.0-py311h6a678d5_0 
  rpds-py            conda-forge::rpds-py-0.27.0-py313h843~ --> pkgs/main::rpds-py-0.22.3-py311h4aa5aa6_0 
  setuptools         conda-forge/noarch::setuptools-80.9.0~ --> pkgs/main/linux-64::setuptools-72.1.0-py311h06a4308_0 
  sip                conda-forge::sip-6.10.0-py313h46c70d0~ --> pkgs/main::sip-6.7.12-py311h6a678d5_1 
  tornado            conda-forge::tornado-6.5.2-py313h07c4~ --> pkgs/main::tornado-6.5.1-py311h5eee18b_0 
  ukkonen            conda-forge::ukkonen-1.0.1-py313h33d0~ --> pkgs/main::ukkonen-1.0.1-py311hdb19cb5_1 
  zstandard          conda-forge::zstandard-0.23.0-py313h5~ --> pkgs/main::zstandard-0.19.0-py311h5eee18b_0 

The following packages will be DOWNGRADED:

  pillow                             11.3.0-py313h8db990d_0 --> 11.3.0-py311h1322bbf_0 
  pygobject                          3.50.0-py313heb4b809_1 --> 3.50.0-py311hba7ce5e_1 
  python                          3.13.5-hec9711d_102_cp313 --> 3.11.13-h9e4cc4f_0_cpython 
  python_abi                                   3.13-8_cp313 --> 3.11-8_cp311 
  wxpython                            4.2.3-py313hd2f8dc0_3 --> 4.2.3-py311h03de2dd_3 



Downloading and Extracting Packages: ...working... done
Preparing transaction: ...working...
2025-08-21 06:38:26,872 - INFO - done
Verifying transaction: ...working...
2025-08-21 06:38:29,221 - INFO - done
2025-08-21 06:38:29,227 - INFO - Executing transaction: ...working...
2025-08-21 06:38:39,505 - INFO - done
2025-08-21 06:38:42,611 - INFO - + __conda_reactivate
+ local ask_conda
2025-08-21 06:38:42,689 - INFO - ++ PS1='(testbed) '
++ __conda_exe shell.posix reactivate
2025-08-21 06:38:42,689 - INFO - ++ /opt/miniconda3/bin/conda shell.posix reactivate
2025-08-21 06:38:42,726 - INFO - + ask_conda='. "/opt/miniconda3/envs/testbed/etc/conda/deactivate.d/libxml2_deactivate.sh"
. "/opt/miniconda3/envs/testbed/etc/conda/deactivate.d/libglib_deactivate.sh"
PS1='\''(testbed) '\''
export PATH='\''/opt/miniconda3/envs/testbed/bin:/opt/miniconda3/condabin:/opt/miniconda3/bin:/usr/local/sbin:/usr/local/bin:/usr/sbin:/usr/bin:/sbin:/bin'\''
export CONDA_SHLVL='\''2'\''
export CONDA_PROMPT_MODIFIER='\''(testbed) '\''
. "/opt/miniconda3/envs/testbed/etc/conda/activate.d/libglib_activate.sh"
. "/opt/miniconda3/envs/testbed/etc/conda/activate.d/libxml2_activate.sh"'
+ eval '. "/opt/miniconda3/envs/testbed/etc/conda/deactivate.d/libxml2_deactivate.sh"
. "/opt/miniconda3/envs/testbed/etc/conda/deactivate.d/libglib_deactivate.sh"
PS1='\''(testbed) '\''
export PATH='\''/opt/miniconda3/envs/testbed/bin:/opt/miniconda3/condabin:/opt/miniconda3/bin:/usr/local/sbin:/usr/local/bin:/usr/sbin:/usr/bin:/sbin:/bin'\''
export CONDA_SHLVL='\''2'\''
export CONDA_PROMPT_MODIFIER='\''(testbed) '\''
. "/opt/miniconda3/envs/testbed/etc/conda/activate.d/libglib_activate.sh"
. "/opt/miniconda3/envs/testbed/etc/conda/activate.d/libxml2_activate.sh"'
++ . /opt/miniconda3/envs/testbed/etc/conda/deactivate.d/libxml2_deactivate.sh
2025-08-21 06:38:42,726 - INFO - +++ test -n ''
+++ unset XML_CATALOG_FILES
+++ unset xml_catalog_files_libxml2
++ . /opt/miniconda3/envs/testbed/etc/conda/deactivate.d/libglib_deactivate.sh
+++ export GSETTINGS_SCHEMA_DIR=
+++ GSETTINGS_SCHEMA_DIR=
+++ unset GSETTINGS_SCHEMA_DIR_CONDA_BACKUP
+++ '[' -z ']'
+++ unset GSETTINGS_SCHEMA_DIR
++ PS1='(testbed) '
++ export PATH=/opt/miniconda3/envs/testbed/bin:/opt/miniconda3/condabin:/opt/miniconda3/bin:/usr/local/sbin:/usr/local/bin:/usr/sbin:/usr/bin:/sbin:/bin
++ PATH=/opt/miniconda3/envs/testbed/bin:/opt/miniconda3/condabin:/opt/miniconda3/bin:/usr/local/sbin:/usr/local/bin:/usr/sbin:/usr/bin:/sbin:/bin
++ export CONDA_SHLVL=2
++ CONDA_SHLVL=2
++ export 'CONDA_PROMPT_MODIFIER=(testbed) '
++ CONDA_PROMPT_MODIFIER='(testbed) '
++ . /opt/miniconda3/envs/testbed/etc/conda/activate.d/libglib_activate.sh
2025-08-21 06:38:42,727 - INFO - +++ export GSETTINGS_SCHEMA_DIR_CONDA_BACKUP=
+++ GSETTINGS_SCHEMA_DIR_CONDA_BACKUP=
+++ export GSETTINGS_SCHEMA_DIR=/opt/miniconda3/envs/testbed/share/glib-2.0/schemas
+++ GSETTINGS_SCHEMA_DIR=/opt/miniconda3/envs/testbed/share/glib-2.0/schemas
++ . /opt/miniconda3/envs/testbed/etc/conda/activate.d/libxml2_activate.sh
+++ test -n ''
+++ xml_catalog_files_libxml2=
+++ XML_CATALOG_FILES=
+++ conda_catalog_files=
+++ ifs_libxml2=' 	
'
+++ IFS=' '
+++ rem=/opt/miniconda3/envs/testbed
+++ for pre in ${rem}
+++ test '' = /opt/miniconda3/envs/testbed
+++ conda_catalog_files=/opt/miniconda3/envs/testbed
+++ rem=
+++ IFS=' 	
'
+++ conda_catalog_files='file:///opt/miniconda3/envs/testbed/etc/xml/catalog file:///etc/xml/catalog'
+++ export 'XML_CATALOG_FILES=file:///opt/miniconda3/envs/testbed/etc/xml/catalog file:///etc/xml/catalog'
+++ XML_CATALOG_FILES='file:///opt/miniconda3/envs/testbed/etc/xml/catalog file:///etc/xml/catalog'
+++ unset conda_catalog_files ifs_libxml2 rem
+ __conda_hashr
+ '[' -n '' ']'
+ '[' -n '' ']'
+ hash -r
+ rm environment.yml
2025-08-21 06:38:42,728 - INFO - + conda activate testbed
+ local cmd=activate
+ case "$cmd" in
+ __conda_activate activate testbed
+ '[' -n '' ']'
+ local ask_conda
2025-08-21 06:38:42,728 - INFO - ++ PS1='(testbed) '
++ __conda_exe shell.posix activate testbed
2025-08-21 06:38:42,728 - INFO - ++ /opt/miniconda3/bin/conda shell.posix activate testbed
2025-08-21 06:38:42,958 - INFO - + ask_conda='. "/opt/miniconda3/envs/testbed/etc/conda/deactivate.d/libxml2_deactivate.sh"
. "/opt/miniconda3/envs/testbed/etc/conda/deactivate.d/libglib_deactivate.sh"
PS1='\''(testbed) '\''
export PATH='\''/opt/miniconda3/envs/testbed/bin:/opt/miniconda3/condabin:/opt/miniconda3/bin:/usr/local/sbin:/usr/local/bin:/usr/sbin:/usr/bin:/sbin:/bin'\''
export CONDA_SHLVL='\''2'\''
export CONDA_PROMPT_MODIFIER='\''(testbed) '\''
. "/opt/miniconda3/envs/testbed/etc/conda/activate.d/libglib_activate.sh"
. "/opt/miniconda3/envs/testbed/etc/conda/activate.d/libxml2_activate.sh"'
+ eval '. "/opt/miniconda3/envs/testbed/etc/conda/deactivate.d/libxml2_deactivate.sh"
. "/opt/miniconda3/envs/testbed/etc/conda/deactivate.d/libglib_deactivate.sh"
PS1='\''(testbed) '\''
export PATH='\''/opt/miniconda3/envs/testbed/bin:/opt/miniconda3/condabin:/opt/miniconda3/bin:/usr/local/sbin:/usr/local/bin:/usr/sbin:/usr/bin:/sbin:/bin'\''
export CONDA_SHLVL='\''2'\''
export CONDA_PROMPT_MODIFIER='\''(testbed) '\''
. "/opt/miniconda3/envs/testbed/etc/conda/activate.d/libglib_activate.sh"
. "/opt/miniconda3/envs/testbed/etc/conda/activate.d/libxml2_activate.sh"'
++ . /opt/miniconda3/envs/testbed/etc/conda/deactivate.d/libxml2_deactivate.sh
+++ test -n ''
+++ unset XML_CATALOG_FILES
+++ unset xml_catalog_files_libxml2
2025-08-21 06:38:42,958 - INFO - ++ . /opt/miniconda3/envs/testbed/etc/conda/deactivate.d/libglib_deactivate.sh
+++ export GSETTINGS_SCHEMA_DIR=
+++ GSETTINGS_SCHEMA_DIR=
+++ unset GSETTINGS_SCHEMA_DIR_CONDA_BACKUP
+++ '[' -z ']'
+++ unset GSETTINGS_SCHEMA_DIR
++ PS1='(testbed) '
++ export PATH=/opt/miniconda3/envs/testbed/bin:/opt/miniconda3/condabin:/opt/miniconda3/bin:/usr/local/sbin:/usr/local/bin:/usr/sbin:/usr/bin:/sbin:/bin
++ PATH=/opt/miniconda3/envs/testbed/bin:/opt/miniconda3/condabin:/opt/miniconda3/bin:/usr/local/sbin:/usr/local/bin:/usr/sbin:/usr/bin:/sbin:/bin
++ export CONDA_SHLVL=2
++ CONDA_SHLVL=2
++ export 'CONDA_PROMPT_MODIFIER=(testbed) '
++ CONDA_PROMPT_MODIFIER='(testbed) '
++ . /opt/miniconda3/envs/testbed/etc/conda/activate.d/libglib_activate.sh
+++ export GSETTINGS_SCHEMA_DIR_CONDA_BACKUP=
+++ GSETTINGS_SCHEMA_DIR_CONDA_BACKUP=
+++ export GSETTINGS_SCHEMA_DIR=/opt/miniconda3/envs/testbed/share/glib-2.0/schemas
+++ GSETTINGS_SCHEMA_DIR=/opt/miniconda3/envs/testbed/share/glib-2.0/schemas
++ . /opt/miniconda3/envs/testbed/etc/conda/activate.d/libxml2_activate.sh
+++ test -n ''
+++ xml_catalog_files_libxml2=
+++ XML_CATALOG_FILES=
+++ conda_catalog_files=
+++ ifs_libxml2=' 	
'
+++ IFS=' '
+++ rem=/opt/miniconda3/envs/testbed
+++ for pre in ${rem}
+++ test '' = /opt/miniconda3/envs/testbed
+++ conda_catalog_files=/opt/miniconda3/envs/testbed
+++ rem=
+++ IFS=' 	
'
+++ conda_catalog_files='file:///opt/miniconda3/envs/testbed/etc/xml/catalog file:///etc/xml/catalog'
+++ export 'XML_CATALOG_FILES=file:///opt/miniconda3/envs/testbed/etc/xml/catalog file:///etc/xml/catalog'
+++ XML_CATALOG_FILES='file:///opt/miniconda3/envs/testbed/etc/xml/catalog file:///etc/xml/catalog'
+++ unset conda_catalog_files ifs_libxml2 rem
+ __conda_hashr
+ '[' -n '' ']'
+ '[' -n '' ']'
+ hash -r
+ python -m pip install contourpy==1.1.0 cycler==0.11.0 fonttools==4.42.1 ghostscript kiwisolver==1.4.5 numpy==1.25.2 packaging==23.1 pillow==10.0.0 pikepdf pyparsing==3.0.9 python-dateutil==2.8.2 six==1.16.0 setuptools==68.1.2 setuptools-scm==7.1.0 typing-extensions==4.7.1
2025-08-21 06:38:44,887 - INFO - Collecting contourpy==1.1.0
2025-08-21 06:38:46,015 - INFO - Downloading contourpy-1.1.0-cp311-cp311-manylinux_2_17_x86_64.manylinux2014_x86_64.whl.metadata (5.7 kB)
2025-08-21 06:38:46,309 - INFO - Collecting cycler==0.11.0
2025-08-21 06:38:46,487 - INFO - Downloading cycler-0.11.0-py3-none-any.whl.metadata (785 bytes)
2025-08-21 06:38:47,264 - INFO - Collecting fonttools==4.42.1
2025-08-21 06:38:47,472 - INFO - Downloading fonttools-4.42.1-cp311-cp311-manylinux_2_17_x86_64.manylinux2014_x86_64.whl.metadata (150 kB)
2025-08-21 06:38:48,771 - INFO - Collecting ghostscript
2025-08-21 06:38:48,901 - INFO - Downloading ghostscript-0.8.1-py3-none-any.whl.metadata (4.4 kB)
2025-08-21 06:38:49,623 - INFO - Collecting kiwisolver==1.4.5
2025-08-21 06:38:49,802 - INFO - Downloading kiwisolver-1.4.5-cp311-cp311-manylinux_2_17_x86_64.manylinux2014_x86_64.whl.metadata (6.4 kB)
2025-08-21 06:38:51,266 - INFO - Collecting numpy==1.25.2
2025-08-21 06:38:51,391 - INFO - Downloading numpy-1.25.2-cp311-cp311-manylinux_2_17_x86_64.manylinux2014_x86_64.whl.metadata (5.6 kB)
2025-08-21 06:38:51,698 - INFO - Collecting packaging==23.1
2025-08-21 06:38:51,822 - INFO - Downloading packaging-23.1-py3-none-any.whl.metadata (3.1 kB)
2025-08-21 06:38:53,160 - INFO - Collecting pillow==10.0.0
2025-08-21 06:38:53,316 - INFO - Downloading Pillow-10.0.0-cp311-cp311-manylinux_2_28_x86_64.whl.metadata (9.5 kB)
2025-08-21 06:38:54,041 - INFO - Collecting pikepdf
2025-08-21 06:38:54,192 - INFO - Downloading pikepdf-9.10.2-cp311-cp311-manylinux_2_27_x86_64.manylinux_2_28_x86_64.whl.metadata (8.1 kB)
2025-08-21 06:38:54,488 - INFO - Collecting pyparsing==3.0.9
2025-08-21 06:38:54,648 - INFO - Downloading pyparsing-3.0.9-py3-none-any.whl.metadata (4.2 kB)
2025-08-21 06:38:55,250 - INFO - Collecting python-dateutil==2.8.2
2025-08-21 06:38:55,383 - INFO - Downloading python_dateutil-2.8.2-py2.py3-none-any.whl.metadata (8.2 kB)
2025-08-21 06:38:55,915 - INFO - Collecting six==1.16.0
2025-08-21 06:38:56,096 - INFO - Downloading six-1.16.0-py2.py3-none-any.whl.metadata (1.8 kB)
2025-08-21 06:38:56,694 - INFO - Collecting setuptools==68.1.2
2025-08-21 06:38:56,801 - INFO - Downloading setuptools-68.1.2-py3-none-any.whl.metadata (6.2 kB)
2025-08-21 06:38:57,143 - INFO - Collecting setuptools-scm==7.1.0
2025-08-21 06:38:57,318 - INFO - Downloading setuptools_scm-7.1.0-py3-none-any.whl.metadata (24 kB)
2025-08-21 06:38:57,796 - INFO - Collecting typing-extensions==4.7.1
2025-08-21 06:38:58,036 - INFO - Downloading typing_extensions-4.7.1-py3-none-any.whl.metadata (3.1 kB)
2025-08-21 06:38:58,407 - INFO - INFO: pip is looking at multiple versions of pikepdf to determine which version is compatible with other requirements. This could take a while.
2025-08-21 06:38:58,407 - INFO - Collecting pikepdf
2025-08-21 06:38:58,663 - INFO - Downloading pikepdf-9.10.1-cp311-cp311-manylinux_2_27_x86_64.manylinux_2_28_x86_64.whl.metadata (8.1 kB)
2025-08-21 06:38:58,948 - INFO - Downloading pikepdf-9.10.0-cp311-cp311-manylinux_2_27_x86_64.manylinux_2_28_x86_64.whl.metadata (8.1 kB)
2025-08-21 06:38:59,211 - INFO - Downloading pikepdf-9.9.0-cp311-cp311-manylinux_2_27_x86_64.manylinux_2_28_x86_64.whl.metadata (8.1 kB)
2025-08-21 06:39:00,225 - INFO - Downloading pikepdf-9.8.1-cp311-cp311-manylinux_2_17_x86_64.manylinux2014_x86_64.whl.metadata (8.2 kB)
2025-08-21 06:39:01,106 - INFO - Downloading pikepdf-9.8.0-cp311-cp311-manylinux_2_17_x86_64.manylinux2014_x86_64.whl.metadata (8.2 kB)
2025-08-21 06:39:01,223 - INFO - Downloading pikepdf-9.7.0-cp311-cp311-manylinux_2_17_x86_64.manylinux2014_x86_64.whl.metadata (8.1 kB)
2025-08-21 06:39:01,340 - INFO - Downloading pikepdf-9.6.0-cp311-cp311-manylinux_2_17_x86_64.manylinux2014_x86_64.whl.metadata (8.1 kB)
2025-08-21 06:39:01,354 - INFO - INFO: pip is still looking at multiple versions of pikepdf to determine which version is compatible with other requirements. This could take a while.
2025-08-21 06:39:01,478 - INFO - Downloading pikepdf-9.5.2-cp311-cp311-manylinux_2_17_x86_64.manylinux2014_x86_64.whl.metadata (8.1 kB)
2025-08-21 06:39:01,605 - INFO - Downloading pikepdf-9.5.1-cp311-cp311-manylinux_2_17_x86_64.manylinux2014_x86_64.whl.metadata (8.1 kB)
2025-08-21 06:39:01,718 - INFO - Downloading pikepdf-9.5.0-cp311-cp311-manylinux_2_17_x86_64.manylinux2014_x86_64.whl.metadata (8.1 kB)
2025-08-21 06:39:01,845 - INFO - Downloading pikepdf-9.4.2-cp311-cp311-manylinux_2_17_x86_64.manylinux2014_x86_64.whl.metadata (8.2 kB)
2025-08-21 06:39:01,961 - INFO - Downloading pikepdf-9.4.1-cp311-cp311-manylinux_2_17_x86_64.manylinux2014_x86_64.whl.metadata (8.2 kB)
2025-08-21 06:39:01,977 - INFO - INFO: This is taking longer than usual. You might need to provide the dependency resolver with stricter constraints to reduce runtime. See https://pip.pypa.io/warnings/backtracking for guidance. If you want to abort this run, press Ctrl + C.
2025-08-21 06:39:02,097 - INFO - Downloading pikepdf-9.4.0-cp311-cp311-manylinux_2_17_x86_64.manylinux2014_x86_64.whl.metadata (8.2 kB)
2025-08-21 06:39:02,210 - INFO - Downloading pikepdf-9.3.0-cp311-cp311-manylinux_2_17_x86_64.manylinux2014_x86_64.whl.metadata (8.2 kB)
2025-08-21 06:39:02,331 - INFO - Downloading pikepdf-9.2.1-cp311-cp311-manylinux_2_17_x86_64.manylinux2014_x86_64.whl.metadata (8.2 kB)
2025-08-21 06:39:02,448 - INFO - Downloading pikepdf-9.2.0-cp311-cp311-manylinux_2_17_x86_64.manylinux2014_x86_64.whl.metadata (8.1 kB)
2025-08-21 06:39:02,569 - INFO - Downloading pikepdf-9.1.2-cp311-cp311-manylinux_2_17_x86_64.manylinux2014_x86_64.whl.metadata (8.1 kB)
2025-08-21 06:39:02,682 - INFO - Downloading pikepdf-9.1.1-cp311-cp311-manylinux_2_17_x86_64.manylinux2014_x86_64.whl.metadata (8.1 kB)
2025-08-21 06:39:02,812 - INFO - Downloading pikepdf-9.1.0-cp311-cp311-manylinux_2_17_x86_64.manylinux2014_x86_64.whl.metadata (8.2 kB)
2025-08-21 06:39:02,927 - INFO - Downloading pikepdf-9.0.0-cp311-cp311-manylinux_2_17_x86_64.manylinux2014_x86_64.whl.metadata (8.5 kB)
2025-08-21 06:39:03,040 - INFO - Downloading pikepdf-8.15.1-cp311-cp311-manylinux_2_17_x86_64.manylinux2014_x86_64.whl.metadata (8.5 kB)
2025-08-21 06:39:03,168 - INFO - Downloading pikepdf-8.15.0-cp311-cp311-manylinux_2_17_x86_64.manylinux2014_x86_64.whl.metadata (8.5 kB)
2025-08-21 06:39:03,286 - INFO - Downloading pikepdf-8.14.0-cp311-cp311-manylinux_2_17_x86_64.manylinux2014_x86_64.whl.metadata (8.6 kB)
2025-08-21 06:39:03,403 - INFO - Downloading pikepdf-8.13.0-cp311-cp311-manylinux_2_17_x86_64.manylinux2014_x86_64.whl.metadata (8.6 kB)
2025-08-21 06:39:03,523 - INFO - Downloading pikepdf-8.12.0-cp311-cp311-manylinux_2_17_x86_64.manylinux2014_x86_64.whl.metadata (8.6 kB)
2025-08-21 06:39:03,641 - INFO - Downloading pikepdf-8.11.2-cp311-cp311-manylinux_2_17_x86_64.manylinux2014_x86_64.whl.metadata (8.6 kB)
2025-08-21 06:39:03,763 - INFO - Downloading pikepdf-8.11.1-cp311-cp311-manylinux_2_17_x86_64.manylinux2014_x86_64.whl.metadata (8.6 kB)
2025-08-21 06:39:03,877 - INFO - Downloading pikepdf-8.11.0-cp311-cp311-manylinux_2_17_x86_64.manylinux2014_x86_64.whl.metadata (8.5 kB)
2025-08-21 06:39:04,002 - INFO - Downloading pikepdf-8.10.1-cp311-cp311-manylinux_2_17_x86_64.manylinux2014_x86_64.whl.metadata (8.5 kB)
2025-08-21 06:39:04,133 - INFO - Downloading pikepdf-8.10.0-cp311-cp311-manylinux_2_17_x86_64.manylinux2014_x86_64.whl.metadata (8.5 kB)
2025-08-21 06:39:04,256 - INFO - Downloading pikepdf-8.9.0-cp311-cp311-manylinux_2_17_x86_64.manylinux2014_x86_64.whl.metadata (8.5 kB)
2025-08-21 06:39:04,385 - INFO - Downloading pikepdf-8.8.0-cp311-cp311-manylinux_2_17_x86_64.manylinux2014_x86_64.whl.metadata (8.6 kB)
2025-08-21 06:39:04,512 - INFO - Downloading pikepdf-8.7.1-cp311-cp311-manylinux_2_17_x86_64.manylinux2014_x86_64.whl.metadata (8.6 kB)
2025-08-21 06:39:04,632 - INFO - Downloading pikepdf-8.7.0-cp311-cp311-manylinux_2_17_x86_64.manylinux2014_x86_64.whl.metadata (8.6 kB)
2025-08-21 06:39:04,751 - INFO - Downloading pikepdf-8.6.0-cp311-cp311-manylinux_2_17_x86_64.manylinux2014_x86_64.whl.metadata (8.6 kB)
2025-08-21 06:39:04,866 - INFO - Downloading pikepdf-8.5.3-cp311-cp311-manylinux_2_17_x86_64.manylinux2014_x86_64.whl.metadata (8.6 kB)
2025-08-21 06:39:04,981 - INFO - Downloading pikepdf-8.5.2-cp311-cp311-manylinux_2_17_x86_64.manylinux2014_x86_64.whl.metadata (8.6 kB)
2025-08-21 06:39:05,094 - INFO - Downloading pikepdf-8.5.1-cp311-cp311-manylinux_2_17_x86_64.manylinux2014_x86_64.whl.metadata (8.6 kB)
2025-08-21 06:39:05,208 - INFO - Downloading pikepdf-8.5.0-cp311-cp311-manylinux_2_17_x86_64.manylinux2014_x86_64.whl.metadata (8.6 kB)
2025-08-21 06:39:05,323 - INFO - Downloading pikepdf-8.4.1-cp311-cp311-manylinux_2_17_x86_64.manylinux2014_x86_64.whl.metadata (8.7 kB)
2025-08-21 06:39:05,460 - INFO - Collecting deprecation (from pikepdf)
2025-08-21 06:39:05,563 - INFO - Downloading deprecation-2.1.0-py2.py3-none-any.whl.metadata (4.6 kB)
2025-08-21 06:39:05,835 - INFO - Collecting lxml>=4.8 (from pikepdf)
2025-08-21 06:39:05,939 - INFO - Downloading lxml-6.0.0-cp311-cp311-manylinux_2_27_x86_64.manylinux_2_28_x86_64.whl.metadata (6.6 kB)
2025-08-21 06:39:06,058 - INFO - Downloading contourpy-1.1.0-cp311-cp311-manylinux_2_17_x86_64.manylinux2014_x86_64.whl (300 kB)
2025-08-21 06:39:06,237 - INFO - Downloading cycler-0.11.0-py3-none-any.whl (6.4 kB)
2025-08-21 06:39:06,449 - INFO - Downloading fonttools-4.42.1-cp311-cp311-manylinux_2_17_x86_64.manylinux2014_x86_64.whl (4.9 MB)
2025-08-21 06:39:07,335 - INFO - ━━━━━━━━━━━━━━━━━━━━━━━━━━━━━━━━━━━━━━━━ 4.9/4.9 MB 5.5 MB/s eta 0:00:00
2025-08-21 06:39:07,335 - INFO - 
2025-08-21 06:39:07,453 - INFO - Downloading kiwisolver-1.4.5-cp311-cp311-manylinux_2_17_x86_64.manylinux2014_x86_64.whl (1.4 MB)
2025-08-21 06:39:07,701 - INFO - ━━━━━━━━━━━━━━━━━━━━━━━━━━━━━━━━━━━━━━━━ 1.4/1.4 MB 6.4 MB/s eta 0:00:00
2025-08-21 06:39:07,701 - INFO - 
2025-08-21 06:39:07,808 - INFO - Downloading numpy-1.25.2-cp311-cp311-manylinux_2_17_x86_64.manylinux2014_x86_64.whl (18.2 MB)
2025-08-21 06:39:10,987 - INFO - ━━━━━━━━━━━━━━━━━━━━━━━━━━━━━━━━━━━━━━━━ 18.2/18.2 MB 5.7 MB/s eta 0:00:00
2025-08-21 06:39:11,095 - INFO - Downloading packaging-23.1-py3-none-any.whl (48 kB)
2025-08-21 06:39:11,207 - INFO - Downloading Pillow-10.0.0-cp311-cp311-manylinux_2_28_x86_64.whl (3.4 MB)
2025-08-21 06:39:11,935 - INFO - ━━━━━━━━━━━━━━━━━━━━━━━━━━━━━━━━━━━━━━━━ 3.4/3.4 MB 4.6 MB/s eta 0:00:00
2025-08-21 06:39:11,936 - INFO - 
2025-08-21 06:39:12,042 - INFO - Downloading pyparsing-3.0.9-py3-none-any.whl (98 kB)
2025-08-21 06:39:12,171 - INFO - Downloading python_dateutil-2.8.2-py2.py3-none-any.whl (247 kB)
2025-08-21 06:39:12,326 - INFO - Downloading six-1.16.0-py2.py3-none-any.whl (11 kB)
2025-08-21 06:39:12,444 - INFO - Downloading setuptools-68.1.2-py3-none-any.whl (805 kB)
2025-08-21 06:39:12,598 - INFO - ━━━━━━━━━━━━━━━━━━━━━━━━━━━━━━━━━━━━━━━━ 805.1/805.1 kB 4.8 MB/s eta 0:00:00
2025-08-21 06:39:12,598 - INFO - 
2025-08-21 06:39:12,704 - INFO - Downloading setuptools_scm-7.1.0-py3-none-any.whl (43 kB)
2025-08-21 06:39:12,816 - INFO - Downloading typing_extensions-4.7.1-py3-none-any.whl (33 kB)
2025-08-21 06:39:12,936 - INFO - Downloading ghostscript-0.8.1-py3-none-any.whl (25 kB)
2025-08-21 06:39:13,156 - INFO - Downloading pikepdf-8.4.1-cp311-cp311-manylinux_2_17_x86_64.manylinux2014_x86_64.whl (2.3 MB)
2025-08-21 06:39:13,573 - INFO - ━━━━━━━━━━━━━━━━━━━━━━━━━━━━━━━━━━━━━━━━ 2.3/2.3 MB 5.9 MB/s eta 0:00:00
2025-08-21 06:39:13,676 - INFO - Downloading lxml-6.0.0-cp311-cp311-manylinux_2_27_x86_64.manylinux_2_28_x86_64.whl (5.2 MB)
2025-08-21 06:39:14,388 - INFO - ━━━━━━━━━━━━━━━━━━━━━━━━━━━━━━━━━━━━━━━━ 5.2/5.2 MB 7.3 MB/s eta 0:00:00
2025-08-21 06:39:14,388 - INFO - 
2025-08-21 06:39:14,491 - INFO - Downloading deprecation-2.1.0-py2.py3-none-any.whl (11 kB)
2025-08-21 06:39:14,825 - INFO - Installing collected packages: ghostscript, typing-extensions, six, setuptools, pyparsing, pillow, packaging, numpy, lxml, kiwisolver, fonttools, cycler, setuptools-scm, python-dateutil, deprecation, contourpy, pikepdf
2025-08-21 06:39:14,855 - INFO - Attempting uninstall: typing-extensions
2025-08-21 06:39:14,857 - INFO - Found existing installation: typing_extensions 4.14.1
2025-08-21 06:39:14,859 - INFO - Uninstalling typing_extensions-4.14.1:
2025-08-21 06:39:14,961 - INFO - Successfully uninstalled typing_extensions-4.14.1
2025-08-21 06:39:15,015 - INFO - Attempting uninstall: six
2025-08-21 06:39:15,017 - INFO - Found existing installation: six 1.17.0
2025-08-21 06:39:15,018 - INFO - Uninstalling six-1.17.0:
2025-08-21 06:39:15,107 - INFO - Successfully uninstalled six-1.17.0
2025-08-21 06:39:15,120 - INFO - Attempting uninstall: setuptools
2025-08-21 06:39:15,123 - INFO - Found existing installation: setuptools 72.1.0
2025-08-21 06:39:15,126 - INFO - Uninstalling setuptools-72.1.0:
2025-08-21 06:39:15,219 - INFO - Successfully uninstalled setuptools-72.1.0
2025-08-21 06:39:15,623 - INFO - Attempting uninstall: pyparsing
2025-08-21 06:39:15,628 - INFO - Found existing installation: pyparsing 3.2.3
2025-08-21 06:39:15,630 - INFO - Uninstalling pyparsing-3.2.3:
2025-08-21 06:39:15,631 - INFO - Successfully uninstalled pyparsing-3.2.3
2025-08-21 06:39:15,697 - INFO - Attempting uninstall: pillow
2025-08-21 06:39:15,700 - INFO - Found existing installation: pillow 11.3.0
2025-08-21 06:39:15,710 - INFO - Uninstalling pillow-11.3.0:
2025-08-21 06:39:15,712 - INFO - Successfully uninstalled pillow-11.3.0
2025-08-21 06:39:16,115 - INFO - Attempting uninstall: packaging
2025-08-21 06:39:16,118 - INFO - Found existing installation: packaging 25.0
2025-08-21 06:39:16,123 - INFO - Uninstalling packaging-25.0:
2025-08-21 06:39:16,124 - INFO - Successfully uninstalled packaging-25.0
2025-08-21 06:39:16,155 - INFO - Attempting uninstall: numpy
2025-08-21 06:39:16,158 - INFO - Found existing installation: numpy 2.3.1
2025-08-21 06:39:16,217 - INFO - Uninstalling numpy-2.3.1:
2025-08-21 06:39:16,226 - INFO - Successfully uninstalled numpy-2.3.1
2025-08-21 06:39:18,253 - INFO - Attempting uninstall: kiwisolver
2025-08-21 06:39:18,257 - INFO - Found existing installation: kiwisolver 1.4.8
2025-08-21 06:39:18,259 - INFO - Uninstalling kiwisolver-1.4.8:
2025-08-21 06:39:18,262 - INFO - Successfully uninstalled kiwisolver-1.4.8
2025-08-21 06:39:18,290 - INFO - Attempting uninstall: fonttools
2025-08-21 06:39:18,298 - INFO - Found existing installation: fonttools 4.55.3
2025-08-21 06:39:18,324 - INFO - Uninstalling fonttools-4.55.3:
2025-08-21 06:39:18,328 - INFO - Successfully uninstalled fonttools-4.55.3
2025-08-21 06:39:18,997 - INFO - Attempting uninstall: cycler
2025-08-21 06:39:19,000 - INFO - Found existing installation: cycler 0.12.1
2025-08-21 06:39:19,002 - INFO - Uninstalling cycler-0.12.1:
2025-08-21 06:39:19,002 - INFO - Successfully uninstalled cycler-0.12.1
2025-08-21 06:39:19,023 - INFO - Attempting uninstall: setuptools-scm
2025-08-21 06:39:19,026 - INFO - Found existing installation: setuptools-scm 9.2.0
2025-08-21 06:39:19,030 - INFO - Uninstalling setuptools-scm-9.2.0:
2025-08-21 06:39:19,033 - INFO - Successfully uninstalled setuptools-scm-9.2.0
2025-08-21 06:39:19,071 - INFO - Attempting uninstall: python-dateutil
2025-08-21 06:39:19,074 - INFO - Found existing installation: python-dateutil 2.9.0.post0
2025-08-21 06:39:19,077 - INFO - Uninstalling python-dateutil-2.9.0.post0:
2025-08-21 06:39:19,078 - INFO - Successfully uninstalled python-dateutil-2.9.0.post0
2025-08-21 06:39:19,142 - INFO - Attempting uninstall: contourpy
2025-08-21 06:39:19,145 - INFO - Found existing installation: contourpy 1.3.1
2025-08-21 06:39:19,148 - INFO - Uninstalling contourpy-1.3.1:
2025-08-21 06:39:19,148 - INFO - Successfully uninstalled contourpy-1.3.1
2025-08-21 06:39:19,243 - INFO - 
2025-08-21 06:39:19,250 - INFO - Successfully installed contourpy-1.1.0 cycler-0.11.0 deprecation-2.1.0 fonttools-4.42.1 ghostscript-0.8.1 kiwisolver-1.4.5 lxml-6.0.0 numpy-1.25.2 packaging-23.1 pikepdf-8.4.1 pillow-10.0.0 pyparsing-3.0.9 python-dateutil-2.8.2 setuptools-68.1.2 setuptools-scm-7.1.0 six-1.16.0 typing-extensions-4.7.1
2025-08-21 06:39:19,250 - INFO - WARNING: Running pip as the 'root' user can result in broken permissions and conflicting behaviour with the system package manager, possibly rendering your system unusable. It is recommended to use a virtual environment instead: https://pip.pypa.io/warnings/venv. Use the --root-user-action option if you know what you are doing and want to suppress this warning.
2025-08-21 06:46:40,794 - INFO - ---> Removed intermediate container 8adfbe485186
2025-08-21 06:46:40,794 - INFO - ---> 03f4215c1420
2025-08-21 06:46:40,794 - INFO - Step 6/7 : WORKDIR /testbed/
2025-08-21 06:46:40,794 - INFO - 
2025-08-21 06:46:41,514 - INFO - ---> Running in c0ad0d84f712
2025-08-21 06:46:41,548 - INFO - ---> Removed intermediate container c0ad0d84f712
2025-08-21 06:46:41,552 - INFO - ---> 5042d7f01a65
2025-08-21 06:46:41,556 - INFO - Step 7/7 : RUN echo "source /opt/miniconda3/etc/profile.d/conda.sh && conda activate testbed" > /root/.bashrc
2025-08-21 06:46:41,560 - INFO - 
2025-08-21 06:46:41,701 - INFO - ---> Running in 344dc8c9aff7
2025-08-21 06:46:42,391 - INFO - ---> Removed intermediate container 344dc8c9aff7
2025-08-21 06:46:42,392 - INFO - ---> f71aaa75246e
2025-08-21 06:46:42,392 - INFO - Successfully built f71aaa75246e
2025-08-21 06:46:42,400 - INFO - Successfully tagged sweb.env.x86_64.efa6065ed5bf204410fd53:latest
2025-08-21 06:46:42,400 - INFO - Image built successfully!
