2025-08-21 08:10:03,272 - INFO - Building image sweb.env.x86_64.297af196949a2a635bce66:latest
Using dockerfile:
FROM --platform=linux/x86_64 sweb.base.x86_64:latest

COPY ./setup_env.sh /root/
RUN sed -i -e 's/\r$//' /root/setup_env.sh
RUN chmod +x /root/setup_env.sh
RUN /bin/bash -c "source ~/.bashrc && /root/setup_env.sh"

WORKDIR /testbed/

# Automatically activate the testbed environment
RUN echo "source /opt/miniconda3/etc/profile.d/conda.sh && conda activate testbed" > /root/.bashrc

Adding (1) setup scripts to image build repo
2025-08-21 08:10:03,272 - INFO - [SETUP SCRIPT] setup_env.sh:
#!/bin/bash
set -euxo pipefail
source /opt/miniconda3/bin/activate
conda create -n testbed python=3.8 -y
cat <<'EOF_59812759871' > $HOME/requirements.txt
asgiref >= 3.3.2
argon2-cffi >= 16.1.0
backports.zoneinfo; python_version < '3.9'
bcrypt
docutils
geoip2
jinja2 >= 2.9.2
numpy
Pillow >= 6.2.0
pylibmc; sys.platform != 'win32'
pymemcache >= 3.4.0
python-memcached >= 1.59
pytz
pywatchman; sys.platform != 'win32'
PyYAML
redis >= 3.0.0
selenium
sqlparse >= 0.2.2
tblib >= 1.5.0
tzdata
colorama; sys.platform == 'win32'

EOF_59812759871
conda activate testbed && python -m pip install -r $HOME/requirements.txt
rm $HOME/requirements.txt
conda activate testbed

2025-08-21 08:10:03,272 - INFO - Building docker image sweb.env.x86_64.297af196949a2a635bce66:latest in logs/build_images/env/sweb.env.x86_64.297af196949a2a635bce66__latest with platform linux/x86_64
2025-08-21 08:10:03,278 - INFO - Step 1/7 : FROM --platform=linux/x86_64 sweb.base.x86_64:latest
2025-08-21 08:10:03,279 - INFO - 
2025-08-21 08:10:03,279 - INFO - ---> 5cca6898c8d9
2025-08-21 08:10:03,279 - INFO - Step 2/7 : COPY ./setup_env.sh /root/
2025-08-21 08:10:03,279 - INFO - 
2025-08-21 08:10:03,445 - INFO - ---> Using cache
2025-08-21 08:10:03,445 - INFO - ---> c5896c395ee1
2025-08-21 08:10:03,445 - INFO - Step 3/7 : RUN sed -i -e 's/\r$//' /root/setup_env.sh
2025-08-21 08:10:03,445 - INFO - 
2025-08-21 08:10:03,445 - INFO - ---> Using cache
2025-08-21 08:10:03,445 - INFO - ---> 3576ad84c8e4
2025-08-21 08:10:03,445 - INFO - Step 4/7 : RUN chmod +x /root/setup_env.sh
2025-08-21 08:10:03,445 - INFO - 
2025-08-21 08:10:03,445 - INFO - ---> Using cache
2025-08-21 08:10:03,445 - INFO - ---> 79950905037f
2025-08-21 08:10:03,445 - INFO - Step 5/7 : RUN /bin/bash -c "source ~/.bashrc && /root/setup_env.sh"
2025-08-21 08:10:03,445 - INFO - 
2025-08-21 08:10:03,533 - INFO - ---> Running in 756641c6e58c
2025-08-21 08:10:03,756 - INFO - + source /opt/miniconda3/bin/activate
2025-08-21 08:10:03,757 - INFO - ++ _CONDA_ROOT=/opt/miniconda3
++ . /opt/miniconda3/etc/profile.d/conda.sh
+++ export CONDA_EXE=/opt/miniconda3/bin/conda
+++ CONDA_EXE=/opt/miniconda3/bin/conda
+++ export _CE_M=
+++ _CE_M=
+++ export _CE_CONDA=
+++ _CE_CONDA=
+++ export CONDA_PYTHON_EXE=/opt/miniconda3/bin/python
+++ CONDA_PYTHON_EXE=/opt/miniconda3/bin/python
2025-08-21 08:10:03,762 - INFO - +++ '[' -z '' ']'
+++ export CONDA_SHLVL=0
+++ CONDA_SHLVL=0
+++ '[' -n '' ']'
+++++ dirname /opt/miniconda3/bin/conda
++++ dirname /opt/miniconda3/bin
2025-08-21 08:10:03,764 - INFO - +++ PATH=/opt/miniconda3/condabin:/opt/miniconda3/bin:/usr/local/sbin:/usr/local/bin:/usr/sbin:/usr/bin:/sbin:/bin
+++ export PATH
+++ '[' -z '' ']'
+++ PS1=
++ conda activate
2025-08-21 08:10:03,764 - INFO - ++ local cmd=activate
++ case "$cmd" in
++ __conda_activate activate
++ '[' -n '' ']'
++ local ask_conda
+++ PS1=
+++ __conda_exe shell.posix activate
2025-08-21 08:10:03,766 - INFO - +++ /opt/miniconda3/bin/conda shell.posix activate
2025-08-21 08:10:03,937 - INFO - ++ ask_conda='PS1='\''(base) '\''
export PATH='\''/opt/miniconda3/bin:/opt/miniconda3/condabin:/opt/miniconda3/bin:/usr/local/sbin:/usr/local/bin:/usr/sbin:/usr/bin:/sbin:/bin'\''
export CONDA_PREFIX='\''/opt/miniconda3'\''
export CONDA_SHLVL='\''1'\''
export CONDA_DEFAULT_ENV='\''base'\''
export CONDA_PROMPT_MODIFIER='\''(base) '\''
export CONDA_EXE='\''/opt/miniconda3/bin/conda'\''
export _CE_M='\'''\''
export _CE_CONDA='\'''\''
export CONDA_PYTHON_EXE='\''/opt/miniconda3/bin/python'\'''
++ eval 'PS1='\''(base) '\''
export PATH='\''/opt/miniconda3/bin:/opt/miniconda3/condabin:/opt/miniconda3/bin:/usr/local/sbin:/usr/local/bin:/usr/sbin:/usr/bin:/sbin:/bin'\''
export CONDA_PREFIX='\''/opt/miniconda3'\''
export CONDA_SHLVL='\''1'\''
export CONDA_DEFAULT_ENV='\''base'\''
export CONDA_PROMPT_MODIFIER='\''(base) '\''
export CONDA_EXE='\''/opt/miniconda3/bin/conda'\''
export _CE_M='\'''\''
export _CE_CONDA='\'''\''
export CONDA_PYTHON_EXE='\''/opt/miniconda3/bin/python'\'''
+++ PS1='(base) '
+++ export PATH=/opt/miniconda3/bin:/opt/miniconda3/condabin:/opt/miniconda3/bin:/usr/local/sbin:/usr/local/bin:/usr/sbin:/usr/bin:/sbin:/bin
+++ PATH=/opt/miniconda3/bin:/opt/miniconda3/condabin:/opt/miniconda3/bin:/usr/local/sbin:/usr/local/bin:/usr/sbin:/usr/bin:/sbin:/bin
+++ export CONDA_PREFIX=/opt/miniconda3
+++ CONDA_PREFIX=/opt/miniconda3
+++ export CONDA_SHLVL=1
+++ CONDA_SHLVL=1
+++ export CONDA_DEFAULT_ENV=base
+++ CONDA_DEFAULT_ENV=base
+++ export 'CONDA_PROMPT_MODIFIER=(base) '
+++ CONDA_PROMPT_MODIFIER='(base) '
+++ export CONDA_EXE=/opt/miniconda3/bin/conda
+++ CONDA_EXE=/opt/miniconda3/bin/conda
+++ export _CE_M=
+++ _CE_M=
+++ export _CE_CONDA=
+++ _CE_CONDA=
+++ export CONDA_PYTHON_EXE=/opt/miniconda3/bin/python
+++ CONDA_PYTHON_EXE=/opt/miniconda3/bin/python
++ __conda_hashr
2025-08-21 08:10:03,937 - INFO - ++ '[' -n '' ']'
++ '[' -n '' ']'
++ hash -r
+ conda create -n testbed python=3.8 -y
+ local cmd=create
+ case "$cmd" in
+ __conda_exe create -n testbed python=3.8 -y
2025-08-21 08:10:03,937 - INFO - + /opt/miniconda3/bin/conda create -n testbed python=3.8 -y
2025-08-21 08:10:04,654 - INFO - Channels:
 - defaults
 - conda-forge
Platform: linux-64
Collecting package metadata (repodata.json): ...working...
2025-08-21 08:11:04,673 - INFO - done
Solving environment: ...working...
2025-08-21 08:11:06,100 - INFO - done
2025-08-21 08:11:15,297 - INFO - ## Package Plan ##

  environment location: /opt/miniconda3/envs/testbed

  added / updated specs:
    - python=3.8


The following packages will be downloaded:

    package                    |            build
    ---------------------------|-----------------
    ca-certificates-2025.7.15  |       h06a4308_0         126 KB
    ld_impl_linux-64-2.40      |       h12ee557_0         710 KB
    libffi-3.4.4               |       h6a678d5_1         141 KB
    libxcb-1.17.0              |       h9b100fa_0         430 KB
    ncurses-6.5                |       h7934f7d_0         1.1 MB
    openssl-3.0.17             |       h5eee18b_0         5.2 MB
    pip-24.2                   |   py38h06a4308_0         2.2 MB
    pthread-stubs-0.3          |       h0ce48e5_1           5 KB
    python-3.8.20              |       he870216_0        23.8 MB
    readline-8.3               |       hc2a1206_0         471 KB
    setuptools-75.1.0          |   py38h06a4308_0         1.7 MB
    sqlite-3.50.2              |       hb25bd0a_1         1.1 MB
    tk-8.6.15                  |       h54e0aa7_0         3.4 MB
    wheel-0.44.0               |   py38h06a4308_0         108 KB
    xorg-libx11-1.8.12         |       h9b100fa_1         895 KB
    xorg-libxau-1.0.12         |       h9b100fa_0          13 KB
    xorg-libxdmcp-1.1.5        |       h9b100fa_0          19 KB
    xorg-xorgproto-2024.1      |       h5eee18b_1         580 KB
    xz-5.6.4                   |       h5eee18b_1         567 KB
    zlib-1.2.13                |       h5eee18b_1         111 KB
    ------------------------------------------------------------
                                           Total:        42.6 MB

The following NEW packages will be INSTALLED:

  _libgcc_mutex      pkgs/main/linux-64::_libgcc_mutex-0.1-main 
  _openmp_mutex      pkgs/main/linux-64::_openmp_mutex-5.1-1_gnu 
  ca-certificates    pkgs/main/linux-64::ca-certificates-2025.7.15-h06a4308_0 
  ld_impl_linux-64   pkgs/main/linux-64::ld_impl_linux-64-2.40-h12ee557_0 
  libffi             pkgs/main/linux-64::libffi-3.4.4-h6a678d5_1 
  libgcc-ng          pkgs/main/linux-64::libgcc-ng-11.2.0-h1234567_1 
  libgomp            pkgs/main/linux-64::libgomp-11.2.0-h1234567_1 
  libstdcxx-ng       pkgs/main/linux-64::libstdcxx-ng-11.2.0-h1234567_1 
  libxcb             pkgs/main/linux-64::libxcb-1.17.0-h9b100fa_0 
  ncurses            pkgs/main/linux-64::ncurses-6.5-h7934f7d_0 
  openssl            pkgs/main/linux-64::openssl-3.0.17-h5eee18b_0 
  pip                pkgs/main/linux-64::pip-24.2-py38h06a4308_0 
  pthread-stubs      pkgs/main/linux-64::pthread-stubs-0.3-h0ce48e5_1 
  python             pkgs/main/linux-64::python-3.8.20-he870216_0 
  readline           pkgs/main/linux-64::readline-8.3-hc2a1206_0 
  setuptools         pkgs/main/linux-64::setuptools-75.1.0-py38h06a4308_0 
  sqlite             pkgs/main/linux-64::sqlite-3.50.2-hb25bd0a_1 
  tk                 pkgs/main/linux-64::tk-8.6.15-h54e0aa7_0 
  wheel              pkgs/main/linux-64::wheel-0.44.0-py38h06a4308_0 
  xorg-libx11        pkgs/main/linux-64::xorg-libx11-1.8.12-h9b100fa_1 
  xorg-libxau        pkgs/main/linux-64::xorg-libxau-1.0.12-h9b100fa_0 
  xorg-libxdmcp      pkgs/main/linux-64::xorg-libxdmcp-1.1.5-h9b100fa_0 
  xorg-xorgproto     pkgs/main/linux-64::xorg-xorgproto-2024.1-h5eee18b_1 
  xz                 pkgs/main/linux-64::xz-5.6.4-h5eee18b_1 
  zlib               pkgs/main/linux-64::zlib-1.2.13-h5eee18b_1 



Downloading and Extracting Packages: ...working... done
Preparing transaction: ...working...
2025-08-21 08:11:15,522 - INFO - done
Verifying transaction: ...working...
2025-08-21 08:11:16,707 - INFO - done
2025-08-21 08:11:16,708 - INFO - Executing transaction: ...working...
2025-08-21 08:11:21,506 - INFO - done
2025-08-21 08:11:21,529 - INFO - #
# To activate this environment, use
#
#     $ conda activate testbed
#
# To deactivate an active environment, use
#
#     $ conda deactivate
2025-08-21 08:11:21,650 - INFO - + cat
+ conda activate testbed
+ local cmd=activate
+ case "$cmd" in
+ __conda_activate activate testbed
+ '[' -n '' ']'
+ local ask_conda
++ PS1='(base) '
++ __conda_exe shell.posix activate testbed
++ /opt/miniconda3/bin/conda shell.posix activate testbed
2025-08-21 08:11:21,803 - INFO - + ask_conda='PS1='\''(testbed) '\''
export PATH='\''/opt/miniconda3/envs/testbed/bin:/opt/miniconda3/condabin:/opt/miniconda3/bin:/usr/local/sbin:/usr/local/bin:/usr/sbin:/usr/bin:/sbin:/bin'\''
export CONDA_PREFIX='\''/opt/miniconda3/envs/testbed'\''
export CONDA_SHLVL='\''2'\''
export CONDA_DEFAULT_ENV='\''testbed'\''
export CONDA_PROMPT_MODIFIER='\''(testbed) '\''
export CONDA_PREFIX_1='\''/opt/miniconda3'\''
export CONDA_EXE='\''/opt/miniconda3/bin/conda'\''
export _CE_M='\'''\''
export _CE_CONDA='\'''\''
export CONDA_PYTHON_EXE='\''/opt/miniconda3/bin/python'\'''
+ eval 'PS1='\''(testbed) '\''
export PATH='\''/opt/miniconda3/envs/testbed/bin:/opt/miniconda3/condabin:/opt/miniconda3/bin:/usr/local/sbin:/usr/local/bin:/usr/sbin:/usr/bin:/sbin:/bin'\''
export CONDA_PREFIX='\''/opt/miniconda3/envs/testbed'\''
export CONDA_SHLVL='\''2'\''
export CONDA_DEFAULT_ENV='\''testbed'\''
export CONDA_PROMPT_MODIFIER='\''(testbed) '\''
export CONDA_PREFIX_1='\''/opt/miniconda3'\''
export CONDA_EXE='\''/opt/miniconda3/bin/conda'\''
export _CE_M='\'''\''
export _CE_CONDA='\'''\''
export CONDA_PYTHON_EXE='\''/opt/miniconda3/bin/python'\'''
++ PS1='(testbed) '
++ export PATH=/opt/miniconda3/envs/testbed/bin:/opt/miniconda3/condabin:/opt/miniconda3/bin:/usr/local/sbin:/usr/local/bin:/usr/sbin:/usr/bin:/sbin:/bin
++ PATH=/opt/miniconda3/envs/testbed/bin:/opt/miniconda3/condabin:/opt/miniconda3/bin:/usr/local/sbin:/usr/local/bin:/usr/sbin:/usr/bin:/sbin:/bin
++ export CONDA_PREFIX=/opt/miniconda3/envs/testbed
++ CONDA_PREFIX=/opt/miniconda3/envs/testbed
++ export CONDA_SHLVL=2
++ CONDA_SHLVL=2
++ export CONDA_DEFAULT_ENV=testbed
++ CONDA_DEFAULT_ENV=testbed
++ export 'CONDA_PROMPT_MODIFIER=(testbed) '
++ CONDA_PROMPT_MODIFIER='(testbed) '
++ export CONDA_PREFIX_1=/opt/miniconda3
++ CONDA_PREFIX_1=/opt/miniconda3
++ export CONDA_EXE=/opt/miniconda3/bin/conda
++ CONDA_EXE=/opt/miniconda3/bin/conda
++ export _CE_M=
++ _CE_M=
++ export _CE_CONDA=
++ _CE_CONDA=
++ export CONDA_PYTHON_EXE=/opt/miniconda3/bin/python
++ CONDA_PYTHON_EXE=/opt/miniconda3/bin/python
+ __conda_hashr
+ '[' -n '' ']'
+ '[' -n '' ']'
+ hash -r
+ python -m pip install -r /root/requirements.txt
2025-08-21 08:11:22,134 - INFO - Ignoring colorama: markers 'sys_platform == "win32"' don't match your environment
2025-08-21 08:11:23,859 - INFO - Collecting asgiref>=3.3.2 (from -r /root/requirements.txt (line 1))
2025-08-21 08:11:24,584 - INFO - Downloading asgiref-3.8.1-py3-none-any.whl.metadata (9.3 kB)
2025-08-21 08:11:25,852 - INFO - Collecting argon2-cffi>=16.1.0 (from -r /root/requirements.txt (line 2))
2025-08-21 08:11:26,112 - INFO - Downloading argon2_cffi-25.1.0-py3-none-any.whl.metadata (4.1 kB)
2025-08-21 08:11:27,217 - INFO - Collecting backports.zoneinfo (from -r /root/requirements.txt (line 3))
2025-08-21 08:11:27,754 - INFO - Downloading backports.zoneinfo-0.2.1-cp38-cp38-manylinux1_x86_64.whl.metadata (4.7 kB)
2025-08-21 08:11:28,820 - INFO - Collecting bcrypt (from -r /root/requirements.txt (line 4))
2025-08-21 08:11:29,015 - INFO - Downloading bcrypt-4.3.0-cp38-abi3-manylinux_2_34_x86_64.whl.metadata (10 kB)
2025-08-21 08:11:30,156 - INFO - Collecting docutils (from -r /root/requirements.txt (line 5))
2025-08-21 08:11:30,622 - INFO - Downloading docutils-0.20.1-py3-none-any.whl.metadata (2.8 kB)
2025-08-21 08:11:31,929 - INFO - Collecting geoip2 (from -r /root/requirements.txt (line 6))
2025-08-21 08:11:32,174 - INFO - Downloading geoip2-4.8.1-py3-none-any.whl.metadata (18 kB)
2025-08-21 08:11:32,305 - INFO - Collecting jinja2>=2.9.2 (from -r /root/requirements.txt (line 7))
2025-08-21 08:11:32,412 - INFO - Downloading jinja2-3.1.6-py3-none-any.whl.metadata (2.9 kB)
2025-08-21 08:11:32,859 - INFO - Collecting numpy (from -r /root/requirements.txt (line 8))
2025-08-21 08:11:32,969 - INFO - Downloading numpy-1.24.4-cp38-cp38-manylinux_2_17_x86_64.manylinux2014_x86_64.whl.metadata (5.6 kB)
2025-08-21 08:11:33,312 - INFO - Collecting Pillow>=6.2.0 (from -r /root/requirements.txt (line 9))
2025-08-21 08:11:33,423 - INFO - Downloading pillow-10.4.0-cp38-cp38-manylinux_2_28_x86_64.whl.metadata (9.2 kB)
2025-08-21 08:11:33,856 - INFO - Collecting pylibmc (from -r /root/requirements.txt (line 10))
2025-08-21 08:11:33,965 - INFO - Downloading pylibmc-1.6.3-cp38-cp38-manylinux_2_17_x86_64.manylinux2014_x86_64.whl.metadata (4.0 kB)
2025-08-21 08:11:34,096 - INFO - Collecting pymemcache>=3.4.0 (from -r /root/requirements.txt (line 11))
2025-08-21 08:11:34,206 - INFO - Downloading pymemcache-4.0.0-py2.py3-none-any.whl.metadata (14 kB)
2025-08-21 08:11:34,343 - INFO - Collecting python-memcached>=1.59 (from -r /root/requirements.txt (line 12))
2025-08-21 08:11:34,455 - INFO - Downloading python_memcached-1.62-py2.py3-none-any.whl.metadata (2.3 kB)
2025-08-21 08:11:34,614 - INFO - Collecting pytz (from -r /root/requirements.txt (line 13))
2025-08-21 08:11:34,726 - INFO - Downloading pytz-2025.2-py2.py3-none-any.whl.metadata (22 kB)
2025-08-21 08:11:35,140 - INFO - Collecting pywatchman (from -r /root/requirements.txt (line 14))
2025-08-21 08:11:35,255 - INFO - Downloading pywatchman-3.0.0.tar.gz (40 kB)
2025-08-21 08:11:35,311 - INFO - Installing build dependencies: started
2025-08-21 08:11:39,549 - INFO - Installing build dependencies: finished with status 'done'
2025-08-21 08:11:39,550 - INFO - Getting requirements to build wheel: started
2025-08-21 08:11:39,761 - INFO - Getting requirements to build wheel: finished with status 'done'
2025-08-21 08:11:39,762 - INFO - Preparing metadata (pyproject.toml): started
2025-08-21 08:11:40,001 - INFO - Preparing metadata (pyproject.toml): finished with status 'done'
2025-08-21 08:11:40,200 - INFO - Collecting PyYAML (from -r /root/requirements.txt (line 15))
2025-08-21 08:11:40,314 - INFO - Downloading PyYAML-6.0.2-cp38-cp38-manylinux_2_17_x86_64.manylinux2014_x86_64.whl.metadata (2.1 kB)
2025-08-21 08:11:40,487 - INFO - Collecting redis>=3.0.0 (from -r /root/requirements.txt (line 16))
2025-08-21 08:11:40,596 - INFO - Downloading redis-6.1.1-py3-none-any.whl.metadata (10 kB)
2025-08-21 08:11:40,749 - INFO - Collecting selenium (from -r /root/requirements.txt (line 17))
2025-08-21 08:11:40,881 - INFO - Downloading selenium-4.27.1-py3-none-any.whl.metadata (7.1 kB)
2025-08-21 08:11:41,008 - INFO - Collecting sqlparse>=0.2.2 (from -r /root/requirements.txt (line 18))
2025-08-21 08:11:41,118 - INFO - Downloading sqlparse-0.5.3-py3-none-any.whl.metadata (3.9 kB)
2025-08-21 08:11:41,273 - INFO - Collecting tblib>=1.5.0 (from -r /root/requirements.txt (line 19))
2025-08-21 08:11:41,385 - INFO - Downloading tblib-3.0.0-py3-none-any.whl.metadata (25 kB)
2025-08-21 08:11:41,511 - INFO - Collecting tzdata (from -r /root/requirements.txt (line 20))
2025-08-21 08:11:41,618 - INFO - Downloading tzdata-2025.2-py2.py3-none-any.whl.metadata (1.4 kB)
2025-08-21 08:11:41,747 - INFO - Collecting typing-extensions>=4 (from asgiref>=3.3.2->-r /root/requirements.txt (line 1))
2025-08-21 08:11:41,856 - INFO - Downloading typing_extensions-4.13.2-py3-none-any.whl.metadata (3.0 kB)
2025-08-21 08:11:41,982 - INFO - Collecting argon2-cffi-bindings (from argon2-cffi>=16.1.0->-r /root/requirements.txt (line 2))
2025-08-21 08:11:42,090 - INFO - Downloading argon2_cffi_bindings-21.2.0-cp36-abi3-manylinux_2_17_x86_64.manylinux2014_x86_64.whl.metadata (6.7 kB)
2025-08-21 08:11:42,906 - INFO - Collecting aiohttp<4.0.0,>=3.6.2 (from geoip2->-r /root/requirements.txt (line 6))
2025-08-21 08:11:43,014 - INFO - Downloading aiohttp-3.10.11-cp38-cp38-manylinux_2_17_x86_64.manylinux2014_x86_64.whl.metadata (7.7 kB)
2025-08-21 08:11:43,188 - INFO - Collecting maxminddb<3.0.0,>=2.5.1 (from geoip2->-r /root/requirements.txt (line 6))
2025-08-21 08:11:43,302 - INFO - Downloading maxminddb-2.6.3-cp38-cp38-manylinux_2_17_x86_64.manylinux2014_x86_64.whl.metadata (5.1 kB)
2025-08-21 08:11:43,453 - INFO - Collecting requests<3.0.0,>=2.24.0 (from geoip2->-r /root/requirements.txt (line 6))
2025-08-21 08:11:43,569 - INFO - Downloading requests-2.32.4-py3-none-any.whl.metadata (4.9 kB)
2025-08-21 08:11:44,083 - INFO - Collecting MarkupSafe>=2.0 (from jinja2>=2.9.2->-r /root/requirements.txt (line 7))
2025-08-21 08:11:44,245 - INFO - Downloading MarkupSafe-2.1.5-cp38-cp38-manylinux_2_17_x86_64.manylinux2014_x86_64.whl.metadata (3.0 kB)
2025-08-21 08:11:44,693 - INFO - Collecting async-timeout>=4.0.3 (from redis>=3.0.0->-r /root/requirements.txt (line 16))
2025-08-21 08:11:44,857 - INFO - Downloading async_timeout-5.0.1-py3-none-any.whl.metadata (5.1 kB)
2025-08-21 08:11:45,262 - INFO - Collecting urllib3<3,>=1.26 (from urllib3[socks]<3,>=1.26->selenium->-r /root/requirements.txt (line 17))
2025-08-21 08:11:45,399 - INFO - Downloading urllib3-2.2.3-py3-none-any.whl.metadata (6.5 kB)
2025-08-21 08:11:45,700 - INFO - Collecting trio~=0.17 (from selenium->-r /root/requirements.txt (line 17))
2025-08-21 08:11:45,851 - INFO - Downloading trio-0.27.0-py3-none-any.whl.metadata (8.6 kB)
2025-08-21 08:11:46,206 - INFO - Collecting trio-websocket~=0.9 (from selenium->-r /root/requirements.txt (line 17))
2025-08-21 08:11:46,481 - INFO - Downloading trio_websocket-0.12.2-py3-none-any.whl.metadata (5.1 kB)
2025-08-21 08:11:46,909 - INFO - Collecting certifi>=2021.10.8 (from selenium->-r /root/requirements.txt (line 17))
2025-08-21 08:11:47,043 - INFO - Downloading certifi-2025.8.3-py3-none-any.whl.metadata (2.4 kB)
2025-08-21 08:11:47,542 - INFO - Collecting websocket-client~=1.8 (from selenium->-r /root/requirements.txt (line 17))
2025-08-21 08:11:47,693 - INFO - Downloading websocket_client-1.8.0-py3-none-any.whl.metadata (8.0 kB)
2025-08-21 08:11:48,290 - INFO - Collecting aiohappyeyeballs>=2.3.0 (from aiohttp<4.0.0,>=3.6.2->geoip2->-r /root/requirements.txt (line 6))
2025-08-21 08:11:48,450 - INFO - Downloading aiohappyeyeballs-2.4.4-py3-none-any.whl.metadata (6.1 kB)
2025-08-21 08:11:49,192 - INFO - Collecting aiosignal>=1.1.2 (from aiohttp<4.0.0,>=3.6.2->geoip2->-r /root/requirements.txt (line 6))
2025-08-21 08:11:49,314 - INFO - Downloading aiosignal-1.3.1-py3-none-any.whl.metadata (4.0 kB)
2025-08-21 08:11:50,269 - INFO - Collecting attrs>=17.3.0 (from aiohttp<4.0.0,>=3.6.2->geoip2->-r /root/requirements.txt (line 6))
2025-08-21 08:11:50,468 - INFO - Downloading attrs-25.3.0-py3-none-any.whl.metadata (10 kB)
2025-08-21 08:11:51,329 - INFO - Collecting frozenlist>=1.1.1 (from aiohttp<4.0.0,>=3.6.2->geoip2->-r /root/requirements.txt (line 6))
2025-08-21 08:11:51,437 - INFO - Downloading frozenlist-1.5.0-cp38-cp38-manylinux_2_5_x86_64.manylinux1_x86_64.manylinux_2_17_x86_64.manylinux2014_x86_64.whl.metadata (13 kB)
2025-08-21 08:11:51,857 - INFO - Collecting multidict<7.0,>=4.5 (from aiohttp<4.0.0,>=3.6.2->geoip2->-r /root/requirements.txt (line 6))
2025-08-21 08:11:51,964 - INFO - Downloading multidict-6.1.0-cp38-cp38-manylinux_2_17_x86_64.manylinux2014_x86_64.whl.metadata (5.0 kB)
2025-08-21 08:11:52,563 - INFO - Collecting yarl<2.0,>=1.12.0 (from aiohttp<4.0.0,>=3.6.2->geoip2->-r /root/requirements.txt (line 6))
2025-08-21 08:11:52,672 - INFO - Downloading yarl-1.15.2-cp38-cp38-manylinux_2_17_x86_64.manylinux2014_x86_64.whl.metadata (56 kB)
2025-08-21 08:11:52,905 - INFO - Collecting charset_normalizer<4,>=2 (from requests<3.0.0,>=2.24.0->geoip2->-r /root/requirements.txt (line 6))
2025-08-21 08:11:53,014 - INFO - Downloading charset_normalizer-3.4.3-cp38-cp38-manylinux2014_x86_64.manylinux_2_17_x86_64.manylinux_2_28_x86_64.whl.metadata (36 kB)
2025-08-21 08:11:53,166 - INFO - Collecting idna<4,>=2.5 (from requests<3.0.0,>=2.24.0->geoip2->-r /root/requirements.txt (line 6))
2025-08-21 08:11:53,273 - INFO - Downloading idna-3.10-py3-none-any.whl.metadata (10 kB)
2025-08-21 08:11:53,418 - INFO - Collecting sortedcontainers (from trio~=0.17->selenium->-r /root/requirements.txt (line 17))
2025-08-21 08:11:53,528 - INFO - Downloading sortedcontainers-2.4.0-py2.py3-none-any.whl.metadata (10 kB)
2025-08-21 08:11:53,648 - INFO - Collecting outcome (from trio~=0.17->selenium->-r /root/requirements.txt (line 17))
2025-08-21 08:11:53,755 - INFO - Downloading outcome-1.3.0.post0-py2.py3-none-any.whl.metadata (2.6 kB)
2025-08-21 08:11:53,874 - INFO - Collecting sniffio>=1.3.0 (from trio~=0.17->selenium->-r /root/requirements.txt (line 17))
2025-08-21 08:11:53,982 - INFO - Downloading sniffio-1.3.1-py3-none-any.whl.metadata (3.9 kB)
2025-08-21 08:11:54,105 - INFO - Collecting exceptiongroup (from trio~=0.17->selenium->-r /root/requirements.txt (line 17))
2025-08-21 08:11:54,211 - INFO - Downloading exceptiongroup-1.3.0-py3-none-any.whl.metadata (6.7 kB)
2025-08-21 08:11:54,336 - INFO - Collecting wsproto>=0.14 (from trio-websocket~=0.9->selenium->-r /root/requirements.txt (line 17))
2025-08-21 08:11:54,443 - INFO - Downloading wsproto-1.2.0-py3-none-any.whl.metadata (5.6 kB)
2025-08-21 08:11:54,568 - INFO - Collecting pysocks!=1.5.7,<2.0,>=1.5.6 (from urllib3[socks]<3,>=1.26->selenium->-r /root/requirements.txt (line 17))
2025-08-21 08:11:54,678 - INFO - Downloading PySocks-1.7.1-py3-none-any.whl.metadata (13 kB)
2025-08-21 08:11:54,929 - INFO - Collecting cffi>=1.0.1 (from argon2-cffi-bindings->argon2-cffi>=16.1.0->-r /root/requirements.txt (line 2))
2025-08-21 08:11:55,040 - INFO - Downloading cffi-1.17.1-cp38-cp38-manylinux_2_17_x86_64.manylinux2014_x86_64.whl.metadata (1.5 kB)
2025-08-21 08:11:55,172 - INFO - Collecting pycparser (from cffi>=1.0.1->argon2-cffi-bindings->argon2-cffi>=16.1.0->-r /root/requirements.txt (line 2))
2025-08-21 08:11:55,278 - INFO - Downloading pycparser-2.22-py3-none-any.whl.metadata (943 bytes)
2025-08-21 08:11:55,428 - INFO - Collecting h11<1,>=0.9.0 (from wsproto>=0.14->trio-websocket~=0.9->selenium->-r /root/requirements.txt (line 17))
2025-08-21 08:11:55,539 - INFO - Downloading h11-0.16.0-py3-none-any.whl.metadata (8.3 kB)
2025-08-21 08:11:55,717 - INFO - Collecting propcache>=0.2.0 (from yarl<2.0,>=1.12.0->aiohttp<4.0.0,>=3.6.2->geoip2->-r /root/requirements.txt (line 6))
2025-08-21 08:11:55,826 - INFO - Downloading propcache-0.2.0-cp38-cp38-manylinux_2_17_x86_64.manylinux2014_x86_64.whl.metadata (7.7 kB)
2025-08-21 08:11:55,953 - INFO - Downloading asgiref-3.8.1-py3-none-any.whl (23 kB)
2025-08-21 08:11:56,074 - INFO - Downloading argon2_cffi-25.1.0-py3-none-any.whl (14 kB)
2025-08-21 08:11:56,188 - INFO - Downloading backports.zoneinfo-0.2.1-cp38-cp38-manylinux1_x86_64.whl (74 kB)
2025-08-21 08:11:56,362 - INFO - Downloading bcrypt-4.3.0-cp38-abi3-manylinux_2_34_x86_64.whl (283 kB)
2025-08-21 08:11:56,538 - INFO - Downloading docutils-0.20.1-py3-none-any.whl (572 kB)
2025-08-21 08:11:56,618 - INFO - ━━━━━━━━━━━━━━━━━━━━━━━━━━━━━━━━━━━━━━━━ 572.7/572.7 kB 5.2 MB/s eta 0:00:00
2025-08-21 08:11:56,728 - INFO - Downloading geoip2-4.8.1-py3-none-any.whl (27 kB)
2025-08-21 08:11:56,844 - INFO - Downloading jinja2-3.1.6-py3-none-any.whl (134 kB)
2025-08-21 08:11:56,964 - INFO - Downloading numpy-1.24.4-cp38-cp38-manylinux_2_17_x86_64.manylinux2014_x86_64.whl (17.3 MB)
2025-08-21 08:11:59,509 - INFO - ━━━━━━━━━━━━━━━━━━━━━━━━━━━━━━━━━━━━━━━━ 17.3/17.3 MB 6.7 MB/s eta 0:00:00
2025-08-21 08:11:59,509 - INFO - 
2025-08-21 08:11:59,629 - INFO - Downloading pillow-10.4.0-cp38-cp38-manylinux_2_28_x86_64.whl (4.5 MB)
2025-08-21 08:12:00,564 - INFO - ━━━━━━━━━━━━━━━━━━━━━━━━━━━━━━━━━━━━━━━━ 4.5/4.5 MB 4.8 MB/s eta 0:00:00
2025-08-21 08:12:00,564 - INFO - 
2025-08-21 08:12:00,672 - INFO - Downloading pylibmc-1.6.3-cp38-cp38-manylinux_2_17_x86_64.manylinux2014_x86_64.whl (1.2 MB)
2025-08-21 08:12:00,931 - INFO - ━━━━━━━━━━━━━━━━━━━━━━━━━━━━━━━━━━━━━━━━ 1.2/1.2 MB 4.6 MB/s eta 0:00:00
2025-08-21 08:12:00,931 - INFO - 
2025-08-21 08:12:01,040 - INFO - Downloading pymemcache-4.0.0-py2.py3-none-any.whl (60 kB)
2025-08-21 08:12:01,192 - INFO - Downloading python_memcached-1.62-py2.py3-none-any.whl (15 kB)
2025-08-21 08:12:01,309 - INFO - Downloading pytz-2025.2-py2.py3-none-any.whl (509 kB)
2025-08-21 08:12:01,531 - INFO - Downloading PyYAML-6.0.2-cp38-cp38-manylinux_2_17_x86_64.manylinux2014_x86_64.whl (746 kB)
2025-08-21 08:12:01,691 - INFO - ━━━━━━━━━━━━━━━━━━━━━━━━━━━━━━━━━━━━━━━━ 746.5/746.5 kB 4.5 MB/s eta 0:00:00
2025-08-21 08:12:01,691 - INFO - 
2025-08-21 08:12:01,803 - INFO - Downloading redis-6.1.1-py3-none-any.whl (273 kB)
2025-08-21 08:12:01,974 - INFO - Downloading selenium-4.27.1-py3-none-any.whl (9.7 MB)
2025-08-21 08:12:03,377 - INFO - ━━━━━━━━━━━━━━━━━━━━━━━━━━━━━━━━━━━━━━━━ 9.7/9.7 MB 7.0 MB/s eta 0:00:00
2025-08-21 08:12:03,377 - INFO - 
2025-08-21 08:12:03,486 - INFO - Downloading sqlparse-0.5.3-py3-none-any.whl (44 kB)
2025-08-21 08:12:03,599 - INFO - Downloading tblib-3.0.0-py3-none-any.whl (12 kB)
2025-08-21 08:12:03,722 - INFO - Downloading tzdata-2025.2-py2.py3-none-any.whl (347 kB)
2025-08-21 08:12:03,859 - INFO - Downloading aiohttp-3.10.11-cp38-cp38-manylinux_2_17_x86_64.manylinux2014_x86_64.whl (1.3 MB)
2025-08-21 08:12:03,951 - INFO - ━━━━━━━━━━━━━━━━━━━━━━━━━━━━━━━━━━━━━━━━ 1.3/1.3 MB 12.1 MB/s eta 0:00:00
2025-08-21 08:12:03,951 - INFO - 
2025-08-21 08:12:04,073 - INFO - Downloading async_timeout-5.0.1-py3-none-any.whl (6.2 kB)
2025-08-21 08:12:04,188 - INFO - Downloading certifi-2025.8.3-py3-none-any.whl (161 kB)
2025-08-21 08:12:04,313 - INFO - Downloading MarkupSafe-2.1.5-cp38-cp38-manylinux_2_17_x86_64.manylinux2014_x86_64.whl (26 kB)
2025-08-21 08:12:04,438 - INFO - Downloading maxminddb-2.6.3-cp38-cp38-manylinux_2_17_x86_64.manylinux2014_x86_64.whl (88 kB)
2025-08-21 08:12:04,558 - INFO - Downloading requests-2.32.4-py3-none-any.whl (64 kB)
2025-08-21 08:12:04,675 - INFO - Downloading trio-0.27.0-py3-none-any.whl (481 kB)
2025-08-21 08:12:04,818 - INFO - Downloading trio_websocket-0.12.2-py3-none-any.whl (21 kB)
2025-08-21 08:12:04,930 - INFO - Downloading typing_extensions-4.13.2-py3-none-any.whl (45 kB)
2025-08-21 08:12:05,047 - INFO - Downloading urllib3-2.2.3-py3-none-any.whl (126 kB)
2025-08-21 08:12:05,166 - INFO - Downloading websocket_client-1.8.0-py3-none-any.whl (58 kB)
2025-08-21 08:12:05,399 - INFO - Downloading argon2_cffi_bindings-21.2.0-cp36-abi3-manylinux_2_17_x86_64.manylinux2014_x86_64.whl (86 kB)
2025-08-21 08:12:05,520 - INFO - Downloading aiohappyeyeballs-2.4.4-py3-none-any.whl (14 kB)
2025-08-21 08:12:05,634 - INFO - Downloading aiosignal-1.3.1-py3-none-any.whl (7.6 kB)
2025-08-21 08:12:05,748 - INFO - Downloading attrs-25.3.0-py3-none-any.whl (63 kB)
2025-08-21 08:12:05,865 - INFO - Downloading cffi-1.17.1-cp38-cp38-manylinux_2_17_x86_64.manylinux2014_x86_64.whl (446 kB)
2025-08-21 08:12:06,018 - INFO - Downloading charset_normalizer-3.4.3-cp38-cp38-manylinux2014_x86_64.manylinux_2_17_x86_64.manylinux_2_28_x86_64.whl (147 kB)
2025-08-21 08:12:06,140 - INFO - Downloading frozenlist-1.5.0-cp38-cp38-manylinux_2_5_x86_64.manylinux1_x86_64.manylinux_2_17_x86_64.manylinux2014_x86_64.whl (243 kB)
2025-08-21 08:12:06,269 - INFO - Downloading idna-3.10-py3-none-any.whl (70 kB)
2025-08-21 08:12:06,387 - INFO - Downloading multidict-6.1.0-cp38-cp38-manylinux_2_17_x86_64.manylinux2014_x86_64.whl (129 kB)
2025-08-21 08:12:06,508 - INFO - Downloading outcome-1.3.0.post0-py2.py3-none-any.whl (10 kB)
2025-08-21 08:12:06,693 - INFO - Downloading PySocks-1.7.1-py3-none-any.whl (16 kB)
2025-08-21 08:12:06,816 - INFO - Downloading sniffio-1.3.1-py3-none-any.whl (10 kB)
2025-08-21 08:12:06,928 - INFO - Downloading wsproto-1.2.0-py3-none-any.whl (24 kB)
2025-08-21 08:12:07,055 - INFO - Downloading yarl-1.15.2-cp38-cp38-manylinux_2_17_x86_64.manylinux2014_x86_64.whl (319 kB)
2025-08-21 08:12:07,276 - INFO - Downloading exceptiongroup-1.3.0-py3-none-any.whl (16 kB)
2025-08-21 08:12:07,407 - INFO - Downloading sortedcontainers-2.4.0-py2.py3-none-any.whl (29 kB)
2025-08-21 08:12:07,520 - INFO - Downloading h11-0.16.0-py3-none-any.whl (37 kB)
2025-08-21 08:12:07,639 - INFO - Downloading propcache-0.2.0-cp38-cp38-manylinux_2_17_x86_64.manylinux2014_x86_64.whl (213 kB)
2025-08-21 08:12:07,771 - INFO - Downloading pycparser-2.22-py3-none-any.whl (117 kB)
2025-08-21 08:12:07,915 - INFO - Building wheels for collected packages: pywatchman
2025-08-21 08:12:07,915 - INFO - Building wheel for pywatchman (pyproject.toml): started
2025-08-21 08:12:09,624 - INFO - Building wheel for pywatchman (pyproject.toml): finished with status 'done'
2025-08-21 08:12:09,625 - INFO - Created wheel for pywatchman: filename=pywatchman-3.0.0-cp38-cp38-linux_x86_64.whl size=79309 sha256=c69ebbb6a0a385f465e5ceaa5c6909183535a34bb9aca00327ad7a4613269fff
2025-08-21 08:12:09,625 - INFO - Stored in directory: /root/.cache/pip/wheels/a6/6a/48/829a8b54ac6fb442ec0f053143cb9344a284ca3d7c904e322a
2025-08-21 08:12:09,627 - INFO - Successfully built pywatchman
2025-08-21 08:12:09,714 - INFO - Installing collected packages: sortedcontainers, pytz, python-memcached, websocket-client, urllib3, tzdata, typing-extensions, tblib, sqlparse, sniffio, PyYAML, pywatchman, pysocks, pymemcache, pylibmc, pycparser, propcache, Pillow, numpy, maxminddb, MarkupSafe, idna, h11, frozenlist, docutils, charset_normalizer, certifi, bcrypt, backports.zoneinfo, attrs, async-timeout, aiohappyeyeballs, wsproto, requests, redis, outcome, multidict, jinja2, exceptiongroup, cffi, asgiref, aiosignal, yarl, trio, argon2-cffi-bindings, trio-websocket, argon2-cffi, aiohttp, selenium, geoip2
2025-08-21 08:12:15,039 - INFO - Successfully installed MarkupSafe-2.1.5 Pillow-10.4.0 PyYAML-6.0.2 aiohappyeyeballs-2.4.4 aiohttp-3.10.11 aiosignal-1.3.1 argon2-cffi-25.1.0 argon2-cffi-bindings-21.2.0 asgiref-3.8.1 async-timeout-5.0.1 attrs-25.3.0 backports.zoneinfo-0.2.1 bcrypt-4.3.0 certifi-2025.8.3 cffi-1.17.1 charset_normalizer-3.4.3 docutils-0.20.1 exceptiongroup-1.3.0 frozenlist-1.5.0 geoip2-4.8.1 h11-0.16.0 idna-3.10 jinja2-3.1.6 maxminddb-2.6.3 multidict-6.1.0 numpy-1.24.4 outcome-1.3.0.post0 propcache-0.2.0 pycparser-2.22 pylibmc-1.6.3 pymemcache-4.0.0 pysocks-1.7.1 python-memcached-1.62 pytz-2025.2 pywatchman-3.0.0 redis-6.1.1 requests-2.32.4 selenium-4.27.1 sniffio-1.3.1 sortedcontainers-2.4.0 sqlparse-0.5.3 tblib-3.0.0 trio-0.27.0 trio-websocket-0.12.2 typing-extensions-4.13.2 tzdata-2025.2 urllib3-2.2.3 websocket-client-1.8.0 wsproto-1.2.0 yarl-1.15.2
2025-08-21 08:12:15,039 - INFO - WARNING: Running pip as the 'root' user can result in broken permissions and conflicting behaviour with the system package manager, possibly rendering your system unusable.It is recommended to use a virtual environment instead: https://pip.pypa.io/warnings/venv. Use the --root-user-action option if you know what you are doing and want to suppress this warning.
2025-08-21 08:12:16,334 - INFO - + rm /root/requirements.txt
2025-08-21 08:12:16,335 - INFO - + conda activate testbed
+ local cmd=activate
+ case "$cmd" in
+ __conda_activate activate testbed
+ '[' -n '' ']'
+ local ask_conda
2025-08-21 08:12:16,335 - INFO - ++ PS1='(testbed) '
++ __conda_exe shell.posix activate testbed
2025-08-21 08:12:16,336 - INFO - ++ /opt/miniconda3/bin/conda shell.posix activate testbed
2025-08-21 08:12:16,489 - INFO - + ask_conda='PS1='\''(testbed) '\''
export PATH='\''/opt/miniconda3/envs/testbed/bin:/opt/miniconda3/condabin:/opt/miniconda3/bin:/usr/local/sbin:/usr/local/bin:/usr/sbin:/usr/bin:/sbin:/bin'\''
export CONDA_SHLVL='\''2'\''
export CONDA_PROMPT_MODIFIER='\''(testbed) '\'''
+ eval 'PS1='\''(testbed) '\''
export PATH='\''/opt/miniconda3/envs/testbed/bin:/opt/miniconda3/condabin:/opt/miniconda3/bin:/usr/local/sbin:/usr/local/bin:/usr/sbin:/usr/bin:/sbin:/bin'\''
export CONDA_SHLVL='\''2'\''
export CONDA_PROMPT_MODIFIER='\''(testbed) '\'''
++ PS1='(testbed) '
++ export PATH=/opt/miniconda3/envs/testbed/bin:/opt/miniconda3/condabin:/opt/miniconda3/bin:/usr/local/sbin:/usr/local/bin:/usr/sbin:/usr/bin:/sbin:/bin
++ PATH=/opt/miniconda3/envs/testbed/bin:/opt/miniconda3/condabin:/opt/miniconda3/bin:/usr/local/sbin:/usr/local/bin:/usr/sbin:/usr/bin:/sbin:/bin
++ export CONDA_SHLVL=2
++ CONDA_SHLVL=2
++ export 'CONDA_PROMPT_MODIFIER=(testbed) '
++ CONDA_PROMPT_MODIFIER='(testbed) '
+ __conda_hashr
+ '[' -n '' ']'
+ '[' -n '' ']'
+ hash -r
2025-08-21 08:13:14,083 - INFO - ---> Removed intermediate container 756641c6e58c
2025-08-21 08:13:14,083 - INFO - ---> 26cc34720f85
2025-08-21 08:13:14,083 - INFO - Step 6/7 : WORKDIR /testbed/
2025-08-21 08:13:14,083 - INFO - 
2025-08-21 08:13:14,379 - INFO - ---> Running in d90697736017
2025-08-21 08:13:14,512 - INFO - ---> Removed intermediate container d90697736017
2025-08-21 08:13:14,512 - INFO - ---> c8ba0b306a5f
2025-08-21 08:13:14,512 - INFO - Step 7/7 : RUN echo "source /opt/miniconda3/etc/profile.d/conda.sh && conda activate testbed" > /root/.bashrc
2025-08-21 08:13:14,512 - INFO - 
2025-08-21 08:13:14,548 - INFO - ---> Running in 0d2c5bc1c7d5
2025-08-21 08:13:14,917 - INFO - ---> Removed intermediate container 0d2c5bc1c7d5
2025-08-21 08:13:14,918 - INFO - ---> 6c1352f120b4
2025-08-21 08:13:14,918 - INFO - Successfully built 6c1352f120b4
2025-08-21 08:13:14,925 - INFO - Successfully tagged sweb.env.x86_64.297af196949a2a635bce66:latest
2025-08-21 08:13:14,925 - INFO - Image built successfully!
