2025-08-21 06:46:42,401 - INFO - Building image sweb.env.x86_64.a0efca7a0fe6719dbf65c2:latest
Using dockerfile:
FROM --platform=linux/x86_64 sweb.base.x86_64:latest

COPY ./setup_env.sh /root/
RUN sed -i -e 's/\r$//' /root/setup_env.sh
RUN chmod +x /root/setup_env.sh
RUN /bin/bash -c "source ~/.bashrc && /root/setup_env.sh"

WORKDIR /testbed/

# Automatically activate the testbed environment
RUN echo "source /opt/miniconda3/etc/profile.d/conda.sh && conda activate testbed" > /root/.bashrc

Adding (1) setup scripts to image build repo
2025-08-21 06:46:42,401 - INFO - [SETUP SCRIPT] setup_env.sh:
#!/bin/bash
set -euxo pipefail
source /opt/miniconda3/bin/activate
conda create -n testbed python=3.9  -y
conda activate testbed
python -m pip install contourpy==1.1.0 cycler==0.11.0 fonttools==4.42.1 importlib-resources==6.0.1 kiwisolver==1.4.5 matplotlib==3.7.2 numpy==1.25.2 packaging==23.1 pandas==2.0.0 pillow==10.0.0 pyparsing==3.0.9 pytest python-dateutil==2.8.2 pytz==2023.3.post1 scipy==1.11.2 six==1.16.0 tzdata==2023.1 zipp==3.16.2

2025-08-21 06:46:42,401 - INFO - Building docker image sweb.env.x86_64.a0efca7a0fe6719dbf65c2:latest in logs/build_images/env/sweb.env.x86_64.a0efca7a0fe6719dbf65c2__latest with platform linux/x86_64
2025-08-21 06:46:42,463 - INFO - Step 1/7 : FROM --platform=linux/x86_64 sweb.base.x86_64:latest
2025-08-21 06:46:42,463 - INFO - 
2025-08-21 06:46:42,463 - INFO - ---> 5cca6898c8d9
2025-08-21 06:46:42,463 - INFO - Step 2/7 : COPY ./setup_env.sh /root/
2025-08-21 06:46:42,463 - INFO - 
2025-08-21 06:46:42,598 - INFO - ---> f81dad087359
2025-08-21 06:46:42,598 - INFO - Step 3/7 : RUN sed -i -e 's/\r$//' /root/setup_env.sh
2025-08-21 06:46:42,598 - INFO - 
2025-08-21 06:46:42,621 - INFO - ---> Running in 12ac54342232
2025-08-21 06:46:43,929 - INFO - ---> Removed intermediate container 12ac54342232
2025-08-21 06:46:43,930 - INFO - ---> cce26cc2e8d2
2025-08-21 06:46:43,930 - INFO - Step 4/7 : RUN chmod +x /root/setup_env.sh
2025-08-21 06:46:43,930 - INFO - 
2025-08-21 06:46:43,960 - INFO - ---> Running in 9709ce20f1ff
2025-08-21 06:46:44,364 - INFO - ---> Removed intermediate container 9709ce20f1ff
2025-08-21 06:46:44,364 - INFO - ---> 14469c9b9d5d
2025-08-21 06:46:44,364 - INFO - Step 5/7 : RUN /bin/bash -c "source ~/.bashrc && /root/setup_env.sh"
2025-08-21 06:46:44,365 - INFO - 
2025-08-21 06:46:44,397 - INFO - ---> Running in f4f4c3e07991
2025-08-21 06:46:44,632 - INFO - + source /opt/miniconda3/bin/activate
++ _CONDA_ROOT=/opt/miniconda3
++ . /opt/miniconda3/etc/profile.d/conda.sh
+++ export CONDA_EXE=/opt/miniconda3/bin/conda
+++ CONDA_EXE=/opt/miniconda3/bin/conda
+++ export _CE_M=
+++ _CE_M=
+++ export _CE_CONDA=
+++ _CE_CONDA=
+++ export CONDA_PYTHON_EXE=/opt/miniconda3/bin/python
+++ CONDA_PYTHON_EXE=/opt/miniconda3/bin/python
+++ '[' -z '' ']'
+++ export CONDA_SHLVL=0
+++ CONDA_SHLVL=0
+++ '[' -n '' ']'
2025-08-21 06:46:44,638 - INFO - +++++ dirname /opt/miniconda3/bin/conda
2025-08-21 06:46:44,638 - INFO - ++++ dirname /opt/miniconda3/bin
2025-08-21 06:46:44,643 - INFO - +++ PATH=/opt/miniconda3/condabin:/opt/miniconda3/bin:/usr/local/sbin:/usr/local/bin:/usr/sbin:/usr/bin:/sbin:/bin
+++ export PATH
+++ '[' -z '' ']'
+++ PS1=
++ conda activate
++ local cmd=activate
++ case "$cmd" in
++ __conda_activate activate
++ '[' -n '' ']'
++ local ask_conda
2025-08-21 06:46:44,647 - INFO - +++ PS1=
+++ __conda_exe shell.posix activate
+++ /opt/miniconda3/bin/conda shell.posix activate
2025-08-21 06:46:44,775 - INFO - ++ ask_conda='PS1='\''(base) '\''
export PATH='\''/opt/miniconda3/bin:/opt/miniconda3/condabin:/opt/miniconda3/bin:/usr/local/sbin:/usr/local/bin:/usr/sbin:/usr/bin:/sbin:/bin'\''
export CONDA_PREFIX='\''/opt/miniconda3'\''
export CONDA_SHLVL='\''1'\''
export CONDA_DEFAULT_ENV='\''base'\''
export CONDA_PROMPT_MODIFIER='\''(base) '\''
export CONDA_EXE='\''/opt/miniconda3/bin/conda'\''
export _CE_M='\'''\''
export _CE_CONDA='\'''\''
export CONDA_PYTHON_EXE='\''/opt/miniconda3/bin/python'\'''
++ eval 'PS1='\''(base) '\''
export PATH='\''/opt/miniconda3/bin:/opt/miniconda3/condabin:/opt/miniconda3/bin:/usr/local/sbin:/usr/local/bin:/usr/sbin:/usr/bin:/sbin:/bin'\''
export CONDA_PREFIX='\''/opt/miniconda3'\''
export CONDA_SHLVL='\''1'\''
export CONDA_DEFAULT_ENV='\''base'\''
export CONDA_PROMPT_MODIFIER='\''(base) '\''
export CONDA_EXE='\''/opt/miniconda3/bin/conda'\''
export _CE_M='\'''\''
export _CE_CONDA='\'''\''
export CONDA_PYTHON_EXE='\''/opt/miniconda3/bin/python'\'''
+++ PS1='(base) '
+++ export PATH=/opt/miniconda3/bin:/opt/miniconda3/condabin:/opt/miniconda3/bin:/usr/local/sbin:/usr/local/bin:/usr/sbin:/usr/bin:/sbin:/bin
+++ PATH=/opt/miniconda3/bin:/opt/miniconda3/condabin:/opt/miniconda3/bin:/usr/local/sbin:/usr/local/bin:/usr/sbin:/usr/bin:/sbin:/bin
+++ export CONDA_PREFIX=/opt/miniconda3
+++ CONDA_PREFIX=/opt/miniconda3
+++ export CONDA_SHLVL=1
+++ CONDA_SHLVL=1
+++ export CONDA_DEFAULT_ENV=base
+++ CONDA_DEFAULT_ENV=base
+++ export 'CONDA_PROMPT_MODIFIER=(base) '
+++ CONDA_PROMPT_MODIFIER='(base) '
+++ export CONDA_EXE=/opt/miniconda3/bin/conda
+++ CONDA_EXE=/opt/miniconda3/bin/conda
+++ export _CE_M=
+++ _CE_M=
+++ export _CE_CONDA=
+++ _CE_CONDA=
+++ export CONDA_PYTHON_EXE=/opt/miniconda3/bin/python
+++ CONDA_PYTHON_EXE=/opt/miniconda3/bin/python
++ __conda_hashr
++ '[' -n '' ']'
++ '[' -n '' ']'
++ hash -r
+ conda create -n testbed python=3.9 -y
+ local cmd=create
+ case "$cmd" in
+ __conda_exe create -n testbed python=3.9 -y
2025-08-21 06:46:44,776 - INFO - + /opt/miniconda3/bin/conda create -n testbed python=3.9 -y
2025-08-21 06:46:45,276 - INFO - Channels:
 - defaults
 - conda-forge
Platform: linux-64
Collecting package metadata (repodata.json): ...working...
2025-08-21 06:47:45,897 - INFO - done
Solving environment: ...working...
2025-08-21 06:47:47,430 - INFO - done
2025-08-21 06:48:00,520 - INFO - ## Package Plan ##

  environment location: /opt/miniconda3/envs/testbed

  added / updated specs:
    - python=3.9


The following packages will be downloaded:

    package                    |            build
    ---------------------------|-----------------
    bzip2-1.0.8                |       h5eee18b_6         262 KB
    ca-certificates-2025.7.15  |       h06a4308_0         126 KB
    expat-2.7.1                |       h6a678d5_0         182 KB
    ld_impl_linux-64-2.40      |       h12ee557_0         710 KB
    libffi-3.4.4               |       h6a678d5_1         141 KB
    libxcb-1.17.0              |       h9b100fa_0         430 KB
    ncurses-6.5                |       h7934f7d_0         1.1 MB
    openssl-3.0.17             |       h5eee18b_0         5.2 MB
    pip-25.1                   |     pyhc872135_2         1.3 MB
    pthread-stubs-0.3          |       h0ce48e5_1           5 KB
    python-3.9.23              |       he99959a_0        24.7 MB
    readline-8.3               |       hc2a1206_0         471 KB
    setuptools-78.1.1          |   py39h06a4308_0         1.7 MB
    sqlite-3.50.2              |       hb25bd0a_1         1.1 MB
    tk-8.6.15                  |       h54e0aa7_0         3.4 MB
    tzdata-2025b               |       h04d1e81_0         116 KB
    wheel-0.45.1               |   py39h06a4308_0         114 KB
    xorg-libx11-1.8.12         |       h9b100fa_1         895 KB
    xorg-libxau-1.0.12         |       h9b100fa_0          13 KB
    xorg-libxdmcp-1.1.5        |       h9b100fa_0          19 KB
    xorg-xorgproto-2024.1      |       h5eee18b_1         580 KB
    xz-5.6.4                   |       h5eee18b_1         567 KB
    zlib-1.2.13                |       h5eee18b_1         111 KB
    ------------------------------------------------------------
                                           Total:        43.1 MB

The following NEW packages will be INSTALLED:

  _libgcc_mutex      pkgs/main/linux-64::_libgcc_mutex-0.1-main 
  _openmp_mutex      pkgs/main/linux-64::_openmp_mutex-5.1-1_gnu 
  bzip2              pkgs/main/linux-64::bzip2-1.0.8-h5eee18b_6 
  ca-certificates    pkgs/main/linux-64::ca-certificates-2025.7.15-h06a4308_0 
  expat              pkgs/main/linux-64::expat-2.7.1-h6a678d5_0 
  ld_impl_linux-64   pkgs/main/linux-64::ld_impl_linux-64-2.40-h12ee557_0 
  libffi             pkgs/main/linux-64::libffi-3.4.4-h6a678d5_1 
  libgcc-ng          pkgs/main/linux-64::libgcc-ng-11.2.0-h1234567_1 
  libgomp            pkgs/main/linux-64::libgomp-11.2.0-h1234567_1 
  libstdcxx-ng       pkgs/main/linux-64::libstdcxx-ng-11.2.0-h1234567_1 
  libxcb             pkgs/main/linux-64::libxcb-1.17.0-h9b100fa_0 
  ncurses            pkgs/main/linux-64::ncurses-6.5-h7934f7d_0 
  openssl            pkgs/main/linux-64::openssl-3.0.17-h5eee18b_0 
  pip                pkgs/main/noarch::pip-25.1-pyhc872135_2 
  pthread-stubs      pkgs/main/linux-64::pthread-stubs-0.3-h0ce48e5_1 
  python             pkgs/main/linux-64::python-3.9.23-he99959a_0 
  readline           pkgs/main/linux-64::readline-8.3-hc2a1206_0 
  setuptools         pkgs/main/linux-64::setuptools-78.1.1-py39h06a4308_0 
  sqlite             pkgs/main/linux-64::sqlite-3.50.2-hb25bd0a_1 
  tk                 pkgs/main/linux-64::tk-8.6.15-h54e0aa7_0 
  tzdata             pkgs/main/noarch::tzdata-2025b-h04d1e81_0 
  wheel              pkgs/main/linux-64::wheel-0.45.1-py39h06a4308_0 
  xorg-libx11        pkgs/main/linux-64::xorg-libx11-1.8.12-h9b100fa_1 
  xorg-libxau        pkgs/main/linux-64::xorg-libxau-1.0.12-h9b100fa_0 
  xorg-libxdmcp      pkgs/main/linux-64::xorg-libxdmcp-1.1.5-h9b100fa_0 
  xorg-xorgproto     pkgs/main/linux-64::xorg-xorgproto-2024.1-h5eee18b_1 
  xz                 pkgs/main/linux-64::xz-5.6.4-h5eee18b_1 
  zlib               pkgs/main/linux-64::zlib-1.2.13-h5eee18b_1 



Downloading and Extracting Packages: ...working... done
Preparing transaction: ...working...
2025-08-21 06:48:00,742 - INFO - done
2025-08-21 06:48:00,742 - INFO - Verifying transaction: ...working...
2025-08-21 06:48:02,110 - INFO - done
2025-08-21 06:48:02,111 - INFO - Executing transaction: ...working...
2025-08-21 06:48:14,960 - INFO - done
2025-08-21 06:48:14,991 - INFO - #
# To activate this environment, use
#
#     $ conda activate testbed
#
# To deactivate an active environment, use
#
#     $ conda deactivate
2025-08-21 06:48:15,117 - INFO - + conda activate testbed
+ local cmd=activate
+ case "$cmd" in
+ __conda_activate activate testbed
+ '[' -n '' ']'
+ local ask_conda
2025-08-21 06:48:15,117 - INFO - ++ PS1='(base) '
++ __conda_exe shell.posix activate testbed
2025-08-21 06:48:15,117 - INFO - ++ /opt/miniconda3/bin/conda shell.posix activate testbed
2025-08-21 06:48:15,250 - INFO - + ask_conda='PS1='\''(testbed) '\''
export PATH='\''/opt/miniconda3/envs/testbed/bin:/opt/miniconda3/condabin:/opt/miniconda3/bin:/usr/local/sbin:/usr/local/bin:/usr/sbin:/usr/bin:/sbin:/bin'\''
export CONDA_PREFIX='\''/opt/miniconda3/envs/testbed'\''
export CONDA_SHLVL='\''2'\''
export CONDA_DEFAULT_ENV='\''testbed'\''
export CONDA_PROMPT_MODIFIER='\''(testbed) '\''
export CONDA_PREFIX_1='\''/opt/miniconda3'\''
export CONDA_EXE='\''/opt/miniconda3/bin/conda'\''
export _CE_M='\'''\''
export _CE_CONDA='\'''\''
export CONDA_PYTHON_EXE='\''/opt/miniconda3/bin/python'\'''
+ eval 'PS1='\''(testbed) '\''
export PATH='\''/opt/miniconda3/envs/testbed/bin:/opt/miniconda3/condabin:/opt/miniconda3/bin:/usr/local/sbin:/usr/local/bin:/usr/sbin:/usr/bin:/sbin:/bin'\''
export CONDA_PREFIX='\''/opt/miniconda3/envs/testbed'\''
export CONDA_SHLVL='\''2'\''
export CONDA_DEFAULT_ENV='\''testbed'\''
export CONDA_PROMPT_MODIFIER='\''(testbed) '\''
export CONDA_PREFIX_1='\''/opt/miniconda3'\''
export CONDA_EXE='\''/opt/miniconda3/bin/conda'\''
export _CE_M='\'''\''
export _CE_CONDA='\'''\''
export CONDA_PYTHON_EXE='\''/opt/miniconda3/bin/python'\'''
++ PS1='(testbed) '
++ export PATH=/opt/miniconda3/envs/testbed/bin:/opt/miniconda3/condabin:/opt/miniconda3/bin:/usr/local/sbin:/usr/local/bin:/usr/sbin:/usr/bin:/sbin:/bin
++ PATH=/opt/miniconda3/envs/testbed/bin:/opt/miniconda3/condabin:/opt/miniconda3/bin:/usr/local/sbin:/usr/local/bin:/usr/sbin:/usr/bin:/sbin:/bin
++ export CONDA_PREFIX=/opt/miniconda3/envs/testbed
++ CONDA_PREFIX=/opt/miniconda3/envs/testbed
++ export CONDA_SHLVL=2
++ CONDA_SHLVL=2
++ export CONDA_DEFAULT_ENV=testbed
++ CONDA_DEFAULT_ENV=testbed
++ export 'CONDA_PROMPT_MODIFIER=(testbed) '
++ CONDA_PROMPT_MODIFIER='(testbed) '
++ export CONDA_PREFIX_1=/opt/miniconda3
++ CONDA_PREFIX_1=/opt/miniconda3
++ export CONDA_EXE=/opt/miniconda3/bin/conda
++ CONDA_EXE=/opt/miniconda3/bin/conda
2025-08-21 06:48:15,250 - INFO - ++ export _CE_M=
++ _CE_M=
++ export _CE_CONDA=
++ _CE_CONDA=
++ export CONDA_PYTHON_EXE=/opt/miniconda3/bin/python
++ CONDA_PYTHON_EXE=/opt/miniconda3/bin/python
+ __conda_hashr
+ '[' -n '' ']'
+ '[' -n '' ']'
+ hash -r
2025-08-21 06:48:15,250 - INFO - + python -m pip install contourpy==1.1.0 cycler==0.11.0 fonttools==4.42.1 importlib-resources==6.0.1 kiwisolver==1.4.5 matplotlib==3.7.2 numpy==1.25.2 packaging==23.1 pandas==2.0.0 pillow==10.0.0 pyparsing==3.0.9 pytest python-dateutil==2.8.2 pytz==2023.3.post1 scipy==1.11.2 six==1.16.0 tzdata==2023.1 zipp==3.16.2
2025-08-21 06:48:17,330 - INFO - Collecting contourpy==1.1.0
2025-08-21 06:48:17,872 - INFO - Downloading contourpy-1.1.0-cp39-cp39-manylinux_2_17_x86_64.manylinux2014_x86_64.whl.metadata (5.7 kB)
2025-08-21 06:48:18,857 - INFO - Collecting cycler==0.11.0
2025-08-21 06:48:19,010 - INFO - Downloading cycler-0.11.0-py3-none-any.whl.metadata (785 bytes)
2025-08-21 06:48:19,747 - INFO - Collecting fonttools==4.42.1
2025-08-21 06:48:19,898 - INFO - Downloading fonttools-4.42.1-cp39-cp39-manylinux_2_17_x86_64.manylinux2014_x86_64.whl.metadata (150 kB)
2025-08-21 06:48:20,730 - INFO - Collecting importlib-resources==6.0.1
2025-08-21 06:48:20,838 - INFO - Downloading importlib_resources-6.0.1-py3-none-any.whl.metadata (4.0 kB)
2025-08-21 06:48:21,222 - INFO - Collecting kiwisolver==1.4.5
2025-08-21 06:48:21,407 - INFO - Downloading kiwisolver-1.4.5-cp39-cp39-manylinux_2_12_x86_64.manylinux2010_x86_64.whl.metadata (6.4 kB)
2025-08-21 06:48:22,236 - INFO - Collecting matplotlib==3.7.2
2025-08-21 06:48:22,347 - INFO - Downloading matplotlib-3.7.2-cp39-cp39-manylinux_2_17_x86_64.manylinux2014_x86_64.whl.metadata (5.6 kB)
2025-08-21 06:48:23,049 - INFO - Collecting numpy==1.25.2
2025-08-21 06:48:23,176 - INFO - Downloading numpy-1.25.2-cp39-cp39-manylinux_2_17_x86_64.manylinux2014_x86_64.whl.metadata (5.6 kB)
2025-08-21 06:48:23,584 - INFO - Collecting packaging==23.1
2025-08-21 06:48:23,692 - INFO - Downloading packaging-23.1-py3-none-any.whl.metadata (3.1 kB)
2025-08-21 06:48:23,943 - INFO - Collecting pandas==2.0.0
2025-08-21 06:48:24,052 - INFO - Downloading pandas-2.0.0-cp39-cp39-manylinux_2_17_x86_64.manylinux2014_x86_64.whl.metadata (18 kB)
2025-08-21 06:48:24,443 - INFO - Collecting pillow==10.0.0
2025-08-21 06:48:24,549 - INFO - Downloading Pillow-10.0.0-cp39-cp39-manylinux_2_28_x86_64.whl.metadata (9.5 kB)
2025-08-21 06:48:24,693 - INFO - Collecting pyparsing==3.0.9
2025-08-21 06:48:24,800 - INFO - Downloading pyparsing-3.0.9-py3-none-any.whl.metadata (4.2 kB)
2025-08-21 06:48:24,956 - INFO - Collecting pytest
2025-08-21 06:48:25,061 - INFO - Downloading pytest-8.4.1-py3-none-any.whl.metadata (7.7 kB)
2025-08-21 06:48:25,188 - INFO - Collecting python-dateutil==2.8.2
2025-08-21 06:48:25,298 - INFO - Downloading python_dateutil-2.8.2-py2.py3-none-any.whl.metadata (8.2 kB)
2025-08-21 06:48:25,473 - INFO - Collecting pytz==2023.3.post1
2025-08-21 06:48:25,582 - INFO - Downloading pytz-2023.3.post1-py2.py3-none-any.whl.metadata (22 kB)
2025-08-21 06:48:25,829 - INFO - Collecting scipy==1.11.2
2025-08-21 06:48:25,935 - INFO - Downloading scipy-1.11.2-cp39-cp39-manylinux_2_17_x86_64.manylinux2014_x86_64.whl.metadata (59 kB)
2025-08-21 06:48:26,071 - INFO - Collecting six==1.16.0
2025-08-21 06:48:26,174 - INFO - Downloading six-1.16.0-py2.py3-none-any.whl.metadata (1.8 kB)
2025-08-21 06:48:26,297 - INFO - Collecting tzdata==2023.1
2025-08-21 06:48:26,403 - INFO - Downloading tzdata-2023.1-py2.py3-none-any.whl.metadata (1.4 kB)
2025-08-21 06:48:26,544 - INFO - Collecting zipp==3.16.2
2025-08-21 06:48:26,650 - INFO - Downloading zipp-3.16.2-py3-none-any.whl.metadata (3.7 kB)
2025-08-21 06:48:26,850 - INFO - Collecting exceptiongroup>=1 (from pytest)
2025-08-21 06:48:26,954 - INFO - Downloading exceptiongroup-1.3.0-py3-none-any.whl.metadata (6.7 kB)
2025-08-21 06:48:27,071 - INFO - Collecting iniconfig>=1 (from pytest)
2025-08-21 06:48:27,174 - INFO - Downloading iniconfig-2.1.0-py3-none-any.whl.metadata (2.7 kB)
2025-08-21 06:48:27,298 - INFO - Collecting pluggy<2,>=1.5 (from pytest)
2025-08-21 06:48:27,400 - INFO - Downloading pluggy-1.6.0-py3-none-any.whl.metadata (4.8 kB)
2025-08-21 06:48:27,532 - INFO - Collecting pygments>=2.7.2 (from pytest)
2025-08-21 06:48:27,636 - INFO - Downloading pygments-2.19.2-py3-none-any.whl.metadata (2.5 kB)
2025-08-21 06:48:27,767 - INFO - Collecting tomli>=1 (from pytest)
2025-08-21 06:48:27,871 - INFO - Downloading tomli-2.2.1-py3-none-any.whl.metadata (10 kB)
2025-08-21 06:48:28,113 - INFO - Collecting typing-extensions>=4.6.0 (from exceptiongroup>=1->pytest)
2025-08-21 06:48:28,222 - INFO - Downloading typing_extensions-4.14.1-py3-none-any.whl.metadata (3.0 kB)
2025-08-21 06:48:28,338 - INFO - Downloading contourpy-1.1.0-cp39-cp39-manylinux_2_17_x86_64.manylinux2014_x86_64.whl (300 kB)
2025-08-21 06:48:28,522 - INFO - Downloading cycler-0.11.0-py3-none-any.whl (6.4 kB)
2025-08-21 06:48:28,644 - INFO - Downloading fonttools-4.42.1-cp39-cp39-manylinux_2_17_x86_64.manylinux2014_x86_64.whl (4.5 MB)
2025-08-21 06:48:28,986 - INFO - ━━━━━━━━━━━━━━━━━━━━━━━━━━━━━━━━━━━━━━━━ 4.5/4.5 MB 14.2 MB/s eta 0:00:00
2025-08-21 06:48:29,090 - INFO - Downloading importlib_resources-6.0.1-py3-none-any.whl (34 kB)
2025-08-21 06:48:29,208 - INFO - Downloading kiwisolver-1.4.5-cp39-cp39-manylinux_2_12_x86_64.manylinux2010_x86_64.whl (1.6 MB)
2025-08-21 06:48:29,468 - INFO - ━━━━━━━━━━━━━━━━━━━━━━━━━━━━━━━━━━━━━━━━ 1.6/1.6 MB 8.0 MB/s eta 0:00:00
2025-08-21 06:48:29,469 - INFO - 
2025-08-21 06:48:29,577 - INFO - Downloading matplotlib-3.7.2-cp39-cp39-manylinux_2_17_x86_64.manylinux2014_x86_64.whl (11.6 MB)
2025-08-21 06:48:33,740 - INFO - ━━━━━━━━━━━━━━━━━━━━━━━━━━━━━━━━━━━━━━━━ 11.6/11.6 MB 2.7 MB/s eta 0:00:00
2025-08-21 06:48:33,740 - INFO - 
2025-08-21 06:48:33,844 - INFO - Downloading pyparsing-3.0.9-py3-none-any.whl (98 kB)
2025-08-21 06:48:33,976 - INFO - Downloading numpy-1.25.2-cp39-cp39-manylinux_2_17_x86_64.manylinux2014_x86_64.whl (18.3 MB)
2025-08-21 06:48:38,802 - INFO - ━━━━━━━━━━━━━━━━━━━━━━━━━━━━━━━━━━━━━━━━ 18.3/18.3 MB 3.9 MB/s eta 0:00:00
2025-08-21 06:48:38,908 - INFO - Downloading packaging-23.1-py3-none-any.whl (48 kB)
2025-08-21 06:48:39,017 - INFO - Downloading pandas-2.0.0-cp39-cp39-manylinux_2_17_x86_64.manylinux2014_x86_64.whl (12.4 MB)
2025-08-21 06:48:40,692 - INFO - ━━━━━━━━━━━━━━━━━━━━━━━━━━━━━━━━━━━━━━━━ 12.4/12.4 MB 7.3 MB/s eta 0:00:00
2025-08-21 06:48:40,692 - INFO - 
2025-08-21 06:48:40,796 - INFO - Downloading Pillow-10.0.0-cp39-cp39-manylinux_2_28_x86_64.whl (3.4 MB)
2025-08-21 06:48:41,468 - INFO - ━━━━━━━━━━━━━━━━━━━━━━━━━━━━━━━━━━━━━━━━ 3.4/3.4 MB 5.0 MB/s eta 0:00:00
2025-08-21 06:48:41,574 - INFO - Downloading python_dateutil-2.8.2-py2.py3-none-any.whl (247 kB)
2025-08-21 06:48:41,731 - INFO - Downloading pytz-2023.3.post1-py2.py3-none-any.whl (502 kB)
2025-08-21 06:48:41,939 - INFO - Downloading scipy-1.11.2-cp39-cp39-manylinux_2_17_x86_64.manylinux2014_x86_64.whl (36.5 MB)
2025-08-21 06:48:48,684 - INFO - ━━━━━━━━━━━━━━━━━━━━━━━━━━━━━━━━━━━━━━━━ 36.5/36.5 MB 5.4 MB/s eta 0:00:00
2025-08-21 06:48:48,783 - INFO - Downloading six-1.16.0-py2.py3-none-any.whl (11 kB)
2025-08-21 06:48:49,128 - INFO - Downloading tzdata-2023.1-py2.py3-none-any.whl (341 kB)
2025-08-21 06:48:49,307 - INFO - Downloading zipp-3.16.2-py3-none-any.whl (7.2 kB)
2025-08-21 06:48:49,421 - INFO - Downloading pytest-8.4.1-py3-none-any.whl (365 kB)
2025-08-21 06:48:49,600 - INFO - Downloading pluggy-1.6.0-py3-none-any.whl (20 kB)
2025-08-21 06:48:49,711 - INFO - Downloading exceptiongroup-1.3.0-py3-none-any.whl (16 kB)
2025-08-21 06:48:49,820 - INFO - Downloading iniconfig-2.1.0-py3-none-any.whl (6.0 kB)
2025-08-21 06:48:49,928 - INFO - Downloading pygments-2.19.2-py3-none-any.whl (1.2 MB)
2025-08-21 06:48:50,290 - INFO - ━━━━━━━━━━━━━━━━━━━━━━━━━━━━━━━━━━━━━━━━ 1.2/1.2 MB 3.0 MB/s eta 0:00:00
2025-08-21 06:48:50,291 - INFO - 
2025-08-21 06:48:50,397 - INFO - Downloading tomli-2.2.1-py3-none-any.whl (14 kB)
2025-08-21 06:48:50,508 - INFO - Downloading typing_extensions-4.14.1-py3-none-any.whl (43 kB)
2025-08-21 06:48:50,888 - INFO - Installing collected packages: pytz, zipp, tzdata, typing-extensions, tomli, six, pyparsing, pygments, pluggy, pillow, packaging, numpy, kiwisolver, iniconfig, fonttools, cycler, scipy, python-dateutil, importlib-resources, exceptiongroup, contourpy, pytest, pandas, matplotlib
2025-08-21 06:49:02,519 - INFO - 
2025-08-21 06:49:02,525 - INFO - Successfully installed contourpy-1.1.0 cycler-0.11.0 exceptiongroup-1.3.0 fonttools-4.42.1 importlib-resources-6.0.1 iniconfig-2.1.0 kiwisolver-1.4.5 matplotlib-3.7.2 numpy-1.25.2 packaging-23.1 pandas-2.0.0 pillow-10.0.0 pluggy-1.6.0 pygments-2.19.2 pyparsing-3.0.9 pytest-8.4.1 python-dateutil-2.8.2 pytz-2023.3.post1 scipy-1.11.2 six-1.16.0 tomli-2.2.1 typing-extensions-4.14.1 tzdata-2023.1 zipp-3.16.2
2025-08-21 06:49:02,525 - INFO - WARNING: Running pip as the 'root' user can result in broken permissions and conflicting behaviour with the system package manager, possibly rendering your system unusable. It is recommended to use a virtual environment instead: https://pip.pypa.io/warnings/venv. Use the --root-user-action option if you know what you are doing and want to suppress this warning.
2025-08-21 06:50:16,840 - INFO - ---> Removed intermediate container f4f4c3e07991
2025-08-21 06:50:16,842 - INFO - ---> 7df7d7e83cb9
2025-08-21 06:50:16,842 - INFO - Step 6/7 : WORKDIR /testbed/
2025-08-21 06:50:16,842 - INFO - 
2025-08-21 06:50:17,442 - INFO - ---> Running in 17e9e3f7f948
2025-08-21 06:50:17,475 - INFO - ---> Removed intermediate container 17e9e3f7f948
2025-08-21 06:50:17,475 - INFO - ---> 9e096e81811e
2025-08-21 06:50:17,476 - INFO - Step 7/7 : RUN echo "source /opt/miniconda3/etc/profile.d/conda.sh && conda activate testbed" > /root/.bashrc
2025-08-21 06:50:17,476 - INFO - 
2025-08-21 06:50:17,508 - INFO - ---> Running in 4392546b91e9
2025-08-21 06:50:17,966 - INFO - ---> Removed intermediate container 4392546b91e9
2025-08-21 06:50:17,967 - INFO - ---> c66e1f457c9a
2025-08-21 06:50:17,967 - INFO - Successfully built c66e1f457c9a
2025-08-21 06:50:17,975 - INFO - Successfully tagged sweb.env.x86_64.a0efca7a0fe6719dbf65c2:latest
2025-08-21 06:50:17,976 - INFO - Image built successfully!
