2025-08-21 07:59:58,845 - INFO - Building image sweb.env.x86_64.0d80c7dec81ee2f2f513e2:latest
Using dockerfile:
FROM --platform=linux/x86_64 sweb.base.x86_64:latest

COPY ./setup_env.sh /root/
RUN sed -i -e 's/\r$//' /root/setup_env.sh
RUN chmod +x /root/setup_env.sh
RUN /bin/bash -c "source ~/.bashrc && /root/setup_env.sh"

WORKDIR /testbed/

# Automatically activate the testbed environment
RUN echo "source /opt/miniconda3/etc/profile.d/conda.sh && conda activate testbed" > /root/.bashrc

Adding (1) setup scripts to image build repo
2025-08-21 07:59:58,845 - INFO - [SETUP SCRIPT] setup_env.sh:
#!/bin/bash
set -euxo pipefail
source /opt/miniconda3/bin/activate
conda create -n testbed python=3.9 -y
cat <<'EOF_59812759871' > $HOME/requirements.txt
mpmath
pytest
pytest-xdist
pytest-timeout
pytest-split
pytest-doctestplus
hypothesis
flake8
flake8-comprehensions

EOF_59812759871
conda activate testbed && python -m pip install -r $HOME/requirements.txt
rm $HOME/requirements.txt
conda activate testbed
python -m pip install mpmath==1.3.0

2025-08-21 07:59:58,845 - INFO - Building docker image sweb.env.x86_64.0d80c7dec81ee2f2f513e2:latest in logs/build_images/env/sweb.env.x86_64.0d80c7dec81ee2f2f513e2__latest with platform linux/x86_64
2025-08-21 07:59:58,852 - INFO - Step 1/7 : FROM --platform=linux/x86_64 sweb.base.x86_64:latest
2025-08-21 07:59:58,853 - INFO - 
2025-08-21 07:59:58,853 - INFO - ---> 5cca6898c8d9
2025-08-21 07:59:58,853 - INFO - Step 2/7 : COPY ./setup_env.sh /root/
2025-08-21 07:59:58,853 - INFO - 
2025-08-21 07:59:58,927 - INFO - ---> 4a67e4a17a7a
2025-08-21 07:59:58,927 - INFO - Step 3/7 : RUN sed -i -e 's/\r$//' /root/setup_env.sh
2025-08-21 07:59:58,927 - INFO - 
2025-08-21 07:59:59,015 - INFO - ---> Running in 38d6883c68eb
2025-08-21 07:59:59,406 - INFO - ---> Removed intermediate container 38d6883c68eb
2025-08-21 07:59:59,406 - INFO - ---> c38c62ff8758
2025-08-21 07:59:59,406 - INFO - Step 4/7 : RUN chmod +x /root/setup_env.sh
2025-08-21 07:59:59,406 - INFO - 
2025-08-21 07:59:59,440 - INFO - ---> Running in 66c9963a27ff
2025-08-21 07:59:59,823 - INFO - ---> Removed intermediate container 66c9963a27ff
2025-08-21 07:59:59,823 - INFO - ---> 4f5dcaa7c4c9
2025-08-21 07:59:59,823 - INFO - Step 5/7 : RUN /bin/bash -c "source ~/.bashrc && /root/setup_env.sh"
2025-08-21 07:59:59,823 - INFO - 
2025-08-21 07:59:59,858 - INFO - ---> Running in 8422fbbe8bbd
2025-08-21 08:00:00,060 - INFO - + source /opt/miniconda3/bin/activate
++ _CONDA_ROOT=/opt/miniconda3
++ . /opt/miniconda3/etc/profile.d/conda.sh
+++ export CONDA_EXE=/opt/miniconda3/bin/conda
+++ CONDA_EXE=/opt/miniconda3/bin/conda
+++ export _CE_M=
+++ _CE_M=
+++ export _CE_CONDA=
+++ _CE_CONDA=
+++ export CONDA_PYTHON_EXE=/opt/miniconda3/bin/python
+++ CONDA_PYTHON_EXE=/opt/miniconda3/bin/python
+++ '[' -z '' ']'
+++ export CONDA_SHLVL=0
+++ CONDA_SHLVL=0
+++ '[' -n '' ']'
2025-08-21 08:00:00,063 - INFO - +++++ dirname /opt/miniconda3/bin/conda
2025-08-21 08:00:00,067 - INFO - ++++ dirname /opt/miniconda3/bin
2025-08-21 08:00:00,070 - INFO - +++ PATH=/opt/miniconda3/condabin:/opt/miniconda3/bin:/usr/local/sbin:/usr/local/bin:/usr/sbin:/usr/bin:/sbin:/bin
2025-08-21 08:00:00,071 - INFO - +++ export PATH
+++ '[' -z '' ']'
+++ PS1=
++ conda activate
++ local cmd=activate
++ case "$cmd" in
++ __conda_activate activate
++ '[' -n '' ']'
++ local ask_conda
+++ PS1=
+++ __conda_exe shell.posix activate
2025-08-21 08:00:00,071 - INFO - +++ /opt/miniconda3/bin/conda shell.posix activate
2025-08-21 08:00:00,197 - INFO - ++ ask_conda='PS1='\''(base) '\''
export PATH='\''/opt/miniconda3/bin:/opt/miniconda3/condabin:/opt/miniconda3/bin:/usr/local/sbin:/usr/local/bin:/usr/sbin:/usr/bin:/sbin:/bin'\''
export CONDA_PREFIX='\''/opt/miniconda3'\''
export CONDA_SHLVL='\''1'\''
export CONDA_DEFAULT_ENV='\''base'\''
export CONDA_PROMPT_MODIFIER='\''(base) '\''
export CONDA_EXE='\''/opt/miniconda3/bin/conda'\''
export _CE_M='\'''\''
export _CE_CONDA='\'''\''
export CONDA_PYTHON_EXE='\''/opt/miniconda3/bin/python'\'''
++ eval 'PS1='\''(base) '\''
export PATH='\''/opt/miniconda3/bin:/opt/miniconda3/condabin:/opt/miniconda3/bin:/usr/local/sbin:/usr/local/bin:/usr/sbin:/usr/bin:/sbin:/bin'\''
export CONDA_PREFIX='\''/opt/miniconda3'\''
export CONDA_SHLVL='\''1'\''
export CONDA_DEFAULT_ENV='\''base'\''
export CONDA_PROMPT_MODIFIER='\''(base) '\''
export CONDA_EXE='\''/opt/miniconda3/bin/conda'\''
export _CE_M='\'''\''
export _CE_CONDA='\'''\''
export CONDA_PYTHON_EXE='\''/opt/miniconda3/bin/python'\'''
+++ PS1='(base) '
+++ export PATH=/opt/miniconda3/bin:/opt/miniconda3/condabin:/opt/miniconda3/bin:/usr/local/sbin:/usr/local/bin:/usr/sbin:/usr/bin:/sbin:/bin
+++ PATH=/opt/miniconda3/bin:/opt/miniconda3/condabin:/opt/miniconda3/bin:/usr/local/sbin:/usr/local/bin:/usr/sbin:/usr/bin:/sbin:/bin
+++ export CONDA_PREFIX=/opt/miniconda3
+++ CONDA_PREFIX=/opt/miniconda3
+++ export CONDA_SHLVL=1
+++ CONDA_SHLVL=1
+++ export CONDA_DEFAULT_ENV=base
+++ CONDA_DEFAULT_ENV=base
+++ export 'CONDA_PROMPT_MODIFIER=(base) '
+++ CONDA_PROMPT_MODIFIER='(base) '
+++ export CONDA_EXE=/opt/miniconda3/bin/conda
+++ CONDA_EXE=/opt/miniconda3/bin/conda
+++ export _CE_M=
+++ _CE_M=
+++ export _CE_CONDA=
+++ _CE_CONDA=
+++ export CONDA_PYTHON_EXE=/opt/miniconda3/bin/python
+++ CONDA_PYTHON_EXE=/opt/miniconda3/bin/python
++ __conda_hashr
++ '[' -n '' ']'
++ '[' -n '' ']'
++ hash -r
+ conda create -n testbed python=3.9 -y
2025-08-21 08:00:00,197 - INFO - + local cmd=create
+ case "$cmd" in
+ __conda_exe create -n testbed python=3.9 -y
2025-08-21 08:00:00,197 - INFO - + /opt/miniconda3/bin/conda create -n testbed python=3.9 -y
2025-08-21 08:00:00,978 - INFO - Channels:
 - defaults
 - conda-forge
Platform: linux-64
Collecting package metadata (repodata.json): ...working...
2025-08-21 08:01:01,059 - INFO - done
Solving environment: ...working...
2025-08-21 08:01:02,591 - INFO - done
2025-08-21 08:01:11,990 - INFO - ## Package Plan ##

  environment location: /opt/miniconda3/envs/testbed

  added / updated specs:
    - python=3.9


The following packages will be downloaded:

    package                    |            build
    ---------------------------|-----------------
    bzip2-1.0.8                |       h5eee18b_6         262 KB
    ca-certificates-2025.7.15  |       h06a4308_0         126 KB
    expat-2.7.1                |       h6a678d5_0         182 KB
    ld_impl_linux-64-2.40      |       h12ee557_0         710 KB
    libffi-3.4.4               |       h6a678d5_1         141 KB
    libxcb-1.17.0              |       h9b100fa_0         430 KB
    ncurses-6.5                |       h7934f7d_0         1.1 MB
    openssl-3.0.17             |       h5eee18b_0         5.2 MB
    pip-25.1                   |     pyhc872135_2         1.3 MB
    pthread-stubs-0.3          |       h0ce48e5_1           5 KB
    python-3.9.23              |       he99959a_0        24.7 MB
    readline-8.3               |       hc2a1206_0         471 KB
    setuptools-78.1.1          |   py39h06a4308_0         1.7 MB
    sqlite-3.50.2              |       hb25bd0a_1         1.1 MB
    tk-8.6.15                  |       h54e0aa7_0         3.4 MB
    tzdata-2025b               |       h04d1e81_0         116 KB
    wheel-0.45.1               |   py39h06a4308_0         114 KB
    xorg-libx11-1.8.12         |       h9b100fa_1         895 KB
    xorg-libxau-1.0.12         |       h9b100fa_0          13 KB
    xorg-libxdmcp-1.1.5        |       h9b100fa_0          19 KB
    xorg-xorgproto-2024.1      |       h5eee18b_1         580 KB
    xz-5.6.4                   |       h5eee18b_1         567 KB
    zlib-1.2.13                |       h5eee18b_1         111 KB
    ------------------------------------------------------------
                                           Total:        43.1 MB

The following NEW packages will be INSTALLED:

  _libgcc_mutex      pkgs/main/linux-64::_libgcc_mutex-0.1-main 
  _openmp_mutex      pkgs/main/linux-64::_openmp_mutex-5.1-1_gnu 
  bzip2              pkgs/main/linux-64::bzip2-1.0.8-h5eee18b_6 
  ca-certificates    pkgs/main/linux-64::ca-certificates-2025.7.15-h06a4308_0 
  expat              pkgs/main/linux-64::expat-2.7.1-h6a678d5_0 
  ld_impl_linux-64   pkgs/main/linux-64::ld_impl_linux-64-2.40-h12ee557_0 
  libffi             pkgs/main/linux-64::libffi-3.4.4-h6a678d5_1 
  libgcc-ng          pkgs/main/linux-64::libgcc-ng-11.2.0-h1234567_1 
  libgomp            pkgs/main/linux-64::libgomp-11.2.0-h1234567_1 
  libstdcxx-ng       pkgs/main/linux-64::libstdcxx-ng-11.2.0-h1234567_1 
  libxcb             pkgs/main/linux-64::libxcb-1.17.0-h9b100fa_0 
  ncurses            pkgs/main/linux-64::ncurses-6.5-h7934f7d_0 
  openssl            pkgs/main/linux-64::openssl-3.0.17-h5eee18b_0 
  pip                pkgs/main/noarch::pip-25.1-pyhc872135_2 
  pthread-stubs      pkgs/main/linux-64::pthread-stubs-0.3-h0ce48e5_1 
  python             pkgs/main/linux-64::python-3.9.23-he99959a_0 
  readline           pkgs/main/linux-64::readline-8.3-hc2a1206_0 
  setuptools         pkgs/main/linux-64::setuptools-78.1.1-py39h06a4308_0 
  sqlite             pkgs/main/linux-64::sqlite-3.50.2-hb25bd0a_1 
  tk                 pkgs/main/linux-64::tk-8.6.15-h54e0aa7_0 
  tzdata             pkgs/main/noarch::tzdata-2025b-h04d1e81_0 
  wheel              pkgs/main/linux-64::wheel-0.45.1-py39h06a4308_0 
  xorg-libx11        pkgs/main/linux-64::xorg-libx11-1.8.12-h9b100fa_1 
  xorg-libxau        pkgs/main/linux-64::xorg-libxau-1.0.12-h9b100fa_0 
  xorg-libxdmcp      pkgs/main/linux-64::xorg-libxdmcp-1.1.5-h9b100fa_0 
  xorg-xorgproto     pkgs/main/linux-64::xorg-xorgproto-2024.1-h5eee18b_1 
  xz                 pkgs/main/linux-64::xz-5.6.4-h5eee18b_1 
  zlib               pkgs/main/linux-64::zlib-1.2.13-h5eee18b_1 



Downloading and Extracting Packages: ...working... done
Preparing transaction: ...working...
2025-08-21 08:01:15,992 - INFO - done
Verifying transaction: ...working...
2025-08-21 08:01:17,997 - INFO - done
2025-08-21 08:01:17,998 - INFO - Executing transaction: ...working...
2025-08-21 08:01:27,982 - INFO - done
2025-08-21 08:01:28,227 - INFO - #
# To activate this environment, use
#
#     $ conda activate testbed
#
# To deactivate an active environment, use
#
#     $ conda deactivate
2025-08-21 08:01:28,379 - INFO - + cat
2025-08-21 08:01:28,404 - INFO - + conda activate testbed
+ local cmd=activate
+ case "$cmd" in
+ __conda_activate activate testbed
+ '[' -n '' ']'
+ local ask_conda
2025-08-21 08:01:28,405 - INFO - ++ PS1='(base) '
++ __conda_exe shell.posix activate testbed
2025-08-21 08:01:28,405 - INFO - ++ /opt/miniconda3/bin/conda shell.posix activate testbed
2025-08-21 08:01:28,546 - INFO - + ask_conda='PS1='\''(testbed) '\''
export PATH='\''/opt/miniconda3/envs/testbed/bin:/opt/miniconda3/condabin:/opt/miniconda3/bin:/usr/local/sbin:/usr/local/bin:/usr/sbin:/usr/bin:/sbin:/bin'\''
export CONDA_PREFIX='\''/opt/miniconda3/envs/testbed'\''
export CONDA_SHLVL='\''2'\''
export CONDA_DEFAULT_ENV='\''testbed'\''
export CONDA_PROMPT_MODIFIER='\''(testbed) '\''
export CONDA_PREFIX_1='\''/opt/miniconda3'\''
export CONDA_EXE='\''/opt/miniconda3/bin/conda'\''
export _CE_M='\'''\''
export _CE_CONDA='\'''\''
export CONDA_PYTHON_EXE='\''/opt/miniconda3/bin/python'\'''
+ eval 'PS1='\''(testbed) '\''
export PATH='\''/opt/miniconda3/envs/testbed/bin:/opt/miniconda3/condabin:/opt/miniconda3/bin:/usr/local/sbin:/usr/local/bin:/usr/sbin:/usr/bin:/sbin:/bin'\''
export CONDA_PREFIX='\''/opt/miniconda3/envs/testbed'\''
export CONDA_SHLVL='\''2'\''
export CONDA_DEFAULT_ENV='\''testbed'\''
export CONDA_PROMPT_MODIFIER='\''(testbed) '\''
export CONDA_PREFIX_1='\''/opt/miniconda3'\''
export CONDA_EXE='\''/opt/miniconda3/bin/conda'\''
export _CE_M='\'''\''
export _CE_CONDA='\'''\''
export CONDA_PYTHON_EXE='\''/opt/miniconda3/bin/python'\'''
++ PS1='(testbed) '
++ export PATH=/opt/miniconda3/envs/testbed/bin:/opt/miniconda3/condabin:/opt/miniconda3/bin:/usr/local/sbin:/usr/local/bin:/usr/sbin:/usr/bin:/sbin:/bin
++ PATH=/opt/miniconda3/envs/testbed/bin:/opt/miniconda3/condabin:/opt/miniconda3/bin:/usr/local/sbin:/usr/local/bin:/usr/sbin:/usr/bin:/sbin:/bin
++ export CONDA_PREFIX=/opt/miniconda3/envs/testbed
++ CONDA_PREFIX=/opt/miniconda3/envs/testbed
++ export CONDA_SHLVL=2
++ CONDA_SHLVL=2
++ export CONDA_DEFAULT_ENV=testbed
++ CONDA_DEFAULT_ENV=testbed
++ export 'CONDA_PROMPT_MODIFIER=(testbed) '
++ CONDA_PROMPT_MODIFIER='(testbed) '
++ export CONDA_PREFIX_1=/opt/miniconda3
++ CONDA_PREFIX_1=/opt/miniconda3
++ export CONDA_EXE=/opt/miniconda3/bin/conda
++ CONDA_EXE=/opt/miniconda3/bin/conda
++ export _CE_M=
++ _CE_M=
++ export _CE_CONDA=
++ _CE_CONDA=
++ export CONDA_PYTHON_EXE=/opt/miniconda3/bin/python
++ CONDA_PYTHON_EXE=/opt/miniconda3/bin/python
+ __conda_hashr
+ '[' -n '' ']'
+ '[' -n '' ']'
+ hash -r
+ python -m pip install -r /root/requirements.txt
2025-08-21 08:01:29,712 - INFO - Collecting mpmath (from -r /root/requirements.txt (line 1))
2025-08-21 08:01:30,149 - INFO - Downloading mpmath-1.3.0-py3-none-any.whl.metadata (8.6 kB)
2025-08-21 08:01:30,580 - INFO - Collecting pytest (from -r /root/requirements.txt (line 2))
2025-08-21 08:01:30,688 - INFO - Downloading pytest-8.4.1-py3-none-any.whl.metadata (7.7 kB)
2025-08-21 08:01:30,897 - INFO - Collecting pytest-xdist (from -r /root/requirements.txt (line 3))
2025-08-21 08:01:31,003 - INFO - Downloading pytest_xdist-3.8.0-py3-none-any.whl.metadata (3.0 kB)
2025-08-21 08:01:31,137 - INFO - Collecting pytest-timeout (from -r /root/requirements.txt (line 4))
2025-08-21 08:01:31,246 - INFO - Downloading pytest_timeout-2.4.0-py3-none-any.whl.metadata (20 kB)
2025-08-21 08:01:31,625 - INFO - Collecting pytest-split (from -r /root/requirements.txt (line 5))
2025-08-21 08:01:31,820 - INFO - Downloading pytest_split-0.10.0-py3-none-any.whl.metadata (9.5 kB)
2025-08-21 08:01:32,734 - INFO - Collecting pytest-doctestplus (from -r /root/requirements.txt (line 6))
2025-08-21 08:01:32,848 - INFO - Downloading pytest_doctestplus-1.4.0-py3-none-any.whl.metadata (17 kB)
2025-08-21 08:01:33,386 - INFO - Collecting hypothesis (from -r /root/requirements.txt (line 7))
2025-08-21 08:01:33,495 - INFO - Downloading hypothesis-6.138.2-py3-none-any.whl.metadata (5.6 kB)
2025-08-21 08:01:33,650 - INFO - Collecting flake8 (from -r /root/requirements.txt (line 8))
2025-08-21 08:01:33,756 - INFO - Downloading flake8-7.3.0-py2.py3-none-any.whl.metadata (3.8 kB)
2025-08-21 08:01:33,894 - INFO - Collecting flake8-comprehensions (from -r /root/requirements.txt (line 9))
2025-08-21 08:01:34,001 - INFO - Downloading flake8_comprehensions-3.16.0-py3-none-any.whl.metadata (12 kB)
2025-08-21 08:01:34,142 - INFO - Collecting exceptiongroup>=1 (from pytest->-r /root/requirements.txt (line 2))
2025-08-21 08:01:34,249 - INFO - Downloading exceptiongroup-1.3.0-py3-none-any.whl.metadata (6.7 kB)
2025-08-21 08:01:34,378 - INFO - Collecting iniconfig>=1 (from pytest->-r /root/requirements.txt (line 2))
2025-08-21 08:01:34,484 - INFO - Downloading iniconfig-2.1.0-py3-none-any.whl.metadata (2.7 kB)
2025-08-21 08:01:34,626 - INFO - Collecting packaging>=20 (from pytest->-r /root/requirements.txt (line 2))
2025-08-21 08:01:34,750 - INFO - Downloading packaging-25.0-py3-none-any.whl.metadata (3.3 kB)
2025-08-21 08:01:34,957 - INFO - Collecting pluggy<2,>=1.5 (from pytest->-r /root/requirements.txt (line 2))
2025-08-21 08:01:35,062 - INFO - Downloading pluggy-1.6.0-py3-none-any.whl.metadata (4.8 kB)
2025-08-21 08:01:35,195 - INFO - Collecting pygments>=2.7.2 (from pytest->-r /root/requirements.txt (line 2))
2025-08-21 08:01:35,301 - INFO - Downloading pygments-2.19.2-py3-none-any.whl.metadata (2.5 kB)
2025-08-21 08:01:35,435 - INFO - Collecting tomli>=1 (from pytest->-r /root/requirements.txt (line 2))
2025-08-21 08:01:35,542 - INFO - Downloading tomli-2.2.1-py3-none-any.whl.metadata (10 kB)
2025-08-21 08:01:35,672 - INFO - Collecting execnet>=2.1 (from pytest-xdist->-r /root/requirements.txt (line 3))
2025-08-21 08:01:35,776 - INFO - Downloading execnet-2.1.1-py3-none-any.whl.metadata (2.9 kB)
2025-08-21 08:01:35,972 - INFO - Collecting attrs>=22.2.0 (from hypothesis->-r /root/requirements.txt (line 7))
2025-08-21 08:01:36,077 - INFO - Downloading attrs-25.3.0-py3-none-any.whl.metadata (10 kB)
2025-08-21 08:01:36,221 - INFO - Collecting sortedcontainers<3.0.0,>=2.1.0 (from hypothesis->-r /root/requirements.txt (line 7))
2025-08-21 08:01:36,323 - INFO - Downloading sortedcontainers-2.4.0-py2.py3-none-any.whl.metadata (10 kB)
2025-08-21 08:01:36,462 - INFO - Collecting mccabe<0.8.0,>=0.7.0 (from flake8->-r /root/requirements.txt (line 8))
2025-08-21 08:01:36,568 - INFO - Downloading mccabe-0.7.0-py2.py3-none-any.whl.metadata (5.0 kB)
2025-08-21 08:01:36,694 - INFO - Collecting pycodestyle<2.15.0,>=2.14.0 (from flake8->-r /root/requirements.txt (line 8))
2025-08-21 08:01:36,800 - INFO - Downloading pycodestyle-2.14.0-py2.py3-none-any.whl.metadata (4.5 kB)
2025-08-21 08:01:36,996 - INFO - Collecting pyflakes<3.5.0,>=3.4.0 (from flake8->-r /root/requirements.txt (line 8))
2025-08-21 08:01:37,102 - INFO - Downloading pyflakes-3.4.0-py2.py3-none-any.whl.metadata (3.5 kB)
2025-08-21 08:01:37,255 - INFO - Collecting typing-extensions>=4.6.0 (from exceptiongroup>=1->pytest->-r /root/requirements.txt (line 2))
2025-08-21 08:01:37,359 - INFO - Downloading typing_extensions-4.14.1-py3-none-any.whl.metadata (3.0 kB)
2025-08-21 08:01:37,476 - INFO - Downloading mpmath-1.3.0-py3-none-any.whl (536 kB)
2025-08-21 08:01:37,680 - INFO - ━━━━━━━━━━━━━━━━━━━━━━━━━━━━━━━━━━━━━━━━ 536.2/536.2 kB 4.4 MB/s eta 0:00:00
2025-08-21 08:01:37,680 - INFO - 
2025-08-21 08:01:37,783 - INFO - Downloading pytest-8.4.1-py3-none-any.whl (365 kB)
2025-08-21 08:01:37,927 - INFO - Downloading pluggy-1.6.0-py3-none-any.whl (20 kB)
2025-08-21 08:01:38,036 - INFO - Downloading pytest_xdist-3.8.0-py3-none-any.whl (46 kB)
2025-08-21 08:01:38,146 - INFO - Downloading pytest_timeout-2.4.0-py3-none-any.whl (14 kB)
2025-08-21 08:01:38,255 - INFO - Downloading pytest_split-0.10.0-py3-none-any.whl (11 kB)
2025-08-21 08:01:38,365 - INFO - Downloading pytest_doctestplus-1.4.0-py3-none-any.whl (25 kB)
2025-08-21 08:01:38,479 - INFO - Downloading hypothesis-6.138.2-py3-none-any.whl (530 kB)
2025-08-21 08:01:38,531 - INFO - ━━━━━━━━━━━━━━━━━━━━━━━━━━━━━━━━━━━━━━━━ 530.0/530.0 kB 7.6 MB/s eta 0:00:00
2025-08-21 08:01:38,637 - INFO - Downloading sortedcontainers-2.4.0-py2.py3-none-any.whl (29 kB)
2025-08-21 08:01:38,750 - INFO - Downloading flake8-7.3.0-py2.py3-none-any.whl (57 kB)
2025-08-21 08:01:38,871 - INFO - Downloading mccabe-0.7.0-py2.py3-none-any.whl (7.3 kB)
2025-08-21 08:01:39,099 - INFO - Downloading pycodestyle-2.14.0-py2.py3-none-any.whl (31 kB)
2025-08-21 08:01:39,209 - INFO - Downloading pyflakes-3.4.0-py2.py3-none-any.whl (63 kB)
2025-08-21 08:01:39,324 - INFO - Downloading flake8_comprehensions-3.16.0-py3-none-any.whl (8.2 kB)
2025-08-21 08:01:39,436 - INFO - Downloading attrs-25.3.0-py3-none-any.whl (63 kB)
2025-08-21 08:01:39,552 - INFO - Downloading exceptiongroup-1.3.0-py3-none-any.whl (16 kB)
2025-08-21 08:01:39,663 - INFO - Downloading execnet-2.1.1-py3-none-any.whl (40 kB)
2025-08-21 08:01:39,772 - INFO - Downloading iniconfig-2.1.0-py3-none-any.whl (6.0 kB)
2025-08-21 08:01:39,883 - INFO - Downloading packaging-25.0-py3-none-any.whl (66 kB)
2025-08-21 08:01:39,998 - INFO - Downloading pygments-2.19.2-py3-none-any.whl (1.2 MB)
2025-08-21 08:01:40,099 - INFO - ━━━━━━━━━━━━━━━━━━━━━━━━━━━━━━━━━━━━━━━━ 1.2/1.2 MB 10.6 MB/s eta 0:00:00
2025-08-21 08:01:40,099 - INFO - 
2025-08-21 08:01:40,204 - INFO - Downloading tomli-2.2.1-py3-none-any.whl (14 kB)
2025-08-21 08:01:40,329 - INFO - Downloading typing_extensions-4.14.1-py3-none-any.whl (43 kB)
2025-08-21 08:01:40,455 - INFO - Installing collected packages: sortedcontainers, mpmath, typing-extensions, tomli, pygments, pyflakes, pycodestyle, pluggy, packaging, mccabe, iniconfig, execnet, attrs, flake8, exceptiongroup, pytest, hypothesis, flake8-comprehensions, pytest-xdist, pytest-timeout, pytest-split, pytest-doctestplus
2025-08-21 08:01:45,198 - INFO - 
2025-08-21 08:01:45,202 - INFO - Successfully installed attrs-25.3.0 exceptiongroup-1.3.0 execnet-2.1.1 flake8-7.3.0 flake8-comprehensions-3.16.0 hypothesis-6.138.2 iniconfig-2.1.0 mccabe-0.7.0 mpmath-1.3.0 packaging-25.0 pluggy-1.6.0 pycodestyle-2.14.0 pyflakes-3.4.0 pygments-2.19.2 pytest-8.4.1 pytest-doctestplus-1.4.0 pytest-split-0.10.0 pytest-timeout-2.4.0 pytest-xdist-3.8.0 sortedcontainers-2.4.0 tomli-2.2.1 typing-extensions-4.14.1
2025-08-21 08:01:45,203 - INFO - WARNING: Running pip as the 'root' user can result in broken permissions and conflicting behaviour with the system package manager, possibly rendering your system unusable. It is recommended to use a virtual environment instead: https://pip.pypa.io/warnings/venv. Use the --root-user-action option if you know what you are doing and want to suppress this warning.
2025-08-21 08:01:46,333 - INFO - + rm /root/requirements.txt
2025-08-21 08:01:46,336 - INFO - + conda activate testbed
+ local cmd=activate
+ case "$cmd" in
+ __conda_activate activate testbed
+ '[' -n '' ']'
+ local ask_conda
2025-08-21 08:01:46,336 - INFO - ++ PS1='(testbed) '
++ __conda_exe shell.posix activate testbed
2025-08-21 08:01:46,337 - INFO - ++ /opt/miniconda3/bin/conda shell.posix activate testbed
2025-08-21 08:01:46,491 - INFO - + ask_conda='PS1='\''(testbed) '\''
export PATH='\''/opt/miniconda3/envs/testbed/bin:/opt/miniconda3/condabin:/opt/miniconda3/bin:/usr/local/sbin:/usr/local/bin:/usr/sbin:/usr/bin:/sbin:/bin'\''
export CONDA_SHLVL='\''2'\''
export CONDA_PROMPT_MODIFIER='\''(testbed) '\'''
+ eval 'PS1='\''(testbed) '\''
export PATH='\''/opt/miniconda3/envs/testbed/bin:/opt/miniconda3/condabin:/opt/miniconda3/bin:/usr/local/sbin:/usr/local/bin:/usr/sbin:/usr/bin:/sbin:/bin'\''
export CONDA_SHLVL='\''2'\''
export CONDA_PROMPT_MODIFIER='\''(testbed) '\'''
++ PS1='(testbed) '
++ export PATH=/opt/miniconda3/envs/testbed/bin:/opt/miniconda3/condabin:/opt/miniconda3/bin:/usr/local/sbin:/usr/local/bin:/usr/sbin:/usr/bin:/sbin:/bin
++ PATH=/opt/miniconda3/envs/testbed/bin:/opt/miniconda3/condabin:/opt/miniconda3/bin:/usr/local/sbin:/usr/local/bin:/usr/sbin:/usr/bin:/sbin:/bin
++ export CONDA_SHLVL=2
++ CONDA_SHLVL=2
++ export 'CONDA_PROMPT_MODIFIER=(testbed) '
++ CONDA_PROMPT_MODIFIER='(testbed) '
+ __conda_hashr
+ '[' -n '' ']'
+ '[' -n '' ']'
+ hash -r
+ python -m pip install mpmath==1.3.0
2025-08-21 08:01:46,796 - INFO - Requirement already satisfied: mpmath==1.3.0 in /opt/miniconda3/envs/testbed/lib/python3.9/site-packages (1.3.0)
2025-08-21 08:01:46,848 - INFO - WARNING: Running pip as the 'root' user can result in broken permissions and conflicting behaviour with the system package manager, possibly rendering your system unusable. It is recommended to use a virtual environment instead: https://pip.pypa.io/warnings/venv. Use the --root-user-action option if you know what you are doing and want to suppress this warning.
2025-08-21 08:02:34,541 - INFO - ---> Removed intermediate container 8422fbbe8bbd
2025-08-21 08:02:34,542 - INFO - ---> 7da066086ae4
2025-08-21 08:02:34,542 - INFO - Step 6/7 : WORKDIR /testbed/
2025-08-21 08:02:34,542 - INFO - 
2025-08-21 08:02:34,786 - INFO - ---> Running in 659675d5a034
2025-08-21 08:02:34,821 - INFO - ---> Removed intermediate container 659675d5a034
2025-08-21 08:02:34,822 - INFO - ---> f58b4cb4fc89
2025-08-21 08:02:34,822 - INFO - Step 7/7 : RUN echo "source /opt/miniconda3/etc/profile.d/conda.sh && conda activate testbed" > /root/.bashrc
2025-08-21 08:02:34,822 - INFO - 
2025-08-21 08:02:34,856 - INFO - ---> Running in 63496761d3d3
2025-08-21 08:02:35,422 - INFO - ---> Removed intermediate container 63496761d3d3
2025-08-21 08:02:35,423 - INFO - ---> 73a3ba07ca9f
2025-08-21 08:02:35,423 - INFO - Successfully built 73a3ba07ca9f
2025-08-21 08:02:35,435 - INFO - Successfully tagged sweb.env.x86_64.0d80c7dec81ee2f2f513e2:latest
2025-08-21 08:02:35,435 - INFO - Image built successfully!
