2025-08-21 07:43:20,940 - INFO - Building image sweb.env.x86_64.aa92880033da20ca313928:latest
Using dockerfile:
FROM --platform=linux/x86_64 sweb.base.x86_64:latest

COPY ./setup_env.sh /root/
RUN sed -i -e 's/\r$//' /root/setup_env.sh
RUN chmod +x /root/setup_env.sh
RUN /bin/bash -c "source ~/.bashrc && /root/setup_env.sh"

WORKDIR /testbed/

# Automatically activate the testbed environment
RUN echo "source /opt/miniconda3/etc/profile.d/conda.sh && conda activate testbed" > /root/.bashrc

Adding (1) setup scripts to image build repo
2025-08-21 07:43:20,940 - INFO - [SETUP SCRIPT] setup_env.sh:
#!/bin/bash
set -euxo pipefail
source /opt/miniconda3/bin/activate
conda create -n testbed python=3.6 numpy scipy cython pytest pandas matplotlib -y
conda activate testbed
python -m pip install cython numpy==1.19.2 setuptools scipy==1.5.2

2025-08-21 07:43:20,940 - INFO - Building docker image sweb.env.x86_64.aa92880033da20ca313928:latest in logs/build_images/env/sweb.env.x86_64.aa92880033da20ca313928__latest with platform linux/x86_64
2025-08-21 07:43:20,944 - INFO - Step 1/7 : FROM --platform=linux/x86_64 sweb.base.x86_64:latest
2025-08-21 07:43:20,944 - INFO - 
2025-08-21 07:43:20,944 - INFO - ---> 5cca6898c8d9
2025-08-21 07:43:20,944 - INFO - Step 2/7 : COPY ./setup_env.sh /root/
2025-08-21 07:43:20,944 - INFO - 
2025-08-21 07:43:21,029 - INFO - ---> dfb51c0f7894
2025-08-21 07:43:21,029 - INFO - Step 3/7 : RUN sed -i -e 's/\r$//' /root/setup_env.sh
2025-08-21 07:43:21,029 - INFO - 
2025-08-21 07:43:21,064 - INFO - ---> Running in d5101773f6d4
2025-08-21 07:43:21,413 - INFO - ---> Removed intermediate container d5101773f6d4
2025-08-21 07:43:21,413 - INFO - ---> 63315bce31ba
2025-08-21 07:43:21,413 - INFO - Step 4/7 : RUN chmod +x /root/setup_env.sh
2025-08-21 07:43:21,413 - INFO - 
2025-08-21 07:43:21,456 - INFO - ---> Running in 85fef6ddd501
2025-08-21 07:43:21,805 - INFO - ---> Removed intermediate container 85fef6ddd501
2025-08-21 07:43:21,806 - INFO - ---> c1d01d0aaf36
2025-08-21 07:43:21,806 - INFO - Step 5/7 : RUN /bin/bash -c "source ~/.bashrc && /root/setup_env.sh"
2025-08-21 07:43:21,806 - INFO - 
2025-08-21 07:43:21,859 - INFO - ---> Running in 53770d6fd950
2025-08-21 07:43:22,047 - INFO - + source /opt/miniconda3/bin/activate
++ _CONDA_ROOT=/opt/miniconda3
++ . /opt/miniconda3/etc/profile.d/conda.sh
2025-08-21 07:43:22,047 - INFO - +++ export CONDA_EXE=/opt/miniconda3/bin/conda
+++ CONDA_EXE=/opt/miniconda3/bin/conda
+++ export _CE_M=
+++ _CE_M=
+++ export _CE_CONDA=
+++ _CE_CONDA=
+++ export CONDA_PYTHON_EXE=/opt/miniconda3/bin/python
+++ CONDA_PYTHON_EXE=/opt/miniconda3/bin/python
2025-08-21 07:43:22,048 - INFO - +++ '[' -z '' ']'
+++ export CONDA_SHLVL=0
+++ CONDA_SHLVL=0
+++ '[' -n '' ']'
2025-08-21 07:43:22,048 - INFO - +++++ dirname /opt/miniconda3/bin/conda
2025-08-21 07:43:22,049 - INFO - ++++ dirname /opt/miniconda3/bin
2025-08-21 07:43:22,052 - INFO - +++ PATH=/opt/miniconda3/condabin:/opt/miniconda3/bin:/usr/local/sbin:/usr/local/bin:/usr/sbin:/usr/bin:/sbin:/bin
+++ export PATH
+++ '[' -z '' ']'
+++ PS1=
++ conda activate
++ local cmd=activate
++ case "$cmd" in
++ __conda_activate activate
++ '[' -n '' ']'
++ local ask_conda
2025-08-21 07:43:22,053 - INFO - +++ PS1=
+++ __conda_exe shell.posix activate
2025-08-21 07:43:22,053 - INFO - +++ /opt/miniconda3/bin/conda shell.posix activate
2025-08-21 07:43:22,201 - INFO - ++ ask_conda='PS1='\''(base) '\''
export PATH='\''/opt/miniconda3/bin:/opt/miniconda3/condabin:/opt/miniconda3/bin:/usr/local/sbin:/usr/local/bin:/usr/sbin:/usr/bin:/sbin:/bin'\''
export CONDA_PREFIX='\''/opt/miniconda3'\''
export CONDA_SHLVL='\''1'\''
export CONDA_DEFAULT_ENV='\''base'\''
export CONDA_PROMPT_MODIFIER='\''(base) '\''
export CONDA_EXE='\''/opt/miniconda3/bin/conda'\''
export _CE_M='\'''\''
export _CE_CONDA='\'''\''
export CONDA_PYTHON_EXE='\''/opt/miniconda3/bin/python'\'''
++ eval 'PS1='\''(base) '\''
export PATH='\''/opt/miniconda3/bin:/opt/miniconda3/condabin:/opt/miniconda3/bin:/usr/local/sbin:/usr/local/bin:/usr/sbin:/usr/bin:/sbin:/bin'\''
export CONDA_PREFIX='\''/opt/miniconda3'\''
export CONDA_SHLVL='\''1'\''
export CONDA_DEFAULT_ENV='\''base'\''
export CONDA_PROMPT_MODIFIER='\''(base) '\''
export CONDA_EXE='\''/opt/miniconda3/bin/conda'\''
export _CE_M='\'''\''
export _CE_CONDA='\'''\''
export CONDA_PYTHON_EXE='\''/opt/miniconda3/bin/python'\'''
+++ PS1='(base) '
+++ export PATH=/opt/miniconda3/bin:/opt/miniconda3/condabin:/opt/miniconda3/bin:/usr/local/sbin:/usr/local/bin:/usr/sbin:/usr/bin:/sbin:/bin
+++ PATH=/opt/miniconda3/bin:/opt/miniconda3/condabin:/opt/miniconda3/bin:/usr/local/sbin:/usr/local/bin:/usr/sbin:/usr/bin:/sbin:/bin
+++ export CONDA_PREFIX=/opt/miniconda3
+++ CONDA_PREFIX=/opt/miniconda3
+++ export CONDA_SHLVL=1
+++ CONDA_SHLVL=1
+++ export CONDA_DEFAULT_ENV=base
+++ CONDA_DEFAULT_ENV=base
+++ export 'CONDA_PROMPT_MODIFIER=(base) '
+++ CONDA_PROMPT_MODIFIER='(base) '
+++ export CONDA_EXE=/opt/miniconda3/bin/conda
+++ CONDA_EXE=/opt/miniconda3/bin/conda
+++ export _CE_M=
+++ _CE_M=
+++ export _CE_CONDA=
+++ _CE_CONDA=
+++ export CONDA_PYTHON_EXE=/opt/miniconda3/bin/python
+++ CONDA_PYTHON_EXE=/opt/miniconda3/bin/python
++ __conda_hashr
++ '[' -n '' ']'
++ '[' -n '' ']'
++ hash -r
2025-08-21 07:43:22,201 - INFO - + conda create -n testbed python=3.6 numpy scipy cython pytest pandas matplotlib -y
+ local cmd=create
+ case "$cmd" in
2025-08-21 07:43:22,202 - INFO - + __conda_exe create -n testbed python=3.6 numpy scipy cython pytest pandas matplotlib -y
2025-08-21 07:43:22,202 - INFO - + /opt/miniconda3/bin/conda create -n testbed python=3.6 numpy scipy cython pytest pandas matplotlib -y
2025-08-21 07:43:22,973 - INFO - Channels:
 - defaults
 - conda-forge
Platform: linux-64
Collecting package metadata (repodata.json): ...working...
2025-08-21 07:44:23,629 - INFO - done
Solving environment: ...working...
2025-08-21 07:47:02,851 - INFO - done
2025-08-21 07:47:02,879 - INFO - ## Package Plan ##

  environment location: /opt/miniconda3/envs/testbed

  added / updated specs:
    - cython
    - matplotlib
    - numpy
    - pandas
    - pytest
    - python=3.6
    - scipy


The following packages will be downloaded:

    package                    |            build
    ---------------------------|-----------------
    attrs-21.4.0               |     pyhd3eb1b0_0          51 KB
    blas-1.0                   |         openblas          46 KB
    ca-certificates-2025.7.15  |       h06a4308_0         126 KB
    certifi-2021.5.30          |   py36h06a4308_0         139 KB
    cycler-0.11.0              |     pyhd3eb1b0_0          12 KB
    cython-0.29.24             |   py36h295c915_0         1.9 MB
    dbus-1.13.18               |       hb2f20db_0         504 KB
    expat-2.7.1                |       h6a678d5_0         182 KB
    fontconfig-2.14.1          |       h52c9d5c_1         281 KB
    freetype-2.13.3            |       h4a9f257_0         686 KB
    giflib-5.2.2               |       h5eee18b_0          80 KB
    glib-2.69.1                |       h4ff587b_1         1.7 MB
    gst-plugins-base-1.14.1    |       h6a678d5_1         2.2 MB
    gstreamer-1.14.1           |       h5eee18b_1         1.7 MB
    icu-58.2                   |       he6710b0_3        10.5 MB
    importlib-metadata-4.8.1   |   py36h06a4308_0          38 KB
    importlib_metadata-4.8.1   |       hd3eb1b0_0          11 KB
    iniconfig-1.1.1            |     pyhd3eb1b0_0           8 KB
    jpeg-9e                    |       h5eee18b_3         262 KB
    kiwisolver-1.3.1           |   py36h2531618_0          86 KB
    lcms2-2.16                 |       hb9589c4_0         269 KB
    ld_impl_linux-64-2.40      |       h12ee557_0         710 KB
    lerc-4.0.0                 |       h6a678d5_0         261 KB
    libdeflate-1.22            |       h5eee18b_0          68 KB
    libffi-3.3                 |       he6710b0_2          50 KB
    libgfortran-ng-7.5.0       |      ha8ba4b0_17          22 KB
    libgfortran4-7.5.0         |      ha8ba4b0_17         995 KB
    libopenblas-0.3.18         |       hf726d26_0         4.9 MB
    libpng-1.6.39              |       h5eee18b_0         304 KB
    libtiff-4.5.1              |       hffd6297_1         534 KB
    libwebp-1.2.4              |       h11a3e52_1          86 KB
    libwebp-base-1.2.4         |       h5eee18b_1         376 KB
    libxcb-1.17.0              |       h9b100fa_0         430 KB
    libxml2-2.9.14             |       h74e7548_0         718 KB
    lz4-c-1.9.4                |       h6a678d5_1         156 KB
    matplotlib-3.3.4           |   py36h06a4308_0          26 KB
    matplotlib-base-3.3.4      |   py36h62a2d02_0         5.1 MB
    more-itertools-8.12.0      |     pyhd3eb1b0_0          49 KB
    ncurses-6.5                |       h7934f7d_0         1.1 MB
    numpy-1.19.2               |   py36h6163131_0          22 KB
    numpy-base-1.19.2          |   py36h75fe3a5_0         4.1 MB
    olefile-0.46               |     pyhd3eb1b0_0          34 KB
    openssl-1.1.1w             |       h7f8727e_0         3.7 MB
    packaging-21.3             |     pyhd3eb1b0_0          36 KB
    pandas-1.1.5               |   py36ha9443f7_0         8.2 MB
    pcre-8.45                  |       h295c915_0         207 KB
    pillow-8.3.1               |   py36h5aabda8_0         638 KB
    pip-21.2.2                 |   py36h06a4308_0         1.8 MB
    pluggy-0.13.1              |   py36h06a4308_0          33 KB
    pthread-stubs-0.3          |       h0ce48e5_1           5 KB
    py-1.11.0                  |     pyhd3eb1b0_0          76 KB
    pyparsing-3.0.4            |     pyhd3eb1b0_0          81 KB
    pyqt-5.9.2                 |   py36h05f1152_2         4.5 MB
    pytest-6.2.4               |   py36h06a4308_2         425 KB
    python-3.6.13              |       h12debd9_1        32.5 MB
    python-dateutil-2.8.2      |     pyhd3eb1b0_0         233 KB
    pytz-2021.3                |     pyhd3eb1b0_0         171 KB
    qt-5.9.7                   |       h5867ecd_1        68.5 MB
    readline-8.3               |       hc2a1206_0         471 KB
    scipy-1.5.2                |   py36habc2bb6_0        14.3 MB
    setuptools-58.0.4          |   py36h06a4308_0         788 KB
    sip-4.19.8                 |   py36hf484d3e_0         274 KB
    six-1.16.0                 |     pyhd3eb1b0_1          18 KB
    sqlite-3.50.2              |       hb25bd0a_1         1.1 MB
    tk-8.6.15                  |       h54e0aa7_0         3.4 MB
    toml-0.10.2                |     pyhd3eb1b0_0          20 KB
    tornado-6.1                |   py36h27cfd23_0         581 KB
    typing_extensions-4.1.1    |     pyh06a4308_0          28 KB
    wheel-0.37.1               |     pyhd3eb1b0_0          33 KB
    xorg-libx11-1.8.12         |       h9b100fa_1         895 KB
    xorg-libxau-1.0.12         |       h9b100fa_0          13 KB
    xorg-libxdmcp-1.1.5        |       h9b100fa_0          19 KB
    xorg-xorgproto-2024.1      |       h5eee18b_1         580 KB
    xz-5.6.4                   |       h5eee18b_1         567 KB
    zipp-3.6.0                 |     pyhd3eb1b0_0          17 KB
    zlib-1.2.13                |       h5eee18b_1         111 KB
    zstd-1.5.6                 |       hc292b87_0         664 KB
    ------------------------------------------------------------
                                           Total:       185.5 MB

The following NEW packages will be INSTALLED:

  _libgcc_mutex      pkgs/main/linux-64::_libgcc_mutex-0.1-main 
  _openmp_mutex      pkgs/main/linux-64::_openmp_mutex-5.1-1_gnu 
  attrs              pkgs/main/noarch::attrs-21.4.0-pyhd3eb1b0_0 
  blas               pkgs/main/linux-64::blas-1.0-openblas 
  ca-certificates    pkgs/main/linux-64::ca-certificates-2025.7.15-h06a4308_0 
  certifi            pkgs/main/linux-64::certifi-2021.5.30-py36h06a4308_0 
  cycler             pkgs/main/noarch::cycler-0.11.0-pyhd3eb1b0_0 
  cython             pkgs/main/linux-64::cython-0.29.24-py36h295c915_0 
  dbus               pkgs/main/linux-64::dbus-1.13.18-hb2f20db_0 
  expat              pkgs/main/linux-64::expat-2.7.1-h6a678d5_0 
  fontconfig         pkgs/main/linux-64::fontconfig-2.14.1-h52c9d5c_1 
  freetype           pkgs/main/linux-64::freetype-2.13.3-h4a9f257_0 
  giflib             pkgs/main/linux-64::giflib-5.2.2-h5eee18b_0 
  glib               pkgs/main/linux-64::glib-2.69.1-h4ff587b_1 
  gst-plugins-base   pkgs/main/linux-64::gst-plugins-base-1.14.1-h6a678d5_1 
  gstreamer          pkgs/main/linux-64::gstreamer-1.14.1-h5eee18b_1 
  icu                pkgs/main/linux-64::icu-58.2-he6710b0_3 
  importlib-metadata pkgs/main/linux-64::importlib-metadata-4.8.1-py36h06a4308_0 
  importlib_metadata pkgs/main/noarch::importlib_metadata-4.8.1-hd3eb1b0_0 
  iniconfig          pkgs/main/noarch::iniconfig-1.1.1-pyhd3eb1b0_0 
  jpeg               pkgs/main/linux-64::jpeg-9e-h5eee18b_3 
  kiwisolver         pkgs/main/linux-64::kiwisolver-1.3.1-py36h2531618_0 
  lcms2              pkgs/main/linux-64::lcms2-2.16-hb9589c4_0 
  ld_impl_linux-64   pkgs/main/linux-64::ld_impl_linux-64-2.40-h12ee557_0 
  lerc               pkgs/main/linux-64::lerc-4.0.0-h6a678d5_0 
  libdeflate         pkgs/main/linux-64::libdeflate-1.22-h5eee18b_0 
  libffi             pkgs/main/linux-64::libffi-3.3-he6710b0_2 
  libgcc-ng          pkgs/main/linux-64::libgcc-ng-11.2.0-h1234567_1 
  libgfortran-ng     pkgs/main/linux-64::libgfortran-ng-7.5.0-ha8ba4b0_17 
  libgfortran4       pkgs/main/linux-64::libgfortran4-7.5.0-ha8ba4b0_17 
  libgomp            pkgs/main/linux-64::libgomp-11.2.0-h1234567_1 
  libopenblas        pkgs/main/linux-64::libopenblas-0.3.18-hf726d26_0 
  libpng             pkgs/main/linux-64::libpng-1.6.39-h5eee18b_0 
  libstdcxx-ng       pkgs/main/linux-64::libstdcxx-ng-11.2.0-h1234567_1 
  libtiff            pkgs/main/linux-64::libtiff-4.5.1-hffd6297_1 
  libuuid            pkgs/main/linux-64::libuuid-1.41.5-h5eee18b_0 
  libwebp            pkgs/main/linux-64::libwebp-1.2.4-h11a3e52_1 
  libwebp-base       pkgs/main/linux-64::libwebp-base-1.2.4-h5eee18b_1 
  libxcb             pkgs/main/linux-64::libxcb-1.17.0-h9b100fa_0 
  libxml2            pkgs/main/linux-64::libxml2-2.9.14-h74e7548_0 
  lz4-c              pkgs/main/linux-64::lz4-c-1.9.4-h6a678d5_1 
  matplotlib         pkgs/main/linux-64::matplotlib-3.3.4-py36h06a4308_0 
  matplotlib-base    pkgs/main/linux-64::matplotlib-base-3.3.4-py36h62a2d02_0 
  more-itertools     pkgs/main/noarch::more-itertools-8.12.0-pyhd3eb1b0_0 
  ncurses            pkgs/main/linux-64::ncurses-6.5-h7934f7d_0 
  numpy              pkgs/main/linux-64::numpy-1.19.2-py36h6163131_0 
  numpy-base         pkgs/main/linux-64::numpy-base-1.19.2-py36h75fe3a5_0 
  olefile            pkgs/main/noarch::olefile-0.46-pyhd3eb1b0_0 
  openssl            pkgs/main/linux-64::openssl-1.1.1w-h7f8727e_0 
  packaging          pkgs/main/noarch::packaging-21.3-pyhd3eb1b0_0 
  pandas             pkgs/main/linux-64::pandas-1.1.5-py36ha9443f7_0 
  pcre               pkgs/main/linux-64::pcre-8.45-h295c915_0 
  pillow             pkgs/main/linux-64::pillow-8.3.1-py36h5aabda8_0 
  pip                pkgs/main/linux-64::pip-21.2.2-py36h06a4308_0 
  pluggy             pkgs/main/linux-64::pluggy-0.13.1-py36h06a4308_0 
  pthread-stubs      pkgs/main/linux-64::pthread-stubs-0.3-h0ce48e5_1 
  py                 pkgs/main/noarch::py-1.11.0-pyhd3eb1b0_0 
  pyparsing          pkgs/main/noarch::pyparsing-3.0.4-pyhd3eb1b0_0 
  pyqt               pkgs/main/linux-64::pyqt-5.9.2-py36h05f1152_2 
  pytest             pkgs/main/linux-64::pytest-6.2.4-py36h06a4308_2 
  python             pkgs/main/linux-64::python-3.6.13-h12debd9_1 
  python-dateutil    pkgs/main/noarch::python-dateutil-2.8.2-pyhd3eb1b0_0 
  pytz               pkgs/main/noarch::pytz-2021.3-pyhd3eb1b0_0 
  qt                 pkgs/main/linux-64::qt-5.9.7-h5867ecd_1 
  readline           pkgs/main/linux-64::readline-8.3-hc2a1206_0 
  scipy              pkgs/main/linux-64::scipy-1.5.2-py36habc2bb6_0 
  setuptools         pkgs/main/linux-64::setuptools-58.0.4-py36h06a4308_0 
  sip                pkgs/main/linux-64::sip-4.19.8-py36hf484d3e_0 
  six                pkgs/main/noarch::six-1.16.0-pyhd3eb1b0_1 
  sqlite             pkgs/main/linux-64::sqlite-3.50.2-hb25bd0a_1 
  tk                 pkgs/main/linux-64::tk-8.6.15-h54e0aa7_0 
  toml               pkgs/main/noarch::toml-0.10.2-pyhd3eb1b0_0 
  tornado            pkgs/main/linux-64::tornado-6.1-py36h27cfd23_0 
  typing_extensions  pkgs/main/noarch::typing_extensions-4.1.1-pyh06a4308_0 
  wheel              pkgs/main/noarch::wheel-0.37.1-pyhd3eb1b0_0 
  xorg-libx11        pkgs/main/linux-64::xorg-libx11-1.8.12-h9b100fa_1 
  xorg-libxau        pkgs/main/linux-64::xorg-libxau-1.0.12-h9b100fa_0 
  xorg-libxdmcp      pkgs/main/linux-64::xorg-libxdmcp-1.1.5-h9b100fa_0 
  xorg-xorgproto     pkgs/main/linux-64::xorg-xorgproto-2024.1-h5eee18b_1 
  xz                 pkgs/main/linux-64::xz-5.6.4-h5eee18b_1 
  zipp               pkgs/main/noarch::zipp-3.6.0-pyhd3eb1b0_0 
  zlib               pkgs/main/linux-64::zlib-1.2.13-h5eee18b_1 
  zstd               pkgs/main/linux-64::zstd-1.5.6-hc292b87_0
2025-08-21 07:47:43,874 - INFO - Downloading and Extracting Packages: ...working... done
Preparing transaction: ...working...
2025-08-21 07:47:44,726 - INFO - done
Verifying transaction: ...working...
2025-08-21 07:47:47,287 - INFO - done
2025-08-21 07:47:47,291 - INFO - Executing transaction: ...working...
2025-08-21 07:47:53,290 - INFO - done
2025-08-21 07:47:53,904 - INFO - #
# To activate this environment, use
#
#     $ conda activate testbed
#
# To deactivate an active environment, use
#
#     $ conda deactivate
2025-08-21 07:47:54,102 - INFO - + conda activate testbed
+ local cmd=activate
+ case "$cmd" in
+ __conda_activate activate testbed
+ '[' -n '' ']'
+ local ask_conda
2025-08-21 07:47:54,103 - INFO - ++ PS1='(base) '
++ __conda_exe shell.posix activate testbed
2025-08-21 07:47:54,103 - INFO - ++ /opt/miniconda3/bin/conda shell.posix activate testbed
2025-08-21 07:47:54,236 - INFO - + ask_conda='PS1='\''(testbed) '\''
export PATH='\''/opt/miniconda3/envs/testbed/bin:/opt/miniconda3/condabin:/opt/miniconda3/bin:/usr/local/sbin:/usr/local/bin:/usr/sbin:/usr/bin:/sbin:/bin'\''
export CONDA_PREFIX='\''/opt/miniconda3/envs/testbed'\''
export CONDA_SHLVL='\''2'\''
export CONDA_DEFAULT_ENV='\''testbed'\''
export CONDA_PROMPT_MODIFIER='\''(testbed) '\''
export CONDA_PREFIX_1='\''/opt/miniconda3'\''
export CONDA_EXE='\''/opt/miniconda3/bin/conda'\''
export _CE_M='\'''\''
export _CE_CONDA='\'''\''
export CONDA_PYTHON_EXE='\''/opt/miniconda3/bin/python'\'''
2025-08-21 07:47:54,236 - INFO - + eval 'PS1='\''(testbed) '\''
export PATH='\''/opt/miniconda3/envs/testbed/bin:/opt/miniconda3/condabin:/opt/miniconda3/bin:/usr/local/sbin:/usr/local/bin:/usr/sbin:/usr/bin:/sbin:/bin'\''
export CONDA_PREFIX='\''/opt/miniconda3/envs/testbed'\''
export CONDA_SHLVL='\''2'\''
export CONDA_DEFAULT_ENV='\''testbed'\''
export CONDA_PROMPT_MODIFIER='\''(testbed) '\''
export CONDA_PREFIX_1='\''/opt/miniconda3'\''
export CONDA_EXE='\''/opt/miniconda3/bin/conda'\''
export _CE_M='\'''\''
export _CE_CONDA='\'''\''
export CONDA_PYTHON_EXE='\''/opt/miniconda3/bin/python'\'''
++ PS1='(testbed) '
++ export PATH=/opt/miniconda3/envs/testbed/bin:/opt/miniconda3/condabin:/opt/miniconda3/bin:/usr/local/sbin:/usr/local/bin:/usr/sbin:/usr/bin:/sbin:/bin
++ PATH=/opt/miniconda3/envs/testbed/bin:/opt/miniconda3/condabin:/opt/miniconda3/bin:/usr/local/sbin:/usr/local/bin:/usr/sbin:/usr/bin:/sbin:/bin
++ export CONDA_PREFIX=/opt/miniconda3/envs/testbed
++ CONDA_PREFIX=/opt/miniconda3/envs/testbed
++ export CONDA_SHLVL=2
++ CONDA_SHLVL=2
++ export CONDA_DEFAULT_ENV=testbed
++ CONDA_DEFAULT_ENV=testbed
++ export 'CONDA_PROMPT_MODIFIER=(testbed) '
++ CONDA_PROMPT_MODIFIER='(testbed) '
++ export CONDA_PREFIX_1=/opt/miniconda3
++ CONDA_PREFIX_1=/opt/miniconda3
++ export CONDA_EXE=/opt/miniconda3/bin/conda
++ CONDA_EXE=/opt/miniconda3/bin/conda
++ export _CE_M=
++ _CE_M=
++ export _CE_CONDA=
++ _CE_CONDA=
++ export CONDA_PYTHON_EXE=/opt/miniconda3/bin/python
++ CONDA_PYTHON_EXE=/opt/miniconda3/bin/python
+ __conda_hashr
+ '[' -n '' ']'
+ '[' -n '' ']'
+ hash -r
+ python -m pip install cython numpy==1.19.2 setuptools scipy==1.5.2
2025-08-21 07:47:55,357 - INFO - Requirement already satisfied: cython in /opt/miniconda3/envs/testbed/lib/python3.6/site-packages (0.29.24)
2025-08-21 07:47:55,377 - INFO - Requirement already satisfied: numpy==1.19.2 in /opt/miniconda3/envs/testbed/lib/python3.6/site-packages (1.19.2)
2025-08-21 07:47:55,378 - INFO - Requirement already satisfied: setuptools in /opt/miniconda3/envs/testbed/lib/python3.6/site-packages (58.0.4)
2025-08-21 07:47:55,381 - INFO - Requirement already satisfied: scipy==1.5.2 in /opt/miniconda3/envs/testbed/lib/python3.6/site-packages (1.5.2)
2025-08-21 07:47:55,900 - INFO - WARNING: Running pip as the 'root' user can result in broken permissions and conflicting behaviour with the system package manager. It is recommended to use a virtual environment instead: https://pip.pypa.io/warnings/venv
2025-08-21 07:49:43,731 - INFO - ---> Removed intermediate container 53770d6fd950
2025-08-21 07:49:43,731 - INFO - ---> 8bd68290a154
2025-08-21 07:49:43,731 - INFO - Step 6/7 : WORKDIR /testbed/
2025-08-21 07:49:43,731 - INFO - 
2025-08-21 07:49:44,373 - INFO - ---> Running in 6cd300203848
2025-08-21 07:49:44,410 - INFO - ---> Removed intermediate container 6cd300203848
2025-08-21 07:49:44,411 - INFO - ---> a29075c2ac3e
2025-08-21 07:49:44,411 - INFO - Step 7/7 : RUN echo "source /opt/miniconda3/etc/profile.d/conda.sh && conda activate testbed" > /root/.bashrc
2025-08-21 07:49:44,411 - INFO - 
2025-08-21 07:49:44,439 - INFO - ---> Running in 9ea00b660d3b
2025-08-21 07:49:45,143 - INFO - ---> Removed intermediate container 9ea00b660d3b
2025-08-21 07:49:45,143 - INFO - ---> 22e69d0b6d02
2025-08-21 07:49:45,143 - INFO - Successfully built 22e69d0b6d02
2025-08-21 07:49:45,151 - INFO - Successfully tagged sweb.env.x86_64.aa92880033da20ca313928:latest
2025-08-21 07:49:45,151 - INFO - Image built successfully!
